2021-09-03 11:22:22 INFO  分配文件日志:99 - H:\古交二中\5.28二中\216181130002传输完成
2021-09-03 11:22:22 INFO  分配文件日志:99 - H:\古交二中\5.28二中\216181130010传输完成
2021-09-03 11:22:23 INFO  分配文件日志:99 - H:\古交二中\5.28二中\216181130012传输完成
2021-09-03 11:22:24 INFO  分配文件日志:99 - H:\古交二中\5.28二中\216181130013传输完成
2021-09-03 11:22:25 INFO  分配文件日志:99 - H:\古交二中\5.28二中\216181130014传输完成
2021-09-03 11:22:25 INFO  分配文件日志:99 - H:\古交二中\5.28二中\216181130015传输完成
2021-09-03 11:22:26 INFO  分配文件日志:99 - H:\古交二中\5.28二中\216181130016传输完成
2021-09-03 11:22:27 INFO  分配文件日志:99 - H:\古交二中\5.28二中\216181130020传输完成
2021-09-03 11:22:28 INFO  分配文件日志:99 - H:\古交二中\5.28二中\216181130025传输完成
2021-09-03 11:22:29 INFO  分配文件日志:99 - H:\古交二中\5.28二中\216181130026传输完成
2021-09-03 11:22:29 INFO  分配文件日志:99 - H:\古交二中\5.28二中\216181130027传输完成
2021-09-03 11:22:30 INFO  分配文件日志:99 - H:\古交二中\5.28二中\216181130028传输完成
2021-09-03 11:22:31 INFO  分配文件日志:99 - H:\古交二中\5.28二中\216181130034传输完成
2021-09-03 11:22:32 INFO  分配文件日志:99 - H:\古交二中\5.28二中\216181130035传输完成
2021-09-03 11:22:33 INFO  分配文件日志:99 - H:\古交二中\5.28二中\216181130036传输完成
2021-09-03 11:22:34 INFO  分配文件日志:99 - H:\古交二中\5.28二中\216181130039传输完成
2021-09-03 11:22:35 INFO  分配文件日志:99 - H:\古交二中\5.28二中\216181130040传输完成
2021-09-03 11:22:36 INFO  分配文件日志:99 - H:\古交二中\5.28二中\216181130041传输完成
2021-09-03 11:22:36 INFO  分配文件日志:99 - H:\古交二中\5.28二中\216181130042传输完成
2021-09-03 11:22:37 INFO  分配文件日志:99 - H:\古交二中\5.28二中\216181130043传输完成
2021-09-03 11:22:39 INFO  分配文件日志:99 - H:\古交二中\5.28二中\216181130044传输完成
2021-09-03 11:22:39 INFO  分配文件日志:99 - H:\古交二中\5.28二中\216181130046传输完成
2021-09-03 11:22:40 INFO  分配文件日志:99 - H:\古交二中\5.28二中\216181130047传输完成
2021-09-03 11:22:41 INFO  分配文件日志:99 - H:\古交二中\5.28二中\216181130048传输完成
2021-09-03 11:22:42 INFO  分配文件日志:99 - H:\古交二中\5.28二中\216181130049传输完成
2021-09-03 11:22:42 INFO  分配文件日志:99 - H:\古交二中\5.28二中\216181130052传输完成
2021-09-03 11:22:44 INFO  分配文件日志:99 - H:\古交二中\5.28二中\216181130053传输完成
2021-09-03 11:22:45 INFO  分配文件日志:99 - H:\古交二中\5.28二中\216181130054传输完成
2021-09-03 11:22:46 INFO  分配文件日志:99 - H:\古交二中\5.28二中\216181130055传输完成
2021-09-03 11:22:46 INFO  分配文件日志:99 - H:\古交二中\5.28二中\216181130057传输完成
2021-09-03 11:22:47 INFO  分配文件日志:99 - H:\古交二中\5.28二中\216181130060传输完成
2021-09-03 11:22:48 INFO  分配文件日志:99 - H:\古交二中\5.28二中\216181130065传输完成
2021-09-03 11:22:50 INFO  分配文件日志:99 - H:\古交二中\5.28二中\216181130066传输完成
2021-09-03 11:22:51 INFO  分配文件日志:99 - H:\古交二中\5.28二中\216181130067传输完成
2021-09-03 11:22:51 INFO  分配文件日志:99 - H:\古交二中\5.28二中\216181130069传输完成
2021-09-03 11:22:52 INFO  分配文件日志:99 - H:\古交二中\5.28二中\216181130070传输完成
2021-09-03 11:22:53 INFO  分配文件日志:99 - H:\古交二中\5.28二中\216181130071传输完成
2021-09-03 11:22:54 INFO  分配文件日志:99 - H:\古交二中\5.28二中\216181130072传输完成
2021-09-03 11:22:55 INFO  分配文件日志:99 - H:\古交二中\5.28二中\216181130078传输完成
2021-09-03 11:22:56 INFO  分配文件日志:99 - H:\古交二中\5.28二中\216181130082传输完成
2021-09-03 11:22:57 INFO  分配文件日志:99 - H:\古交二中\5.28二中\216181130083传输完成
2021-09-03 11:22:58 INFO  分配文件日志:99 - H:\古交二中\5.28二中\216181130086传输完成
2021-09-03 11:22:59 INFO  分配文件日志:99 - H:\古交二中\5.28二中\216181130088传输完成
2021-09-03 11:23:00 INFO  分配文件日志:99 - H:\古交二中\5.28二中\216181130089传输完成
2021-09-03 11:23:01 INFO  分配文件日志:99 - H:\古交二中\5.28二中\216181130090传输完成
2021-09-03 11:23:02 INFO  分配文件日志:99 - H:\古交二中\5.28二中\216181130091传输完成
2021-09-03 11:23:03 INFO  分配文件日志:99 - H:\古交二中\5.28二中\216181130093传输完成
2021-09-03 11:23:04 INFO  分配文件日志:99 - H:\古交二中\5.28二中\216181130095传输完成
2021-09-03 11:23:05 INFO  分配文件日志:99 - H:\古交二中\5.28二中\216181130097传输完成
2021-09-03 11:23:06 INFO  分配文件日志:99 - H:\古交二中\5.28二中\216181130099传输完成
2021-09-03 11:23:07 INFO  分配文件日志:99 - H:\古交二中\5.28二中\216181130100传输完成
2021-09-03 11:23:08 INFO  分配文件日志:99 - H:\古交二中\5.28二中\216181130101传输完成
2021-09-03 11:23:08 INFO  分配文件日志:99 - H:\古交二中\5.28二中\216181130103传输完成
2021-09-03 11:23:09 INFO  分配文件日志:99 - H:\古交二中\5.28二中\216181130106传输完成
2021-09-03 11:23:10 INFO  分配文件日志:99 - H:\古交二中\5.28二中\216181130110传输完成
2021-09-03 11:23:11 INFO  分配文件日志:99 - H:\古交二中\5.28二中\216181130111传输完成
2021-09-03 11:23:12 INFO  分配文件日志:99 - H:\古交二中\5.28二中\216181130113传输完成
2021-09-03 11:23:13 INFO  分配文件日志:99 - H:\古交二中\5.28二中\216181130114传输完成
2021-09-03 11:23:14 INFO  分配文件日志:99 - H:\古交二中\5.28二中\216181130115传输完成
2021-09-03 11:23:15 INFO  分配文件日志:99 - H:\古交二中\5.28二中\216181130116传输完成
2021-09-03 11:23:16 INFO  分配文件日志:99 - H:\古交二中\5.28二中\216181130119传输完成
2021-09-03 11:23:17 INFO  分配文件日志:99 - H:\古交二中\5.28二中\216181130120传输完成
2021-09-03 11:23:18 INFO  分配文件日志:99 - H:\古交二中\5.28二中\216181130121传输完成
2021-09-03 11:23:19 INFO  分配文件日志:99 - H:\古交二中\5.28二中\216181130125传输完成
2021-09-03 11:23:20 INFO  分配文件日志:99 - H:\古交二中\5.28二中\216181130126传输完成
2021-09-03 11:23:21 INFO  分配文件日志:99 - H:\古交二中\5.28二中\216181130128_9传输完成
2021-09-03 11:23:22 INFO  分配文件日志:99 - H:\古交二中\5.28二中\216181130130传输完成
2021-09-03 11:23:23 INFO  分配文件日志:99 - H:\古交二中\5.28二中\216181130131传输完成
2021-09-03 11:23:24 INFO  分配文件日志:99 - H:\古交二中\5.28二中\216181130134传输完成
2021-09-03 11:23:25 INFO  分配文件日志:99 - H:\古交二中\5.28二中\216181130135传输完成
2021-09-03 11:23:26 INFO  分配文件日志:99 - H:\古交二中\5.28二中\216181130136传输完成
2021-09-03 11:23:26 INFO  分配文件日志:99 - H:\古交二中\5.28二中\216181130142传输完成
2021-09-03 11:23:27 INFO  分配文件日志:99 - H:\古交二中\5.28二中\216181130145传输完成
2021-09-03 11:23:28 INFO  分配文件日志:99 - H:\古交二中\5.28二中\216181130146传输完成
2021-09-03 11:23:29 INFO  分配文件日志:99 - H:\古交二中\5.28二中\216181130147传输完成
2021-09-03 11:23:30 INFO  分配文件日志:99 - H:\古交二中\5.28二中\216181130148传输完成
2021-09-03 11:23:31 INFO  分配文件日志:99 - H:\古交二中\5.28二中\216181130154传输完成
2021-09-03 11:23:32 INFO  分配文件日志:99 - H:\古交二中\5.28二中\216181130156传输完成
2021-09-03 11:23:32 INFO  分配文件日志:99 - H:\古交二中\5.28二中\216181130157传输完成
2021-09-03 11:23:33 INFO  分配文件日志:99 - H:\古交二中\5.28二中\216181130160传输完成
2021-09-03 11:23:35 INFO  分配文件日志:99 - H:\古交二中\5.28二中\216181130161传输完成
2021-09-03 11:23:36 INFO  分配文件日志:99 - H:\古交二中\5.28二中\216181130163传输完成
2021-09-03 11:23:37 INFO  分配文件日志:99 - H:\古交二中\5.28二中\216181130166传输完成
2021-09-03 11:23:38 INFO  分配文件日志:99 - H:\古交二中\5.28二中\216181130167传输完成
2021-09-03 11:23:38 INFO  分配文件日志:99 - H:\古交二中\5.28二中\216181130171传输完成
2021-09-03 11:23:39 INFO  分配文件日志:99 - H:\古交二中\5.28二中\216181130172_9传输完成
2021-09-03 11:23:41 INFO  分配文件日志:99 - H:\古交二中\5.28二中\216181130175传输完成
2021-09-03 11:23:42 INFO  分配文件日志:99 - H:\古交二中\5.28二中\216181130176传输完成
2021-09-03 11:23:42 INFO  分配文件日志:99 - H:\古交二中\5.28二中\216181130178传输完成
2021-09-03 11:23:43 INFO  分配文件日志:99 - H:\古交二中\5.28二中\216181130179传输完成
2021-09-03 11:23:44 INFO  分配文件日志:99 - H:\古交二中\5.28二中\216181130180传输完成
2021-09-03 11:23:45 INFO  分配文件日志:99 - H:\古交二中\5.28二中\216181130181传输完成
2021-09-03 11:23:46 INFO  分配文件日志:99 - H:\古交二中\5.28二中\216181130182传输完成
2021-09-03 11:23:47 INFO  分配文件日志:99 - H:\古交二中\5.28二中\216181130183_9传输完成
2021-09-03 11:23:48 INFO  分配文件日志:99 - H:\古交二中\5.28二中\216181130186传输完成
2021-09-03 11:23:49 INFO  分配文件日志:99 - H:\古交二中\5.28二中\216181130187传输完成
2021-09-03 11:23:50 INFO  分配文件日志:99 - H:\古交二中\5.28二中\216181130193传输完成
2021-09-03 11:23:51 INFO  分配文件日志:99 - H:\古交二中\5.28二中\216181130195传输完成
2021-09-03 11:23:52 INFO  分配文件日志:99 - H:\古交二中\5.28二中\216181130197传输完成
2021-09-03 11:23:52 INFO  分配文件日志:99 - H:\古交二中\5.28二中\216181130199传输完成
2021-09-03 11:23:53 INFO  分配文件日志:99 - H:\古交二中\5.28二中\216181130200传输完成
2021-09-03 11:23:54 INFO  分配文件日志:99 - H:\古交二中\5.28二中\216181130201传输完成
2021-09-03 11:23:55 INFO  分配文件日志:99 - H:\古交二中\5.28二中\216181130203传输完成
2021-09-03 11:23:56 INFO  分配文件日志:99 - H:\古交二中\5.28二中\216181130206传输完成
2021-09-03 11:23:57 INFO  分配文件日志:99 - H:\古交二中\5.28二中\216181130209传输完成
2021-09-03 11:23:58 INFO  分配文件日志:99 - H:\古交二中\5.28二中\216181130211传输完成
2021-09-03 11:23:59 INFO  分配文件日志:99 - H:\古交二中\5.28二中\216181130213传输完成
2021-09-03 11:24:00 INFO  分配文件日志:99 - H:\古交二中\5.28二中\216181130214传输完成
2021-09-03 11:24:01 INFO  分配文件日志:99 - H:\古交二中\5.28二中\216181130216传输完成
2021-09-03 11:24:01 INFO  分配文件日志:99 - H:\古交二中\5.28二中\216181130217传输完成
2021-09-03 11:24:03 INFO  分配文件日志:99 - H:\古交二中\5.28二中\216181130221传输完成
2021-09-03 11:24:04 INFO  分配文件日志:99 - H:\古交二中\5.28二中\216181130222传输完成
2021-09-03 11:24:05 INFO  分配文件日志:99 - H:\古交二中\5.28二中\216181130226传输完成
2021-09-03 11:24:05 INFO  分配文件日志:99 - H:\古交二中\5.28二中\216181130227传输完成
2021-09-03 11:24:06 INFO  分配文件日志:99 - H:\古交二中\5.28二中\216181130229传输完成
2021-09-03 11:24:07 INFO  分配文件日志:99 - H:\古交二中\5.28二中\216181130230传输完成
2021-09-03 11:24:09 INFO  分配文件日志:99 - H:\古交二中\5.28二中\216181130233传输完成
2021-09-03 11:24:10 INFO  分配文件日志:99 - H:\古交二中\5.28二中\216181130234传输完成
2021-09-03 11:24:11 INFO  分配文件日志:99 - H:\古交二中\5.28二中\216181130235传输完成
2021-09-03 11:24:12 INFO  分配文件日志:99 - H:\古交二中\5.28二中\216181140002传输完成
2021-09-03 11:24:13 INFO  分配文件日志:99 - H:\古交二中\5.28二中\216181140006传输完成
2021-09-03 11:24:14 INFO  分配文件日志:99 - H:\古交二中\5.28二中\216181140010传输完成
2021-09-03 11:24:15 INFO  分配文件日志:99 - H:\古交二中\5.28二中\216181140013传输完成
2021-09-03 11:24:16 INFO  分配文件日志:99 - H:\古交二中\5.28二中\216181140018传输完成
2021-09-03 11:24:17 INFO  分配文件日志:99 - H:\古交二中\5.28二中\216181140020_9传输完成
2021-09-03 11:24:18 INFO  分配文件日志:99 - H:\古交二中\5.28二中\216181140021传输完成
2021-09-03 11:24:18 INFO  分配文件日志:99 - H:\古交二中\5.28二中\216181140022传输完成
2021-09-03 11:24:19 INFO  分配文件日志:99 - H:\古交二中\5.28二中\216181140023传输完成
2021-09-03 11:24:20 INFO  分配文件日志:99 - H:\古交二中\5.28二中\216181140024传输完成
2021-09-03 11:24:21 INFO  分配文件日志:99 - H:\古交二中\5.28二中\216181140026传输完成
2021-09-03 11:24:22 INFO  分配文件日志:99 - H:\古交二中\5.28二中\216181140027传输完成
2021-09-03 11:24:22 INFO  分配文件日志:99 - H:\古交二中\5.28二中\216181140029传输完成
2021-09-03 11:24:23 INFO  分配文件日志:99 - H:\古交二中\5.28二中\216181140033传输完成
2021-09-03 11:24:24 INFO  分配文件日志:99 - H:\古交二中\5.28二中\216181140034传输完成
2021-09-03 11:24:26 INFO  分配文件日志:99 - H:\古交二中\5.28二中\216181140036_9传输完成
2021-09-03 11:24:27 INFO  分配文件日志:99 - H:\古交二中\5.28二中\216181140039传输完成
2021-09-03 11:24:28 INFO  分配文件日志:99 - H:\古交二中\5.28二中\216181140041传输完成
2021-09-03 11:24:28 INFO  分配文件日志:99 - H:\古交二中\5.28二中\216181140042传输完成
2021-09-03 11:24:30 INFO  分配文件日志:99 - H:\古交二中\5.28二中\216181140044_7传输完成
2021-09-03 11:24:31 INFO  分配文件日志:99 - H:\古交二中\5.28二中\216181140045传输完成
2021-09-03 11:24:32 INFO  分配文件日志:99 - H:\古交二中\5.28二中\216181140046传输完成
2021-09-03 11:24:32 INFO  分配文件日志:99 - H:\古交二中\5.28二中\216181140048传输完成
2021-09-03 11:24:33 INFO  分配文件日志:99 - H:\古交二中\5.28二中\216181140050传输完成
2021-09-03 11:24:34 INFO  分配文件日志:99 - H:\古交二中\5.28二中\216181140051传输完成
2021-09-03 11:24:35 INFO  分配文件日志:99 - H:\古交二中\5.28二中\216181140052传输完成
2021-09-03 11:24:36 INFO  分配文件日志:99 - H:\古交二中\5.28二中\216181140053传输完成
2021-09-03 11:24:37 INFO  分配文件日志:99 - H:\古交二中\5.28二中\216181140054传输完成
2021-09-03 11:24:38 INFO  分配文件日志:99 - H:\古交二中\5.28二中\216181140055_9传输完成
2021-09-03 11:24:38 INFO  分配文件日志:99 - H:\古交二中\5.28二中\216181140057传输完成
2021-09-03 11:24:39 INFO  分配文件日志:99 - H:\古交二中\5.28二中\216181140060传输完成
2021-09-03 11:24:40 INFO  分配文件日志:99 - H:\古交二中\5.28二中\216181140064传输完成
2021-09-03 11:24:41 INFO  分配文件日志:99 - H:\古交二中\5.28二中\216181140070传输完成
2021-09-03 11:24:42 INFO  分配文件日志:99 - H:\古交二中\5.28二中\216181070002传输完成
2021-09-03 11:24:43 INFO  分配文件日志:99 - H:\古交二中\5.28二中\216181070005传输完成
2021-09-03 11:24:44 INFO  分配文件日志:99 - H:\古交二中\5.28二中\216181070008传输完成
2021-09-03 11:24:44 INFO  分配文件日志:99 - H:\古交二中\5.28二中\216181070009传输完成
2021-09-03 11:24:45 INFO  分配文件日志:99 - H:\古交二中\5.28二中\216181070010传输完成
2021-09-03 11:24:46 INFO  分配文件日志:99 - H:\古交二中\5.28二中\216181070011传输完成
2021-09-03 11:24:46 INFO  分配文件日志:99 - H:\古交二中\5.28二中\216181070013传输完成
2021-09-03 11:24:48 INFO  分配文件日志:99 - H:\古交二中\5.28二中\216181070015传输完成
2021-09-03 11:24:49 INFO  分配文件日志:99 - H:\古交二中\5.28二中\216181070016_9传输完成
2021-09-03 11:24:50 INFO  分配文件日志:99 - H:\古交二中\5.28二中\216181070019传输完成
2021-09-03 11:24:50 INFO  分配文件日志:99 - H:\古交二中\5.28二中\216181030001传输完成
2021-09-03 11:24:51 INFO  分配文件日志:99 - H:\古交二中\5.28二中\216181030002传输完成
2021-09-03 11:24:53 INFO  分配文件日志:99 - H:\古交二中\5.28二中\216181030003传输完成
2021-09-03 11:24:54 INFO  分配文件日志:99 - H:\古交二中\5.28二中\216181030004_9传输完成
2021-09-03 11:24:55 INFO  分配文件日志:99 - H:\古交二中\5.28二中\216181030006传输完成
2021-09-03 11:24:55 INFO  分配文件日志:99 - H:\古交二中\5.28二中\216181030008传输完成
2021-09-03 11:24:56 INFO  分配文件日志:99 - H:\古交二中\5.28二中\216181030009传输完成
2021-09-03 11:24:57 INFO  分配文件日志:99 - H:\古交二中\5.28二中\216181030012传输完成
2021-09-03 11:24:58 INFO  分配文件日志:99 - H:\古交二中\5.28二中\216181030014传输完成
2021-09-03 11:25:00 INFO  分配文件日志:99 - H:\古交二中\5.28二中\216181030018传输完成
2021-09-03 11:25:01 INFO  分配文件日志:99 - H:\古交二中\5.28二中\216181030019传输完成
2021-09-03 11:25:01 INFO  分配文件日志:99 - H:\古交二中\5.28二中\216181030020传输完成
2021-09-03 11:25:02 INFO  分配文件日志:99 - H:\古交二中\5.28二中\216181030021传输完成
2021-09-03 11:25:03 INFO  分配文件日志:99 - H:\古交二中\5.28二中\216181030022传输完成
2021-09-03 11:25:04 INFO  分配文件日志:99 - H:\古交二中\5.28二中\216181030024传输完成
2021-09-03 11:25:05 INFO  分配文件日志:99 - H:\古交二中\5.28二中\216181030027_9传输完成
2021-09-03 11:25:06 INFO  分配文件日志:99 - H:\古交二中\5.28二中\216181030030传输完成
2021-09-03 11:25:06 INFO  分配文件日志:99 - H:\古交二中\5.28二中\216181030032传输完成
2021-09-03 11:25:07 INFO  分配文件日志:99 - H:\古交二中\5.28二中\216181030036传输完成
2021-09-03 11:25:08 INFO  分配文件日志:99 - H:\古交二中\5.28二中\216181030037传输完成
2021-09-03 11:25:10 INFO  分配文件日志:99 - H:\古交二中\5.28二中\216181030038传输完成
2021-09-03 11:25:10 INFO  分配文件日志:99 - H:\古交二中\5.28二中\216181030040传输完成
2021-09-03 11:25:11 INFO  分配文件日志:99 - H:\古交二中\5.28二中\216181030043传输完成
2021-09-03 11:25:12 INFO  分配文件日志:99 - H:\古交二中\5.28二中\216181030045传输完成
2021-09-03 11:25:13 INFO  分配文件日志:99 - H:\古交二中\5.28二中\216181030046传输完成
2021-09-03 11:25:14 INFO  分配文件日志:99 - H:\古交二中\5.28二中\216181030048_8传输完成
2021-09-03 11:25:15 INFO  分配文件日志:99 - H:\古交二中\5.28二中\216181030050_9传输完成
2021-09-03 11:25:16 INFO  分配文件日志:99 - H:\古交二中\5.28二中\216181030051_6传输完成
2021-09-03 11:25:17 INFO  分配文件日志:99 - H:\古交二中\5.28二中\216181030052传输完成
2021-09-03 11:25:18 INFO  分配文件日志:99 - H:\古交二中\5.28二中\216181040001传输完成
2021-09-03 11:25:18 INFO  分配文件日志:99 - H:\古交二中\5.28二中\216181040004传输完成
2021-09-03 11:25:19 INFO  分配文件日志:99 - H:\古交二中\5.28二中\216181040005传输完成
2021-09-03 11:25:21 INFO  分配文件日志:99 - H:\古交二中\5.28二中\216181040006传输完成
2021-09-03 11:25:21 INFO  分配文件日志:99 - H:\古交二中\5.28二中\216181040007传输完成
2021-09-03 11:25:22 INFO  分配文件日志:99 - H:\古交二中\5.28二中\216181040009传输完成
2021-09-03 11:25:23 INFO  分配文件日志:99 - H:\古交二中\5.28二中\216181040014传输完成
2021-09-03 11:25:24 INFO  分配文件日志:99 - H:\古交二中\5.28二中\216181040016传输完成
2021-09-03 11:25:25 INFO  分配文件日志:99 - H:\古交二中\5.28二中\216181040019传输完成
2021-09-03 11:25:26 INFO  分配文件日志:99 - H:\古交二中\5.28二中\216181040020传输完成
2021-09-03 11:25:27 INFO  分配文件日志:99 - H:\古交二中\5.28二中\216181040025传输完成
2021-09-03 11:25:28 INFO  分配文件日志:99 - H:\古交二中\5.28二中\216181040026传输完成
2021-09-03 11:25:29 INFO  分配文件日志:99 - H:\古交二中\5.28二中\216181040027传输完成
2021-09-03 11:25:30 INFO  分配文件日志:99 - H:\古交二中\5.28二中\216181040031传输完成
2021-09-03 11:25:31 INFO  分配文件日志:99 - H:\古交二中\5.28二中\216181040033传输完成
2021-09-03 11:25:32 INFO  分配文件日志:99 - H:\古交二中\5.28二中\216181040034传输完成
2021-09-03 11:25:33 INFO  分配文件日志:99 - H:\古交二中\5.28二中\216181040035传输完成
2021-09-03 11:25:33 INFO  分配文件日志:99 - H:\古交二中\5.28二中\216181040037传输完成
2021-09-03 11:25:34 INFO  分配文件日志:99 - H:\古交二中\5.28二中\216181040038传输完成
2021-09-03 11:25:35 INFO  分配文件日志:99 - H:\古交二中\5.28二中\216181040040传输完成
2021-09-03 11:25:36 INFO  分配文件日志:99 - H:\古交二中\5.28二中\216181040043传输完成
2021-09-03 11:25:37 INFO  分配文件日志:99 - H:\古交二中\5.28二中\216181040044传输完成
2021-09-03 11:25:38 INFO  分配文件日志:99 - H:\古交二中\5.28二中\216181040045传输完成
2021-09-03 11:25:39 INFO  分配文件日志:99 - H:\古交二中\5.28二中\216181040046传输完成
2021-09-03 11:25:39 INFO  分配文件日志:99 - H:\古交二中\5.28二中\216181040049传输完成
2021-09-03 11:25:40 INFO  分配文件日志:99 - H:\古交二中\5.28二中\216181040050传输完成
2021-09-03 11:25:41 INFO  分配文件日志:99 - H:\古交二中\5.28二中\216181040052传输完成
2021-09-03 11:25:44 INFO  分配文件日志:99 - H:\古交二中\5.28二中\216181040053传输完成
2021-09-03 11:25:45 INFO  分配文件日志:99 - H:\古交二中\5.28二中\216181040057传输完成
2021-09-03 11:25:46 INFO  分配文件日志:99 - H:\古交二中\5.28二中\216181040058传输完成
2021-09-03 11:25:46 INFO  分配文件日志:99 - H:\古交二中\5.28二中\216181040059传输完成
2021-09-03 11:25:47 INFO  分配文件日志:99 - H:\古交二中\5.28二中\216181040060传输完成
2021-09-03 11:25:48 INFO  分配文件日志:99 - H:\古交二中\5.28二中\216181040062传输完成
2021-09-03 11:25:49 INFO  分配文件日志:99 - H:\古交二中\5.28二中\216181040067_7传输完成
2021-09-03 11:25:50 INFO  分配文件日志:99 - H:\古交二中\5.28二中\216181040071_9传输完成
2021-09-03 11:25:51 INFO  分配文件日志:99 - H:\古交二中\5.28二中\216181040072传输完成
2021-09-03 11:25:52 INFO  分配文件日志:99 - H:\古交二中\5.28二中\216181040074_8传输完成
2021-09-03 11:25:53 INFO  分配文件日志:99 - H:\古交二中\5.28二中\216181040075传输完成
2021-09-03 11:25:54 INFO  分配文件日志:99 - H:\古交二中\5.28二中\216181040076传输完成
2021-09-03 11:25:55 INFO  分配文件日志:99 - H:\古交二中\5.28二中\216181040077传输完成
2021-09-03 11:25:56 INFO  分配文件日志:99 - H:\古交二中\5.28二中\216181040080传输完成
2021-09-03 11:25:57 INFO  分配文件日志:99 - H:\古交二中\5.28二中\216181040082传输完成
2021-09-03 11:25:58 INFO  分配文件日志:99 - H:\古交二中\5.28二中\216181040084传输完成
2021-09-03 11:25:59 INFO  分配文件日志:99 - H:\古交二中\5.28二中\216181040088传输完成
2021-09-03 11:26:00 INFO  分配文件日志:99 - H:\古交二中\5.28二中\216181040091传输完成
2021-09-03 11:26:01 INFO  分配文件日志:99 - H:\古交二中\5.28二中\216181040092传输完成
2021-09-03 11:26:01 INFO  分配文件日志:99 - H:\古交二中\5.28二中\216181040093_8传输完成
2021-09-03 11:26:03 INFO  分配文件日志:99 - H:\古交二中\5.28二中\216181040098传输完成
2021-09-03 11:26:03 INFO  分配文件日志:99 - H:\古交二中\5.28二中\216181040099传输完成
2021-09-03 11:26:04 INFO  分配文件日志:99 - H:\古交二中\5.28二中\216181040102传输完成
2021-09-03 11:26:05 INFO  分配文件日志:99 - H:\古交二中\5.28二中\216181040104传输完成
2021-09-03 11:26:06 INFO  分配文件日志:99 - H:\古交二中\5.28二中\216181040106传输完成
2021-09-03 11:26:07 INFO  分配文件日志:99 - H:\古交二中\5.28二中\216181040107传输完成
2021-09-03 11:26:08 INFO  分配文件日志:99 - H:\古交二中\5.28二中\216181040108传输完成
2021-09-03 11:26:08 INFO  分配文件日志:99 - H:\古交二中\5.28二中\216181040110传输完成
2021-09-03 11:26:09 INFO  分配文件日志:99 - H:\古交二中\5.28二中\216181040112传输完成
2021-09-03 11:26:10 INFO  分配文件日志:99 - H:\古交二中\5.28二中\216181040113传输完成
2021-09-03 11:26:11 INFO  分配文件日志:99 - H:\古交二中\5.28二中\216181040115传输完成
2021-09-03 11:26:12 INFO  分配文件日志:99 - H:\古交二中\5.28二中\216181040116传输完成
2021-09-03 11:26:13 INFO  分配文件日志:99 - H:\古交二中\5.28二中\216181040117传输完成
2021-09-03 11:26:14 INFO  分配文件日志:99 - H:\古交二中\5.28二中\216181040118传输完成
2021-09-03 11:26:15 INFO  分配文件日志:99 - H:\古交二中\5.28二中\216181150001传输完成
2021-09-03 11:26:16 INFO  分配文件日志:99 - H:\古交二中\5.28二中\216181150003传输完成
2021-09-03 11:26:17 INFO  分配文件日志:99 - H:\古交二中\5.28二中\216181150007传输完成
2021-09-03 11:26:17 INFO  分配文件日志:99 - H:\古交二中\5.28二中\216181150011传输完成
2021-09-03 11:26:18 INFO  分配文件日志:99 - H:\古交二中\5.28二中\216181150012_8传输完成
2021-09-03 11:26:19 INFO  分配文件日志:99 - H:\古交二中\5.28二中\216181080002传输完成
2021-09-03 11:26:20 INFO  分配文件日志:99 - H:\古交二中\5.28二中\216181080003传输完成
2021-09-03 11:26:21 INFO  分配文件日志:99 - H:\古交二中\5.28二中\216181080004传输完成
2021-09-03 11:26:22 INFO  分配文件日志:99 - H:\古交二中\5.28二中\216181080008传输完成
2021-09-03 11:26:23 INFO  分配文件日志:99 - H:\古交二中\5.28二中\216181080009传输完成
2021-09-03 11:26:24 INFO  分配文件日志:99 - H:\古交二中\5.28二中\216181080012传输完成
2021-09-03 11:26:25 INFO  分配文件日志:99 - H:\古交二中\5.28二中\216181080014传输完成
2021-09-03 11:26:26 INFO  分配文件日志:99 - H:\古交二中\5.28二中\216181080015传输完成
2021-09-03 11:26:26 INFO  分配文件日志:99 - H:\古交二中\5.28二中\216181080019传输完成
2021-09-03 11:26:28 INFO  分配文件日志:99 - H:\古交二中\5.28二中\216181080020传输完成
2021-09-03 11:26:29 INFO  分配文件日志:99 - H:\古交二中\5.28二中\216181080021传输完成
2021-09-03 11:26:29 INFO  分配文件日志:99 - H:\古交二中\5.28二中\216181080022传输完成
2021-09-03 11:26:30 INFO  分配文件日志:99 - H:\古交二中\5.28二中\216181080025传输完成
2021-09-03 11:26:31 INFO  分配文件日志:99 - H:\古交二中\5.28二中\216181080026传输完成
2021-09-03 11:26:32 INFO  分配文件日志:99 - H:\古交二中\5.28二中\216181080029传输完成
2021-09-03 11:26:33 INFO  分配文件日志:99 - H:\古交二中\5.28二中\216181080030传输完成
2021-09-03 11:26:34 INFO  分配文件日志:99 - H:\古交二中\5.28二中\216181080032传输完成
2021-09-03 11:26:35 INFO  分配文件日志:99 - H:\古交二中\5.28二中\216181080034传输完成
2021-09-03 11:26:36 INFO  分配文件日志:99 - H:\古交二中\5.28二中\216181080035传输完成
2021-09-03 11:26:36 INFO  分配文件日志:99 - H:\古交二中\5.28二中\216181080042传输完成
2021-09-03 11:26:37 INFO  分配文件日志:99 - H:\古交二中\5.28二中\216181080043传输完成
2021-09-03 11:26:39 INFO  分配文件日志:99 - H:\古交二中\5.28二中\216181080044_8传输完成
2021-09-03 11:26:39 INFO  分配文件日志:99 - H:\古交二中\5.28二中\216181080049传输完成
2021-09-03 11:26:40 INFO  分配文件日志:99 - H:\古交二中\5.28二中\216181080050传输完成
2021-09-03 11:26:41 INFO  分配文件日志:99 - H:\古交二中\5.28二中\216181080052传输完成
2021-09-03 11:26:42 INFO  分配文件日志:99 - H:\古交二中\5.28二中\216181080053传输完成
2021-09-03 11:26:43 INFO  分配文件日志:99 - H:\古交二中\5.28二中\216181080056传输完成
2021-09-03 11:26:44 INFO  分配文件日志:99 - H:\古交二中\5.28二中\216181080057传输完成
2021-09-03 11:26:45 INFO  分配文件日志:99 - H:\古交二中\5.28二中\216181080059传输完成
2021-09-03 11:26:46 INFO  分配文件日志:99 - H:\古交二中\5.28二中\216181080060传输完成
2021-09-03 11:26:46 INFO  分配文件日志:99 - H:\古交二中\5.28二中\216181080062传输完成
2021-09-03 11:26:47 INFO  分配文件日志:99 - H:\古交二中\5.28二中\216181080069传输完成
2021-09-03 11:26:48 INFO  分配文件日志:99 - H:\古交二中\5.28二中\216181080072传输完成
2021-09-03 11:26:48 INFO  分配文件日志:99 - H:\古交二中\5.28二中\216181080073_-1传输完成
2021-09-03 11:26:49 INFO  分配文件日志:99 - H:\古交二中\5.28二中\216181080075传输完成
2021-09-03 11:26:51 INFO  分配文件日志:99 - H:\古交二中\5.28二中\216181080076传输完成
2021-09-03 11:26:51 INFO  分配文件日志:99 - H:\古交二中\5.28二中\216181080077_-1传输完成
2021-09-03 11:26:52 INFO  分配文件日志:99 - H:\古交二中\5.28二中\216181080081传输完成
2021-09-03 11:26:53 INFO  分配文件日志:99 - H:\古交二中\5.28二中\216181080082传输完成
2021-09-03 11:26:54 INFO  分配文件日志:99 - H:\古交二中\5.28二中\216181080083传输完成
2021-09-03 11:26:56 INFO  分配文件日志:99 - H:\古交二中\5.28二中\216181080084传输完成
2021-09-03 11:26:56 INFO  分配文件日志:99 - H:\古交二中\5.28二中\216181080085传输完成
2021-09-03 11:26:57 INFO  分配文件日志:99 - H:\古交二中\5.28二中\216181080086传输完成
2021-09-03 11:26:58 INFO  分配文件日志:99 - H:\古交二中\5.28二中\216181080089_-1传输完成
2021-09-03 11:26:59 INFO  分配文件日志:99 - H:\古交二中\5.28二中\216181080090_9传输完成
2021-09-03 11:27:00 INFO  分配文件日志:99 - H:\古交二中\5.28二中\216181080092传输完成
2021-09-03 11:27:01 INFO  分配文件日志:99 - H:\古交二中\5.28二中\216181080094_-1传输完成
2021-09-03 11:27:02 INFO  分配文件日志:99 - H:\古交二中\5.28二中\216181080098传输完成
2021-09-03 11:27:03 INFO  分配文件日志:99 - H:\古交二中\5.28二中\216181080099_-1传输完成
2021-09-03 11:27:04 INFO  分配文件日志:99 - H:\古交二中\5.28二中\216181050004传输完成
2021-09-03 11:27:04 INFO  分配文件日志:99 - H:\古交二中\5.28二中\216181050005_-1传输完成
2021-09-03 11:27:05 INFO  分配文件日志:99 - H:\古交二中\5.28二中\216181050006传输完成
2021-09-03 11:27:07 INFO  分配文件日志:99 - H:\古交二中\5.28二中\216181050007传输完成
2021-09-03 11:27:08 INFO  分配文件日志:99 - H:\古交二中\5.28二中\216181050010传输完成
2021-09-03 11:27:09 INFO  分配文件日志:99 - H:\古交二中\5.28二中\216181050012传输完成
2021-09-03 11:27:10 INFO  分配文件日志:99 - H:\古交二中\5.28二中\216181050014传输完成
2021-09-03 11:27:10 INFO  分配文件日志:99 - H:\古交二中\5.28二中\216181050016传输完成
2021-09-03 11:27:12 INFO  分配文件日志:99 - H:\古交二中\5.28二中\216181050018传输完成
2021-09-03 11:27:13 INFO  分配文件日志:99 - H:\古交二中\5.28二中\216181050019传输完成
2021-09-03 11:27:13 INFO  分配文件日志:99 - H:\古交二中\5.28二中\216181050020传输完成
2021-09-03 11:27:14 INFO  分配文件日志:99 - H:\古交二中\5.28二中\216181050022传输完成
2021-09-03 11:27:15 INFO  分配文件日志:99 - H:\古交二中\5.28二中\216181050024_8传输完成
2021-09-03 11:27:16 INFO  分配文件日志:99 - H:\古交二中\5.28二中\216181050026传输完成
2021-09-03 11:27:18 INFO  分配文件日志:99 - H:\古交二中\5.28二中\216181050027传输完成
2021-09-03 11:27:19 INFO  分配文件日志:99 - H:\古交二中\5.28二中\216181050028传输完成
2021-09-03 11:27:20 INFO  分配文件日志:99 - H:\古交二中\5.28二中\216181050030传输完成
2021-09-03 11:27:21 INFO  分配文件日志:99 - H:\古交二中\5.28二中\216181050034传输完成
2021-09-03 11:27:21 INFO  分配文件日志:99 - H:\古交二中\5.28二中\216181050036传输完成
2021-09-03 11:27:23 INFO  分配文件日志:99 - H:\古交二中\5.28二中\216181050039传输完成
2021-09-03 11:27:24 INFO  分配文件日志:99 - H:\古交二中\5.28二中\216181050041传输完成
2021-09-03 11:27:25 INFO  分配文件日志:99 - H:\古交二中\5.28二中\216181050042传输完成
2021-09-03 11:27:26 INFO  分配文件日志:99 - H:\古交二中\5.28二中\216181050044传输完成
2021-09-03 11:27:27 INFO  分配文件日志:99 - H:\古交二中\5.28二中\216181050045传输完成
2021-09-03 11:27:27 INFO  分配文件日志:99 - H:\古交二中\5.28二中\216181050047传输完成
2021-09-03 11:27:29 INFO  分配文件日志:99 - H:\古交二中\5.28二中\216181050051传输完成
2021-09-03 11:27:29 INFO  分配文件日志:99 - H:\古交二中\5.28二中\216181050052传输完成
2021-09-03 11:27:30 INFO  分配文件日志:99 - H:\古交二中\5.28二中\216181050053传输完成
2021-09-03 11:27:31 INFO  分配文件日志:99 - H:\古交二中\5.28二中\216181050056传输完成
2021-09-03 11:27:32 INFO  分配文件日志:99 - H:\古交二中\5.28二中\216181050057传输完成
2021-09-03 11:27:33 INFO  分配文件日志:99 - H:\古交二中\5.28二中\216181050058传输完成
2021-09-03 11:27:33 INFO  分配文件日志:99 - H:\古交二中\5.28二中\216181050059传输完成
2021-09-03 11:27:35 INFO  分配文件日志:99 - H:\古交二中\5.28二中\216181050060传输完成
2021-09-03 11:27:35 INFO  分配文件日志:99 - H:\古交二中\5.28二中\216181050063传输完成
2021-09-03 11:27:36 INFO  分配文件日志:99 - H:\古交二中\5.28二中\216181050065传输完成
2021-09-03 11:27:37 INFO  分配文件日志:99 - H:\古交二中\5.28二中\216181050067传输完成
2021-09-03 11:27:38 INFO  分配文件日志:99 - H:\古交二中\5.28二中\216181050068传输完成
2021-09-03 11:27:40 INFO  分配文件日志:99 - H:\古交二中\5.28二中\216181050071传输完成
2021-09-03 11:27:41 INFO  分配文件日志:99 - H:\古交二中\5.28二中\216181050072传输完成
2021-09-03 11:27:42 INFO  分配文件日志:99 - H:\古交二中\5.28二中\216181050073传输完成
2021-09-03 11:27:43 INFO  分配文件日志:99 - H:\古交二中\5.28二中\216181050074传输完成
2021-09-03 11:27:44 INFO  分配文件日志:99 - H:\古交二中\5.28二中\216181050077传输完成
2021-09-03 11:27:45 INFO  分配文件日志:99 - H:\古交二中\5.28二中\216181050080传输完成
2021-09-03 11:27:46 INFO  分配文件日志:99 - H:\古交二中\5.28二中\216181050081传输完成
2021-09-03 11:27:47 INFO  分配文件日志:99 - H:\古交二中\5.28二中\216181050086传输完成
2021-09-03 11:27:47 INFO  分配文件日志:99 - H:\古交二中\5.28二中\216181050091传输完成
2021-09-03 11:27:48 INFO  分配文件日志:99 - H:\古交二中\5.28二中\216181050093传输完成
2021-09-03 11:27:49 INFO  分配文件日志:99 - H:\古交二中\5.28二中\216181050095传输完成
2021-09-03 11:27:50 INFO  分配文件日志:99 - H:\古交二中\5.28二中\216181130001传输完成
2021-09-03 11:27:51 INFO  分配文件日志:99 - H:\古交二中\5.28二中\216181130003传输完成
2021-09-03 11:27:52 INFO  分配文件日志:99 - H:\古交二中\5.28二中\216181130004传输完成
2021-09-03 11:27:53 INFO  分配文件日志:99 - H:\古交二中\5.28二中\216181130005传输完成
2021-09-03 11:27:54 INFO  分配文件日志:99 - H:\古交二中\5.28二中\216181130006传输完成
2021-09-03 11:27:55 INFO  分配文件日志:99 - H:\古交二中\5.28二中\216181130007传输完成
2021-09-03 11:27:55 INFO  分配文件日志:99 - H:\古交二中\5.28二中\216181130008传输完成
2021-09-03 11:27:57 INFO  分配文件日志:99 - H:\古交二中\5.28二中\216181130009传输完成
2021-09-03 11:27:58 INFO  分配文件日志:99 - H:\古交二中\5.28二中\216181130011传输完成
2021-09-03 11:27:58 INFO  分配文件日志:99 - H:\古交二中\5.28二中\216181130017传输完成
2021-09-03 11:27:59 INFO  分配文件日志:99 - H:\古交二中\5.28二中\216181130018传输完成
2021-09-03 11:28:00 INFO  分配文件日志:99 - H:\古交二中\5.28二中\216181130019传输完成
2021-09-03 11:28:01 INFO  分配文件日志:99 - H:\古交二中\5.28二中\216181130021传输完成
2021-09-03 11:28:02 INFO  分配文件日志:99 - H:\古交二中\5.28二中\216181130022传输完成
2021-09-03 11:28:03 INFO  分配文件日志:99 - H:\古交二中\5.28二中\216181130023传输完成
2021-09-03 11:28:04 INFO  分配文件日志:99 - H:\古交二中\5.28二中\216181130024传输完成
2021-09-03 11:28:05 INFO  分配文件日志:99 - H:\古交二中\5.28二中\216181130029传输完成
2021-09-03 11:28:06 INFO  分配文件日志:99 - H:\古交二中\5.28二中\216181130030传输完成
2021-09-03 11:28:07 INFO  分配文件日志:99 - H:\古交二中\5.28二中\216181130031传输完成
2021-09-03 11:28:08 INFO  分配文件日志:99 - H:\古交二中\5.28二中\216181130032传输完成
2021-09-03 11:28:09 INFO  分配文件日志:99 - H:\古交二中\5.28二中\216181130033传输完成
2021-09-03 11:28:09 INFO  分配文件日志:99 - H:\古交二中\5.28二中\216181130037传输完成
2021-09-03 11:28:10 INFO  分配文件日志:99 - H:\古交二中\5.28二中\216181130038传输完成
2021-09-03 11:28:11 INFO  分配文件日志:99 - H:\古交二中\5.28二中\216181130045传输完成
2021-09-03 11:28:12 INFO  分配文件日志:99 - H:\古交二中\5.28二中\216181130050传输完成
2021-09-03 11:28:14 INFO  分配文件日志:99 - H:\古交二中\5.28二中\216181130051传输完成
2021-09-03 11:28:14 INFO  分配文件日志:99 - H:\古交二中\5.28二中\216181130056传输完成
2021-09-03 11:28:15 INFO  分配文件日志:99 - H:\古交二中\5.28二中\216181130058传输完成
2021-09-03 11:28:16 INFO  分配文件日志:99 - H:\古交二中\5.28二中\216181130059_9传输完成
2021-09-03 11:28:17 INFO  分配文件日志:99 - H:\古交二中\5.28二中\216181130061传输完成
2021-09-03 11:28:18 INFO  分配文件日志:99 - H:\古交二中\5.28二中\216181130062传输完成
2021-09-03 11:28:19 INFO  分配文件日志:99 - H:\古交二中\5.28二中\216181130063传输完成
2021-09-03 11:28:20 INFO  分配文件日志:99 - H:\古交二中\5.28二中\216181130064_9传输完成
2021-09-03 11:28:21 INFO  分配文件日志:99 - H:\古交二中\5.28二中\216181130068传输完成
2021-09-03 11:28:21 INFO  分配文件日志:99 - H:\古交二中\5.28二中\216181130073传输完成
2021-09-03 11:28:22 INFO  分配文件日志:99 - H:\古交二中\5.28二中\216181130074传输完成
2021-09-03 11:28:23 INFO  分配文件日志:99 - H:\古交二中\5.28二中\216181130075传输完成
2021-09-03 11:28:24 INFO  分配文件日志:99 - H:\古交二中\5.28二中\216181130076传输完成
2021-09-03 11:28:25 INFO  分配文件日志:99 - H:\古交二中\5.28二中\216181130077传输完成
2021-09-03 11:28:26 INFO  分配文件日志:99 - H:\古交二中\5.28二中\216181130079传输完成
2021-09-03 11:28:27 INFO  分配文件日志:99 - H:\古交二中\5.28二中\216181130080传输完成
2021-09-03 11:28:28 INFO  分配文件日志:99 - H:\古交二中\5.28二中\216181130081传输完成
2021-09-03 11:28:29 INFO  分配文件日志:99 - H:\古交二中\5.28二中\216181130084传输完成
2021-09-03 11:28:30 INFO  分配文件日志:99 - H:\古交二中\5.28二中\216181130085传输完成
2021-09-03 11:28:31 INFO  分配文件日志:99 - H:\古交二中\5.28二中\216181130087传输完成
2021-09-03 11:28:32 INFO  分配文件日志:99 - H:\古交二中\5.28二中\216181130092传输完成
2021-09-03 11:28:33 INFO  分配文件日志:99 - H:\古交二中\5.28二中\216181130094传输完成
2021-09-03 11:28:34 INFO  分配文件日志:99 - H:\古交二中\5.28二中\216181130096传输完成
2021-09-03 11:28:35 INFO  分配文件日志:99 - H:\古交二中\5.28二中\216181130098传输完成
2021-09-03 11:28:36 INFO  分配文件日志:99 - H:\古交二中\5.28二中\216181130102传输完成
2021-09-03 11:28:37 INFO  分配文件日志:99 - H:\古交二中\5.28二中\216181130104传输完成
2021-09-03 11:28:38 INFO  分配文件日志:99 - H:\古交二中\5.28二中\216181130105传输完成
2021-09-03 11:28:39 INFO  分配文件日志:99 - H:\古交二中\5.28二中\216181130107传输完成
2021-09-03 11:28:40 INFO  分配文件日志:99 - H:\古交二中\5.28二中\216181130108传输完成
2021-09-03 11:28:41 INFO  分配文件日志:99 - H:\古交二中\5.28二中\216181130109传输完成
2021-09-03 11:28:42 INFO  分配文件日志:99 - H:\古交二中\5.28二中\216181130112传输完成
2021-09-03 11:28:42 INFO  分配文件日志:99 - H:\古交二中\5.28二中\216181130117传输完成
2021-09-03 11:28:43 INFO  分配文件日志:99 - H:\古交二中\5.28二中\216181130118传输完成
2021-09-03 11:28:44 INFO  分配文件日志:99 - H:\古交二中\5.28二中\216181130122传输完成
2021-09-03 11:28:45 INFO  分配文件日志:99 - H:\古交二中\5.28二中\216181130123传输完成
2021-09-03 11:28:46 INFO  分配文件日志:99 - H:\古交二中\5.28二中\216181130124传输完成
2021-09-03 11:28:47 INFO  分配文件日志:99 - H:\古交二中\5.28二中\216181130127传输完成
2021-09-03 11:28:48 INFO  分配文件日志:99 - H:\古交二中\5.28二中\216181130129传输完成
2021-09-03 11:28:49 INFO  分配文件日志:99 - H:\古交二中\5.28二中\216181130132传输完成
2021-09-03 11:28:50 INFO  分配文件日志:99 - H:\古交二中\5.28二中\216181130133传输完成
2021-09-03 11:28:51 INFO  分配文件日志:99 - H:\古交二中\5.28二中\216181130137传输完成
2021-09-03 11:28:52 INFO  分配文件日志:99 - H:\古交二中\5.28二中\216181130138_9传输完成
2021-09-03 11:28:53 INFO  分配文件日志:99 - H:\古交二中\5.28二中\216181130139传输完成
2021-09-03 11:28:54 INFO  分配文件日志:99 - H:\古交二中\5.28二中\216181130140传输完成
2021-09-03 11:28:55 INFO  分配文件日志:99 - H:\古交二中\5.28二中\216181130141传输完成
2021-09-03 11:28:55 INFO  分配文件日志:99 - H:\古交二中\5.28二中\216181130143传输完成
2021-09-03 11:28:56 INFO  分配文件日志:99 - H:\古交二中\5.28二中\216181130144传输完成
2021-09-03 11:28:57 INFO  分配文件日志:99 - H:\古交二中\5.28二中\216181130149传输完成
2021-09-03 11:28:58 INFO  分配文件日志:99 - H:\古交二中\5.28二中\216181130150传输完成
2021-09-03 11:28:59 INFO  分配文件日志:99 - H:\古交二中\5.28二中\216181130151_9传输完成
2021-09-03 11:29:00 INFO  分配文件日志:99 - H:\古交二中\5.28二中\216181130152传输完成
2021-09-03 11:29:01 INFO  分配文件日志:99 - H:\古交二中\5.28二中\216181130153传输完成
2021-09-03 11:29:02 INFO  分配文件日志:99 - H:\古交二中\5.28二中\216181130155传输完成
2021-09-03 11:29:03 INFO  分配文件日志:99 - H:\古交二中\5.28二中\216181130158_8传输完成
2021-09-03 11:29:04 INFO  分配文件日志:99 - H:\古交二中\5.28二中\216181130159传输完成
2021-09-03 11:29:05 INFO  分配文件日志:99 - H:\古交二中\5.28二中\216181130162_9传输完成
2021-09-03 11:29:06 INFO  分配文件日志:99 - H:\古交二中\5.28二中\216181130164传输完成
2021-09-03 11:29:06 INFO  分配文件日志:99 - H:\古交二中\5.28二中\216181130165传输完成
2021-09-03 11:29:08 INFO  分配文件日志:99 - H:\古交二中\5.28二中\216181130168传输完成
2021-09-03 11:29:09 INFO  分配文件日志:99 - H:\古交二中\5.28二中\216181130169传输完成
2021-09-03 11:29:10 INFO  分配文件日志:99 - H:\古交二中\5.28二中\216181130170传输完成
2021-09-03 11:29:11 INFO  分配文件日志:99 - H:\古交二中\5.28二中\216181130173传输完成
2021-09-03 11:29:13 INFO  分配文件日志:99 - H:\古交二中\5.28二中\216181130174传输完成
2021-09-03 11:29:14 INFO  分配文件日志:99 - H:\古交二中\5.28二中\216181130177传输完成
2021-09-03 11:29:15 INFO  分配文件日志:99 - H:\古交二中\5.28二中\216181130184传输完成
2021-09-03 11:29:16 INFO  分配文件日志:99 - H:\古交二中\5.28二中\216181130185传输完成
2021-09-03 11:29:18 INFO  分配文件日志:99 - H:\古交二中\5.28二中\216181130188传输完成
2021-09-03 11:29:19 INFO  分配文件日志:99 - H:\古交二中\5.28二中\216181130189传输完成
2021-09-03 11:29:20 INFO  分配文件日志:99 - H:\古交二中\5.28二中\216181130190传输完成
2021-09-03 11:29:21 INFO  分配文件日志:99 - H:\古交二中\5.28二中\216181130191传输完成
2021-09-03 11:29:22 INFO  分配文件日志:99 - H:\古交二中\5.28二中\216181130192_9传输完成
2021-09-03 11:29:22 INFO  分配文件日志:99 - H:\古交二中\5.28二中\216181130194_-1传输完成
2021-09-03 11:29:24 INFO  分配文件日志:99 - H:\古交二中\5.28二中\216181130196传输完成
2021-09-03 11:29:25 INFO  分配文件日志:99 - H:\古交二中\5.28二中\216181130198_-1传输完成
2021-09-03 11:29:26 INFO  分配文件日志:99 - H:\古交二中\5.28二中\216181130202_-1传输完成
2021-09-03 11:29:27 INFO  分配文件日志:99 - H:\古交二中\5.28二中\216181130204_-1传输完成
2021-09-03 11:29:28 INFO  分配文件日志:99 - H:\古交二中\5.28二中\216181130205_-1传输完成
2021-09-03 11:29:28 INFO  分配文件日志:99 - H:\古交二中\5.28二中\216181130207_-1传输完成
2021-09-03 11:29:29 INFO  分配文件日志:99 - H:\古交二中\5.28二中\216181130208_7传输完成
2021-09-03 11:29:31 INFO  分配文件日志:99 - H:\古交二中\5.28二中\216181130210_-1传输完成
2021-09-03 11:29:32 INFO  分配文件日志:99 - H:\古交二中\5.28二中\216181130212传输完成
2021-09-03 11:29:32 INFO  分配文件日志:99 - H:\古交二中\5.28二中\216181130215传输完成
2021-09-03 11:29:33 INFO  分配文件日志:99 - H:\古交二中\5.28二中\216181130218_-1传输完成
2021-09-03 11:29:34 INFO  分配文件日志:99 - H:\古交二中\5.28二中\216181130219_-1传输完成
2021-09-03 11:29:35 INFO  分配文件日志:99 - H:\古交二中\5.28二中\216181130220_-1传输完成
2021-09-03 11:29:36 INFO  分配文件日志:99 - H:\古交二中\5.28二中\216181130223传输完成
2021-09-03 11:29:37 INFO  分配文件日志:99 - H:\古交二中\5.28二中\216181130224_-1传输完成
2021-09-03 11:29:38 INFO  分配文件日志:99 - H:\古交二中\5.28二中\216181130225_-1传输完成
2021-09-03 11:29:39 INFO  分配文件日志:99 - H:\古交二中\5.28二中\216181130228_-1传输完成
2021-09-03 11:29:40 INFO  分配文件日志:99 - H:\古交二中\5.28二中\216181130231_-1传输完成
2021-09-03 11:29:41 INFO  分配文件日志:99 - H:\古交二中\5.28二中\216181130232_-1传输完成
2021-09-03 11:29:42 INFO  分配文件日志:99 - H:\古交二中\5.28二中\216181130236_-1传输完成
2021-09-03 11:29:43 INFO  分配文件日志:99 - H:\古交二中\5.28二中\216181130237传输完成
2021-09-03 11:29:44 INFO  分配文件日志:99 - H:\古交二中\5.28二中\216181140001传输完成
2021-09-03 11:29:45 INFO  分配文件日志:99 - H:\古交二中\5.28二中\216181140003传输完成
2021-09-03 11:29:46 INFO  分配文件日志:99 - H:\古交二中\5.28二中\216181140004传输完成
2021-09-03 11:29:47 INFO  分配文件日志:99 - H:\古交二中\5.28二中\216181140005传输完成
2021-09-03 11:29:48 INFO  分配文件日志:99 - H:\古交二中\5.28二中\216181140007传输完成
2021-09-03 11:29:49 INFO  分配文件日志:99 - H:\古交二中\5.28二中\216181140008传输完成
2021-09-03 11:29:50 INFO  分配文件日志:99 - H:\古交二中\5.28二中\216181140009_9传输完成
2021-09-03 11:29:51 INFO  分配文件日志:99 - H:\古交二中\5.28二中\216181140011_9传输完成
2021-09-03 11:29:51 INFO  分配文件日志:99 - H:\古交二中\5.28二中\216181140012传输完成
2021-09-03 11:29:53 INFO  分配文件日志:99 - H:\古交二中\5.28二中\216181140014_9传输完成
2021-09-03 11:29:54 INFO  分配文件日志:99 - H:\古交二中\5.28二中\216181140015传输完成
2021-09-03 11:29:55 INFO  分配文件日志:99 - H:\古交二中\5.28二中\216181140016传输完成
2021-09-03 11:29:55 INFO  分配文件日志:99 - H:\古交二中\5.28二中\216181140017传输完成
2021-09-03 11:29:56 INFO  分配文件日志:99 - H:\古交二中\5.28二中\216181140019传输完成
2021-09-03 11:29:57 INFO  分配文件日志:99 - H:\古交二中\5.28二中\216181140025传输完成
2021-09-03 11:29:58 INFO  分配文件日志:99 - H:\古交二中\5.28二中\216181140028_9传输完成
2021-09-03 11:29:59 INFO  分配文件日志:99 - H:\古交二中\5.28二中\216181140030传输完成
2021-09-03 11:30:00 INFO  分配文件日志:99 - H:\古交二中\5.28二中\216181140031传输完成
2021-09-03 11:30:01 INFO  分配文件日志:99 - H:\古交二中\5.28二中\216181140032_9传输完成
2021-09-03 11:30:02 INFO  分配文件日志:99 - H:\古交二中\5.28二中\216181140035传输完成
2021-09-03 11:30:03 INFO  分配文件日志:99 - H:\古交二中\5.28二中\216181140037_9传输完成
2021-09-03 11:30:04 INFO  分配文件日志:99 - H:\古交二中\5.28二中\216181140038_9传输完成
2021-09-03 11:30:05 INFO  分配文件日志:99 - H:\古交二中\5.28二中\216181140040传输完成
2021-09-03 11:30:06 INFO  分配文件日志:99 - H:\古交二中\5.28二中\216181140043传输完成
2021-09-03 11:30:07 INFO  分配文件日志:99 - H:\古交二中\5.28二中\216181140047_9传输完成
2021-09-03 11:30:08 INFO  分配文件日志:99 - H:\古交二中\5.28二中\216181140049传输完成
2021-09-03 11:30:08 INFO  分配文件日志:99 - H:\古交二中\5.28二中\216181140056传输完成
2021-09-03 11:30:09 INFO  分配文件日志:99 - H:\古交二中\5.28二中\216181140058传输完成
2021-09-03 11:30:10 INFO  分配文件日志:99 - H:\古交二中\5.28二中\216181140059传输完成
2021-09-03 11:30:11 INFO  分配文件日志:99 - H:\古交二中\5.28二中\216181140061传输完成
2021-09-03 11:30:12 INFO  分配文件日志:99 - H:\古交二中\5.28二中\216181140062传输完成
2021-09-03 11:30:13 INFO  分配文件日志:99 - H:\古交二中\5.28二中\216181140063传输完成
2021-09-03 11:30:14 INFO  分配文件日志:99 - H:\古交二中\5.28二中\216181140065传输完成
2021-09-03 11:30:15 INFO  分配文件日志:99 - H:\古交二中\5.28二中\216181140066传输完成
2021-09-03 11:30:16 INFO  分配文件日志:99 - H:\古交二中\5.28二中\216181140067传输完成
2021-09-03 11:30:17 INFO  分配文件日志:99 - H:\古交二中\5.28二中\216181140068传输完成
2021-09-03 11:30:18 INFO  分配文件日志:99 - H:\古交二中\5.28二中\216181140069传输完成
2021-09-03 11:30:19 INFO  分配文件日志:99 - H:\古交二中\5.28二中\216181070001传输完成
2021-09-03 11:30:20 INFO  分配文件日志:99 - H:\古交二中\5.28二中\216181070003传输完成
2021-09-03 11:30:20 INFO  分配文件日志:99 - H:\古交二中\5.28二中\216181070004传输完成
2021-09-03 11:30:22 INFO  分配文件日志:99 - H:\古交二中\5.28二中\216181070006传输完成
2021-09-03 11:30:22 INFO  分配文件日志:99 - H:\古交二中\5.28二中\216181070007传输完成
2021-09-03 11:30:23 INFO  分配文件日志:99 - H:\古交二中\5.28二中\216181070012传输完成
2021-09-03 11:30:24 INFO  分配文件日志:99 - H:\古交二中\5.28二中\216181070014_9传输完成
2021-09-03 11:30:25 INFO  分配文件日志:99 - H:\古交二中\5.28二中\216181070017传输完成
2021-09-03 11:30:26 INFO  分配文件日志:99 - H:\古交二中\5.28二中\216181070018传输完成
2021-09-03 11:30:27 INFO  分配文件日志:99 - H:\古交二中\5.28二中\216181070020传输完成
2021-09-03 11:30:28 INFO  分配文件日志:99 - H:\古交二中\5.28二中\216181070021传输完成
2021-09-03 11:30:29 INFO  分配文件日志:99 - H:\古交二中\5.28二中\216181030005传输完成
2021-09-03 11:30:30 INFO  分配文件日志:99 - H:\古交二中\5.28二中\216181030007传输完成
2021-09-03 11:30:31 INFO  分配文件日志:99 - H:\古交二中\5.28二中\216181030010_7传输完成
2021-09-03 11:30:32 INFO  分配文件日志:99 - H:\古交二中\5.28二中\216181030011传输完成
2021-09-03 11:30:33 INFO  分配文件日志:99 - H:\古交二中\5.28二中\216181030013传输完成
2021-09-03 11:30:34 INFO  分配文件日志:99 - H:\古交二中\5.28二中\216181030015传输完成
2021-09-03 11:30:35 INFO  分配文件日志:99 - H:\古交二中\5.28二中\216181030016_9传输完成
2021-09-03 11:30:36 INFO  分配文件日志:99 - H:\古交二中\5.28二中\216181030017传输完成
2021-09-03 11:30:37 INFO  分配文件日志:99 - H:\古交二中\5.28二中\216181030023传输完成
2021-09-03 11:30:38 INFO  分配文件日志:99 - H:\古交二中\5.28二中\216181030025传输完成
2021-09-03 11:30:39 INFO  分配文件日志:99 - H:\古交二中\5.28二中\216181030026_9传输完成
2021-09-03 11:30:40 INFO  分配文件日志:99 - H:\古交二中\5.28二中\216181030028_6传输完成
2021-09-03 11:30:41 INFO  分配文件日志:99 - H:\古交二中\5.28二中\216181030029_9传输完成
2021-09-03 11:30:41 INFO  分配文件日志:99 - H:\古交二中\5.28二中\216181030031传输完成
2021-09-03 11:30:42 INFO  分配文件日志:99 - H:\古交二中\5.28二中\216181030033传输完成
2021-09-03 11:30:43 INFO  分配文件日志:99 - H:\古交二中\5.28二中\216181030034传输完成
2021-09-03 11:30:45 INFO  分配文件日志:99 - H:\古交二中\5.28二中\216181030035_9传输完成
2021-09-03 11:30:45 INFO  分配文件日志:99 - H:\古交二中\5.28二中\216181030039传输完成
2021-09-03 11:30:46 INFO  分配文件日志:99 - H:\古交二中\5.28二中\216181030041传输完成
2021-09-03 11:30:47 INFO  分配文件日志:99 - H:\古交二中\5.28二中\216181030042_8传输完成
2021-09-03 11:30:49 INFO  分配文件日志:99 - H:\古交二中\5.28二中\216181030044_9传输完成
2021-09-03 11:30:50 INFO  分配文件日志:99 - H:\古交二中\5.28二中\216181030047传输完成
2021-09-03 11:30:51 INFO  分配文件日志:99 - H:\古交二中\5.28二中\216181030049传输完成
2021-09-03 11:30:52 INFO  分配文件日志:99 - H:\古交二中\5.28二中\216181030053传输完成
2021-09-03 11:30:53 INFO  分配文件日志:99 - H:\古交二中\5.28二中\216181030054_7传输完成
2021-09-03 11:30:54 INFO  分配文件日志:99 - H:\古交二中\5.28二中\216181030055传输完成
2021-09-03 11:30:55 INFO  分配文件日志:99 - H:\古交二中\5.28二中\216181040002传输完成
2021-09-03 11:30:56 INFO  分配文件日志:99 - H:\古交二中\5.28二中\216181040003传输完成
2021-09-03 11:30:57 INFO  分配文件日志:99 - H:\古交二中\5.28二中\216181040008传输完成
2021-09-03 11:30:57 INFO  分配文件日志:99 - H:\古交二中\5.28二中\216181040010传输完成
2021-09-03 11:30:58 INFO  分配文件日志:99 - H:\古交二中\5.28二中\216181040011传输完成
2021-09-03 11:31:00 INFO  分配文件日志:99 - H:\古交二中\5.28二中\216181040012传输完成
2021-09-03 11:31:01 INFO  分配文件日志:99 - H:\古交二中\5.28二中\216181040013传输完成
2021-09-03 11:31:01 INFO  分配文件日志:99 - H:\古交二中\5.28二中\216181040015传输完成
2021-09-03 11:31:02 INFO  分配文件日志:99 - H:\古交二中\5.28二中\216181040017传输完成
2021-09-03 11:31:03 INFO  分配文件日志:99 - H:\古交二中\5.28二中\216181040018_9传输完成
2021-09-03 11:31:04 INFO  分配文件日志:99 - H:\古交二中\5.28二中\216181040021传输完成
2021-09-03 11:31:05 INFO  分配文件日志:99 - H:\古交二中\5.28二中\216181040022传输完成
2021-09-03 11:31:06 INFO  分配文件日志:99 - H:\古交二中\5.28二中\216181040023传输完成
2021-09-03 11:31:07 INFO  分配文件日志:99 - H:\古交二中\5.28二中\216181040024传输完成
2021-09-03 11:31:08 INFO  分配文件日志:99 - H:\古交二中\5.28二中\216181040028_7传输完成
2021-09-03 11:31:09 INFO  分配文件日志:99 - H:\古交二中\5.28二中\216181040029传输完成
2021-09-03 11:31:10 INFO  分配文件日志:99 - H:\古交二中\5.28二中\216181040030传输完成
2021-09-03 11:31:11 INFO  分配文件日志:99 - H:\古交二中\5.28二中\216181040032传输完成
2021-09-03 11:31:12 INFO  分配文件日志:99 - H:\古交二中\5.28二中\216181040036传输完成
2021-09-03 11:31:13 INFO  分配文件日志:99 - H:\古交二中\5.28二中\216181040039传输完成
2021-09-03 11:31:14 INFO  分配文件日志:99 - H:\古交二中\5.28二中\216181040041_9传输完成
2021-09-03 11:31:15 INFO  分配文件日志:99 - H:\古交二中\5.28二中\216181040042传输完成
2021-09-03 11:31:16 INFO  分配文件日志:99 - H:\古交二中\5.28二中\216181040047传输完成
2021-09-03 11:31:17 INFO  分配文件日志:99 - H:\古交二中\5.28二中\216181040048传输完成
2021-09-03 11:31:18 INFO  分配文件日志:99 - H:\古交二中\5.28二中\216181040051传输完成
2021-09-03 11:31:19 INFO  分配文件日志:99 - H:\古交二中\5.28二中\216181040054传输完成
2021-09-03 11:31:20 INFO  分配文件日志:99 - H:\古交二中\5.28二中\216181040055传输完成
2021-09-03 11:31:21 INFO  分配文件日志:99 - H:\古交二中\5.28二中\216181040056传输完成
2021-09-03 11:31:22 INFO  分配文件日志:99 - H:\古交二中\5.28二中\216181040061传输完成
2021-09-03 11:31:23 INFO  分配文件日志:99 - H:\古交二中\5.28二中\216181040063_6传输完成
2021-09-03 11:31:24 INFO  分配文件日志:99 - H:\古交二中\5.28二中\216181040064_9传输完成
2021-09-03 11:31:25 INFO  分配文件日志:99 - H:\古交二中\5.28二中\216181040065传输完成
2021-09-03 11:31:25 INFO  分配文件日志:99 - H:\古交二中\5.28二中\216181040066_6传输完成
2021-09-03 11:31:27 INFO  分配文件日志:99 - H:\古交二中\5.28二中\216181040068_8传输完成
2021-09-03 11:31:28 INFO  分配文件日志:99 - H:\古交二中\5.28二中\216181040069传输完成
2021-09-03 11:31:28 INFO  分配文件日志:99 - H:\古交二中\5.28二中\216181040073传输完成
2021-09-03 11:31:29 INFO  分配文件日志:99 - H:\古交二中\5.28二中\216181040078传输完成
2021-09-03 11:31:31 INFO  分配文件日志:99 - H:\古交二中\5.28二中\216181040079传输完成
2021-09-03 11:31:31 INFO  分配文件日志:99 - H:\古交二中\5.28二中\216181040081传输完成
2021-09-03 11:31:33 INFO  分配文件日志:99 - H:\古交二中\5.28二中\216181040083_9传输完成
2021-09-03 11:31:34 INFO  分配文件日志:99 - H:\古交二中\5.28二中\216181040085传输完成
2021-09-03 11:31:35 INFO  分配文件日志:99 - H:\古交二中\5.28二中\216181040086传输完成
2021-09-03 11:31:35 INFO  分配文件日志:99 - H:\古交二中\5.28二中\216181040087传输完成
2021-09-03 11:31:36 INFO  分配文件日志:99 - H:\古交二中\5.28二中\216181040089传输完成
2021-09-03 11:31:37 INFO  分配文件日志:99 - H:\古交二中\5.28二中\216181040090传输完成
2021-09-03 11:31:38 INFO  分配文件日志:99 - H:\古交二中\5.28二中\216181040094传输完成
2021-09-03 11:31:39 INFO  分配文件日志:99 - H:\古交二中\5.28二中\216181040095_9传输完成
2021-09-03 11:31:40 INFO  分配文件日志:99 - H:\古交二中\5.28二中\216181040096传输完成
2021-09-03 11:31:41 INFO  分配文件日志:99 - H:\古交二中\5.28二中\216181040097_1传输完成
2021-09-03 11:31:42 INFO  分配文件日志:99 - H:\古交二中\5.28二中\216181040100传输完成
2021-09-03 11:31:43 INFO  分配文件日志:99 - H:\古交二中\5.28二中\216181040101_-1传输完成
2021-09-03 11:31:44 INFO  分配文件日志:99 - H:\古交二中\5.28二中\216181040103_-1传输完成
2021-09-03 11:31:45 INFO  分配文件日志:99 - H:\古交二中\5.28二中\216181040105_-1传输完成
2021-09-03 11:31:46 INFO  分配文件日志:99 - H:\古交二中\5.28二中\216181040109传输完成
2021-09-03 11:31:47 INFO  分配文件日志:99 - H:\古交二中\5.28二中\216181040111传输完成
2021-09-03 11:31:48 INFO  分配文件日志:99 - H:\古交二中\5.28二中\216181040114传输完成
2021-09-03 11:31:48 INFO  分配文件日志:99 - H:\古交二中\5.28二中\216181150002_-1传输完成
2021-09-03 11:31:50 INFO  分配文件日志:99 - H:\古交二中\5.28二中\216181150004_8传输完成
2021-09-03 11:31:51 INFO  分配文件日志:99 - H:\古交二中\5.28二中\216181150005_-1传输完成
2021-09-03 11:31:52 INFO  分配文件日志:99 - H:\古交二中\5.28二中\216181150006传输完成
2021-09-03 11:31:53 INFO  分配文件日志:99 - H:\古交二中\5.28二中\216181150008_-1传输完成
2021-09-03 11:31:54 INFO  分配文件日志:99 - H:\古交二中\5.28二中\216181150009_-1传输完成
2021-09-03 11:31:55 INFO  分配文件日志:99 - H:\古交二中\5.28二中\216181150010传输完成
2021-09-03 11:31:55 INFO  分配文件日志:99 - H:\古交二中\5.28二中\216181150013_-1传输完成
2021-09-03 11:31:56 INFO  分配文件日志:99 - H:\古交二中\5.28二中\216181150014传输完成
2021-09-03 11:31:57 INFO  分配文件日志:99 - H:\古交二中\5.28二中\216181150015_9传输完成
2021-09-03 11:31:58 INFO  分配文件日志:99 - H:\古交二中\5.28二中\216181080001_-1传输完成
2021-09-03 11:31:59 INFO  分配文件日志:99 - H:\古交二中\5.28二中\216181080005_9传输完成
2021-09-03 11:32:00 INFO  分配文件日志:99 - H:\古交二中\5.28二中\216181080006传输完成
2021-09-03 11:32:01 INFO  分配文件日志:99 - H:\古交二中\5.28二中\216181080007_-1传输完成
2021-09-03 11:32:02 INFO  分配文件日志:99 - H:\古交二中\5.28二中\216181080010_-1传输完成
2021-09-03 11:32:03 INFO  分配文件日志:99 - H:\古交二中\5.28二中\216181080011_-1传输完成
2021-09-03 11:32:04 INFO  分配文件日志:99 - H:\古交二中\5.28二中\216181080013传输完成
2021-09-03 11:32:05 INFO  分配文件日志:99 - H:\古交二中\5.28二中\216181080016传输完成
2021-09-03 11:32:06 INFO  分配文件日志:99 - H:\古交二中\5.28二中\216181080017传输完成
2021-09-03 11:32:07 INFO  分配文件日志:99 - H:\古交二中\5.28二中\216181080018传输完成
2021-09-03 11:32:08 INFO  分配文件日志:99 - H:\古交二中\5.28二中\216181080023传输完成
2021-09-03 11:32:09 INFO  分配文件日志:99 - H:\古交二中\5.28二中\216181080024传输完成
2021-09-03 11:32:10 INFO  分配文件日志:99 - H:\古交二中\5.28二中\216181080027传输完成
2021-09-03 11:32:11 INFO  分配文件日志:99 - H:\古交二中\5.28二中\216181080028传输完成
2021-09-03 11:32:12 INFO  分配文件日志:99 - H:\古交二中\5.28二中\216181080031_9传输完成
2021-09-03 11:32:14 INFO  分配文件日志:99 - H:\古交二中\5.28二中\216181080033传输完成
2021-09-03 11:32:14 INFO  分配文件日志:99 - H:\古交二中\5.28二中\216181080036传输完成
2021-09-03 11:32:15 INFO  分配文件日志:99 - H:\古交二中\5.28二中\216181080037传输完成
2021-09-03 11:32:16 INFO  分配文件日志:99 - H:\古交二中\5.28二中\216181080038传输完成
2021-09-03 11:32:17 INFO  分配文件日志:99 - H:\古交二中\5.28二中\216181080039传输完成
2021-09-03 11:32:18 INFO  分配文件日志:99 - H:\古交二中\5.28二中\216181080040传输完成
2021-09-03 11:32:19 INFO  分配文件日志:99 - H:\古交二中\5.28二中\216181080041_9传输完成
2021-09-03 11:32:20 INFO  分配文件日志:99 - H:\古交二中\5.28二中\216181080045传输完成
2021-09-03 11:32:21 INFO  分配文件日志:99 - H:\古交二中\5.28二中\216181080046传输完成
2021-09-03 11:32:22 INFO  分配文件日志:99 - H:\古交二中\5.28二中\216181080047_9传输完成
2021-09-03 11:32:23 INFO  分配文件日志:99 - H:\古交二中\5.28二中\216181080048传输完成
2021-09-03 11:32:24 INFO  分配文件日志:99 - H:\古交二中\5.28二中\216181080051传输完成
2021-09-03 11:32:25 INFO  分配文件日志:99 - H:\古交二中\5.28二中\216181080054传输完成
2021-09-03 11:32:26 INFO  分配文件日志:99 - H:\古交二中\5.28二中\216181080055传输完成
2021-09-03 11:32:27 INFO  分配文件日志:99 - H:\古交二中\5.28二中\216181080058传输完成
2021-09-03 11:32:27 INFO  分配文件日志:99 - H:\古交二中\5.28二中\216181080061_-1传输完成
2021-09-03 11:32:29 INFO  分配文件日志:99 - H:\古交二中\5.28二中\216181080063传输完成
2021-09-03 11:32:29 INFO  分配文件日志:99 - H:\古交二中\5.28二中\216181080064传输完成
2021-09-03 11:32:31 INFO  分配文件日志:99 - H:\古交二中\5.28二中\216181080065_9传输完成
2021-09-03 11:32:31 INFO  分配文件日志:99 - H:\古交二中\5.28二中\216181080066_9传输完成
2021-09-03 11:32:32 INFO  分配文件日志:99 - H:\古交二中\5.28二中\216181080067传输完成
2021-09-03 11:32:34 INFO  分配文件日志:99 - H:\古交二中\5.28二中\216181080068传输完成
2021-09-03 11:32:34 INFO  分配文件日志:99 - H:\古交二中\5.28二中\216181080070传输完成
2021-09-03 11:32:35 INFO  分配文件日志:99 - H:\古交二中\5.28二中\216181080071_-1传输完成
2021-09-03 11:32:36 INFO  分配文件日志:99 - H:\古交二中\5.28二中\216181080074传输完成
2021-09-03 11:32:37 INFO  分配文件日志:99 - H:\古交二中\5.28二中\216181080078传输完成
2021-09-03 11:32:38 INFO  分配文件日志:99 - H:\古交二中\5.28二中\216181080079_-1传输完成
2021-09-03 11:32:39 INFO  分配文件日志:99 - H:\古交二中\5.28二中\216181080080传输完成
2021-09-03 11:32:40 INFO  分配文件日志:99 - H:\古交二中\5.28二中\216181080087传输完成
2021-09-03 11:32:41 INFO  分配文件日志:99 - H:\古交二中\5.28二中\216181080088_-1传输完成
2021-09-03 11:32:43 INFO  分配文件日志:99 - H:\古交二中\5.28二中\216181080091传输完成
2021-09-03 11:32:43 INFO  分配文件日志:99 - H:\古交二中\5.28二中\216181080093传输完成
2021-09-03 11:32:45 INFO  分配文件日志:99 - H:\古交二中\5.28二中\216181080095传输完成
2021-09-03 11:32:46 INFO  分配文件日志:99 - H:\古交二中\5.28二中\216181080096传输完成
2021-09-03 11:32:46 INFO  分配文件日志:99 - H:\古交二中\5.28二中\216181080097传输完成
2021-09-03 11:32:47 INFO  分配文件日志:99 - H:\古交二中\5.28二中\216181080100传输完成
2021-09-03 11:32:48 INFO  分配文件日志:99 - H:\古交二中\5.28二中\216181050001传输完成
2021-09-03 11:32:50 INFO  分配文件日志:99 - H:\古交二中\5.28二中\216181050002传输完成
2021-09-03 11:32:51 INFO  分配文件日志:99 - H:\古交二中\5.28二中\216181050003传输完成
2021-09-03 11:32:52 INFO  分配文件日志:99 - H:\古交二中\5.28二中\216181050008传输完成
2021-09-03 11:32:53 INFO  分配文件日志:99 - H:\古交二中\5.28二中\216181050009传输完成
2021-09-03 11:32:54 INFO  分配文件日志:99 - H:\古交二中\5.28二中\216181050011传输完成
2021-09-03 11:32:55 INFO  分配文件日志:99 - H:\古交二中\5.28二中\216181050013传输完成
2021-09-03 11:32:56 INFO  分配文件日志:99 - H:\古交二中\5.28二中\216181050015_8传输完成
2021-09-03 11:32:57 INFO  分配文件日志:99 - H:\古交二中\5.28二中\216181050017传输完成
2021-09-03 11:32:58 INFO  分配文件日志:99 - H:\古交二中\5.28二中\216181050021传输完成
2021-09-03 11:32:59 INFO  分配文件日志:99 - H:\古交二中\5.28二中\216181050023传输完成
2021-09-03 11:33:00 INFO  分配文件日志:99 - H:\古交二中\5.28二中\216181050025_9传输完成
2021-09-03 11:33:01 INFO  分配文件日志:99 - H:\古交二中\5.28二中\216181050029传输完成
2021-09-03 11:33:03 INFO  分配文件日志:99 - H:\古交二中\5.28二中\216181050031传输完成
2021-09-03 11:33:04 INFO  分配文件日志:99 - H:\古交二中\5.28二中\216181050032传输完成
2021-09-03 11:33:05 INFO  分配文件日志:99 - H:\古交二中\5.28二中\216181050033传输完成
2021-09-03 11:33:06 INFO  分配文件日志:99 - H:\古交二中\5.28二中\216181050035传输完成
2021-09-03 11:33:07 INFO  分配文件日志:99 - H:\古交二中\5.28二中\216181050037传输完成
2021-09-03 11:33:08 INFO  分配文件日志:99 - H:\古交二中\5.28二中\216181050038传输完成
2021-09-03 11:33:09 INFO  分配文件日志:99 - H:\古交二中\5.28二中\216181050040传输完成
2021-09-03 11:33:10 INFO  分配文件日志:99 - H:\古交二中\5.28二中\216181050043传输完成
2021-09-03 11:33:11 INFO  分配文件日志:99 - H:\古交二中\5.28二中\216181050046传输完成
2021-09-03 11:33:12 INFO  分配文件日志:99 - H:\古交二中\5.28二中\216181050048传输完成
2021-09-03 11:33:13 INFO  分配文件日志:99 - H:\古交二中\5.28二中\216181050049传输完成
2021-09-03 11:33:14 INFO  分配文件日志:99 - H:\古交二中\5.28二中\216181050050传输完成
2021-09-03 11:33:15 INFO  分配文件日志:99 - H:\古交二中\5.28二中\216181050054传输完成
2021-09-03 11:33:16 INFO  分配文件日志:99 - H:\古交二中\5.28二中\216181050055传输完成
2021-09-03 11:33:18 INFO  分配文件日志:99 - H:\古交二中\5.28二中\216181050061传输完成
2021-09-03 11:33:19 INFO  分配文件日志:99 - H:\古交二中\5.28二中\216181050062_9传输完成
2021-09-03 11:33:20 INFO  分配文件日志:99 - H:\古交二中\5.28二中\216181050064传输完成
2021-09-03 11:33:21 INFO  分配文件日志:99 - H:\古交二中\5.28二中\216181050066传输完成
2021-09-03 11:33:22 INFO  分配文件日志:99 - H:\古交二中\5.28二中\216181050069传输完成
2021-09-03 11:33:23 INFO  分配文件日志:99 - H:\古交二中\5.28二中\216181050070传输完成
2021-09-03 11:33:24 INFO  分配文件日志:99 - H:\古交二中\5.28二中\216181050075_9传输完成
2021-09-03 11:33:25 INFO  分配文件日志:99 - H:\古交二中\5.28二中\216181050076传输完成
2021-09-03 11:33:26 INFO  分配文件日志:99 - H:\古交二中\5.28二中\216181050078传输完成
2021-09-03 11:33:27 INFO  分配文件日志:99 - H:\古交二中\5.28二中\216181050079传输完成
2021-09-03 11:33:28 INFO  分配文件日志:99 - H:\古交二中\5.28二中\216181050082传输完成
2021-09-03 11:33:30 INFO  分配文件日志:99 - H:\古交二中\5.28二中\216181050083_6传输完成
2021-09-03 11:33:31 INFO  分配文件日志:99 - H:\古交二中\5.28二中\216181050084传输完成
2021-09-03 11:33:32 INFO  分配文件日志:99 - H:\古交二中\5.28二中\216181050085传输完成
2021-09-03 11:33:33 INFO  分配文件日志:99 - H:\古交二中\5.28二中\216181050087_9传输完成
2021-09-03 11:33:33 INFO  分配文件日志:99 - H:\古交二中\5.28二中\216181050088传输完成
2021-09-03 11:33:35 INFO  分配文件日志:99 - H:\古交二中\5.28二中\216181050089传输完成
2021-09-03 11:33:36 INFO  分配文件日志:99 - H:\古交二中\5.28二中\216181050090传输完成
2021-09-03 11:33:37 INFO  分配文件日志:99 - H:\古交二中\5.28二中\216181050092_9传输完成
2021-09-03 11:33:37 INFO  分配文件日志:101 - 全部文件传输完成
2021-09-03 11:34:45 WARN  分配文件日志:87 - H:\2021.05.26六十三中\太原市六十三中理化709人\216181020001 文件不存在!
2021-09-03 11:34:45 WARN  分配文件日志:87 - H:\2021.05.26六十三中\太原市六十三中理化709人\216181020004 文件不存在!
2021-09-03 11:34:45 WARN  分配文件日志:87 - H:\2021.05.26六十三中\太原市六十三中理化709人\216181020006 文件不存在!
2021-09-03 11:34:45 WARN  分配文件日志:87 - H:\2021.05.26六十三中\太原市六十三中理化709人\216181020007_9 文件不存在!
2021-09-03 11:34:45 WARN  分配文件日志:87 - H:\2021.05.26六十三中\太原市六十三中理化709人\216181020008 文件不存在!
2021-09-03 11:34:45 WARN  分配文件日志:87 - H:\2021.05.26六十三中\太原市六十三中理化709人\216181020009 文件不存在!
2021-09-03 11:34:45 WARN  分配文件日志:87 - H:\2021.05.26六十三中\太原市六十三中理化709人\216181020012 文件不存在!
2021-09-03 11:34:45 WARN  分配文件日志:87 - H:\2021.05.26六十三中\太原市六十三中理化709人\216181020013 文件不存在!
2021-09-03 11:34:45 WARN  分配文件日志:87 - H:\2021.05.26六十三中\太原市六十三中理化709人\216181020017 文件不存在!
2021-09-03 11:34:45 WARN  分配文件日志:87 - H:\2021.05.26六十三中\太原市六十三中理化709人\216181020018 文件不存在!
2021-09-03 11:34:45 WARN  分配文件日志:87 - H:\2021.05.26六十三中\太原市六十三中理化709人\216181020019 文件不存在!
2021-09-03 11:34:45 WARN  分配文件日志:87 - H:\2021.05.26六十三中\太原市六十三中理化709人\216181020021 文件不存在!
2021-09-03 11:34:45 WARN  分配文件日志:87 - H:\2021.05.26六十三中\太原市六十三中理化709人\216181020022 文件不存在!
2021-09-03 11:34:45 WARN  分配文件日志:87 - H:\2021.05.26六十三中\太原市六十三中理化709人\216181020024 文件不存在!
2021-09-03 11:34:45 WARN  分配文件日志:87 - H:\2021.05.26六十三中\太原市六十三中理化709人\216181020026 文件不存在!
2021-09-03 11:34:45 WARN  分配文件日志:87 - H:\2021.05.26六十三中\太原市六十三中理化709人\216181020027 文件不存在!
2021-09-03 11:34:45 WARN  分配文件日志:87 - H:\2021.05.26六十三中\太原市六十三中理化709人\216181020030 文件不存在!
2021-09-03 11:34:45 WARN  分配文件日志:87 - H:\2021.05.26六十三中\太原市六十三中理化709人\216181020031_8 文件不存在!
2021-09-03 11:34:45 WARN  分配文件日志:87 - H:\2021.05.26六十三中\太原市六十三中理化709人\216181020033 文件不存在!
2021-09-03 11:34:45 WARN  分配文件日志:87 - H:\2021.05.26六十三中\太原市六十三中理化709人\216181020037 文件不存在!
2021-09-03 11:34:45 WARN  分配文件日志:87 - H:\2021.05.26六十三中\太原市六十三中理化709人\216181020039 文件不存在!
2021-09-03 11:34:45 WARN  分配文件日志:87 - H:\2021.05.26六十三中\太原市六十三中理化709人\216181020041 文件不存在!
2021-09-03 11:34:45 WARN  分配文件日志:87 - H:\2021.05.26六十三中\太原市六十三中理化709人\216181020046 文件不存在!
2021-09-03 11:34:45 WARN  分配文件日志:87 - H:\2021.05.26六十三中\太原市六十三中理化709人\216181020048 文件不存在!
2021-09-03 11:34:45 WARN  分配文件日志:87 - H:\2021.05.26六十三中\太原市六十三中理化709人\216181020049 文件不存在!
2021-09-03 11:34:45 WARN  分配文件日志:87 - H:\2021.05.26六十三中\太原市六十三中理化709人\216181020053 文件不存在!
2021-09-03 11:34:45 WARN  分配文件日志:87 - H:\2021.05.26六十三中\太原市六十三中理化709人\216181020054 文件不存在!
2021-09-03 11:34:45 WARN  分配文件日志:87 - H:\2021.05.26六十三中\太原市六十三中理化709人\216181020056 文件不存在!
2021-09-03 11:34:45 WARN  分配文件日志:87 - H:\2021.05.26六十三中\太原市六十三中理化709人\216181020058 文件不存在!
2021-09-03 11:34:45 WARN  分配文件日志:87 - H:\2021.05.26六十三中\太原市六十三中理化709人\216181020059 文件不存在!
2021-09-03 11:34:45 WARN  分配文件日志:87 - H:\2021.05.26六十三中\太原市六十三中理化709人\216181020062 文件不存在!
2021-09-03 11:34:45 WARN  分配文件日志:87 - H:\2021.05.26六十三中\太原市六十三中理化709人\216181020063 文件不存在!
2021-09-03 11:34:45 WARN  分配文件日志:87 - H:\2021.05.26六十三中\太原市六十三中理化709人\216181020064_9 文件不存在!
2021-09-03 11:34:45 WARN  分配文件日志:87 - H:\2021.05.26六十三中\太原市六十三中理化709人\216181020066 文件不存在!
2021-09-03 11:34:45 WARN  分配文件日志:87 - H:\2021.05.26六十三中\太原市六十三中理化709人\216181020067 文件不存在!
2021-09-03 11:34:45 WARN  分配文件日志:87 - H:\2021.05.26六十三中\太原市六十三中理化709人\216181020068 文件不存在!
2021-09-03 11:34:45 WARN  分配文件日志:87 - H:\2021.05.26六十三中\太原市六十三中理化709人\216181020070 文件不存在!
2021-09-03 11:34:45 WARN  分配文件日志:87 - H:\2021.05.26六十三中\太原市六十三中理化709人\216181020072 文件不存在!
2021-09-03 11:34:45 WARN  分配文件日志:87 - H:\2021.05.26六十三中\太原市六十三中理化709人\216181020073 文件不存在!
2021-09-03 11:34:45 WARN  分配文件日志:87 - H:\2021.05.26六十三中\太原市六十三中理化709人\216181020074 文件不存在!
2021-09-03 11:34:45 WARN  分配文件日志:87 - H:\2021.05.26六十三中\太原市六十三中理化709人\216181020076 文件不存在!
2021-09-03 11:34:45 WARN  分配文件日志:87 - H:\2021.05.26六十三中\太原市六十三中理化709人\216181020079 文件不存在!
2021-09-03 11:34:45 WARN  分配文件日志:87 - H:\2021.05.26六十三中\太原市六十三中理化709人\216181020082_9 文件不存在!
2021-09-03 11:34:45 WARN  分配文件日志:87 - H:\2021.05.26六十三中\太原市六十三中理化709人\216181020084 文件不存在!
2021-09-03 11:34:45 WARN  分配文件日志:87 - H:\2021.05.26六十三中\太原市六十三中理化709人\216181020086 文件不存在!
2021-09-03 11:34:45 WARN  分配文件日志:87 - H:\2021.05.26六十三中\太原市六十三中理化709人\216181020090 文件不存在!
2021-09-03 11:34:45 WARN  分配文件日志:87 - H:\2021.05.26六十三中\太原市六十三中理化709人\216181020091 文件不存在!
2021-09-03 11:34:45 WARN  分配文件日志:87 - H:\2021.05.26六十三中\太原市六十三中理化709人\216181020092 文件不存在!
2021-09-03 11:34:45 WARN  分配文件日志:87 - H:\2021.05.26六十三中\太原市六十三中理化709人\216181020097 文件不存在!
2021-09-03 11:34:45 WARN  分配文件日志:87 - H:\2021.05.26六十三中\太原市六十三中理化709人\216181020102 文件不存在!
2021-09-03 11:34:45 WARN  分配文件日志:87 - H:\2021.05.26六十三中\太原市六十三中理化709人\216181020103 文件不存在!
2021-09-03 11:34:45 WARN  分配文件日志:87 - H:\2021.05.26六十三中\太原市六十三中理化709人\216181020104 文件不存在!
2021-09-03 11:34:45 WARN  分配文件日志:87 - H:\2021.05.26六十三中\太原市六十三中理化709人\216181020110 文件不存在!
2021-09-03 11:34:45 WARN  分配文件日志:87 - H:\2021.05.26六十三中\太原市六十三中理化709人\216181020111 文件不存在!
2021-09-03 11:34:45 WARN  分配文件日志:87 - H:\2021.05.26六十三中\太原市六十三中理化709人\216181020114 文件不存在!
2021-09-03 11:34:45 WARN  分配文件日志:87 - H:\2021.05.26六十三中\太原市六十三中理化709人\216181020115_6 文件不存在!
2021-09-03 11:34:45 WARN  分配文件日志:87 - H:\2021.05.26六十三中\太原市六十三中理化709人\216181020116 文件不存在!
2021-09-03 11:34:45 WARN  分配文件日志:87 - H:\2021.05.26六十三中\太原市六十三中理化709人\216181020118 文件不存在!
2021-09-03 11:34:45 WARN  分配文件日志:87 - H:\2021.05.26六十三中\太原市六十三中理化709人\216181020119 文件不存在!
2021-09-03 11:34:45 WARN  分配文件日志:87 - H:\2021.05.26六十三中\太原市六十三中理化709人\216181020121 文件不存在!
2021-09-03 11:34:45 WARN  分配文件日志:87 - H:\2021.05.26六十三中\太原市六十三中理化709人\216181020122 文件不存在!
2021-09-03 11:34:45 WARN  分配文件日志:87 - H:\2021.05.26六十三中\太原市六十三中理化709人\216181020123 文件不存在!
2021-09-03 11:34:45 WARN  分配文件日志:87 - H:\2021.05.26六十三中\太原市六十三中理化709人\216181020128 文件不存在!
2021-09-03 11:34:45 WARN  分配文件日志:87 - H:\2021.05.26六十三中\太原市六十三中理化709人\216181020129 文件不存在!
2021-09-03 11:34:45 WARN  分配文件日志:87 - H:\2021.05.26六十三中\太原市六十三中理化709人\216181020130 文件不存在!
2021-09-03 11:34:45 WARN  分配文件日志:87 - H:\2021.05.26六十三中\太原市六十三中理化709人\216181020135 文件不存在!
2021-09-03 11:34:45 WARN  分配文件日志:87 - H:\2021.05.26六十三中\太原市六十三中理化709人\216181020136 文件不存在!
2021-09-03 11:34:45 WARN  分配文件日志:87 - H:\2021.05.26六十三中\太原市六十三中理化709人\216181020138_8 文件不存在!
2021-09-03 11:34:45 WARN  分配文件日志:87 - H:\2021.05.26六十三中\太原市六十三中理化709人\216181020139 文件不存在!
2021-09-03 11:34:45 WARN  分配文件日志:87 - H:\2021.05.26六十三中\太原市六十三中理化709人\216181020141 文件不存在!
2021-09-03 11:34:45 WARN  分配文件日志:87 - H:\2021.05.26六十三中\太原市六十三中理化709人\216181020142 文件不存在!
2021-09-03 11:34:45 WARN  分配文件日志:87 - H:\2021.05.26六十三中\太原市六十三中理化709人\216181020143 文件不存在!
2021-09-03 11:34:45 WARN  分配文件日志:87 - H:\2021.05.26六十三中\太原市六十三中理化709人\216181020145 文件不存在!
2021-09-03 11:34:45 WARN  分配文件日志:87 - H:\2021.05.26六十三中\太原市六十三中理化709人\216181020146 文件不存在!
2021-09-03 11:34:45 WARN  分配文件日志:87 - H:\2021.05.26六十三中\太原市六十三中理化709人\216181020147 文件不存在!
2021-09-03 11:34:45 WARN  分配文件日志:87 - H:\2021.05.26六十三中\太原市六十三中理化709人\216181020148_7 文件不存在!
2021-09-03 11:34:45 WARN  分配文件日志:87 - H:\2021.05.26六十三中\太原市六十三中理化709人\216181020149 文件不存在!
2021-09-03 11:34:45 WARN  分配文件日志:87 - H:\2021.05.26六十三中\太原市六十三中理化709人\216181020152 文件不存在!
2021-09-03 11:34:45 WARN  分配文件日志:87 - H:\2021.05.26六十三中\太原市六十三中理化709人\216181020154_6 文件不存在!
2021-09-03 11:34:45 WARN  分配文件日志:87 - H:\2021.05.26六十三中\太原市六十三中理化709人\216181020155 文件不存在!
2021-09-03 11:34:45 WARN  分配文件日志:87 - H:\2021.05.26六十三中\太原市六十三中理化709人\216181020158 文件不存在!
2021-09-03 11:34:45 WARN  分配文件日志:87 - H:\2021.05.26六十三中\太原市六十三中理化709人\216181020159 文件不存在!
2021-09-03 11:34:45 WARN  分配文件日志:87 - H:\2021.05.26六十三中\太原市六十三中理化709人\216181020166_9 文件不存在!
2021-09-03 11:34:45 WARN  分配文件日志:87 - H:\2021.05.26六十三中\太原市六十三中理化709人\216181020167 文件不存在!
2021-09-03 11:34:45 WARN  分配文件日志:87 - H:\2021.05.26六十三中\太原市六十三中理化709人\216181020168 文件不存在!
2021-09-03 11:34:45 WARN  分配文件日志:87 - H:\2021.05.26六十三中\太原市六十三中理化709人\216181020169 文件不存在!
2021-09-03 11:34:45 WARN  分配文件日志:87 - H:\2021.05.26六十三中\太原市六十三中理化709人\216181020170 文件不存在!
2021-09-03 11:34:45 WARN  分配文件日志:87 - H:\2021.05.26六十三中\太原市六十三中理化709人\216181020171 文件不存在!
2021-09-03 11:34:45 WARN  分配文件日志:87 - H:\2021.05.26六十三中\太原市六十三中理化709人\216181020172 文件不存在!
2021-09-03 11:34:45 WARN  分配文件日志:87 - H:\2021.05.26六十三中\太原市六十三中理化709人\216181020175 文件不存在!
2021-09-03 11:34:45 WARN  分配文件日志:87 - H:\2021.05.26六十三中\太原市六十三中理化709人\216181020176_9 文件不存在!
2021-09-03 11:34:45 WARN  分配文件日志:87 - H:\2021.05.26六十三中\太原市六十三中理化709人\216181020179_8 文件不存在!
2021-09-03 11:34:45 WARN  分配文件日志:87 - H:\2021.05.26六十三中\太原市六十三中理化709人\216181020184 文件不存在!
2021-09-03 11:34:45 WARN  分配文件日志:87 - H:\2021.05.26六十三中\太原市六十三中理化709人\216181020185 文件不存在!
2021-09-03 11:34:45 WARN  分配文件日志:87 - H:\2021.05.26六十三中\太原市六十三中理化709人\216181020188 文件不存在!
2021-09-03 11:34:45 WARN  分配文件日志:87 - H:\2021.05.26六十三中\太原市六十三中理化709人\216181020191 文件不存在!
2021-09-03 11:34:45 WARN  分配文件日志:87 - H:\2021.05.26六十三中\太原市六十三中理化709人\216181020193 文件不存在!
2021-09-03 11:34:45 WARN  分配文件日志:87 - H:\2021.05.26六十三中\太原市六十三中理化709人\216181020194 文件不存在!
2021-09-03 11:34:45 WARN  分配文件日志:87 - H:\2021.05.26六十三中\太原市六十三中理化709人\216181020195_9 文件不存在!
2021-09-03 11:34:45 WARN  分配文件日志:87 - H:\2021.05.26六十三中\太原市六十三中理化709人\216181020197 文件不存在!
2021-09-03 11:34:45 WARN  分配文件日志:87 - H:\2021.05.26六十三中\太原市六十三中理化709人\216181020200_9 文件不存在!
2021-09-03 11:34:45 WARN  分配文件日志:87 - H:\2021.05.26六十三中\太原市六十三中理化709人\216181020201 文件不存在!
2021-09-03 11:34:45 WARN  分配文件日志:87 - H:\2021.05.26六十三中\太原市六十三中理化709人\216181020202 文件不存在!
2021-09-03 11:34:45 WARN  分配文件日志:87 - H:\2021.05.26六十三中\太原市六十三中理化709人\216181020203 文件不存在!
2021-09-03 11:34:45 WARN  分配文件日志:87 - H:\2021.05.26六十三中\太原市六十三中理化709人\216181020208 文件不存在!
2021-09-03 11:34:45 WARN  分配文件日志:87 - H:\2021.05.26六十三中\太原市六十三中理化709人\216181020210 文件不存在!
2021-09-03 11:34:45 WARN  分配文件日志:87 - H:\2021.05.26六十三中\太原市六十三中理化709人\216181020211 文件不存在!
2021-09-03 11:34:45 WARN  分配文件日志:87 - H:\2021.05.26六十三中\太原市六十三中理化709人\216181020214 文件不存在!
2021-09-03 11:34:45 WARN  分配文件日志:87 - H:\2021.05.26六十三中\太原市六十三中理化709人\216181020216 文件不存在!
2021-09-03 11:34:45 WARN  分配文件日志:87 - H:\2021.05.26六十三中\太原市六十三中理化709人\216181020217_9 文件不存在!
2021-09-03 11:34:45 WARN  分配文件日志:87 - H:\2021.05.26六十三中\太原市六十三中理化709人\216181020218_7 文件不存在!
2021-09-03 11:34:45 WARN  分配文件日志:87 - H:\2021.05.26六十三中\太原市六十三中理化709人\216181020219_7 文件不存在!
2021-09-03 11:34:45 WARN  分配文件日志:87 - H:\2021.05.26六十三中\太原市六十三中理化709人\216181020221_7 文件不存在!
2021-09-03 11:34:45 WARN  分配文件日志:87 - H:\2021.05.26六十三中\太原市六十三中理化709人\216181020227 文件不存在!
2021-09-03 11:34:45 WARN  分配文件日志:87 - H:\2021.05.26六十三中\太原市六十三中理化709人\216181020229 文件不存在!
2021-09-03 11:34:45 WARN  分配文件日志:87 - H:\2021.05.26六十三中\太原市六十三中理化709人\216181020232_6 文件不存在!
2021-09-03 11:34:45 WARN  分配文件日志:87 - H:\2021.05.26六十三中\太原市六十三中理化709人\216181020235 文件不存在!
2021-09-03 11:34:45 WARN  分配文件日志:87 - H:\2021.05.26六十三中\太原市六十三中理化709人\216181020236 文件不存在!
2021-09-03 11:34:45 WARN  分配文件日志:87 - H:\2021.05.26六十三中\太原市六十三中理化709人\216181020237 文件不存在!
2021-09-03 11:34:45 WARN  分配文件日志:87 - H:\2021.05.26六十三中\太原市六十三中理化709人\216181020238 文件不存在!
2021-09-03 11:34:45 WARN  分配文件日志:87 - H:\2021.05.26六十三中\太原市六十三中理化709人\216181020243 文件不存在!
2021-09-03 11:34:45 WARN  分配文件日志:87 - H:\2021.05.26六十三中\太原市六十三中理化709人\216181020245_9 文件不存在!
2021-09-03 11:34:45 WARN  分配文件日志:87 - H:\2021.05.26六十三中\太原市六十三中理化709人\216181020246 文件不存在!
2021-09-03 11:34:45 WARN  分配文件日志:87 - H:\2021.05.26六十三中\太原市六十三中理化709人\216181020247 文件不存在!
2021-09-03 11:34:45 WARN  分配文件日志:87 - H:\2021.05.26六十三中\太原市六十三中理化709人\216181020251 文件不存在!
2021-09-03 11:34:45 WARN  分配文件日志:87 - H:\2021.05.26六十三中\太原市六十三中理化709人\216181020253_9 文件不存在!
2021-09-03 11:34:45 WARN  分配文件日志:87 - H:\2021.05.26六十三中\太原市六十三中理化709人\216181020254_9 文件不存在!
2021-09-03 11:34:45 WARN  分配文件日志:87 - H:\2021.05.26六十三中\太原市六十三中理化709人\216181020255 文件不存在!
2021-09-03 11:34:45 WARN  分配文件日志:87 - H:\2021.05.26六十三中\太原市六十三中理化709人\216181020259_9 文件不存在!
2021-09-03 11:34:45 WARN  分配文件日志:87 - H:\2021.05.26六十三中\太原市六十三中理化709人\216181020261 文件不存在!
2021-09-03 11:34:45 WARN  分配文件日志:87 - H:\2021.05.26六十三中\太原市六十三中理化709人\216181020262_6 文件不存在!
2021-09-03 11:34:45 WARN  分配文件日志:87 - H:\2021.05.26六十三中\太原市六十三中理化709人\216181020263 文件不存在!
2021-09-03 11:34:45 WARN  分配文件日志:87 - H:\2021.05.26六十三中\太原市六十三中理化709人\216181020265 文件不存在!
2021-09-03 11:34:45 WARN  分配文件日志:87 - H:\2021.05.26六十三中\太原市六十三中理化709人\216181020266 文件不存在!
2021-09-03 11:34:45 WARN  分配文件日志:87 - H:\2021.05.26六十三中\太原市六十三中理化709人\216181020268 文件不存在!
2021-09-03 11:34:45 WARN  分配文件日志:87 - H:\2021.05.26六十三中\太原市六十三中理化709人\216181020273 文件不存在!
2021-09-03 11:34:45 WARN  分配文件日志:87 - H:\2021.05.26六十三中\太原市六十三中理化709人\216181020274 文件不存在!
2021-09-03 11:34:45 WARN  分配文件日志:87 - H:\2021.05.26六十三中\太原市六十三中理化709人\216181020275 文件不存在!
2021-09-03 11:34:45 WARN  分配文件日志:87 - H:\2021.05.26六十三中\太原市六十三中理化709人\216181020276 文件不存在!
2021-09-03 11:34:45 WARN  分配文件日志:87 - H:\2021.05.26六十三中\太原市六十三中理化709人\216181020279 文件不存在!
2021-09-03 11:34:45 WARN  分配文件日志:87 - H:\2021.05.26六十三中\太原市六十三中理化709人\216181020283_7 文件不存在!
2021-09-03 11:34:45 WARN  分配文件日志:87 - H:\2021.05.26六十三中\太原市六十三中理化709人\216181020284 文件不存在!
2021-09-03 11:34:45 WARN  分配文件日志:87 - H:\2021.05.26六十三中\太原市六十三中理化709人\216181020285 文件不存在!
2021-09-03 11:34:45 WARN  分配文件日志:87 - H:\2021.05.26六十三中\太原市六十三中理化709人\216181020286 文件不存在!
2021-09-03 11:34:45 WARN  分配文件日志:87 - H:\2021.05.26六十三中\太原市六十三中理化709人\216181020289 文件不存在!
2021-09-03 11:34:45 WARN  分配文件日志:87 - H:\2021.05.26六十三中\太原市六十三中理化709人\216181020291 文件不存在!
2021-09-03 11:34:45 WARN  分配文件日志:87 - H:\2021.05.26六十三中\太原市六十三中理化709人\216181020294 文件不存在!
2021-09-03 11:34:45 WARN  分配文件日志:87 - H:\2021.05.26六十三中\太原市六十三中理化709人\216181020300 文件不存在!
2021-09-03 11:34:45 WARN  分配文件日志:87 - H:\2021.05.26六十三中\太原市六十三中理化709人\216181020301_9 文件不存在!
2021-09-03 11:34:45 WARN  分配文件日志:87 - H:\2021.05.26六十三中\太原市六十三中理化709人\216181020303 文件不存在!
2021-09-03 11:34:45 WARN  分配文件日志:87 - H:\2021.05.26六十三中\太原市六十三中理化709人\216181020304 文件不存在!
2021-09-03 11:34:45 WARN  分配文件日志:87 - H:\2021.05.26六十三中\太原市六十三中理化709人\216181020307 文件不存在!
2021-09-03 11:34:45 WARN  分配文件日志:87 - H:\2021.05.26六十三中\太原市六十三中理化709人\216181020308 文件不存在!
2021-09-03 11:34:45 WARN  分配文件日志:87 - H:\2021.05.26六十三中\太原市六十三中理化709人\216181020309 文件不存在!
2021-09-03 11:34:45 WARN  分配文件日志:87 - H:\2021.05.26六十三中\太原市六十三中理化709人\216181020310 文件不存在!
2021-09-03 11:34:45 WARN  分配文件日志:87 - H:\2021.05.26六十三中\太原市六十三中理化709人\216181020311 文件不存在!
2021-09-03 11:34:45 WARN  分配文件日志:87 - H:\2021.05.26六十三中\太原市六十三中理化709人\216181020313 文件不存在!
2021-09-03 11:34:45 WARN  分配文件日志:87 - H:\2021.05.26六十三中\太原市六十三中理化709人\216181020316 文件不存在!
2021-09-03 11:34:45 WARN  分配文件日志:87 - H:\2021.05.26六十三中\太原市六十三中理化709人\216181020317 文件不存在!
2021-09-03 11:34:45 WARN  分配文件日志:87 - H:\2021.05.26六十三中\太原市六十三中理化709人\216181020321 文件不存在!
2021-09-03 11:34:45 WARN  分配文件日志:87 - H:\2021.05.26六十三中\太原市六十三中理化709人\216181020323 文件不存在!
2021-09-03 11:34:45 WARN  分配文件日志:87 - H:\2021.05.26六十三中\太原市六十三中理化709人\216181020327 文件不存在!
2021-09-03 11:34:45 WARN  分配文件日志:87 - H:\2021.05.26六十三中\太原市六十三中理化709人\216181020329 文件不存在!
2021-09-03 11:34:45 WARN  分配文件日志:87 - H:\2021.05.26六十三中\太原市六十三中理化709人\216181020330 文件不存在!
2021-09-03 11:34:45 WARN  分配文件日志:87 - H:\2021.05.26六十三中\太原市六十三中理化709人\216181020332 文件不存在!
2021-09-03 11:34:45 WARN  分配文件日志:87 - H:\2021.05.26六十三中\太原市六十三中理化709人\216181020334 文件不存在!
2021-09-03 11:34:45 WARN  分配文件日志:87 - H:\2021.05.26六十三中\太原市六十三中理化709人\216181020335 文件不存在!
2021-09-03 11:34:45 WARN  分配文件日志:87 - H:\2021.05.26六十三中\太原市六十三中理化709人\216181020336 文件不存在!
2021-09-03 11:34:45 WARN  分配文件日志:87 - H:\2021.05.26六十三中\太原市六十三中理化709人\216181020338 文件不存在!
2021-09-03 11:34:45 WARN  分配文件日志:87 - H:\2021.05.26六十三中\太原市六十三中理化709人\216181020339 文件不存在!
2021-09-03 11:34:45 WARN  分配文件日志:87 - H:\2021.05.26六十三中\太原市六十三中理化709人\216181020341 文件不存在!
2021-09-03 11:34:45 WARN  分配文件日志:87 - H:\2021.05.26六十三中\太原市六十三中理化709人\216181020343 文件不存在!
2021-09-03 11:34:45 WARN  分配文件日志:87 - H:\2021.05.26六十三中\太原市六十三中理化709人\216181020344 文件不存在!
2021-09-03 11:34:45 WARN  分配文件日志:87 - H:\2021.05.26六十三中\太原市六十三中理化709人\216181020347 文件不存在!
2021-09-03 11:34:45 WARN  分配文件日志:87 - H:\2021.05.26六十三中\太原市六十三中理化709人\216181020348 文件不存在!
2021-09-03 11:34:45 WARN  分配文件日志:87 - H:\2021.05.26六十三中\太原市六十三中理化709人\216181020350 文件不存在!
2021-09-03 11:34:45 WARN  分配文件日志:87 - H:\2021.05.26六十三中\太原市六十三中理化709人\216181020351 文件不存在!
2021-09-03 11:34:45 WARN  分配文件日志:87 - H:\2021.05.26六十三中\太原市六十三中理化709人\216181020354 文件不存在!
2021-09-03 11:34:45 WARN  分配文件日志:87 - H:\2021.05.26六十三中\太原市六十三中理化709人\216181020357 文件不存在!
2021-09-03 11:34:45 WARN  分配文件日志:87 - H:\2021.05.26六十三中\太原市六十三中理化709人\216181020358_-1 文件不存在!
2021-09-03 11:34:45 WARN  分配文件日志:87 - H:\2021.05.26六十三中\太原市六十三中理化709人\216181020363 文件不存在!
2021-09-03 11:34:45 WARN  分配文件日志:87 - H:\2021.05.26六十三中\太原市六十三中理化709人\216181020369 文件不存在!
2021-09-03 11:34:45 WARN  分配文件日志:87 - H:\2021.05.26六十三中\太原市六十三中理化709人\216181020370 文件不存在!
2021-09-03 11:34:45 WARN  分配文件日志:87 - H:\2021.05.26六十三中\太原市六十三中理化709人\216181020372_8 文件不存在!
2021-09-03 11:34:45 WARN  分配文件日志:87 - H:\2021.05.26六十三中\太原市六十三中理化709人\216181020374 文件不存在!
2021-09-03 11:34:45 WARN  分配文件日志:87 - H:\2021.05.26六十三中\太原市六十三中理化709人\216181020375 文件不存在!
2021-09-03 11:34:45 WARN  分配文件日志:87 - H:\2021.05.26六十三中\太原市六十三中理化709人\216181020376 文件不存在!
2021-09-03 11:34:45 WARN  分配文件日志:87 - H:\2021.05.26六十三中\太原市六十三中理化709人\216181020378 文件不存在!
2021-09-03 11:34:45 WARN  分配文件日志:87 - H:\2021.05.26六十三中\太原市六十三中理化709人\216181020380 文件不存在!
2021-09-03 11:34:45 WARN  分配文件日志:87 - H:\2021.05.26六十三中\太原市六十三中理化709人\216181020381 文件不存在!
2021-09-03 11:34:45 WARN  分配文件日志:87 - H:\2021.05.26六十三中\太原市六十三中理化709人\216181020382 文件不存在!
2021-09-03 11:34:45 WARN  分配文件日志:87 - H:\2021.05.26六十三中\太原市六十三中理化709人\216181020383 文件不存在!
2021-09-03 11:34:45 WARN  分配文件日志:87 - H:\2021.05.26六十三中\太原市六十三中理化709人\216181020385 文件不存在!
2021-09-03 11:34:45 WARN  分配文件日志:87 - H:\2021.05.26六十三中\太原市六十三中理化709人\216181020388 文件不存在!
2021-09-03 11:34:45 WARN  分配文件日志:87 - H:\2021.05.26六十三中\太原市六十三中理化709人\216181020389 文件不存在!
2021-09-03 11:34:45 WARN  分配文件日志:87 - H:\2021.05.26六十三中\太原市六十三中理化709人\216181020391 文件不存在!
2021-09-03 11:34:45 WARN  分配文件日志:87 - H:\2021.05.26六十三中\太原市六十三中理化709人\216181090001 文件不存在!
2021-09-03 11:34:45 WARN  分配文件日志:87 - H:\2021.05.26六十三中\太原市六十三中理化709人\216181090002 文件不存在!
2021-09-03 11:34:45 WARN  分配文件日志:87 - H:\2021.05.26六十三中\太原市六十三中理化709人\216181090003_8 文件不存在!
2021-09-03 11:34:45 WARN  分配文件日志:87 - H:\2021.05.26六十三中\太原市六十三中理化709人\216181090004 文件不存在!
2021-09-03 11:34:45 WARN  分配文件日志:87 - H:\2021.05.26六十三中\太原市六十三中理化709人\216181090005 文件不存在!
2021-09-03 11:34:45 WARN  分配文件日志:87 - H:\2021.05.26六十三中\太原市六十三中理化709人\216181090006 文件不存在!
2021-09-03 11:34:45 WARN  分配文件日志:87 - H:\2021.05.26六十三中\太原市六十三中理化709人\216181090007 文件不存在!
2021-09-03 11:34:45 WARN  分配文件日志:87 - H:\2021.05.26六十三中\太原市六十三中理化709人\216181090008_9 文件不存在!
2021-09-03 11:34:45 WARN  分配文件日志:87 - H:\2021.05.26六十三中\太原市六十三中理化709人\216181090014 文件不存在!
2021-09-03 11:34:45 WARN  分配文件日志:87 - H:\2021.05.26六十三中\太原市六十三中理化709人\216181090016 文件不存在!
2021-09-03 11:34:45 WARN  分配文件日志:87 - H:\2021.05.26六十三中\太原市六十三中理化709人\216181090021 文件不存在!
2021-09-03 11:34:45 WARN  分配文件日志:87 - H:\2021.05.26六十三中\太原市六十三中理化709人\216181090022 文件不存在!
2021-09-03 11:34:45 WARN  分配文件日志:87 - H:\2021.05.26六十三中\太原市六十三中理化709人\216181090023 文件不存在!
2021-09-03 11:34:45 WARN  分配文件日志:87 - H:\2021.05.26六十三中\太原市六十三中理化709人\216181090024 文件不存在!
2021-09-03 11:34:45 WARN  分配文件日志:87 - H:\2021.05.26六十三中\太原市六十三中理化709人\216181090030 文件不存在!
2021-09-03 11:34:45 WARN  分配文件日志:87 - H:\2021.05.26六十三中\太原市六十三中理化709人\216181090032_9 文件不存在!
2021-09-03 11:34:45 WARN  分配文件日志:87 - H:\2021.05.26六十三中\太原市六十三中理化709人\216181090033 文件不存在!
2021-09-03 11:34:45 WARN  分配文件日志:87 - H:\2021.05.26六十三中\太原市六十三中理化709人\216181090036 文件不存在!
2021-09-03 11:34:45 WARN  分配文件日志:87 - H:\2021.05.26六十三中\太原市六十三中理化709人\216181090038 文件不存在!
2021-09-03 11:34:45 WARN  分配文件日志:87 - H:\2021.05.26六十三中\太原市六十三中理化709人\216181090041 文件不存在!
2021-09-03 11:34:45 WARN  分配文件日志:87 - H:\2021.05.26六十三中\太原市六十三中理化709人\216181090042 文件不存在!
2021-09-03 11:34:45 WARN  分配文件日志:87 - H:\2021.05.26六十三中\太原市六十三中理化709人\216181090045 文件不存在!
2021-09-03 11:34:45 WARN  分配文件日志:87 - H:\2021.05.26六十三中\太原市六十三中理化709人\216181090046 文件不存在!
2021-09-03 11:34:45 WARN  分配文件日志:87 - H:\2021.05.26六十三中\太原市六十三中理化709人\216181090049 文件不存在!
2021-09-03 11:34:45 WARN  分配文件日志:87 - H:\2021.05.26六十三中\太原市六十三中理化709人\216181090050_7 文件不存在!
2021-09-03 11:34:45 WARN  分配文件日志:87 - H:\2021.05.26六十三中\太原市六十三中理化709人\216181090051_8 文件不存在!
2021-09-03 11:34:45 WARN  分配文件日志:87 - H:\2021.05.26六十三中\太原市六十三中理化709人\216181090052 文件不存在!
2021-09-03 11:34:45 WARN  分配文件日志:87 - H:\2021.05.26六十三中\太原市六十三中理化709人\216181060002 文件不存在!
2021-09-03 11:34:45 WARN  分配文件日志:87 - H:\2021.05.26六十三中\太原市六十三中理化709人\216181060004 文件不存在!
2021-09-03 11:34:45 WARN  分配文件日志:87 - H:\2021.05.26六十三中\太原市六十三中理化709人\216181060006_9 文件不存在!
2021-09-03 11:34:45 WARN  分配文件日志:87 - H:\2021.05.26六十三中\太原市六十三中理化709人\216181060008 文件不存在!
2021-09-03 11:34:45 WARN  分配文件日志:87 - H:\2021.05.26六十三中\太原市六十三中理化709人\216181060011 文件不存在!
2021-09-03 11:34:45 WARN  分配文件日志:87 - H:\2021.05.26六十三中\太原市六十三中理化709人\216181060013 文件不存在!
2021-09-03 11:34:45 WARN  分配文件日志:87 - H:\2021.05.26六十三中\太原市六十三中理化709人\216181060014 文件不存在!
2021-09-03 11:34:45 WARN  分配文件日志:87 - H:\2021.05.26六十三中\太原市六十三中理化709人\216181060015 文件不存在!
2021-09-03 11:34:45 WARN  分配文件日志:87 - H:\2021.05.26六十三中\太原市六十三中理化709人\216181170001 文件不存在!
2021-09-03 11:34:45 WARN  分配文件日志:87 - H:\2021.05.26六十三中\太原市六十三中理化709人\216181170003 文件不存在!
2021-09-03 11:34:45 WARN  分配文件日志:87 - H:\2021.05.26六十三中\太原市六十三中理化709人\216181170004 文件不存在!
2021-09-03 11:34:45 WARN  分配文件日志:87 - H:\2021.05.26六十三中\太原市六十三中理化709人\216181170005 文件不存在!
2021-09-03 11:34:45 WARN  分配文件日志:87 - H:\2021.05.26六十三中\太原市六十三中理化709人\216181170006 文件不存在!
2021-09-03 11:34:45 WARN  分配文件日志:87 - H:\2021.05.26六十三中\太原市六十三中理化709人\216181170010 文件不存在!
2021-09-03 11:34:45 WARN  分配文件日志:87 - H:\2021.05.26六十三中\太原市六十三中理化709人\216181170012 文件不存在!
2021-09-03 11:34:45 WARN  分配文件日志:87 - H:\2021.05.26六十三中\太原市六十三中理化709人\216181958005 文件不存在!
2021-09-03 11:34:45 WARN  分配文件日志:87 - H:\2021.05.26六十三中\太原市六十三中理化709人\216181958006 文件不存在!
2021-09-03 11:34:45 WARN  分配文件日志:87 - H:\2021.05.26六十三中\太原市六十三中理化709人\216181958011 文件不存在!
2021-09-03 11:34:45 WARN  分配文件日志:87 - H:\2021.05.26六十三中\太原市六十三中理化709人\216181958012 文件不存在!
2021-09-03 11:34:45 WARN  分配文件日志:87 - H:\2021.05.26六十三中\太原市六十三中理化709人\216181958015 文件不存在!
2021-09-03 11:34:45 WARN  分配文件日志:87 - H:\2021.05.26六十三中\太原市六十三中理化709人\216181958016_8 文件不存在!
2021-09-03 11:34:45 WARN  分配文件日志:87 - H:\2021.05.26六十三中\太原市六十三中理化709人\216181958018 文件不存在!
2021-09-03 11:34:45 WARN  分配文件日志:87 - H:\2021.05.26六十三中\太原市六十三中理化709人\216181958021 文件不存在!
2021-09-03 11:34:45 WARN  分配文件日志:87 - H:\2021.05.26六十三中\太原市六十三中理化709人\216181958022 文件不存在!
2021-09-03 11:34:45 WARN  分配文件日志:87 - H:\2021.05.26六十三中\太原市六十三中理化709人\216181958023 文件不存在!
2021-09-03 11:34:45 WARN  分配文件日志:87 - H:\2021.05.26六十三中\太原市六十三中理化709人\216181958030 文件不存在!
2021-09-03 11:34:45 WARN  分配文件日志:87 - H:\2021.05.26六十三中\太原市六十三中理化709人\216181958032 文件不存在!
2021-09-03 11:34:45 WARN  分配文件日志:87 - H:\2021.05.26六十三中\太原市六十三中理化709人\216181958033 文件不存在!
2021-09-03 11:34:45 WARN  分配文件日志:87 - H:\2021.05.26六十三中\太原市六十三中理化709人\216181958034 文件不存在!
2021-09-03 11:34:45 WARN  分配文件日志:87 - H:\2021.05.26六十三中\太原市六十三中理化709人\216181958037 文件不存在!
2021-09-03 11:34:45 WARN  分配文件日志:87 - H:\2021.05.26六十三中\太原市六十三中理化709人\216181958038 文件不存在!
2021-09-03 11:34:45 WARN  分配文件日志:87 - H:\2021.05.26六十三中\太原市六十三中理化709人\216181958039 文件不存在!
2021-09-03 11:34:45 WARN  分配文件日志:87 - H:\2021.05.26六十三中\太原市六十三中理化709人\216181958040 文件不存在!
2021-09-03 11:34:45 WARN  分配文件日志:87 - H:\2021.05.26六十三中\太原市六十三中理化709人\216181958042 文件不存在!
2021-09-03 11:34:45 WARN  分配文件日志:87 - H:\2021.05.26六十三中\太原市六十三中理化709人\216181958043 文件不存在!
2021-09-03 11:34:45 WARN  分配文件日志:87 - H:\2021.05.26六十三中\太原市六十三中理化709人\216181958044 文件不存在!
2021-09-03 11:34:45 WARN  分配文件日志:87 - H:\2021.05.26六十三中\太原市六十三中理化709人\216181958045 文件不存在!
2021-09-03 11:34:45 WARN  分配文件日志:87 - H:\2021.05.26六十三中\太原市六十三中理化709人\216181958047 文件不存在!
2021-09-03 11:34:45 WARN  分配文件日志:87 - H:\2021.05.26六十三中\太原市六十三中理化709人\216181958050 文件不存在!
2021-09-03 11:34:45 WARN  分配文件日志:87 - H:\2021.05.26六十三中\太原市六十三中理化709人\216181958052 文件不存在!
2021-09-03 11:34:45 WARN  分配文件日志:87 - H:\2021.05.26六十三中\太原市六十三中理化709人\216181958053 文件不存在!
2021-09-03 11:34:45 WARN  分配文件日志:87 - H:\2021.05.26六十三中\太原市六十三中理化709人\216181958055 文件不存在!
2021-09-03 11:34:45 WARN  分配文件日志:87 - H:\2021.05.26六十三中\太原市六十三中理化709人\216181958056 文件不存在!
2021-09-03 11:34:45 WARN  分配文件日志:87 - H:\2021.05.26六十三中\太原市六十三中理化709人\216181958058 文件不存在!
2021-09-03 11:34:45 WARN  分配文件日志:87 - H:\2021.05.26六十三中\太原市六十三中理化709人\216181958059 文件不存在!
2021-09-03 11:34:45 WARN  分配文件日志:87 - H:\2021.05.26六十三中\太原市六十三中理化709人\216181958060 文件不存在!
2021-09-03 11:34:45 WARN  分配文件日志:87 - H:\2021.05.26六十三中\太原市六十三中理化709人\216181958062 文件不存在!
2021-09-03 11:34:45 WARN  分配文件日志:87 - H:\2021.05.26六十三中\太原市六十三中理化709人\216181958064 文件不存在!
2021-09-03 11:34:45 WARN  分配文件日志:87 - H:\2021.05.26六十三中\太原市六十三中理化709人\216181958067 文件不存在!
2021-09-03 11:34:45 WARN  分配文件日志:87 - H:\2021.05.26六十三中\太原市六十三中理化709人\216181958068 文件不存在!
2021-09-03 11:34:45 WARN  分配文件日志:87 - H:\2021.05.26六十三中\太原市六十三中理化709人\216181958071 文件不存在!
2021-09-03 11:34:45 WARN  分配文件日志:87 - H:\2021.05.26六十三中\太原市六十三中理化709人\216181958072 文件不存在!
2021-09-03 11:34:45 WARN  分配文件日志:87 - H:\2021.05.26六十三中\太原市六十三中理化709人\216181958073 文件不存在!
2021-09-03 11:34:45 WARN  分配文件日志:87 - H:\2021.05.26六十三中\太原市六十三中理化709人\216181958075 文件不存在!
2021-09-03 11:34:45 WARN  分配文件日志:87 - H:\2021.05.26六十三中\太原市六十三中理化709人\216181958079 文件不存在!
2021-09-03 11:34:45 WARN  分配文件日志:87 - H:\2021.05.26六十三中\太原市六十三中理化709人\216181958082 文件不存在!
2021-09-03 11:34:45 WARN  分配文件日志:87 - H:\2021.05.26六十三中\太原市六十三中理化709人\216181958083 文件不存在!
2021-09-03 11:34:45 WARN  分配文件日志:87 - H:\2021.05.26六十三中\太原市六十三中理化709人\216181958085 文件不存在!
2021-09-03 11:34:45 WARN  分配文件日志:87 - H:\2021.05.26六十三中\太原市六十三中理化709人\216181958086 文件不存在!
2021-09-03 11:34:45 WARN  分配文件日志:87 - H:\2021.05.26六十三中\太原市六十三中理化709人\216181958089 文件不存在!
2021-09-03 11:34:45 WARN  分配文件日志:87 - H:\2021.05.26六十三中\太原市六十三中理化709人\216181958090 文件不存在!
2021-09-03 11:34:45 WARN  分配文件日志:87 - H:\2021.05.26六十三中\太原市六十三中理化709人\216181958097 文件不存在!
2021-09-03 11:34:45 WARN  分配文件日志:87 - H:\2021.05.26六十三中\太原市六十三中理化709人\216181958099 文件不存在!
2021-09-03 11:34:45 WARN  分配文件日志:87 - H:\2021.05.26六十三中\太原市六十三中理化709人\216181190001 文件不存在!
2021-09-03 11:34:45 WARN  分配文件日志:87 - H:\2021.05.26六十三中\太原市六十三中理化709人\216181190002 文件不存在!
2021-09-03 11:34:45 WARN  分配文件日志:87 - H:\2021.05.26六十三中\太原市六十三中理化709人\216181190005 文件不存在!
2021-09-03 11:34:45 WARN  分配文件日志:87 - H:\2021.05.26六十三中\太原市六十三中理化709人\216181190006 文件不存在!
2021-09-03 11:34:45 WARN  分配文件日志:87 - H:\2021.05.26六十三中\太原市六十三中理化709人\216181190007 文件不存在!
2021-09-03 11:34:45 WARN  分配文件日志:87 - H:\2021.05.26六十三中\太原市六十三中理化709人\216181190009 文件不存在!
2021-09-03 11:34:45 WARN  分配文件日志:87 - H:\2021.05.26六十三中\太原市六十三中理化709人\216181190010 文件不存在!
2021-09-03 11:34:45 WARN  分配文件日志:87 - H:\2021.05.26六十三中\太原市六十三中理化709人\216181190011 文件不存在!
2021-09-03 11:34:45 WARN  分配文件日志:87 - H:\2021.05.26六十三中\太原市六十三中理化709人\216181190015 文件不存在!
2021-09-03 11:34:45 WARN  分配文件日志:87 - H:\2021.05.26六十三中\太原市六十三中理化709人\216181190018 文件不存在!
2021-09-03 11:34:45 WARN  分配文件日志:87 - H:\2021.05.26六十三中\太原市六十三中理化709人\216181190021 文件不存在!
2021-09-03 11:34:45 WARN  分配文件日志:87 - H:\2021.05.26六十三中\太原市六十三中理化709人\216181190022 文件不存在!
2021-09-03 11:34:45 WARN  分配文件日志:87 - H:\2021.05.26六十三中\太原市六十三中理化709人\216181190025 文件不存在!
2021-09-03 11:34:45 WARN  分配文件日志:87 - H:\2021.05.26六十三中\太原市六十三中理化709人\216181190028 文件不存在!
2021-09-03 11:34:45 WARN  分配文件日志:87 - H:\2021.05.26六十三中\太原市六十三中理化709人\216181190029 文件不存在!
2021-09-03 11:34:45 WARN  分配文件日志:87 - H:\2021.05.26六十三中\太原市六十三中理化709人\216181190031 文件不存在!
2021-09-03 11:34:45 WARN  分配文件日志:87 - H:\2021.05.26六十三中\太原市六十三中理化709人\216181190033 文件不存在!
2021-09-03 11:34:45 WARN  分配文件日志:87 - H:\2021.05.26六十三中\太原市六十三中理化709人\216181190035 文件不存在!
2021-09-03 11:34:45 WARN  分配文件日志:87 - H:\2021.05.26六十三中\太原市六十三中理化709人\216181190037 文件不存在!
2021-09-03 11:34:45 WARN  分配文件日志:87 - H:\2021.05.26六十三中\太原市六十三中理化709人\216181190038 文件不存在!
2021-09-03 11:34:45 WARN  分配文件日志:87 - H:\2021.05.26六十三中\太原市六十三中理化709人\216181190039 文件不存在!
2021-09-03 11:34:45 WARN  分配文件日志:87 - H:\2021.05.26六十三中\太原市六十三中理化709人\216181190041 文件不存在!
2021-09-03 11:34:45 WARN  分配文件日志:87 - H:\2021.05.26六十三中\太原市六十三中理化709人\216181190047 文件不存在!
2021-09-03 11:34:45 WARN  分配文件日志:87 - H:\2021.05.26六十三中\太原市六十三中理化709人\216181190048 文件不存在!
2021-09-03 11:34:45 WARN  分配文件日志:87 - H:\2021.05.26六十三中\太原市六十三中理化709人\216181190050 文件不存在!
2021-09-03 11:34:45 WARN  分配文件日志:87 - H:\2021.05.26六十三中\太原市六十三中理化709人\216181190051 文件不存在!
2021-09-03 11:34:45 WARN  分配文件日志:87 - H:\2021.05.26六十三中\太原市六十三中理化709人\216181190052 文件不存在!
2021-09-03 11:34:45 WARN  分配文件日志:87 - H:\2021.05.26六十三中\太原市六十三中理化709人\216181190053 文件不存在!
2021-09-03 11:34:45 WARN  分配文件日志:87 - H:\2021.05.26六十三中\太原市六十三中理化709人\216181190054 文件不存在!
2021-09-03 11:34:45 WARN  分配文件日志:87 - H:\2021.05.26六十三中\太原市六十三中理化709人\216181130002 文件不存在!
2021-09-03 11:34:45 WARN  分配文件日志:87 - H:\2021.05.26六十三中\太原市六十三中理化709人\216181130010 文件不存在!
2021-09-03 11:34:45 WARN  分配文件日志:87 - H:\2021.05.26六十三中\太原市六十三中理化709人\216181130012 文件不存在!
2021-09-03 11:34:45 WARN  分配文件日志:87 - H:\2021.05.26六十三中\太原市六十三中理化709人\216181130013 文件不存在!
2021-09-03 11:34:45 WARN  分配文件日志:87 - H:\2021.05.26六十三中\太原市六十三中理化709人\216181130014 文件不存在!
2021-09-03 11:34:45 WARN  分配文件日志:87 - H:\2021.05.26六十三中\太原市六十三中理化709人\216181130015 文件不存在!
2021-09-03 11:34:45 WARN  分配文件日志:87 - H:\2021.05.26六十三中\太原市六十三中理化709人\216181130016 文件不存在!
2021-09-03 11:34:45 WARN  分配文件日志:87 - H:\2021.05.26六十三中\太原市六十三中理化709人\216181130020 文件不存在!
2021-09-03 11:34:45 WARN  分配文件日志:87 - H:\2021.05.26六十三中\太原市六十三中理化709人\216181130025 文件不存在!
2021-09-03 11:34:45 WARN  分配文件日志:87 - H:\2021.05.26六十三中\太原市六十三中理化709人\216181130026 文件不存在!
2021-09-03 11:34:45 WARN  分配文件日志:87 - H:\2021.05.26六十三中\太原市六十三中理化709人\216181130027 文件不存在!
2021-09-03 11:34:45 WARN  分配文件日志:87 - H:\2021.05.26六十三中\太原市六十三中理化709人\216181130028 文件不存在!
2021-09-03 11:34:45 WARN  分配文件日志:87 - H:\2021.05.26六十三中\太原市六十三中理化709人\216181130034 文件不存在!
2021-09-03 11:34:45 WARN  分配文件日志:87 - H:\2021.05.26六十三中\太原市六十三中理化709人\216181130035 文件不存在!
2021-09-03 11:34:45 WARN  分配文件日志:87 - H:\2021.05.26六十三中\太原市六十三中理化709人\216181130036 文件不存在!
2021-09-03 11:34:45 WARN  分配文件日志:87 - H:\2021.05.26六十三中\太原市六十三中理化709人\216181130039 文件不存在!
2021-09-03 11:34:45 WARN  分配文件日志:87 - H:\2021.05.26六十三中\太原市六十三中理化709人\216181130040 文件不存在!
2021-09-03 11:34:45 WARN  分配文件日志:87 - H:\2021.05.26六十三中\太原市六十三中理化709人\216181130041 文件不存在!
2021-09-03 11:34:45 WARN  分配文件日志:87 - H:\2021.05.26六十三中\太原市六十三中理化709人\216181130042 文件不存在!
2021-09-03 11:34:45 WARN  分配文件日志:87 - H:\2021.05.26六十三中\太原市六十三中理化709人\216181130043 文件不存在!
2021-09-03 11:34:45 WARN  分配文件日志:87 - H:\2021.05.26六十三中\太原市六十三中理化709人\216181130044 文件不存在!
2021-09-03 11:34:45 WARN  分配文件日志:87 - H:\2021.05.26六十三中\太原市六十三中理化709人\216181130046 文件不存在!
2021-09-03 11:34:45 WARN  分配文件日志:87 - H:\2021.05.26六十三中\太原市六十三中理化709人\216181130047 文件不存在!
2021-09-03 11:34:45 WARN  分配文件日志:87 - H:\2021.05.26六十三中\太原市六十三中理化709人\216181130048 文件不存在!
2021-09-03 11:34:45 WARN  分配文件日志:87 - H:\2021.05.26六十三中\太原市六十三中理化709人\216181130049 文件不存在!
2021-09-03 11:34:45 WARN  分配文件日志:87 - H:\2021.05.26六十三中\太原市六十三中理化709人\216181130052 文件不存在!
2021-09-03 11:34:45 WARN  分配文件日志:87 - H:\2021.05.26六十三中\太原市六十三中理化709人\216181130053 文件不存在!
2021-09-03 11:34:45 WARN  分配文件日志:87 - H:\2021.05.26六十三中\太原市六十三中理化709人\216181130054 文件不存在!
2021-09-03 11:34:45 WARN  分配文件日志:87 - H:\2021.05.26六十三中\太原市六十三中理化709人\216181130055 文件不存在!
2021-09-03 11:34:45 WARN  分配文件日志:87 - H:\2021.05.26六十三中\太原市六十三中理化709人\216181130057 文件不存在!
2021-09-03 11:34:45 WARN  分配文件日志:87 - H:\2021.05.26六十三中\太原市六十三中理化709人\216181130060 文件不存在!
2021-09-03 11:34:45 WARN  分配文件日志:87 - H:\2021.05.26六十三中\太原市六十三中理化709人\216181130065 文件不存在!
2021-09-03 11:34:45 WARN  分配文件日志:87 - H:\2021.05.26六十三中\太原市六十三中理化709人\216181130066 文件不存在!
2021-09-03 11:34:45 WARN  分配文件日志:87 - H:\2021.05.26六十三中\太原市六十三中理化709人\216181130067 文件不存在!
2021-09-03 11:34:45 WARN  分配文件日志:87 - H:\2021.05.26六十三中\太原市六十三中理化709人\216181130069 文件不存在!
2021-09-03 11:34:45 WARN  分配文件日志:87 - H:\2021.05.26六十三中\太原市六十三中理化709人\216181130070 文件不存在!
2021-09-03 11:34:45 WARN  分配文件日志:87 - H:\2021.05.26六十三中\太原市六十三中理化709人\216181130071 文件不存在!
2021-09-03 11:34:45 WARN  分配文件日志:87 - H:\2021.05.26六十三中\太原市六十三中理化709人\216181130072 文件不存在!
2021-09-03 11:34:45 WARN  分配文件日志:87 - H:\2021.05.26六十三中\太原市六十三中理化709人\216181130078 文件不存在!
2021-09-03 11:34:45 WARN  分配文件日志:87 - H:\2021.05.26六十三中\太原市六十三中理化709人\216181130082 文件不存在!
2021-09-03 11:34:45 WARN  分配文件日志:87 - H:\2021.05.26六十三中\太原市六十三中理化709人\216181130083 文件不存在!
2021-09-03 11:34:45 WARN  分配文件日志:87 - H:\2021.05.26六十三中\太原市六十三中理化709人\216181130086 文件不存在!
2021-09-03 11:34:45 WARN  分配文件日志:87 - H:\2021.05.26六十三中\太原市六十三中理化709人\216181130088 文件不存在!
2021-09-03 11:34:45 WARN  分配文件日志:87 - H:\2021.05.26六十三中\太原市六十三中理化709人\216181130089 文件不存在!
2021-09-03 11:34:45 WARN  分配文件日志:87 - H:\2021.05.26六十三中\太原市六十三中理化709人\216181130090 文件不存在!
2021-09-03 11:34:45 WARN  分配文件日志:87 - H:\2021.05.26六十三中\太原市六十三中理化709人\216181130091 文件不存在!
2021-09-03 11:34:45 WARN  分配文件日志:87 - H:\2021.05.26六十三中\太原市六十三中理化709人\216181130093 文件不存在!
2021-09-03 11:34:45 WARN  分配文件日志:87 - H:\2021.05.26六十三中\太原市六十三中理化709人\216181130095 文件不存在!
2021-09-03 11:34:45 WARN  分配文件日志:87 - H:\2021.05.26六十三中\太原市六十三中理化709人\216181130097 文件不存在!
2021-09-03 11:34:45 WARN  分配文件日志:87 - H:\2021.05.26六十三中\太原市六十三中理化709人\216181130099 文件不存在!
2021-09-03 11:34:45 WARN  分配文件日志:87 - H:\2021.05.26六十三中\太原市六十三中理化709人\216181130100 文件不存在!
2021-09-03 11:34:45 WARN  分配文件日志:87 - H:\2021.05.26六十三中\太原市六十三中理化709人\216181130101 文件不存在!
2021-09-03 11:34:45 WARN  分配文件日志:87 - H:\2021.05.26六十三中\太原市六十三中理化709人\216181130103 文件不存在!
2021-09-03 11:34:45 WARN  分配文件日志:87 - H:\2021.05.26六十三中\太原市六十三中理化709人\216181130106 文件不存在!
2021-09-03 11:34:45 WARN  分配文件日志:87 - H:\2021.05.26六十三中\太原市六十三中理化709人\216181130110 文件不存在!
2021-09-03 11:34:45 WARN  分配文件日志:87 - H:\2021.05.26六十三中\太原市六十三中理化709人\216181130111 文件不存在!
2021-09-03 11:34:45 WARN  分配文件日志:87 - H:\2021.05.26六十三中\太原市六十三中理化709人\216181130113 文件不存在!
2021-09-03 11:34:45 WARN  分配文件日志:87 - H:\2021.05.26六十三中\太原市六十三中理化709人\216181130114 文件不存在!
2021-09-03 11:34:45 WARN  分配文件日志:87 - H:\2021.05.26六十三中\太原市六十三中理化709人\216181130115 文件不存在!
2021-09-03 11:34:45 WARN  分配文件日志:87 - H:\2021.05.26六十三中\太原市六十三中理化709人\216181130116 文件不存在!
2021-09-03 11:34:45 WARN  分配文件日志:87 - H:\2021.05.26六十三中\太原市六十三中理化709人\216181130119 文件不存在!
2021-09-03 11:34:45 WARN  分配文件日志:87 - H:\2021.05.26六十三中\太原市六十三中理化709人\216181130120 文件不存在!
2021-09-03 11:34:45 WARN  分配文件日志:87 - H:\2021.05.26六十三中\太原市六十三中理化709人\216181130121 文件不存在!
2021-09-03 11:34:45 WARN  分配文件日志:87 - H:\2021.05.26六十三中\太原市六十三中理化709人\216181130125 文件不存在!
2021-09-03 11:34:45 WARN  分配文件日志:87 - H:\2021.05.26六十三中\太原市六十三中理化709人\216181130126 文件不存在!
2021-09-03 11:34:45 WARN  分配文件日志:87 - H:\2021.05.26六十三中\太原市六十三中理化709人\216181130128_9 文件不存在!
2021-09-03 11:34:45 WARN  分配文件日志:87 - H:\2021.05.26六十三中\太原市六十三中理化709人\216181130130 文件不存在!
2021-09-03 11:34:45 WARN  分配文件日志:87 - H:\2021.05.26六十三中\太原市六十三中理化709人\216181130131 文件不存在!
2021-09-03 11:34:45 WARN  分配文件日志:87 - H:\2021.05.26六十三中\太原市六十三中理化709人\216181130134 文件不存在!
2021-09-03 11:34:45 WARN  分配文件日志:87 - H:\2021.05.26六十三中\太原市六十三中理化709人\216181130135 文件不存在!
2021-09-03 11:34:45 WARN  分配文件日志:87 - H:\2021.05.26六十三中\太原市六十三中理化709人\216181130136 文件不存在!
2021-09-03 11:34:45 WARN  分配文件日志:87 - H:\2021.05.26六十三中\太原市六十三中理化709人\216181130142 文件不存在!
2021-09-03 11:34:45 WARN  分配文件日志:87 - H:\2021.05.26六十三中\太原市六十三中理化709人\216181130145 文件不存在!
2021-09-03 11:34:45 WARN  分配文件日志:87 - H:\2021.05.26六十三中\太原市六十三中理化709人\216181130146 文件不存在!
2021-09-03 11:34:45 WARN  分配文件日志:87 - H:\2021.05.26六十三中\太原市六十三中理化709人\216181130147 文件不存在!
2021-09-03 11:34:45 WARN  分配文件日志:87 - H:\2021.05.26六十三中\太原市六十三中理化709人\216181130148 文件不存在!
2021-09-03 11:34:45 WARN  分配文件日志:87 - H:\2021.05.26六十三中\太原市六十三中理化709人\216181130154 文件不存在!
2021-09-03 11:34:45 WARN  分配文件日志:87 - H:\2021.05.26六十三中\太原市六十三中理化709人\216181130156 文件不存在!
2021-09-03 11:34:45 WARN  分配文件日志:87 - H:\2021.05.26六十三中\太原市六十三中理化709人\216181130157 文件不存在!
2021-09-03 11:34:45 WARN  分配文件日志:87 - H:\2021.05.26六十三中\太原市六十三中理化709人\216181130160 文件不存在!
2021-09-03 11:34:45 WARN  分配文件日志:87 - H:\2021.05.26六十三中\太原市六十三中理化709人\216181130161 文件不存在!
2021-09-03 11:34:45 WARN  分配文件日志:87 - H:\2021.05.26六十三中\太原市六十三中理化709人\216181130163 文件不存在!
2021-09-03 11:34:45 WARN  分配文件日志:87 - H:\2021.05.26六十三中\太原市六十三中理化709人\216181130166 文件不存在!
2021-09-03 11:34:45 WARN  分配文件日志:87 - H:\2021.05.26六十三中\太原市六十三中理化709人\216181130167 文件不存在!
2021-09-03 11:34:45 WARN  分配文件日志:87 - H:\2021.05.26六十三中\太原市六十三中理化709人\216181130171 文件不存在!
2021-09-03 11:34:45 WARN  分配文件日志:87 - H:\2021.05.26六十三中\太原市六十三中理化709人\216181130172_9 文件不存在!
2021-09-03 11:34:45 WARN  分配文件日志:87 - H:\2021.05.26六十三中\太原市六十三中理化709人\216181130175 文件不存在!
2021-09-03 11:34:45 WARN  分配文件日志:87 - H:\2021.05.26六十三中\太原市六十三中理化709人\216181130176 文件不存在!
2021-09-03 11:34:45 WARN  分配文件日志:87 - H:\2021.05.26六十三中\太原市六十三中理化709人\216181130178 文件不存在!
2021-09-03 11:34:45 WARN  分配文件日志:87 - H:\2021.05.26六十三中\太原市六十三中理化709人\216181130179 文件不存在!
2021-09-03 11:34:45 WARN  分配文件日志:87 - H:\2021.05.26六十三中\太原市六十三中理化709人\216181130180 文件不存在!
2021-09-03 11:34:45 WARN  分配文件日志:87 - H:\2021.05.26六十三中\太原市六十三中理化709人\216181130181 文件不存在!
2021-09-03 11:34:45 WARN  分配文件日志:87 - H:\2021.05.26六十三中\太原市六十三中理化709人\216181130182 文件不存在!
2021-09-03 11:34:45 WARN  分配文件日志:87 - H:\2021.05.26六十三中\太原市六十三中理化709人\216181130183_9 文件不存在!
2021-09-03 11:34:45 WARN  分配文件日志:87 - H:\2021.05.26六十三中\太原市六十三中理化709人\216181130186 文件不存在!
2021-09-03 11:34:45 WARN  分配文件日志:87 - H:\2021.05.26六十三中\太原市六十三中理化709人\216181130187 文件不存在!
2021-09-03 11:34:45 WARN  分配文件日志:87 - H:\2021.05.26六十三中\太原市六十三中理化709人\216181130193 文件不存在!
2021-09-03 11:34:45 WARN  分配文件日志:87 - H:\2021.05.26六十三中\太原市六十三中理化709人\216181130195 文件不存在!
2021-09-03 11:34:45 WARN  分配文件日志:87 - H:\2021.05.26六十三中\太原市六十三中理化709人\216181130197 文件不存在!
2021-09-03 11:34:45 WARN  分配文件日志:87 - H:\2021.05.26六十三中\太原市六十三中理化709人\216181130199 文件不存在!
2021-09-03 11:34:45 WARN  分配文件日志:87 - H:\2021.05.26六十三中\太原市六十三中理化709人\216181130200 文件不存在!
2021-09-03 11:34:45 WARN  分配文件日志:87 - H:\2021.05.26六十三中\太原市六十三中理化709人\216181130201 文件不存在!
2021-09-03 11:34:45 WARN  分配文件日志:87 - H:\2021.05.26六十三中\太原市六十三中理化709人\216181130203 文件不存在!
2021-09-03 11:34:45 WARN  分配文件日志:87 - H:\2021.05.26六十三中\太原市六十三中理化709人\216181130206 文件不存在!
2021-09-03 11:34:45 WARN  分配文件日志:87 - H:\2021.05.26六十三中\太原市六十三中理化709人\216181130209 文件不存在!
2021-09-03 11:34:45 WARN  分配文件日志:87 - H:\2021.05.26六十三中\太原市六十三中理化709人\216181130211 文件不存在!
2021-09-03 11:34:45 WARN  分配文件日志:87 - H:\2021.05.26六十三中\太原市六十三中理化709人\216181130213 文件不存在!
2021-09-03 11:34:45 WARN  分配文件日志:87 - H:\2021.05.26六十三中\太原市六十三中理化709人\216181130214 文件不存在!
2021-09-03 11:34:45 WARN  分配文件日志:87 - H:\2021.05.26六十三中\太原市六十三中理化709人\216181130216 文件不存在!
2021-09-03 11:34:45 WARN  分配文件日志:87 - H:\2021.05.26六十三中\太原市六十三中理化709人\216181130217 文件不存在!
2021-09-03 11:34:45 WARN  分配文件日志:87 - H:\2021.05.26六十三中\太原市六十三中理化709人\216181130221 文件不存在!
2021-09-03 11:34:45 WARN  分配文件日志:87 - H:\2021.05.26六十三中\太原市六十三中理化709人\216181130222 文件不存在!
2021-09-03 11:34:45 WARN  分配文件日志:87 - H:\2021.05.26六十三中\太原市六十三中理化709人\216181130226 文件不存在!
2021-09-03 11:34:45 WARN  分配文件日志:87 - H:\2021.05.26六十三中\太原市六十三中理化709人\216181130227 文件不存在!
2021-09-03 11:34:45 WARN  分配文件日志:87 - H:\2021.05.26六十三中\太原市六十三中理化709人\216181130229 文件不存在!
2021-09-03 11:34:45 WARN  分配文件日志:87 - H:\2021.05.26六十三中\太原市六十三中理化709人\216181130230 文件不存在!
2021-09-03 11:34:45 WARN  分配文件日志:87 - H:\2021.05.26六十三中\太原市六十三中理化709人\216181130233 文件不存在!
2021-09-03 11:34:45 WARN  分配文件日志:87 - H:\2021.05.26六十三中\太原市六十三中理化709人\216181130234 文件不存在!
2021-09-03 11:34:45 WARN  分配文件日志:87 - H:\2021.05.26六十三中\太原市六十三中理化709人\216181130235 文件不存在!
2021-09-03 11:34:45 WARN  分配文件日志:87 - H:\2021.05.26六十三中\太原市六十三中理化709人\216181140002 文件不存在!
2021-09-03 11:34:45 WARN  分配文件日志:87 - H:\2021.05.26六十三中\太原市六十三中理化709人\216181140006 文件不存在!
2021-09-03 11:34:45 WARN  分配文件日志:87 - H:\2021.05.26六十三中\太原市六十三中理化709人\216181140010 文件不存在!
2021-09-03 11:34:45 WARN  分配文件日志:87 - H:\2021.05.26六十三中\太原市六十三中理化709人\216181140013 文件不存在!
2021-09-03 11:34:45 WARN  分配文件日志:87 - H:\2021.05.26六十三中\太原市六十三中理化709人\216181140018 文件不存在!
2021-09-03 11:34:45 WARN  分配文件日志:87 - H:\2021.05.26六十三中\太原市六十三中理化709人\216181140020_9 文件不存在!
2021-09-03 11:34:45 WARN  分配文件日志:87 - H:\2021.05.26六十三中\太原市六十三中理化709人\216181140021 文件不存在!
2021-09-03 11:34:45 WARN  分配文件日志:87 - H:\2021.05.26六十三中\太原市六十三中理化709人\216181140022 文件不存在!
2021-09-03 11:34:45 WARN  分配文件日志:87 - H:\2021.05.26六十三中\太原市六十三中理化709人\216181140023 文件不存在!
2021-09-03 11:34:45 WARN  分配文件日志:87 - H:\2021.05.26六十三中\太原市六十三中理化709人\216181140024 文件不存在!
2021-09-03 11:34:45 WARN  分配文件日志:87 - H:\2021.05.26六十三中\太原市六十三中理化709人\216181140026 文件不存在!
2021-09-03 11:34:45 WARN  分配文件日志:87 - H:\2021.05.26六十三中\太原市六十三中理化709人\216181140027 文件不存在!
2021-09-03 11:34:45 WARN  分配文件日志:87 - H:\2021.05.26六十三中\太原市六十三中理化709人\216181140029 文件不存在!
2021-09-03 11:34:45 WARN  分配文件日志:87 - H:\2021.05.26六十三中\太原市六十三中理化709人\216181140033 文件不存在!
2021-09-03 11:34:45 WARN  分配文件日志:87 - H:\2021.05.26六十三中\太原市六十三中理化709人\216181140034 文件不存在!
2021-09-03 11:34:45 WARN  分配文件日志:87 - H:\2021.05.26六十三中\太原市六十三中理化709人\216181140036_9 文件不存在!
2021-09-03 11:34:45 WARN  分配文件日志:87 - H:\2021.05.26六十三中\太原市六十三中理化709人\216181140039 文件不存在!
2021-09-03 11:34:45 WARN  分配文件日志:87 - H:\2021.05.26六十三中\太原市六十三中理化709人\216181140041 文件不存在!
2021-09-03 11:34:45 WARN  分配文件日志:87 - H:\2021.05.26六十三中\太原市六十三中理化709人\216181140042 文件不存在!
2021-09-03 11:34:45 WARN  分配文件日志:87 - H:\2021.05.26六十三中\太原市六十三中理化709人\216181140044_7 文件不存在!
2021-09-03 11:34:45 WARN  分配文件日志:87 - H:\2021.05.26六十三中\太原市六十三中理化709人\216181140045 文件不存在!
2021-09-03 11:34:45 WARN  分配文件日志:87 - H:\2021.05.26六十三中\太原市六十三中理化709人\216181140046 文件不存在!
2021-09-03 11:34:45 WARN  分配文件日志:87 - H:\2021.05.26六十三中\太原市六十三中理化709人\216181140048 文件不存在!
2021-09-03 11:34:45 WARN  分配文件日志:87 - H:\2021.05.26六十三中\太原市六十三中理化709人\216181140050 文件不存在!
2021-09-03 11:34:45 WARN  分配文件日志:87 - H:\2021.05.26六十三中\太原市六十三中理化709人\216181140051 文件不存在!
2021-09-03 11:34:45 WARN  分配文件日志:87 - H:\2021.05.26六十三中\太原市六十三中理化709人\216181140052 文件不存在!
2021-09-03 11:34:45 WARN  分配文件日志:87 - H:\2021.05.26六十三中\太原市六十三中理化709人\216181140053 文件不存在!
2021-09-03 11:34:45 WARN  分配文件日志:87 - H:\2021.05.26六十三中\太原市六十三中理化709人\216181140054 文件不存在!
2021-09-03 11:34:45 WARN  分配文件日志:87 - H:\2021.05.26六十三中\太原市六十三中理化709人\216181140055_9 文件不存在!
2021-09-03 11:34:45 WARN  分配文件日志:87 - H:\2021.05.26六十三中\太原市六十三中理化709人\216181140057 文件不存在!
2021-09-03 11:34:45 WARN  分配文件日志:87 - H:\2021.05.26六十三中\太原市六十三中理化709人\216181140060 文件不存在!
2021-09-03 11:34:45 WARN  分配文件日志:87 - H:\2021.05.26六十三中\太原市六十三中理化709人\216181140064 文件不存在!
2021-09-03 11:34:45 WARN  分配文件日志:87 - H:\2021.05.26六十三中\太原市六十三中理化709人\216181140070 文件不存在!
2021-09-03 11:34:45 WARN  分配文件日志:87 - H:\2021.05.26六十三中\太原市六十三中理化709人\216181070002 文件不存在!
2021-09-03 11:34:45 WARN  分配文件日志:87 - H:\2021.05.26六十三中\太原市六十三中理化709人\216181070005 文件不存在!
2021-09-03 11:34:45 WARN  分配文件日志:87 - H:\2021.05.26六十三中\太原市六十三中理化709人\216181070008 文件不存在!
2021-09-03 11:34:45 WARN  分配文件日志:87 - H:\2021.05.26六十三中\太原市六十三中理化709人\216181070009 文件不存在!
2021-09-03 11:34:45 WARN  分配文件日志:87 - H:\2021.05.26六十三中\太原市六十三中理化709人\216181070010 文件不存在!
2021-09-03 11:34:45 WARN  分配文件日志:87 - H:\2021.05.26六十三中\太原市六十三中理化709人\216181070011 文件不存在!
2021-09-03 11:34:45 WARN  分配文件日志:87 - H:\2021.05.26六十三中\太原市六十三中理化709人\216181070013 文件不存在!
2021-09-03 11:34:45 WARN  分配文件日志:87 - H:\2021.05.26六十三中\太原市六十三中理化709人\216181070015 文件不存在!
2021-09-03 11:34:45 WARN  分配文件日志:87 - H:\2021.05.26六十三中\太原市六十三中理化709人\216181070016_9 文件不存在!
2021-09-03 11:34:45 WARN  分配文件日志:87 - H:\2021.05.26六十三中\太原市六十三中理化709人\216181070019 文件不存在!
2021-09-03 11:34:45 WARN  分配文件日志:87 - H:\2021.05.26六十三中\太原市六十三中理化709人\216181030001 文件不存在!
2021-09-03 11:34:45 WARN  分配文件日志:87 - H:\2021.05.26六十三中\太原市六十三中理化709人\216181030002 文件不存在!
2021-09-03 11:34:45 WARN  分配文件日志:87 - H:\2021.05.26六十三中\太原市六十三中理化709人\216181030003 文件不存在!
2021-09-03 11:34:45 WARN  分配文件日志:87 - H:\2021.05.26六十三中\太原市六十三中理化709人\216181030004_9 文件不存在!
2021-09-03 11:34:45 WARN  分配文件日志:87 - H:\2021.05.26六十三中\太原市六十三中理化709人\216181030006 文件不存在!
2021-09-03 11:34:45 WARN  分配文件日志:87 - H:\2021.05.26六十三中\太原市六十三中理化709人\216181030008 文件不存在!
2021-09-03 11:34:45 WARN  分配文件日志:87 - H:\2021.05.26六十三中\太原市六十三中理化709人\216181030009 文件不存在!
2021-09-03 11:34:45 WARN  分配文件日志:87 - H:\2021.05.26六十三中\太原市六十三中理化709人\216181030012 文件不存在!
2021-09-03 11:34:45 WARN  分配文件日志:87 - H:\2021.05.26六十三中\太原市六十三中理化709人\216181030014 文件不存在!
2021-09-03 11:34:45 WARN  分配文件日志:87 - H:\2021.05.26六十三中\太原市六十三中理化709人\216181030018 文件不存在!
2021-09-03 11:34:45 WARN  分配文件日志:87 - H:\2021.05.26六十三中\太原市六十三中理化709人\216181030019 文件不存在!
2021-09-03 11:34:45 WARN  分配文件日志:87 - H:\2021.05.26六十三中\太原市六十三中理化709人\216181030020 文件不存在!
2021-09-03 11:34:45 WARN  分配文件日志:87 - H:\2021.05.26六十三中\太原市六十三中理化709人\216181030021 文件不存在!
2021-09-03 11:34:45 WARN  分配文件日志:87 - H:\2021.05.26六十三中\太原市六十三中理化709人\216181030022 文件不存在!
2021-09-03 11:34:45 WARN  分配文件日志:87 - H:\2021.05.26六十三中\太原市六十三中理化709人\216181030024 文件不存在!
2021-09-03 11:34:45 WARN  分配文件日志:87 - H:\2021.05.26六十三中\太原市六十三中理化709人\216181030027_9 文件不存在!
2021-09-03 11:34:45 WARN  分配文件日志:87 - H:\2021.05.26六十三中\太原市六十三中理化709人\216181030030 文件不存在!
2021-09-03 11:34:45 WARN  分配文件日志:87 - H:\2021.05.26六十三中\太原市六十三中理化709人\216181030032 文件不存在!
2021-09-03 11:34:45 WARN  分配文件日志:87 - H:\2021.05.26六十三中\太原市六十三中理化709人\216181030036 文件不存在!
2021-09-03 11:34:45 WARN  分配文件日志:87 - H:\2021.05.26六十三中\太原市六十三中理化709人\216181030037 文件不存在!
2021-09-03 11:34:45 WARN  分配文件日志:87 - H:\2021.05.26六十三中\太原市六十三中理化709人\216181030038 文件不存在!
2021-09-03 11:34:45 WARN  分配文件日志:87 - H:\2021.05.26六十三中\太原市六十三中理化709人\216181030040 文件不存在!
2021-09-03 11:34:45 WARN  分配文件日志:87 - H:\2021.05.26六十三中\太原市六十三中理化709人\216181030043 文件不存在!
2021-09-03 11:34:45 WARN  分配文件日志:87 - H:\2021.05.26六十三中\太原市六十三中理化709人\216181030045 文件不存在!
2021-09-03 11:34:45 WARN  分配文件日志:87 - H:\2021.05.26六十三中\太原市六十三中理化709人\216181030046 文件不存在!
2021-09-03 11:34:45 WARN  分配文件日志:87 - H:\2021.05.26六十三中\太原市六十三中理化709人\216181030048_8 文件不存在!
2021-09-03 11:34:45 WARN  分配文件日志:87 - H:\2021.05.26六十三中\太原市六十三中理化709人\216181030050_9 文件不存在!
2021-09-03 11:34:45 WARN  分配文件日志:87 - H:\2021.05.26六十三中\太原市六十三中理化709人\216181030051_6 文件不存在!
2021-09-03 11:34:45 WARN  分配文件日志:87 - H:\2021.05.26六十三中\太原市六十三中理化709人\216181030052 文件不存在!
2021-09-03 11:34:45 WARN  分配文件日志:87 - H:\2021.05.26六十三中\太原市六十三中理化709人\216181040001 文件不存在!
2021-09-03 11:34:45 WARN  分配文件日志:87 - H:\2021.05.26六十三中\太原市六十三中理化709人\216181040004 文件不存在!
2021-09-03 11:34:45 WARN  分配文件日志:87 - H:\2021.05.26六十三中\太原市六十三中理化709人\216181040005 文件不存在!
2021-09-03 11:34:45 WARN  分配文件日志:87 - H:\2021.05.26六十三中\太原市六十三中理化709人\216181040006 文件不存在!
2021-09-03 11:34:45 WARN  分配文件日志:87 - H:\2021.05.26六十三中\太原市六十三中理化709人\216181040007 文件不存在!
2021-09-03 11:34:45 WARN  分配文件日志:87 - H:\2021.05.26六十三中\太原市六十三中理化709人\216181040009 文件不存在!
2021-09-03 11:34:45 WARN  分配文件日志:87 - H:\2021.05.26六十三中\太原市六十三中理化709人\216181040014 文件不存在!
2021-09-03 11:34:45 WARN  分配文件日志:87 - H:\2021.05.26六十三中\太原市六十三中理化709人\216181040016 文件不存在!
2021-09-03 11:34:45 WARN  分配文件日志:87 - H:\2021.05.26六十三中\太原市六十三中理化709人\216181040019 文件不存在!
2021-09-03 11:34:45 WARN  分配文件日志:87 - H:\2021.05.26六十三中\太原市六十三中理化709人\216181040020 文件不存在!
2021-09-03 11:34:45 WARN  分配文件日志:87 - H:\2021.05.26六十三中\太原市六十三中理化709人\216181040025 文件不存在!
2021-09-03 11:34:45 WARN  分配文件日志:87 - H:\2021.05.26六十三中\太原市六十三中理化709人\216181040026 文件不存在!
2021-09-03 11:34:45 WARN  分配文件日志:87 - H:\2021.05.26六十三中\太原市六十三中理化709人\216181040027 文件不存在!
2021-09-03 11:34:45 WARN  分配文件日志:87 - H:\2021.05.26六十三中\太原市六十三中理化709人\216181040031 文件不存在!
2021-09-03 11:34:45 WARN  分配文件日志:87 - H:\2021.05.26六十三中\太原市六十三中理化709人\216181040033 文件不存在!
2021-09-03 11:34:45 WARN  分配文件日志:87 - H:\2021.05.26六十三中\太原市六十三中理化709人\216181040034 文件不存在!
2021-09-03 11:34:45 WARN  分配文件日志:87 - H:\2021.05.26六十三中\太原市六十三中理化709人\216181040035 文件不存在!
2021-09-03 11:34:45 WARN  分配文件日志:87 - H:\2021.05.26六十三中\太原市六十三中理化709人\216181040037 文件不存在!
2021-09-03 11:34:45 WARN  分配文件日志:87 - H:\2021.05.26六十三中\太原市六十三中理化709人\216181040038 文件不存在!
2021-09-03 11:34:45 WARN  分配文件日志:87 - H:\2021.05.26六十三中\太原市六十三中理化709人\216181040040 文件不存在!
2021-09-03 11:34:45 WARN  分配文件日志:87 - H:\2021.05.26六十三中\太原市六十三中理化709人\216181040043 文件不存在!
2021-09-03 11:34:45 WARN  分配文件日志:87 - H:\2021.05.26六十三中\太原市六十三中理化709人\216181040044 文件不存在!
2021-09-03 11:34:45 WARN  分配文件日志:87 - H:\2021.05.26六十三中\太原市六十三中理化709人\216181040045 文件不存在!
2021-09-03 11:34:45 WARN  分配文件日志:87 - H:\2021.05.26六十三中\太原市六十三中理化709人\216181040046 文件不存在!
2021-09-03 11:34:45 WARN  分配文件日志:87 - H:\2021.05.26六十三中\太原市六十三中理化709人\216181040049 文件不存在!
2021-09-03 11:34:45 WARN  分配文件日志:87 - H:\2021.05.26六十三中\太原市六十三中理化709人\216181040050 文件不存在!
2021-09-03 11:34:45 WARN  分配文件日志:87 - H:\2021.05.26六十三中\太原市六十三中理化709人\216181040052 文件不存在!
2021-09-03 11:34:45 WARN  分配文件日志:87 - H:\2021.05.26六十三中\太原市六十三中理化709人\216181040053 文件不存在!
2021-09-03 11:34:45 WARN  分配文件日志:87 - H:\2021.05.26六十三中\太原市六十三中理化709人\216181040057 文件不存在!
2021-09-03 11:34:45 WARN  分配文件日志:87 - H:\2021.05.26六十三中\太原市六十三中理化709人\216181040058 文件不存在!
2021-09-03 11:34:45 WARN  分配文件日志:87 - H:\2021.05.26六十三中\太原市六十三中理化709人\216181040059 文件不存在!
2021-09-03 11:34:45 WARN  分配文件日志:87 - H:\2021.05.26六十三中\太原市六十三中理化709人\216181040060 文件不存在!
2021-09-03 11:34:45 WARN  分配文件日志:87 - H:\2021.05.26六十三中\太原市六十三中理化709人\216181040062 文件不存在!
2021-09-03 11:34:45 WARN  分配文件日志:87 - H:\2021.05.26六十三中\太原市六十三中理化709人\216181040067_7 文件不存在!
2021-09-03 11:34:45 WARN  分配文件日志:87 - H:\2021.05.26六十三中\太原市六十三中理化709人\216181040071_9 文件不存在!
2021-09-03 11:34:45 WARN  分配文件日志:87 - H:\2021.05.26六十三中\太原市六十三中理化709人\216181040072 文件不存在!
2021-09-03 11:34:45 WARN  分配文件日志:87 - H:\2021.05.26六十三中\太原市六十三中理化709人\216181040074_8 文件不存在!
2021-09-03 11:34:45 WARN  分配文件日志:87 - H:\2021.05.26六十三中\太原市六十三中理化709人\216181040075 文件不存在!
2021-09-03 11:34:45 WARN  分配文件日志:87 - H:\2021.05.26六十三中\太原市六十三中理化709人\216181040076 文件不存在!
2021-09-03 11:34:45 WARN  分配文件日志:87 - H:\2021.05.26六十三中\太原市六十三中理化709人\216181040077 文件不存在!
2021-09-03 11:34:45 WARN  分配文件日志:87 - H:\2021.05.26六十三中\太原市六十三中理化709人\216181040080 文件不存在!
2021-09-03 11:34:45 WARN  分配文件日志:87 - H:\2021.05.26六十三中\太原市六十三中理化709人\216181040082 文件不存在!
2021-09-03 11:34:45 WARN  分配文件日志:87 - H:\2021.05.26六十三中\太原市六十三中理化709人\216181040084 文件不存在!
2021-09-03 11:34:45 WARN  分配文件日志:87 - H:\2021.05.26六十三中\太原市六十三中理化709人\216181040088 文件不存在!
2021-09-03 11:34:45 WARN  分配文件日志:87 - H:\2021.05.26六十三中\太原市六十三中理化709人\216181040091 文件不存在!
2021-09-03 11:34:45 WARN  分配文件日志:87 - H:\2021.05.26六十三中\太原市六十三中理化709人\216181040092 文件不存在!
2021-09-03 11:34:45 WARN  分配文件日志:87 - H:\2021.05.26六十三中\太原市六十三中理化709人\216181040093_8 文件不存在!
2021-09-03 11:34:45 WARN  分配文件日志:87 - H:\2021.05.26六十三中\太原市六十三中理化709人\216181040098 文件不存在!
2021-09-03 11:34:45 WARN  分配文件日志:87 - H:\2021.05.26六十三中\太原市六十三中理化709人\216181040099 文件不存在!
2021-09-03 11:34:45 WARN  分配文件日志:87 - H:\2021.05.26六十三中\太原市六十三中理化709人\216181040102 文件不存在!
2021-09-03 11:34:45 WARN  分配文件日志:87 - H:\2021.05.26六十三中\太原市六十三中理化709人\216181040104 文件不存在!
2021-09-03 11:34:45 WARN  分配文件日志:87 - H:\2021.05.26六十三中\太原市六十三中理化709人\216181040106 文件不存在!
2021-09-03 11:34:45 WARN  分配文件日志:87 - H:\2021.05.26六十三中\太原市六十三中理化709人\216181040107 文件不存在!
2021-09-03 11:34:45 WARN  分配文件日志:87 - H:\2021.05.26六十三中\太原市六十三中理化709人\216181040108 文件不存在!
2021-09-03 11:34:45 WARN  分配文件日志:87 - H:\2021.05.26六十三中\太原市六十三中理化709人\216181040110 文件不存在!
2021-09-03 11:34:45 WARN  分配文件日志:87 - H:\2021.05.26六十三中\太原市六十三中理化709人\216181040112 文件不存在!
2021-09-03 11:34:45 WARN  分配文件日志:87 - H:\2021.05.26六十三中\太原市六十三中理化709人\216181040113 文件不存在!
2021-09-03 11:34:45 WARN  分配文件日志:87 - H:\2021.05.26六十三中\太原市六十三中理化709人\216181040115 文件不存在!
2021-09-03 11:34:45 WARN  分配文件日志:87 - H:\2021.05.26六十三中\太原市六十三中理化709人\216181040116 文件不存在!
2021-09-03 11:34:45 WARN  分配文件日志:87 - H:\2021.05.26六十三中\太原市六十三中理化709人\216181040117 文件不存在!
2021-09-03 11:34:45 WARN  分配文件日志:87 - H:\2021.05.26六十三中\太原市六十三中理化709人\216181040118 文件不存在!
2021-09-03 11:34:45 WARN  分配文件日志:87 - H:\2021.05.26六十三中\太原市六十三中理化709人\216181150001 文件不存在!
2021-09-03 11:34:45 WARN  分配文件日志:87 - H:\2021.05.26六十三中\太原市六十三中理化709人\216181150003 文件不存在!
2021-09-03 11:34:45 WARN  分配文件日志:87 - H:\2021.05.26六十三中\太原市六十三中理化709人\216181150007 文件不存在!
2021-09-03 11:34:45 WARN  分配文件日志:87 - H:\2021.05.26六十三中\太原市六十三中理化709人\216181150011 文件不存在!
2021-09-03 11:34:45 WARN  分配文件日志:87 - H:\2021.05.26六十三中\太原市六十三中理化709人\216181150012_8 文件不存在!
2021-09-03 11:34:45 WARN  分配文件日志:87 - H:\2021.05.26六十三中\太原市六十三中理化709人\216181080002 文件不存在!
2021-09-03 11:34:45 WARN  分配文件日志:87 - H:\2021.05.26六十三中\太原市六十三中理化709人\216181080003 文件不存在!
2021-09-03 11:34:45 WARN  分配文件日志:87 - H:\2021.05.26六十三中\太原市六十三中理化709人\216181080004 文件不存在!
2021-09-03 11:34:45 WARN  分配文件日志:87 - H:\2021.05.26六十三中\太原市六十三中理化709人\216181080008 文件不存在!
2021-09-03 11:34:45 WARN  分配文件日志:87 - H:\2021.05.26六十三中\太原市六十三中理化709人\216181080009 文件不存在!
2021-09-03 11:34:45 WARN  分配文件日志:87 - H:\2021.05.26六十三中\太原市六十三中理化709人\216181080012 文件不存在!
2021-09-03 11:34:45 WARN  分配文件日志:87 - H:\2021.05.26六十三中\太原市六十三中理化709人\216181080014 文件不存在!
2021-09-03 11:34:45 WARN  分配文件日志:87 - H:\2021.05.26六十三中\太原市六十三中理化709人\216181080015 文件不存在!
2021-09-03 11:34:45 WARN  分配文件日志:87 - H:\2021.05.26六十三中\太原市六十三中理化709人\216181080019 文件不存在!
2021-09-03 11:34:45 WARN  分配文件日志:87 - H:\2021.05.26六十三中\太原市六十三中理化709人\216181080020 文件不存在!
2021-09-03 11:34:45 WARN  分配文件日志:87 - H:\2021.05.26六十三中\太原市六十三中理化709人\216181080021 文件不存在!
2021-09-03 11:34:45 WARN  分配文件日志:87 - H:\2021.05.26六十三中\太原市六十三中理化709人\216181080022 文件不存在!
2021-09-03 11:34:45 WARN  分配文件日志:87 - H:\2021.05.26六十三中\太原市六十三中理化709人\216181080025 文件不存在!
2021-09-03 11:34:45 WARN  分配文件日志:87 - H:\2021.05.26六十三中\太原市六十三中理化709人\216181080026 文件不存在!
2021-09-03 11:34:45 WARN  分配文件日志:87 - H:\2021.05.26六十三中\太原市六十三中理化709人\216181080029 文件不存在!
2021-09-03 11:34:45 WARN  分配文件日志:87 - H:\2021.05.26六十三中\太原市六十三中理化709人\216181080030 文件不存在!
2021-09-03 11:34:45 WARN  分配文件日志:87 - H:\2021.05.26六十三中\太原市六十三中理化709人\216181080032 文件不存在!
2021-09-03 11:34:45 WARN  分配文件日志:87 - H:\2021.05.26六十三中\太原市六十三中理化709人\216181080034 文件不存在!
2021-09-03 11:34:45 WARN  分配文件日志:87 - H:\2021.05.26六十三中\太原市六十三中理化709人\216181080035 文件不存在!
2021-09-03 11:34:45 WARN  分配文件日志:87 - H:\2021.05.26六十三中\太原市六十三中理化709人\216181080042 文件不存在!
2021-09-03 11:34:45 WARN  分配文件日志:87 - H:\2021.05.26六十三中\太原市六十三中理化709人\216181080043 文件不存在!
2021-09-03 11:34:45 WARN  分配文件日志:87 - H:\2021.05.26六十三中\太原市六十三中理化709人\216181080044_8 文件不存在!
2021-09-03 11:34:45 WARN  分配文件日志:87 - H:\2021.05.26六十三中\太原市六十三中理化709人\216181080049 文件不存在!
2021-09-03 11:34:45 WARN  分配文件日志:87 - H:\2021.05.26六十三中\太原市六十三中理化709人\216181080050 文件不存在!
2021-09-03 11:34:45 WARN  分配文件日志:87 - H:\2021.05.26六十三中\太原市六十三中理化709人\216181080052 文件不存在!
2021-09-03 11:34:45 WARN  分配文件日志:87 - H:\2021.05.26六十三中\太原市六十三中理化709人\216181080053 文件不存在!
2021-09-03 11:34:45 WARN  分配文件日志:87 - H:\2021.05.26六十三中\太原市六十三中理化709人\216181080056 文件不存在!
2021-09-03 11:34:45 WARN  分配文件日志:87 - H:\2021.05.26六十三中\太原市六十三中理化709人\216181080057 文件不存在!
2021-09-03 11:34:45 WARN  分配文件日志:87 - H:\2021.05.26六十三中\太原市六十三中理化709人\216181080059 文件不存在!
2021-09-03 11:34:45 WARN  分配文件日志:87 - H:\2021.05.26六十三中\太原市六十三中理化709人\216181080060 文件不存在!
2021-09-03 11:34:45 WARN  分配文件日志:87 - H:\2021.05.26六十三中\太原市六十三中理化709人\216181080062 文件不存在!
2021-09-03 11:34:45 WARN  分配文件日志:87 - H:\2021.05.26六十三中\太原市六十三中理化709人\216181080069 文件不存在!
2021-09-03 11:34:45 WARN  分配文件日志:87 - H:\2021.05.26六十三中\太原市六十三中理化709人\216181080072 文件不存在!
2021-09-03 11:34:45 WARN  分配文件日志:87 - H:\2021.05.26六十三中\太原市六十三中理化709人\216181080073_-1 文件不存在!
2021-09-03 11:34:45 WARN  分配文件日志:87 - H:\2021.05.26六十三中\太原市六十三中理化709人\216181080075 文件不存在!
2021-09-03 11:34:45 WARN  分配文件日志:87 - H:\2021.05.26六十三中\太原市六十三中理化709人\216181080076 文件不存在!
2021-09-03 11:34:45 WARN  分配文件日志:87 - H:\2021.05.26六十三中\太原市六十三中理化709人\216181080077_-1 文件不存在!
2021-09-03 11:34:45 WARN  分配文件日志:87 - H:\2021.05.26六十三中\太原市六十三中理化709人\216181080081 文件不存在!
2021-09-03 11:34:45 WARN  分配文件日志:87 - H:\2021.05.26六十三中\太原市六十三中理化709人\216181080082 文件不存在!
2021-09-03 11:34:45 WARN  分配文件日志:87 - H:\2021.05.26六十三中\太原市六十三中理化709人\216181080083 文件不存在!
2021-09-03 11:34:45 WARN  分配文件日志:87 - H:\2021.05.26六十三中\太原市六十三中理化709人\216181080084 文件不存在!
2021-09-03 11:34:45 WARN  分配文件日志:87 - H:\2021.05.26六十三中\太原市六十三中理化709人\216181080085 文件不存在!
2021-09-03 11:34:45 WARN  分配文件日志:87 - H:\2021.05.26六十三中\太原市六十三中理化709人\216181080086 文件不存在!
2021-09-03 11:34:45 WARN  分配文件日志:87 - H:\2021.05.26六十三中\太原市六十三中理化709人\216181080089_-1 文件不存在!
2021-09-03 11:34:45 WARN  分配文件日志:87 - H:\2021.05.26六十三中\太原市六十三中理化709人\216181080090_9 文件不存在!
2021-09-03 11:34:45 WARN  分配文件日志:87 - H:\2021.05.26六十三中\太原市六十三中理化709人\216181080092 文件不存在!
2021-09-03 11:34:45 WARN  分配文件日志:87 - H:\2021.05.26六十三中\太原市六十三中理化709人\216181080094_-1 文件不存在!
2021-09-03 11:34:45 WARN  分配文件日志:87 - H:\2021.05.26六十三中\太原市六十三中理化709人\216181080098 文件不存在!
2021-09-03 11:34:45 WARN  分配文件日志:87 - H:\2021.05.26六十三中\太原市六十三中理化709人\216181080099_-1 文件不存在!
2021-09-03 11:34:45 WARN  分配文件日志:87 - H:\2021.05.26六十三中\太原市六十三中理化709人\216181050004 文件不存在!
2021-09-03 11:34:45 WARN  分配文件日志:87 - H:\2021.05.26六十三中\太原市六十三中理化709人\216181050005_-1 文件不存在!
2021-09-03 11:34:45 WARN  分配文件日志:87 - H:\2021.05.26六十三中\太原市六十三中理化709人\216181050006 文件不存在!
2021-09-03 11:34:45 WARN  分配文件日志:87 - H:\2021.05.26六十三中\太原市六十三中理化709人\216181050007 文件不存在!
2021-09-03 11:34:45 WARN  分配文件日志:87 - H:\2021.05.26六十三中\太原市六十三中理化709人\216181050010 文件不存在!
2021-09-03 11:34:45 WARN  分配文件日志:87 - H:\2021.05.26六十三中\太原市六十三中理化709人\216181050012 文件不存在!
2021-09-03 11:34:45 WARN  分配文件日志:87 - H:\2021.05.26六十三中\太原市六十三中理化709人\216181050014 文件不存在!
2021-09-03 11:34:45 WARN  分配文件日志:87 - H:\2021.05.26六十三中\太原市六十三中理化709人\216181050016 文件不存在!
2021-09-03 11:34:45 WARN  分配文件日志:87 - H:\2021.05.26六十三中\太原市六十三中理化709人\216181050018 文件不存在!
2021-09-03 11:34:45 WARN  分配文件日志:87 - H:\2021.05.26六十三中\太原市六十三中理化709人\216181050019 文件不存在!
2021-09-03 11:34:45 WARN  分配文件日志:87 - H:\2021.05.26六十三中\太原市六十三中理化709人\216181050020 文件不存在!
2021-09-03 11:34:45 WARN  分配文件日志:87 - H:\2021.05.26六十三中\太原市六十三中理化709人\216181050022 文件不存在!
2021-09-03 11:34:45 WARN  分配文件日志:87 - H:\2021.05.26六十三中\太原市六十三中理化709人\216181050024_8 文件不存在!
2021-09-03 11:34:45 WARN  分配文件日志:87 - H:\2021.05.26六十三中\太原市六十三中理化709人\216181050026 文件不存在!
2021-09-03 11:34:45 WARN  分配文件日志:87 - H:\2021.05.26六十三中\太原市六十三中理化709人\216181050027 文件不存在!
2021-09-03 11:34:45 WARN  分配文件日志:87 - H:\2021.05.26六十三中\太原市六十三中理化709人\216181050028 文件不存在!
2021-09-03 11:34:45 WARN  分配文件日志:87 - H:\2021.05.26六十三中\太原市六十三中理化709人\216181050030 文件不存在!
2021-09-03 11:34:45 WARN  分配文件日志:87 - H:\2021.05.26六十三中\太原市六十三中理化709人\216181050034 文件不存在!
2021-09-03 11:34:45 WARN  分配文件日志:87 - H:\2021.05.26六十三中\太原市六十三中理化709人\216181050036 文件不存在!
2021-09-03 11:34:45 WARN  分配文件日志:87 - H:\2021.05.26六十三中\太原市六十三中理化709人\216181050039 文件不存在!
2021-09-03 11:34:45 WARN  分配文件日志:87 - H:\2021.05.26六十三中\太原市六十三中理化709人\216181050041 文件不存在!
2021-09-03 11:34:45 WARN  分配文件日志:87 - H:\2021.05.26六十三中\太原市六十三中理化709人\216181050042 文件不存在!
2021-09-03 11:34:45 WARN  分配文件日志:87 - H:\2021.05.26六十三中\太原市六十三中理化709人\216181050044 文件不存在!
2021-09-03 11:34:45 WARN  分配文件日志:87 - H:\2021.05.26六十三中\太原市六十三中理化709人\216181050045 文件不存在!
2021-09-03 11:34:45 WARN  分配文件日志:87 - H:\2021.05.26六十三中\太原市六十三中理化709人\216181050047 文件不存在!
2021-09-03 11:34:45 WARN  分配文件日志:87 - H:\2021.05.26六十三中\太原市六十三中理化709人\216181050051 文件不存在!
2021-09-03 11:34:45 WARN  分配文件日志:87 - H:\2021.05.26六十三中\太原市六十三中理化709人\216181050052 文件不存在!
2021-09-03 11:34:45 WARN  分配文件日志:87 - H:\2021.05.26六十三中\太原市六十三中理化709人\216181050053 文件不存在!
2021-09-03 11:34:45 WARN  分配文件日志:87 - H:\2021.05.26六十三中\太原市六十三中理化709人\216181050056 文件不存在!
2021-09-03 11:34:45 WARN  分配文件日志:87 - H:\2021.05.26六十三中\太原市六十三中理化709人\216181050057 文件不存在!
2021-09-03 11:34:45 WARN  分配文件日志:87 - H:\2021.05.26六十三中\太原市六十三中理化709人\216181050058 文件不存在!
2021-09-03 11:34:45 WARN  分配文件日志:87 - H:\2021.05.26六十三中\太原市六十三中理化709人\216181050059 文件不存在!
2021-09-03 11:34:45 WARN  分配文件日志:87 - H:\2021.05.26六十三中\太原市六十三中理化709人\216181050060 文件不存在!
2021-09-03 11:34:45 WARN  分配文件日志:87 - H:\2021.05.26六十三中\太原市六十三中理化709人\216181050063 文件不存在!
2021-09-03 11:34:45 WARN  分配文件日志:87 - H:\2021.05.26六十三中\太原市六十三中理化709人\216181050065 文件不存在!
2021-09-03 11:34:45 WARN  分配文件日志:87 - H:\2021.05.26六十三中\太原市六十三中理化709人\216181050067 文件不存在!
2021-09-03 11:34:45 WARN  分配文件日志:87 - H:\2021.05.26六十三中\太原市六十三中理化709人\216181050068 文件不存在!
2021-09-03 11:34:45 WARN  分配文件日志:87 - H:\2021.05.26六十三中\太原市六十三中理化709人\216181050071 文件不存在!
2021-09-03 11:34:45 WARN  分配文件日志:87 - H:\2021.05.26六十三中\太原市六十三中理化709人\216181050072 文件不存在!
2021-09-03 11:34:45 WARN  分配文件日志:87 - H:\2021.05.26六十三中\太原市六十三中理化709人\216181050073 文件不存在!
2021-09-03 11:34:45 WARN  分配文件日志:87 - H:\2021.05.26六十三中\太原市六十三中理化709人\216181050074 文件不存在!
2021-09-03 11:34:45 WARN  分配文件日志:87 - H:\2021.05.26六十三中\太原市六十三中理化709人\216181050077 文件不存在!
2021-09-03 11:34:45 WARN  分配文件日志:87 - H:\2021.05.26六十三中\太原市六十三中理化709人\216181050080 文件不存在!
2021-09-03 11:34:45 WARN  分配文件日志:87 - H:\2021.05.26六十三中\太原市六十三中理化709人\216181050081 文件不存在!
2021-09-03 11:34:45 WARN  分配文件日志:87 - H:\2021.05.26六十三中\太原市六十三中理化709人\216181050086 文件不存在!
2021-09-03 11:34:45 WARN  分配文件日志:87 - H:\2021.05.26六十三中\太原市六十三中理化709人\216181050091 文件不存在!
2021-09-03 11:34:45 WARN  分配文件日志:87 - H:\2021.05.26六十三中\太原市六十三中理化709人\216181050093 文件不存在!
2021-09-03 11:34:45 WARN  分配文件日志:87 - H:\2021.05.26六十三中\太原市六十三中理化709人\216181050095 文件不存在!
2021-09-03 11:34:45 WARN  分配文件日志:87 - H:\2021.05.26六十三中\太原市六十三中理化709人\216181020002_9 文件不存在!
2021-09-03 11:34:45 WARN  分配文件日志:87 - H:\2021.05.26六十三中\太原市六十三中理化709人\216181020003 文件不存在!
2021-09-03 11:34:45 WARN  分配文件日志:87 - H:\2021.05.26六十三中\太原市六十三中理化709人\216181020005 文件不存在!
2021-09-03 11:34:45 WARN  分配文件日志:87 - H:\2021.05.26六十三中\太原市六十三中理化709人\216181020010 文件不存在!
2021-09-03 11:34:45 WARN  分配文件日志:87 - H:\2021.05.26六十三中\太原市六十三中理化709人\216181020011 文件不存在!
2021-09-03 11:34:45 WARN  分配文件日志:87 - H:\2021.05.26六十三中\太原市六十三中理化709人\216181020014 文件不存在!
2021-09-03 11:34:45 WARN  分配文件日志:87 - H:\2021.05.26六十三中\太原市六十三中理化709人\216181020015_9 文件不存在!
2021-09-03 11:34:45 WARN  分配文件日志:87 - H:\2021.05.26六十三中\太原市六十三中理化709人\216181020016 文件不存在!
2021-09-03 11:34:45 WARN  分配文件日志:87 - H:\2021.05.26六十三中\太原市六十三中理化709人\216181020020 文件不存在!
2021-09-03 11:34:45 WARN  分配文件日志:87 - H:\2021.05.26六十三中\太原市六十三中理化709人\216181020023 文件不存在!
2021-09-03 11:34:45 WARN  分配文件日志:87 - H:\2021.05.26六十三中\太原市六十三中理化709人\216181020025_8 文件不存在!
2021-09-03 11:34:45 WARN  分配文件日志:87 - H:\2021.05.26六十三中\太原市六十三中理化709人\216181020028_9 文件不存在!
2021-09-03 11:34:45 WARN  分配文件日志:87 - H:\2021.05.26六十三中\太原市六十三中理化709人\216181020029 文件不存在!
2021-09-03 11:34:45 WARN  分配文件日志:87 - H:\2021.05.26六十三中\太原市六十三中理化709人\216181020032 文件不存在!
2021-09-03 11:34:45 WARN  分配文件日志:87 - H:\2021.05.26六十三中\太原市六十三中理化709人\216181020034 文件不存在!
2021-09-03 11:34:45 WARN  分配文件日志:87 - H:\2021.05.26六十三中\太原市六十三中理化709人\216181020035 文件不存在!
2021-09-03 11:34:45 WARN  分配文件日志:87 - H:\2021.05.26六十三中\太原市六十三中理化709人\216181020036 文件不存在!
2021-09-03 11:34:45 WARN  分配文件日志:87 - H:\2021.05.26六十三中\太原市六十三中理化709人\216181020038_9 文件不存在!
2021-09-03 11:34:45 WARN  分配文件日志:87 - H:\2021.05.26六十三中\太原市六十三中理化709人\216181020040_9 文件不存在!
2021-09-03 11:34:45 WARN  分配文件日志:87 - H:\2021.05.26六十三中\太原市六十三中理化709人\216181020042 文件不存在!
2021-09-03 11:34:45 WARN  分配文件日志:87 - H:\2021.05.26六十三中\太原市六十三中理化709人\216181020043 文件不存在!
2021-09-03 11:34:45 WARN  分配文件日志:87 - H:\2021.05.26六十三中\太原市六十三中理化709人\216181020044_9 文件不存在!
2021-09-03 11:34:45 WARN  分配文件日志:87 - H:\2021.05.26六十三中\太原市六十三中理化709人\216181020045 文件不存在!
2021-09-03 11:34:45 WARN  分配文件日志:87 - H:\2021.05.26六十三中\太原市六十三中理化709人\216181020047 文件不存在!
2021-09-03 11:34:45 WARN  分配文件日志:87 - H:\2021.05.26六十三中\太原市六十三中理化709人\216181020050_9 文件不存在!
2021-09-03 11:34:45 WARN  分配文件日志:87 - H:\2021.05.26六十三中\太原市六十三中理化709人\216181020051 文件不存在!
2021-09-03 11:34:45 WARN  分配文件日志:87 - H:\2021.05.26六十三中\太原市六十三中理化709人\216181020052 文件不存在!
2021-09-03 11:34:45 WARN  分配文件日志:87 - H:\2021.05.26六十三中\太原市六十三中理化709人\216181020055 文件不存在!
2021-09-03 11:34:45 WARN  分配文件日志:87 - H:\2021.05.26六十三中\太原市六十三中理化709人\216181020057 文件不存在!
2021-09-03 11:34:45 WARN  分配文件日志:87 - H:\2021.05.26六十三中\太原市六十三中理化709人\216181020060 文件不存在!
2021-09-03 11:34:45 WARN  分配文件日志:87 - H:\2021.05.26六十三中\太原市六十三中理化709人\216181020061 文件不存在!
2021-09-03 11:34:45 WARN  分配文件日志:87 - H:\2021.05.26六十三中\太原市六十三中理化709人\216181020065 文件不存在!
2021-09-03 11:34:45 WARN  分配文件日志:87 - H:\2021.05.26六十三中\太原市六十三中理化709人\216181020069_8 文件不存在!
2021-09-03 11:34:45 WARN  分配文件日志:87 - H:\2021.05.26六十三中\太原市六十三中理化709人\216181020071 文件不存在!
2021-09-03 11:34:45 WARN  分配文件日志:87 - H:\2021.05.26六十三中\太原市六十三中理化709人\216181020075 文件不存在!
2021-09-03 11:34:45 WARN  分配文件日志:87 - H:\2021.05.26六十三中\太原市六十三中理化709人\216181020077 文件不存在!
2021-09-03 11:34:45 WARN  分配文件日志:87 - H:\2021.05.26六十三中\太原市六十三中理化709人\216181020078 文件不存在!
2021-09-03 11:34:45 WARN  分配文件日志:87 - H:\2021.05.26六十三中\太原市六十三中理化709人\216181020080 文件不存在!
2021-09-03 11:34:45 WARN  分配文件日志:87 - H:\2021.05.26六十三中\太原市六十三中理化709人\216181020081 文件不存在!
2021-09-03 11:34:45 WARN  分配文件日志:87 - H:\2021.05.26六十三中\太原市六十三中理化709人\216181020083 文件不存在!
2021-09-03 11:34:45 WARN  分配文件日志:87 - H:\2021.05.26六十三中\太原市六十三中理化709人\216181020085 文件不存在!
2021-09-03 11:34:45 WARN  分配文件日志:87 - H:\2021.05.26六十三中\太原市六十三中理化709人\216181020087 文件不存在!
2021-09-03 11:34:45 WARN  分配文件日志:87 - H:\2021.05.26六十三中\太原市六十三中理化709人\216181020088 文件不存在!
2021-09-03 11:34:45 WARN  分配文件日志:87 - H:\2021.05.26六十三中\太原市六十三中理化709人\216181020089 文件不存在!
2021-09-03 11:34:45 WARN  分配文件日志:87 - H:\2021.05.26六十三中\太原市六十三中理化709人\216181020093 文件不存在!
2021-09-03 11:34:45 WARN  分配文件日志:87 - H:\2021.05.26六十三中\太原市六十三中理化709人\216181020094 文件不存在!
2021-09-03 11:34:45 WARN  分配文件日志:87 - H:\2021.05.26六十三中\太原市六十三中理化709人\216181020095 文件不存在!
2021-09-03 11:34:45 WARN  分配文件日志:87 - H:\2021.05.26六十三中\太原市六十三中理化709人\216181020096_9 文件不存在!
2021-09-03 11:34:45 WARN  分配文件日志:87 - H:\2021.05.26六十三中\太原市六十三中理化709人\216181020098 文件不存在!
2021-09-03 11:34:45 WARN  分配文件日志:87 - H:\2021.05.26六十三中\太原市六十三中理化709人\216181020099_8 文件不存在!
2021-09-03 11:34:45 WARN  分配文件日志:87 - H:\2021.05.26六十三中\太原市六十三中理化709人\216181020100 文件不存在!
2021-09-03 11:34:45 WARN  分配文件日志:87 - H:\2021.05.26六十三中\太原市六十三中理化709人\216181020101 文件不存在!
2021-09-03 11:34:45 WARN  分配文件日志:87 - H:\2021.05.26六十三中\太原市六十三中理化709人\216181020105 文件不存在!
2021-09-03 11:34:45 WARN  分配文件日志:87 - H:\2021.05.26六十三中\太原市六十三中理化709人\216181020106 文件不存在!
2021-09-03 11:34:45 WARN  分配文件日志:87 - H:\2021.05.26六十三中\太原市六十三中理化709人\216181020107 文件不存在!
2021-09-03 11:34:45 WARN  分配文件日志:87 - H:\2021.05.26六十三中\太原市六十三中理化709人\216181020108 文件不存在!
2021-09-03 11:34:45 WARN  分配文件日志:87 - H:\2021.05.26六十三中\太原市六十三中理化709人\216181020109_9 文件不存在!
2021-09-03 11:34:45 WARN  分配文件日志:87 - H:\2021.05.26六十三中\太原市六十三中理化709人\216181020112 文件不存在!
2021-09-03 11:34:45 WARN  分配文件日志:87 - H:\2021.05.26六十三中\太原市六十三中理化709人\216181020113 文件不存在!
2021-09-03 11:34:45 WARN  分配文件日志:87 - H:\2021.05.26六十三中\太原市六十三中理化709人\216181020117_9 文件不存在!
2021-09-03 11:34:45 WARN  分配文件日志:87 - H:\2021.05.26六十三中\太原市六十三中理化709人\216181020120 文件不存在!
2021-09-03 11:34:45 WARN  分配文件日志:87 - H:\2021.05.26六十三中\太原市六十三中理化709人\216181020124 文件不存在!
2021-09-03 11:34:45 WARN  分配文件日志:87 - H:\2021.05.26六十三中\太原市六十三中理化709人\216181020125 文件不存在!
2021-09-03 11:34:45 WARN  分配文件日志:87 - H:\2021.05.26六十三中\太原市六十三中理化709人\216181020126 文件不存在!
2021-09-03 11:34:45 WARN  分配文件日志:87 - H:\2021.05.26六十三中\太原市六十三中理化709人\216181020127 文件不存在!
2021-09-03 11:34:45 WARN  分配文件日志:87 - H:\2021.05.26六十三中\太原市六十三中理化709人\216181020131 文件不存在!
2021-09-03 11:34:45 WARN  分配文件日志:87 - H:\2021.05.26六十三中\太原市六十三中理化709人\216181020132 文件不存在!
2021-09-03 11:34:45 WARN  分配文件日志:87 - H:\2021.05.26六十三中\太原市六十三中理化709人\216181020133 文件不存在!
2021-09-03 11:34:45 WARN  分配文件日志:87 - H:\2021.05.26六十三中\太原市六十三中理化709人\216181020134 文件不存在!
2021-09-03 11:34:45 WARN  分配文件日志:87 - H:\2021.05.26六十三中\太原市六十三中理化709人\216181020137 文件不存在!
2021-09-03 11:34:45 WARN  分配文件日志:87 - H:\2021.05.26六十三中\太原市六十三中理化709人\216181020140 文件不存在!
2021-09-03 11:34:45 WARN  分配文件日志:87 - H:\2021.05.26六十三中\太原市六十三中理化709人\216181020144_9 文件不存在!
2021-09-03 11:34:45 WARN  分配文件日志:87 - H:\2021.05.26六十三中\太原市六十三中理化709人\216181020150 文件不存在!
2021-09-03 11:34:45 WARN  分配文件日志:87 - H:\2021.05.26六十三中\太原市六十三中理化709人\216181020151 文件不存在!
2021-09-03 11:34:45 WARN  分配文件日志:87 - H:\2021.05.26六十三中\太原市六十三中理化709人\216181020153 文件不存在!
2021-09-03 11:34:45 WARN  分配文件日志:87 - H:\2021.05.26六十三中\太原市六十三中理化709人\216181020156 文件不存在!
2021-09-03 11:34:45 WARN  分配文件日志:87 - H:\2021.05.26六十三中\太原市六十三中理化709人\216181020157_5 文件不存在!
2021-09-03 11:34:45 WARN  分配文件日志:87 - H:\2021.05.26六十三中\太原市六十三中理化709人\216181020160_8 文件不存在!
2021-09-03 11:34:45 WARN  分配文件日志:87 - H:\2021.05.26六十三中\太原市六十三中理化709人\216181020161 文件不存在!
2021-09-03 11:34:45 WARN  分配文件日志:87 - H:\2021.05.26六十三中\太原市六十三中理化709人\216181020162 文件不存在!
2021-09-03 11:34:45 WARN  分配文件日志:87 - H:\2021.05.26六十三中\太原市六十三中理化709人\216181020163 文件不存在!
2021-09-03 11:34:45 WARN  分配文件日志:87 - H:\2021.05.26六十三中\太原市六十三中理化709人\216181020164_8 文件不存在!
2021-09-03 11:34:45 WARN  分配文件日志:87 - H:\2021.05.26六十三中\太原市六十三中理化709人\216181020165_9 文件不存在!
2021-09-03 11:34:45 WARN  分配文件日志:87 - H:\2021.05.26六十三中\太原市六十三中理化709人\216181020173 文件不存在!
2021-09-03 11:34:45 WARN  分配文件日志:87 - H:\2021.05.26六十三中\太原市六十三中理化709人\216181020174_7 文件不存在!
2021-09-03 11:34:45 WARN  分配文件日志:87 - H:\2021.05.26六十三中\太原市六十三中理化709人\216181020177 文件不存在!
2021-09-03 11:34:45 WARN  分配文件日志:87 - H:\2021.05.26六十三中\太原市六十三中理化709人\216181020178 文件不存在!
2021-09-03 11:34:45 WARN  分配文件日志:87 - H:\2021.05.26六十三中\太原市六十三中理化709人\216181020180 文件不存在!
2021-09-03 11:34:45 WARN  分配文件日志:87 - H:\2021.05.26六十三中\太原市六十三中理化709人\216181020181 文件不存在!
2021-09-03 11:34:45 WARN  分配文件日志:87 - H:\2021.05.26六十三中\太原市六十三中理化709人\216181020182 文件不存在!
2021-09-03 11:34:45 WARN  分配文件日志:87 - H:\2021.05.26六十三中\太原市六十三中理化709人\216181020183 文件不存在!
2021-09-03 11:34:45 WARN  分配文件日志:87 - H:\2021.05.26六十三中\太原市六十三中理化709人\216181020186 文件不存在!
2021-09-03 11:34:45 WARN  分配文件日志:87 - H:\2021.05.26六十三中\太原市六十三中理化709人\216181020187 文件不存在!
2021-09-03 11:34:45 WARN  分配文件日志:87 - H:\2021.05.26六十三中\太原市六十三中理化709人\216181020189_9 文件不存在!
2021-09-03 11:34:45 WARN  分配文件日志:87 - H:\2021.05.26六十三中\太原市六十三中理化709人\216181020190 文件不存在!
2021-09-03 11:34:45 WARN  分配文件日志:87 - H:\2021.05.26六十三中\太原市六十三中理化709人\216181020192_8 文件不存在!
2021-09-03 11:34:45 WARN  分配文件日志:87 - H:\2021.05.26六十三中\太原市六十三中理化709人\216181020196 文件不存在!
2021-09-03 11:34:45 WARN  分配文件日志:87 - H:\2021.05.26六十三中\太原市六十三中理化709人\216181020198 文件不存在!
2021-09-03 11:34:45 WARN  分配文件日志:87 - H:\2021.05.26六十三中\太原市六十三中理化709人\216181020199 文件不存在!
2021-09-03 11:34:45 WARN  分配文件日志:87 - H:\2021.05.26六十三中\太原市六十三中理化709人\216181020204 文件不存在!
2021-09-03 11:34:45 WARN  分配文件日志:87 - H:\2021.05.26六十三中\太原市六十三中理化709人\216181020205_8 文件不存在!
2021-09-03 11:34:45 WARN  分配文件日志:87 - H:\2021.05.26六十三中\太原市六十三中理化709人\216181020206 文件不存在!
2021-09-03 11:34:45 WARN  分配文件日志:87 - H:\2021.05.26六十三中\太原市六十三中理化709人\216181020207 文件不存在!
2021-09-03 11:34:45 WARN  分配文件日志:87 - H:\2021.05.26六十三中\太原市六十三中理化709人\216181020209 文件不存在!
2021-09-03 11:34:45 WARN  分配文件日志:87 - H:\2021.05.26六十三中\太原市六十三中理化709人\216181020212_6 文件不存在!
2021-09-03 11:34:45 WARN  分配文件日志:87 - H:\2021.05.26六十三中\太原市六十三中理化709人\216181020213_8 文件不存在!
2021-09-03 11:34:45 WARN  分配文件日志:87 - H:\2021.05.26六十三中\太原市六十三中理化709人\216181020215 文件不存在!
2021-09-03 11:34:45 WARN  分配文件日志:87 - H:\2021.05.26六十三中\太原市六十三中理化709人\216181020220_9 文件不存在!
2021-09-03 11:34:45 WARN  分配文件日志:87 - H:\2021.05.26六十三中\太原市六十三中理化709人\216181020222 文件不存在!
2021-09-03 11:34:45 WARN  分配文件日志:87 - H:\2021.05.26六十三中\太原市六十三中理化709人\216181020223 文件不存在!
2021-09-03 11:34:45 WARN  分配文件日志:87 - H:\2021.05.26六十三中\太原市六十三中理化709人\216181020224_6 文件不存在!
2021-09-03 11:34:45 WARN  分配文件日志:87 - H:\2021.05.26六十三中\太原市六十三中理化709人\216181020225_9 文件不存在!
2021-09-03 11:34:45 WARN  分配文件日志:87 - H:\2021.05.26六十三中\太原市六十三中理化709人\216181020226_9 文件不存在!
2021-09-03 11:34:45 WARN  分配文件日志:87 - H:\2021.05.26六十三中\太原市六十三中理化709人\216181020228 文件不存在!
2021-09-03 11:34:45 WARN  分配文件日志:87 - H:\2021.05.26六十三中\太原市六十三中理化709人\216181020230 文件不存在!
2021-09-03 11:34:45 WARN  分配文件日志:87 - H:\2021.05.26六十三中\太原市六十三中理化709人\216181020231 文件不存在!
2021-09-03 11:34:45 WARN  分配文件日志:87 - H:\2021.05.26六十三中\太原市六十三中理化709人\216181020233 文件不存在!
2021-09-03 11:34:45 WARN  分配文件日志:87 - H:\2021.05.26六十三中\太原市六十三中理化709人\216181020234 文件不存在!
2021-09-03 11:34:45 WARN  分配文件日志:87 - H:\2021.05.26六十三中\太原市六十三中理化709人\216181020239 文件不存在!
2021-09-03 11:34:45 WARN  分配文件日志:87 - H:\2021.05.26六十三中\太原市六十三中理化709人\216181020240 文件不存在!
2021-09-03 11:34:45 WARN  分配文件日志:87 - H:\2021.05.26六十三中\太原市六十三中理化709人\216181020241 文件不存在!
2021-09-03 11:34:45 WARN  分配文件日志:87 - H:\2021.05.26六十三中\太原市六十三中理化709人\216181020242 文件不存在!
2021-09-03 11:34:45 WARN  分配文件日志:87 - H:\2021.05.26六十三中\太原市六十三中理化709人\216181020244 文件不存在!
2021-09-03 11:34:45 WARN  分配文件日志:87 - H:\2021.05.26六十三中\太原市六十三中理化709人\216181020248 文件不存在!
2021-09-03 11:34:45 WARN  分配文件日志:87 - H:\2021.05.26六十三中\太原市六十三中理化709人\216181020249_9 文件不存在!
2021-09-03 11:34:45 WARN  分配文件日志:87 - H:\2021.05.26六十三中\太原市六十三中理化709人\216181020250 文件不存在!
2021-09-03 11:34:45 WARN  分配文件日志:87 - H:\2021.05.26六十三中\太原市六十三中理化709人\216181020252 文件不存在!
2021-09-03 11:34:45 WARN  分配文件日志:87 - H:\2021.05.26六十三中\太原市六十三中理化709人\216181020256 文件不存在!
2021-09-03 11:34:45 WARN  分配文件日志:87 - H:\2021.05.26六十三中\太原市六十三中理化709人\216181020257 文件不存在!
2021-09-03 11:34:45 WARN  分配文件日志:87 - H:\2021.05.26六十三中\太原市六十三中理化709人\216181020258 文件不存在!
2021-09-03 11:34:45 WARN  分配文件日志:87 - H:\2021.05.26六十三中\太原市六十三中理化709人\216181020260 文件不存在!
2021-09-03 11:34:45 WARN  分配文件日志:87 - H:\2021.05.26六十三中\太原市六十三中理化709人\216181020264 文件不存在!
2021-09-03 11:34:45 WARN  分配文件日志:87 - H:\2021.05.26六十三中\太原市六十三中理化709人\216181020267_9 文件不存在!
2021-09-03 11:34:45 WARN  分配文件日志:87 - H:\2021.05.26六十三中\太原市六十三中理化709人\216181020269 文件不存在!
2021-09-03 11:34:45 WARN  分配文件日志:87 - H:\2021.05.26六十三中\太原市六十三中理化709人\216181020270 文件不存在!
2021-09-03 11:34:45 WARN  分配文件日志:87 - H:\2021.05.26六十三中\太原市六十三中理化709人\216181020271_9 文件不存在!
2021-09-03 11:34:45 WARN  分配文件日志:87 - H:\2021.05.26六十三中\太原市六十三中理化709人\216181020272 文件不存在!
2021-09-03 11:34:45 WARN  分配文件日志:87 - H:\2021.05.26六十三中\太原市六十三中理化709人\216181020277 文件不存在!
2021-09-03 11:34:45 WARN  分配文件日志:87 - H:\2021.05.26六十三中\太原市六十三中理化709人\216181020278 文件不存在!
2021-09-03 11:34:45 WARN  分配文件日志:87 - H:\2021.05.26六十三中\太原市六十三中理化709人\216181020280 文件不存在!
2021-09-03 11:34:45 WARN  分配文件日志:87 - H:\2021.05.26六十三中\太原市六十三中理化709人\216181020281 文件不存在!
2021-09-03 11:34:45 WARN  分配文件日志:87 - H:\2021.05.26六十三中\太原市六十三中理化709人\216181020282 文件不存在!
2021-09-03 11:34:45 WARN  分配文件日志:87 - H:\2021.05.26六十三中\太原市六十三中理化709人\216181020287 文件不存在!
2021-09-03 11:34:45 WARN  分配文件日志:87 - H:\2021.05.26六十三中\太原市六十三中理化709人\216181020288_5 文件不存在!
2021-09-03 11:34:45 WARN  分配文件日志:87 - H:\2021.05.26六十三中\太原市六十三中理化709人\216181020290 文件不存在!
2021-09-03 11:34:45 WARN  分配文件日志:87 - H:\2021.05.26六十三中\太原市六十三中理化709人\216181020292 文件不存在!
2021-09-03 11:34:45 WARN  分配文件日志:87 - H:\2021.05.26六十三中\太原市六十三中理化709人\216181020293 文件不存在!
2021-09-03 11:34:45 WARN  分配文件日志:87 - H:\2021.05.26六十三中\太原市六十三中理化709人\216181020295 文件不存在!
2021-09-03 11:34:45 WARN  分配文件日志:87 - H:\2021.05.26六十三中\太原市六十三中理化709人\216181020296 文件不存在!
2021-09-03 11:34:45 WARN  分配文件日志:87 - H:\2021.05.26六十三中\太原市六十三中理化709人\216181020297 文件不存在!
2021-09-03 11:34:45 WARN  分配文件日志:87 - H:\2021.05.26六十三中\太原市六十三中理化709人\216181020298 文件不存在!
2021-09-03 11:34:45 WARN  分配文件日志:87 - H:\2021.05.26六十三中\太原市六十三中理化709人\216181020299 文件不存在!
2021-09-03 11:34:45 WARN  分配文件日志:87 - H:\2021.05.26六十三中\太原市六十三中理化709人\216181020302_9 文件不存在!
2021-09-03 11:34:45 WARN  分配文件日志:87 - H:\2021.05.26六十三中\太原市六十三中理化709人\216181020305_9 文件不存在!
2021-09-03 11:34:45 WARN  分配文件日志:87 - H:\2021.05.26六十三中\太原市六十三中理化709人\216181020306 文件不存在!
2021-09-03 11:34:45 WARN  分配文件日志:87 - H:\2021.05.26六十三中\太原市六十三中理化709人\216181020312 文件不存在!
2021-09-03 11:34:45 WARN  分配文件日志:87 - H:\2021.05.26六十三中\太原市六十三中理化709人\216181020314 文件不存在!
2021-09-03 11:34:45 WARN  分配文件日志:87 - H:\2021.05.26六十三中\太原市六十三中理化709人\216181020315 文件不存在!
2021-09-03 11:34:45 WARN  分配文件日志:87 - H:\2021.05.26六十三中\太原市六十三中理化709人\216181020318 文件不存在!
2021-09-03 11:34:45 WARN  分配文件日志:87 - H:\2021.05.26六十三中\太原市六十三中理化709人\216181020319_8 文件不存在!
2021-09-03 11:34:45 WARN  分配文件日志:87 - H:\2021.05.26六十三中\太原市六十三中理化709人\216181020320 文件不存在!
2021-09-03 11:34:45 WARN  分配文件日志:87 - H:\2021.05.26六十三中\太原市六十三中理化709人\216181020322_9 文件不存在!
2021-09-03 11:34:45 WARN  分配文件日志:87 - H:\2021.05.26六十三中\太原市六十三中理化709人\216181020324 文件不存在!
2021-09-03 11:34:45 WARN  分配文件日志:87 - H:\2021.05.26六十三中\太原市六十三中理化709人\216181020325 文件不存在!
2021-09-03 11:34:45 WARN  分配文件日志:87 - H:\2021.05.26六十三中\太原市六十三中理化709人\216181020326 文件不存在!
2021-09-03 11:34:45 WARN  分配文件日志:87 - H:\2021.05.26六十三中\太原市六十三中理化709人\216181020328 文件不存在!
2021-09-03 11:34:45 WARN  分配文件日志:87 - H:\2021.05.26六十三中\太原市六十三中理化709人\216181020331 文件不存在!
2021-09-03 11:34:45 WARN  分配文件日志:87 - H:\2021.05.26六十三中\太原市六十三中理化709人\216181020333 文件不存在!
2021-09-03 11:34:45 WARN  分配文件日志:87 - H:\2021.05.26六十三中\太原市六十三中理化709人\216181020337_9 文件不存在!
2021-09-03 11:34:45 WARN  分配文件日志:87 - H:\2021.05.26六十三中\太原市六十三中理化709人\216181020340 文件不存在!
2021-09-03 11:34:45 WARN  分配文件日志:87 - H:\2021.05.26六十三中\太原市六十三中理化709人\216181020342 文件不存在!
2021-09-03 11:34:45 WARN  分配文件日志:87 - H:\2021.05.26六十三中\太原市六十三中理化709人\216181020345 文件不存在!
2021-09-03 11:34:45 WARN  分配文件日志:87 - H:\2021.05.26六十三中\太原市六十三中理化709人\216181020346 文件不存在!
2021-09-03 11:34:45 WARN  分配文件日志:87 - H:\2021.05.26六十三中\太原市六十三中理化709人\216181020349 文件不存在!
2021-09-03 11:34:45 WARN  分配文件日志:87 - H:\2021.05.26六十三中\太原市六十三中理化709人\216181020352_9 文件不存在!
2021-09-03 11:34:45 WARN  分配文件日志:87 - H:\2021.05.26六十三中\太原市六十三中理化709人\216181020353 文件不存在!
2021-09-03 11:34:45 WARN  分配文件日志:87 - H:\2021.05.26六十三中\太原市六十三中理化709人\216181020355_6 文件不存在!
2021-09-03 11:34:45 WARN  分配文件日志:87 - H:\2021.05.26六十三中\太原市六十三中理化709人\216181020356 文件不存在!
2021-09-03 11:34:45 WARN  分配文件日志:87 - H:\2021.05.26六十三中\太原市六十三中理化709人\216181020359 文件不存在!
2021-09-03 11:34:45 WARN  分配文件日志:87 - H:\2021.05.26六十三中\太原市六十三中理化709人\216181020360_8 文件不存在!
2021-09-03 11:34:45 WARN  分配文件日志:87 - H:\2021.05.26六十三中\太原市六十三中理化709人\216181020361 文件不存在!
2021-09-03 11:34:45 WARN  分配文件日志:87 - H:\2021.05.26六十三中\太原市六十三中理化709人\216181020362_9 文件不存在!
2021-09-03 11:34:45 WARN  分配文件日志:87 - H:\2021.05.26六十三中\太原市六十三中理化709人\216181020364 文件不存在!
2021-09-03 11:34:45 WARN  分配文件日志:87 - H:\2021.05.26六十三中\太原市六十三中理化709人\216181020365 文件不存在!
2021-09-03 11:34:45 WARN  分配文件日志:87 - H:\2021.05.26六十三中\太原市六十三中理化709人\216181020366_8 文件不存在!
2021-09-03 11:34:45 WARN  分配文件日志:87 - H:\2021.05.26六十三中\太原市六十三中理化709人\216181020367 文件不存在!
2021-09-03 11:34:45 WARN  分配文件日志:87 - H:\2021.05.26六十三中\太原市六十三中理化709人\216181020368 文件不存在!
2021-09-03 11:34:45 WARN  分配文件日志:87 - H:\2021.05.26六十三中\太原市六十三中理化709人\216181020371_8 文件不存在!
2021-09-03 11:34:45 WARN  分配文件日志:87 - H:\2021.05.26六十三中\太原市六十三中理化709人\216181020373_8 文件不存在!
2021-09-03 11:34:45 WARN  分配文件日志:87 - H:\2021.05.26六十三中\太原市六十三中理化709人\216181020377 文件不存在!
2021-09-03 11:34:45 WARN  分配文件日志:87 - H:\2021.05.26六十三中\太原市六十三中理化709人\216181020379 文件不存在!
2021-09-03 11:34:45 WARN  分配文件日志:87 - H:\2021.05.26六十三中\太原市六十三中理化709人\216181020384 文件不存在!
2021-09-03 11:34:45 WARN  分配文件日志:87 - H:\2021.05.26六十三中\太原市六十三中理化709人\216181020386 文件不存在!
2021-09-03 11:34:45 WARN  分配文件日志:87 - H:\2021.05.26六十三中\太原市六十三中理化709人\216181020387_8 文件不存在!
2021-09-03 11:34:45 WARN  分配文件日志:87 - H:\2021.05.26六十三中\太原市六十三中理化709人\216181020390 文件不存在!
2021-09-03 11:34:45 WARN  分配文件日志:87 - H:\2021.05.26六十三中\太原市六十三中理化709人\216181090009 文件不存在!
2021-09-03 11:34:45 WARN  分配文件日志:87 - H:\2021.05.26六十三中\太原市六十三中理化709人\216181090010_9 文件不存在!
2021-09-03 11:34:45 WARN  分配文件日志:87 - H:\2021.05.26六十三中\太原市六十三中理化709人\216181090011 文件不存在!
2021-09-03 11:34:45 WARN  分配文件日志:87 - H:\2021.05.26六十三中\太原市六十三中理化709人\216181090012 文件不存在!
2021-09-03 11:34:45 WARN  分配文件日志:87 - H:\2021.05.26六十三中\太原市六十三中理化709人\216181090013 文件不存在!
2021-09-03 11:34:45 WARN  分配文件日志:87 - H:\2021.05.26六十三中\太原市六十三中理化709人\216181090015 文件不存在!
2021-09-03 11:34:45 WARN  分配文件日志:87 - H:\2021.05.26六十三中\太原市六十三中理化709人\216181090017 文件不存在!
2021-09-03 11:34:45 WARN  分配文件日志:87 - H:\2021.05.26六十三中\太原市六十三中理化709人\216181090018 文件不存在!
2021-09-03 11:34:45 WARN  分配文件日志:87 - H:\2021.05.26六十三中\太原市六十三中理化709人\216181090019 文件不存在!
2021-09-03 11:34:45 WARN  分配文件日志:87 - H:\2021.05.26六十三中\太原市六十三中理化709人\216181090020_9 文件不存在!
2021-09-03 11:34:45 WARN  分配文件日志:87 - H:\2021.05.26六十三中\太原市六十三中理化709人\216181090025 文件不存在!
2021-09-03 11:34:45 WARN  分配文件日志:87 - H:\2021.05.26六十三中\太原市六十三中理化709人\216181090026 文件不存在!
2021-09-03 11:34:45 WARN  分配文件日志:87 - H:\2021.05.26六十三中\太原市六十三中理化709人\216181090027 文件不存在!
2021-09-03 11:34:45 WARN  分配文件日志:87 - H:\2021.05.26六十三中\太原市六十三中理化709人\216181090028_7 文件不存在!
2021-09-03 11:34:45 WARN  分配文件日志:87 - H:\2021.05.26六十三中\太原市六十三中理化709人\216181090029 文件不存在!
2021-09-03 11:34:45 WARN  分配文件日志:87 - H:\2021.05.26六十三中\太原市六十三中理化709人\216181090031 文件不存在!
2021-09-03 11:34:45 WARN  分配文件日志:87 - H:\2021.05.26六十三中\太原市六十三中理化709人\216181090034_7 文件不存在!
2021-09-03 11:34:45 WARN  分配文件日志:87 - H:\2021.05.26六十三中\太原市六十三中理化709人\216181090035 文件不存在!
2021-09-03 11:34:45 WARN  分配文件日志:87 - H:\2021.05.26六十三中\太原市六十三中理化709人\216181090037 文件不存在!
2021-09-03 11:34:45 WARN  分配文件日志:87 - H:\2021.05.26六十三中\太原市六十三中理化709人\216181090039_9 文件不存在!
2021-09-03 11:34:45 WARN  分配文件日志:87 - H:\2021.05.26六十三中\太原市六十三中理化709人\216181090040 文件不存在!
2021-09-03 11:34:45 WARN  分配文件日志:87 - H:\2021.05.26六十三中\太原市六十三中理化709人\216181090043_8 文件不存在!
2021-09-03 11:34:45 WARN  分配文件日志:87 - H:\2021.05.26六十三中\太原市六十三中理化709人\216181090044 文件不存在!
2021-09-03 11:34:45 WARN  分配文件日志:87 - H:\2021.05.26六十三中\太原市六十三中理化709人\216181090047 文件不存在!
2021-09-03 11:34:45 WARN  分配文件日志:87 - H:\2021.05.26六十三中\太原市六十三中理化709人\216181090048 文件不存在!
2021-09-03 11:34:45 WARN  分配文件日志:87 - H:\2021.05.26六十三中\太原市六十三中理化709人\216181090053_6 文件不存在!
2021-09-03 11:34:45 WARN  分配文件日志:87 - H:\2021.05.26六十三中\太原市六十三中理化709人\216181060001 文件不存在!
2021-09-03 11:34:45 WARN  分配文件日志:87 - H:\2021.05.26六十三中\太原市六十三中理化709人\216181060003 文件不存在!
2021-09-03 11:34:45 WARN  分配文件日志:87 - H:\2021.05.26六十三中\太原市六十三中理化709人\216181060005 文件不存在!
2021-09-03 11:34:45 WARN  分配文件日志:87 - H:\2021.05.26六十三中\太原市六十三中理化709人\216181060007 文件不存在!
2021-09-03 11:34:45 WARN  分配文件日志:87 - H:\2021.05.26六十三中\太原市六十三中理化709人\216181060009_9 文件不存在!
2021-09-03 11:34:45 WARN  分配文件日志:87 - H:\2021.05.26六十三中\太原市六十三中理化709人\216181060010_9 文件不存在!
2021-09-03 11:34:45 WARN  分配文件日志:87 - H:\2021.05.26六十三中\太原市六十三中理化709人\216181060012 文件不存在!
2021-09-03 11:34:45 WARN  分配文件日志:87 - H:\2021.05.26六十三中\太原市六十三中理化709人\216181060016 文件不存在!
2021-09-03 11:34:45 WARN  分配文件日志:87 - H:\2021.05.26六十三中\太原市六十三中理化709人\216181060017 文件不存在!
2021-09-03 11:34:45 WARN  分配文件日志:87 - H:\2021.05.26六十三中\太原市六十三中理化709人\216181170002 文件不存在!
2021-09-03 11:34:45 WARN  分配文件日志:87 - H:\2021.05.26六十三中\太原市六十三中理化709人\216181170007 文件不存在!
2021-09-03 11:34:45 WARN  分配文件日志:87 - H:\2021.05.26六十三中\太原市六十三中理化709人\216181170008 文件不存在!
2021-09-03 11:34:45 WARN  分配文件日志:87 - H:\2021.05.26六十三中\太原市六十三中理化709人\216181170009_6 文件不存在!
2021-09-03 11:34:45 WARN  分配文件日志:87 - H:\2021.05.26六十三中\太原市六十三中理化709人\216181170011 文件不存在!
2021-09-03 11:34:45 WARN  分配文件日志:87 - H:\2021.05.26六十三中\太原市六十三中理化709人\216181170013 文件不存在!
2021-09-03 11:34:45 WARN  分配文件日志:87 - H:\2021.05.26六十三中\太原市六十三中理化709人\216181958004 文件不存在!
2021-09-03 11:34:45 WARN  分配文件日志:87 - H:\2021.05.26六十三中\太原市六十三中理化709人\216181958007 文件不存在!
2021-09-03 11:34:45 WARN  分配文件日志:87 - H:\2021.05.26六十三中\太原市六十三中理化709人\216181958008 文件不存在!
2021-09-03 11:34:45 WARN  分配文件日志:87 - H:\2021.05.26六十三中\太原市六十三中理化709人\216181958009 文件不存在!
2021-09-03 11:34:45 WARN  分配文件日志:87 - H:\2021.05.26六十三中\太原市六十三中理化709人\216181958010 文件不存在!
2021-09-03 11:34:45 WARN  分配文件日志:87 - H:\2021.05.26六十三中\太原市六十三中理化709人\216181958013 文件不存在!
2021-09-03 11:34:45 WARN  分配文件日志:87 - H:\2021.05.26六十三中\太原市六十三中理化709人\216181958014 文件不存在!
2021-09-03 11:34:45 WARN  分配文件日志:87 - H:\2021.05.26六十三中\太原市六十三中理化709人\216181958017_-1 文件不存在!
2021-09-03 11:34:45 WARN  分配文件日志:87 - H:\2021.05.26六十三中\太原市六十三中理化709人\216181958019_-1 文件不存在!
2021-09-03 11:34:45 WARN  分配文件日志:87 - H:\2021.05.26六十三中\太原市六十三中理化709人\216181958020 文件不存在!
2021-09-03 11:34:45 WARN  分配文件日志:87 - H:\2021.05.26六十三中\太原市六十三中理化709人\216181958024_8 文件不存在!
2021-09-03 11:34:45 WARN  分配文件日志:87 - H:\2021.05.26六十三中\太原市六十三中理化709人\216181958025 文件不存在!
2021-09-03 11:34:45 WARN  分配文件日志:87 - H:\2021.05.26六十三中\太原市六十三中理化709人\216181958026_-1 文件不存在!
2021-09-03 11:34:45 WARN  分配文件日志:87 - H:\2021.05.26六十三中\太原市六十三中理化709人\216181958027_-1 文件不存在!
2021-09-03 11:34:45 WARN  分配文件日志:87 - H:\2021.05.26六十三中\太原市六十三中理化709人\216181958028 文件不存在!
2021-09-03 11:34:45 WARN  分配文件日志:87 - H:\2021.05.26六十三中\太原市六十三中理化709人\216181958029 文件不存在!
2021-09-03 11:34:45 WARN  分配文件日志:87 - H:\2021.05.26六十三中\太原市六十三中理化709人\216181958031_9 文件不存在!
2021-09-03 11:34:45 WARN  分配文件日志:87 - H:\2021.05.26六十三中\太原市六十三中理化709人\216181958035 文件不存在!
2021-09-03 11:34:45 WARN  分配文件日志:87 - H:\2021.05.26六十三中\太原市六十三中理化709人\216181958036 文件不存在!
2021-09-03 11:34:45 WARN  分配文件日志:87 - H:\2021.05.26六十三中\太原市六十三中理化709人\216181958041 文件不存在!
2021-09-03 11:34:45 WARN  分配文件日志:87 - H:\2021.05.26六十三中\太原市六十三中理化709人\216181958046 文件不存在!
2021-09-03 11:34:45 WARN  分配文件日志:87 - H:\2021.05.26六十三中\太原市六十三中理化709人\216181958048 文件不存在!
2021-09-03 11:34:45 WARN  分配文件日志:87 - H:\2021.05.26六十三中\太原市六十三中理化709人\216181958049 文件不存在!
2021-09-03 11:34:45 WARN  分配文件日志:87 - H:\2021.05.26六十三中\太原市六十三中理化709人\216181958051 文件不存在!
2021-09-03 11:34:45 WARN  分配文件日志:87 - H:\2021.05.26六十三中\太原市六十三中理化709人\216181958054 文件不存在!
2021-09-03 11:34:45 WARN  分配文件日志:87 - H:\2021.05.26六十三中\太原市六十三中理化709人\216181958057 文件不存在!
2021-09-03 11:34:45 WARN  分配文件日志:87 - H:\2021.05.26六十三中\太原市六十三中理化709人\216181958061 文件不存在!
2021-09-03 11:34:45 WARN  分配文件日志:87 - H:\2021.05.26六十三中\太原市六十三中理化709人\216181958063 文件不存在!
2021-09-03 11:34:45 WARN  分配文件日志:87 - H:\2021.05.26六十三中\太原市六十三中理化709人\216181958065 文件不存在!
2021-09-03 11:34:45 WARN  分配文件日志:87 - H:\2021.05.26六十三中\太原市六十三中理化709人\216181958066 文件不存在!
2021-09-03 11:34:45 WARN  分配文件日志:87 - H:\2021.05.26六十三中\太原市六十三中理化709人\216181958069 文件不存在!
2021-09-03 11:34:45 WARN  分配文件日志:87 - H:\2021.05.26六十三中\太原市六十三中理化709人\216181958070 文件不存在!
2021-09-03 11:34:45 WARN  分配文件日志:87 - H:\2021.05.26六十三中\太原市六十三中理化709人\216181958074 文件不存在!
2021-09-03 11:34:45 WARN  分配文件日志:87 - H:\2021.05.26六十三中\太原市六十三中理化709人\216181958076 文件不存在!
2021-09-03 11:34:45 WARN  分配文件日志:87 - H:\2021.05.26六十三中\太原市六十三中理化709人\216181958077 文件不存在!
2021-09-03 11:34:45 WARN  分配文件日志:87 - H:\2021.05.26六十三中\太原市六十三中理化709人\216181958078 文件不存在!
2021-09-03 11:34:45 WARN  分配文件日志:87 - H:\2021.05.26六十三中\太原市六十三中理化709人\216181958080 文件不存在!
2021-09-03 11:34:45 WARN  分配文件日志:87 - H:\2021.05.26六十三中\太原市六十三中理化709人\216181958081 文件不存在!
2021-09-03 11:34:45 WARN  分配文件日志:87 - H:\2021.05.26六十三中\太原市六十三中理化709人\216181958084 文件不存在!
2021-09-03 11:34:45 WARN  分配文件日志:87 - H:\2021.05.26六十三中\太原市六十三中理化709人\216181958087 文件不存在!
2021-09-03 11:34:45 WARN  分配文件日志:87 - H:\2021.05.26六十三中\太原市六十三中理化709人\216181958088 文件不存在!
2021-09-03 11:34:45 WARN  分配文件日志:87 - H:\2021.05.26六十三中\太原市六十三中理化709人\216181958091 文件不存在!
2021-09-03 11:34:45 WARN  分配文件日志:87 - H:\2021.05.26六十三中\太原市六十三中理化709人\216181958092 文件不存在!
2021-09-03 11:34:45 WARN  分配文件日志:87 - H:\2021.05.26六十三中\太原市六十三中理化709人\216181958093 文件不存在!
2021-09-03 11:34:45 WARN  分配文件日志:87 - H:\2021.05.26六十三中\太原市六十三中理化709人\216181958094 文件不存在!
2021-09-03 11:34:45 WARN  分配文件日志:87 - H:\2021.05.26六十三中\太原市六十三中理化709人\216181958095 文件不存在!
2021-09-03 11:34:45 WARN  分配文件日志:87 - H:\2021.05.26六十三中\太原市六十三中理化709人\216181958096 文件不存在!
2021-09-03 11:34:45 WARN  分配文件日志:87 - H:\2021.05.26六十三中\太原市六十三中理化709人\216181958098 文件不存在!
2021-09-03 11:34:45 WARN  分配文件日志:87 - H:\2021.05.26六十三中\太原市六十三中理化709人\216181190003 文件不存在!
2021-09-03 11:34:45 WARN  分配文件日志:87 - H:\2021.05.26六十三中\太原市六十三中理化709人\216181190004 文件不存在!
2021-09-03 11:34:45 WARN  分配文件日志:87 - H:\2021.05.26六十三中\太原市六十三中理化709人\216181190008 文件不存在!
2021-09-03 11:34:45 WARN  分配文件日志:87 - H:\2021.05.26六十三中\太原市六十三中理化709人\216181190012 文件不存在!
2021-09-03 11:34:45 WARN  分配文件日志:87 - H:\2021.05.26六十三中\太原市六十三中理化709人\216181190013 文件不存在!
2021-09-03 11:34:45 WARN  分配文件日志:87 - H:\2021.05.26六十三中\太原市六十三中理化709人\216181190014 文件不存在!
2021-09-03 11:34:45 WARN  分配文件日志:87 - H:\2021.05.26六十三中\太原市六十三中理化709人\216181190016 文件不存在!
2021-09-03 11:34:45 WARN  分配文件日志:87 - H:\2021.05.26六十三中\太原市六十三中理化709人\216181190017 文件不存在!
2021-09-03 11:34:45 WARN  分配文件日志:87 - H:\2021.05.26六十三中\太原市六十三中理化709人\216181190019 文件不存在!
2021-09-03 11:34:45 WARN  分配文件日志:87 - H:\2021.05.26六十三中\太原市六十三中理化709人\216181190020 文件不存在!
2021-09-03 11:34:45 WARN  分配文件日志:87 - H:\2021.05.26六十三中\太原市六十三中理化709人\216181190023 文件不存在!
2021-09-03 11:34:45 WARN  分配文件日志:87 - H:\2021.05.26六十三中\太原市六十三中理化709人\216181190024_8 文件不存在!
2021-09-03 11:34:45 WARN  分配文件日志:87 - H:\2021.05.26六十三中\太原市六十三中理化709人\216181190026 文件不存在!
2021-09-03 11:34:45 WARN  分配文件日志:87 - H:\2021.05.26六十三中\太原市六十三中理化709人\216181190027 文件不存在!
2021-09-03 11:34:45 WARN  分配文件日志:87 - H:\2021.05.26六十三中\太原市六十三中理化709人\216181190030 文件不存在!
2021-09-03 11:34:45 WARN  分配文件日志:87 - H:\2021.05.26六十三中\太原市六十三中理化709人\216181190032_9 文件不存在!
2021-09-03 11:34:45 WARN  分配文件日志:87 - H:\2021.05.26六十三中\太原市六十三中理化709人\216181190034 文件不存在!
2021-09-03 11:34:45 WARN  分配文件日志:87 - H:\2021.05.26六十三中\太原市六十三中理化709人\216181190036 文件不存在!
2021-09-03 11:34:45 WARN  分配文件日志:87 - H:\2021.05.26六十三中\太原市六十三中理化709人\216181190040 文件不存在!
2021-09-03 11:34:45 WARN  分配文件日志:87 - H:\2021.05.26六十三中\太原市六十三中理化709人\216181190042 文件不存在!
2021-09-03 11:34:45 WARN  分配文件日志:87 - H:\2021.05.26六十三中\太原市六十三中理化709人\216181190043 文件不存在!
2021-09-03 11:34:45 WARN  分配文件日志:87 - H:\2021.05.26六十三中\太原市六十三中理化709人\216181190044 文件不存在!
2021-09-03 11:34:45 WARN  分配文件日志:87 - H:\2021.05.26六十三中\太原市六十三中理化709人\216181190045 文件不存在!
2021-09-03 11:34:45 WARN  分配文件日志:87 - H:\2021.05.26六十三中\太原市六十三中理化709人\216181190046 文件不存在!
2021-09-03 11:34:45 WARN  分配文件日志:87 - H:\2021.05.26六十三中\太原市六十三中理化709人\216181190049 文件不存在!
2021-09-03 11:34:45 WARN  分配文件日志:87 - H:\2021.05.26六十三中\太原市六十三中理化709人\216181190055 文件不存在!
2021-09-03 11:34:45 WARN  分配文件日志:87 - H:\2021.05.26六十三中\太原市六十三中理化709人\216181190056 文件不存在!
2021-09-03 11:34:45 WARN  分配文件日志:87 - H:\2021.05.26六十三中\太原市六十三中理化709人\216181130001 文件不存在!
2021-09-03 11:34:45 WARN  分配文件日志:87 - H:\2021.05.26六十三中\太原市六十三中理化709人\216181130003 文件不存在!
2021-09-03 11:34:45 WARN  分配文件日志:87 - H:\2021.05.26六十三中\太原市六十三中理化709人\216181130004 文件不存在!
2021-09-03 11:34:45 WARN  分配文件日志:87 - H:\2021.05.26六十三中\太原市六十三中理化709人\216181130005 文件不存在!
2021-09-03 11:34:45 WARN  分配文件日志:87 - H:\2021.05.26六十三中\太原市六十三中理化709人\216181130006 文件不存在!
2021-09-03 11:34:45 WARN  分配文件日志:87 - H:\2021.05.26六十三中\太原市六十三中理化709人\216181130007 文件不存在!
2021-09-03 11:34:45 WARN  分配文件日志:87 - H:\2021.05.26六十三中\太原市六十三中理化709人\216181130008 文件不存在!
2021-09-03 11:34:45 WARN  分配文件日志:87 - H:\2021.05.26六十三中\太原市六十三中理化709人\216181130009 文件不存在!
2021-09-03 11:34:45 WARN  分配文件日志:87 - H:\2021.05.26六十三中\太原市六十三中理化709人\216181130011 文件不存在!
2021-09-03 11:34:45 WARN  分配文件日志:87 - H:\2021.05.26六十三中\太原市六十三中理化709人\216181130017 文件不存在!
2021-09-03 11:34:45 WARN  分配文件日志:87 - H:\2021.05.26六十三中\太原市六十三中理化709人\216181130018 文件不存在!
2021-09-03 11:34:45 WARN  分配文件日志:87 - H:\2021.05.26六十三中\太原市六十三中理化709人\216181130019 文件不存在!
2021-09-03 11:34:45 WARN  分配文件日志:87 - H:\2021.05.26六十三中\太原市六十三中理化709人\216181130021 文件不存在!
2021-09-03 11:34:45 WARN  分配文件日志:87 - H:\2021.05.26六十三中\太原市六十三中理化709人\216181130022 文件不存在!
2021-09-03 11:34:45 WARN  分配文件日志:87 - H:\2021.05.26六十三中\太原市六十三中理化709人\216181130023 文件不存在!
2021-09-03 11:34:45 WARN  分配文件日志:87 - H:\2021.05.26六十三中\太原市六十三中理化709人\216181130024 文件不存在!
2021-09-03 11:34:45 WARN  分配文件日志:87 - H:\2021.05.26六十三中\太原市六十三中理化709人\216181130029 文件不存在!
2021-09-03 11:34:45 WARN  分配文件日志:87 - H:\2021.05.26六十三中\太原市六十三中理化709人\216181130030 文件不存在!
2021-09-03 11:34:45 WARN  分配文件日志:87 - H:\2021.05.26六十三中\太原市六十三中理化709人\216181130031 文件不存在!
2021-09-03 11:34:45 WARN  分配文件日志:87 - H:\2021.05.26六十三中\太原市六十三中理化709人\216181130032 文件不存在!
2021-09-03 11:34:45 WARN  分配文件日志:87 - H:\2021.05.26六十三中\太原市六十三中理化709人\216181130033 文件不存在!
2021-09-03 11:34:45 WARN  分配文件日志:87 - H:\2021.05.26六十三中\太原市六十三中理化709人\216181130037 文件不存在!
2021-09-03 11:34:45 WARN  分配文件日志:87 - H:\2021.05.26六十三中\太原市六十三中理化709人\216181130038 文件不存在!
2021-09-03 11:34:45 WARN  分配文件日志:87 - H:\2021.05.26六十三中\太原市六十三中理化709人\216181130045 文件不存在!
2021-09-03 11:34:45 WARN  分配文件日志:87 - H:\2021.05.26六十三中\太原市六十三中理化709人\216181130050 文件不存在!
2021-09-03 11:34:45 WARN  分配文件日志:87 - H:\2021.05.26六十三中\太原市六十三中理化709人\216181130051 文件不存在!
2021-09-03 11:34:45 WARN  分配文件日志:87 - H:\2021.05.26六十三中\太原市六十三中理化709人\216181130056 文件不存在!
2021-09-03 11:34:45 WARN  分配文件日志:87 - H:\2021.05.26六十三中\太原市六十三中理化709人\216181130058 文件不存在!
2021-09-03 11:34:45 WARN  分配文件日志:87 - H:\2021.05.26六十三中\太原市六十三中理化709人\216181130059_9 文件不存在!
2021-09-03 11:34:45 WARN  分配文件日志:87 - H:\2021.05.26六十三中\太原市六十三中理化709人\216181130061 文件不存在!
2021-09-03 11:34:45 WARN  分配文件日志:87 - H:\2021.05.26六十三中\太原市六十三中理化709人\216181130062 文件不存在!
2021-09-03 11:34:45 WARN  分配文件日志:87 - H:\2021.05.26六十三中\太原市六十三中理化709人\216181130063 文件不存在!
2021-09-03 11:34:45 WARN  分配文件日志:87 - H:\2021.05.26六十三中\太原市六十三中理化709人\216181130064_9 文件不存在!
2021-09-03 11:34:45 WARN  分配文件日志:87 - H:\2021.05.26六十三中\太原市六十三中理化709人\216181130068 文件不存在!
2021-09-03 11:34:45 WARN  分配文件日志:87 - H:\2021.05.26六十三中\太原市六十三中理化709人\216181130073 文件不存在!
2021-09-03 11:34:45 WARN  分配文件日志:87 - H:\2021.05.26六十三中\太原市六十三中理化709人\216181130074 文件不存在!
2021-09-03 11:34:45 WARN  分配文件日志:87 - H:\2021.05.26六十三中\太原市六十三中理化709人\216181130075 文件不存在!
2021-09-03 11:34:45 WARN  分配文件日志:87 - H:\2021.05.26六十三中\太原市六十三中理化709人\216181130076 文件不存在!
2021-09-03 11:34:45 WARN  分配文件日志:87 - H:\2021.05.26六十三中\太原市六十三中理化709人\216181130077 文件不存在!
2021-09-03 11:34:45 WARN  分配文件日志:87 - H:\2021.05.26六十三中\太原市六十三中理化709人\216181130079 文件不存在!
2021-09-03 11:34:45 WARN  分配文件日志:87 - H:\2021.05.26六十三中\太原市六十三中理化709人\216181130080 文件不存在!
2021-09-03 11:34:45 WARN  分配文件日志:87 - H:\2021.05.26六十三中\太原市六十三中理化709人\216181130081 文件不存在!
2021-09-03 11:34:45 WARN  分配文件日志:87 - H:\2021.05.26六十三中\太原市六十三中理化709人\216181130084 文件不存在!
2021-09-03 11:34:45 WARN  分配文件日志:87 - H:\2021.05.26六十三中\太原市六十三中理化709人\216181130085 文件不存在!
2021-09-03 11:34:45 WARN  分配文件日志:87 - H:\2021.05.26六十三中\太原市六十三中理化709人\216181130087 文件不存在!
2021-09-03 11:34:45 WARN  分配文件日志:87 - H:\2021.05.26六十三中\太原市六十三中理化709人\216181130092 文件不存在!
2021-09-03 11:34:45 WARN  分配文件日志:87 - H:\2021.05.26六十三中\太原市六十三中理化709人\216181130094 文件不存在!
2021-09-03 11:34:45 WARN  分配文件日志:87 - H:\2021.05.26六十三中\太原市六十三中理化709人\216181130096 文件不存在!
2021-09-03 11:34:45 WARN  分配文件日志:87 - H:\2021.05.26六十三中\太原市六十三中理化709人\216181130098 文件不存在!
2021-09-03 11:34:45 WARN  分配文件日志:87 - H:\2021.05.26六十三中\太原市六十三中理化709人\216181130102 文件不存在!
2021-09-03 11:34:45 WARN  分配文件日志:87 - H:\2021.05.26六十三中\太原市六十三中理化709人\216181130104 文件不存在!
2021-09-03 11:34:45 WARN  分配文件日志:87 - H:\2021.05.26六十三中\太原市六十三中理化709人\216181130105 文件不存在!
2021-09-03 11:34:45 WARN  分配文件日志:87 - H:\2021.05.26六十三中\太原市六十三中理化709人\216181130107 文件不存在!
2021-09-03 11:34:45 WARN  分配文件日志:87 - H:\2021.05.26六十三中\太原市六十三中理化709人\216181130108 文件不存在!
2021-09-03 11:34:45 WARN  分配文件日志:87 - H:\2021.05.26六十三中\太原市六十三中理化709人\216181130109 文件不存在!
2021-09-03 11:34:45 WARN  分配文件日志:87 - H:\2021.05.26六十三中\太原市六十三中理化709人\216181130112 文件不存在!
2021-09-03 11:34:45 WARN  分配文件日志:87 - H:\2021.05.26六十三中\太原市六十三中理化709人\216181130117 文件不存在!
2021-09-03 11:34:45 WARN  分配文件日志:87 - H:\2021.05.26六十三中\太原市六十三中理化709人\216181130118 文件不存在!
2021-09-03 11:34:45 WARN  分配文件日志:87 - H:\2021.05.26六十三中\太原市六十三中理化709人\216181130122 文件不存在!
2021-09-03 11:34:45 WARN  分配文件日志:87 - H:\2021.05.26六十三中\太原市六十三中理化709人\216181130123 文件不存在!
2021-09-03 11:34:45 WARN  分配文件日志:87 - H:\2021.05.26六十三中\太原市六十三中理化709人\216181130124 文件不存在!
2021-09-03 11:34:45 WARN  分配文件日志:87 - H:\2021.05.26六十三中\太原市六十三中理化709人\216181130127 文件不存在!
2021-09-03 11:34:45 WARN  分配文件日志:87 - H:\2021.05.26六十三中\太原市六十三中理化709人\216181130129 文件不存在!
2021-09-03 11:34:45 WARN  分配文件日志:87 - H:\2021.05.26六十三中\太原市六十三中理化709人\216181130132 文件不存在!
2021-09-03 11:34:45 WARN  分配文件日志:87 - H:\2021.05.26六十三中\太原市六十三中理化709人\216181130133 文件不存在!
2021-09-03 11:34:45 WARN  分配文件日志:87 - H:\2021.05.26六十三中\太原市六十三中理化709人\216181130137 文件不存在!
2021-09-03 11:34:45 WARN  分配文件日志:87 - H:\2021.05.26六十三中\太原市六十三中理化709人\216181130138_9 文件不存在!
2021-09-03 11:34:45 WARN  分配文件日志:87 - H:\2021.05.26六十三中\太原市六十三中理化709人\216181130139 文件不存在!
2021-09-03 11:34:45 WARN  分配文件日志:87 - H:\2021.05.26六十三中\太原市六十三中理化709人\216181130140 文件不存在!
2021-09-03 11:34:45 WARN  分配文件日志:87 - H:\2021.05.26六十三中\太原市六十三中理化709人\216181130141 文件不存在!
2021-09-03 11:34:45 WARN  分配文件日志:87 - H:\2021.05.26六十三中\太原市六十三中理化709人\216181130143 文件不存在!
2021-09-03 11:34:45 WARN  分配文件日志:87 - H:\2021.05.26六十三中\太原市六十三中理化709人\216181130144 文件不存在!
2021-09-03 11:34:45 WARN  分配文件日志:87 - H:\2021.05.26六十三中\太原市六十三中理化709人\216181130149 文件不存在!
2021-09-03 11:34:45 WARN  分配文件日志:87 - H:\2021.05.26六十三中\太原市六十三中理化709人\216181130150 文件不存在!
2021-09-03 11:34:45 WARN  分配文件日志:87 - H:\2021.05.26六十三中\太原市六十三中理化709人\216181130151_9 文件不存在!
2021-09-03 11:34:45 WARN  分配文件日志:87 - H:\2021.05.26六十三中\太原市六十三中理化709人\216181130152 文件不存在!
2021-09-03 11:34:45 WARN  分配文件日志:87 - H:\2021.05.26六十三中\太原市六十三中理化709人\216181130153 文件不存在!
2021-09-03 11:34:45 WARN  分配文件日志:87 - H:\2021.05.26六十三中\太原市六十三中理化709人\216181130155 文件不存在!
2021-09-03 11:34:45 WARN  分配文件日志:87 - H:\2021.05.26六十三中\太原市六十三中理化709人\216181130158_8 文件不存在!
2021-09-03 11:34:45 WARN  分配文件日志:87 - H:\2021.05.26六十三中\太原市六十三中理化709人\216181130159 文件不存在!
2021-09-03 11:34:45 WARN  分配文件日志:87 - H:\2021.05.26六十三中\太原市六十三中理化709人\216181130162_9 文件不存在!
2021-09-03 11:34:45 WARN  分配文件日志:87 - H:\2021.05.26六十三中\太原市六十三中理化709人\216181130164 文件不存在!
2021-09-03 11:34:45 WARN  分配文件日志:87 - H:\2021.05.26六十三中\太原市六十三中理化709人\216181130165 文件不存在!
2021-09-03 11:34:45 WARN  分配文件日志:87 - H:\2021.05.26六十三中\太原市六十三中理化709人\216181130168 文件不存在!
2021-09-03 11:34:45 WARN  分配文件日志:87 - H:\2021.05.26六十三中\太原市六十三中理化709人\216181130169 文件不存在!
2021-09-03 11:34:45 WARN  分配文件日志:87 - H:\2021.05.26六十三中\太原市六十三中理化709人\216181130170 文件不存在!
2021-09-03 11:34:45 WARN  分配文件日志:87 - H:\2021.05.26六十三中\太原市六十三中理化709人\216181130173 文件不存在!
2021-09-03 11:34:45 WARN  分配文件日志:87 - H:\2021.05.26六十三中\太原市六十三中理化709人\216181130174 文件不存在!
2021-09-03 11:34:45 WARN  分配文件日志:87 - H:\2021.05.26六十三中\太原市六十三中理化709人\216181130177 文件不存在!
2021-09-03 11:34:45 WARN  分配文件日志:87 - H:\2021.05.26六十三中\太原市六十三中理化709人\216181130184 文件不存在!
2021-09-03 11:34:45 WARN  分配文件日志:87 - H:\2021.05.26六十三中\太原市六十三中理化709人\216181130185 文件不存在!
2021-09-03 11:34:45 WARN  分配文件日志:87 - H:\2021.05.26六十三中\太原市六十三中理化709人\216181130188 文件不存在!
2021-09-03 11:34:45 WARN  分配文件日志:87 - H:\2021.05.26六十三中\太原市六十三中理化709人\216181130189 文件不存在!
2021-09-03 11:34:45 WARN  分配文件日志:87 - H:\2021.05.26六十三中\太原市六十三中理化709人\216181130190 文件不存在!
2021-09-03 11:34:45 WARN  分配文件日志:87 - H:\2021.05.26六十三中\太原市六十三中理化709人\216181130191 文件不存在!
2021-09-03 11:34:45 WARN  分配文件日志:87 - H:\2021.05.26六十三中\太原市六十三中理化709人\216181130192_9 文件不存在!
2021-09-03 11:34:45 WARN  分配文件日志:87 - H:\2021.05.26六十三中\太原市六十三中理化709人\216181130194_-1 文件不存在!
2021-09-03 11:34:45 WARN  分配文件日志:87 - H:\2021.05.26六十三中\太原市六十三中理化709人\216181130196 文件不存在!
2021-09-03 11:34:45 WARN  分配文件日志:87 - H:\2021.05.26六十三中\太原市六十三中理化709人\216181130198_-1 文件不存在!
2021-09-03 11:34:45 WARN  分配文件日志:87 - H:\2021.05.26六十三中\太原市六十三中理化709人\216181130202_-1 文件不存在!
2021-09-03 11:34:45 WARN  分配文件日志:87 - H:\2021.05.26六十三中\太原市六十三中理化709人\216181130204_-1 文件不存在!
2021-09-03 11:34:45 WARN  分配文件日志:87 - H:\2021.05.26六十三中\太原市六十三中理化709人\216181130205_-1 文件不存在!
2021-09-03 11:34:45 WARN  分配文件日志:87 - H:\2021.05.26六十三中\太原市六十三中理化709人\216181130207_-1 文件不存在!
2021-09-03 11:34:45 WARN  分配文件日志:87 - H:\2021.05.26六十三中\太原市六十三中理化709人\216181130208_7 文件不存在!
2021-09-03 11:34:45 WARN  分配文件日志:87 - H:\2021.05.26六十三中\太原市六十三中理化709人\216181130210_-1 文件不存在!
2021-09-03 11:34:45 WARN  分配文件日志:87 - H:\2021.05.26六十三中\太原市六十三中理化709人\216181130212 文件不存在!
2021-09-03 11:34:45 WARN  分配文件日志:87 - H:\2021.05.26六十三中\太原市六十三中理化709人\216181130215 文件不存在!
2021-09-03 11:34:45 WARN  分配文件日志:87 - H:\2021.05.26六十三中\太原市六十三中理化709人\216181130218_-1 文件不存在!
2021-09-03 11:34:45 WARN  分配文件日志:87 - H:\2021.05.26六十三中\太原市六十三中理化709人\216181130219_-1 文件不存在!
2021-09-03 11:34:45 WARN  分配文件日志:87 - H:\2021.05.26六十三中\太原市六十三中理化709人\216181130220_-1 文件不存在!
2021-09-03 11:34:45 WARN  分配文件日志:87 - H:\2021.05.26六十三中\太原市六十三中理化709人\216181130223 文件不存在!
2021-09-03 11:34:45 WARN  分配文件日志:87 - H:\2021.05.26六十三中\太原市六十三中理化709人\216181130224_-1 文件不存在!
2021-09-03 11:34:45 WARN  分配文件日志:87 - H:\2021.05.26六十三中\太原市六十三中理化709人\216181130225_-1 文件不存在!
2021-09-03 11:34:45 WARN  分配文件日志:87 - H:\2021.05.26六十三中\太原市六十三中理化709人\216181130228_-1 文件不存在!
2021-09-03 11:34:45 WARN  分配文件日志:87 - H:\2021.05.26六十三中\太原市六十三中理化709人\216181130231_-1 文件不存在!
2021-09-03 11:34:45 WARN  分配文件日志:87 - H:\2021.05.26六十三中\太原市六十三中理化709人\216181130232_-1 文件不存在!
2021-09-03 11:34:45 WARN  分配文件日志:87 - H:\2021.05.26六十三中\太原市六十三中理化709人\216181130236_-1 文件不存在!
2021-09-03 11:34:45 WARN  分配文件日志:87 - H:\2021.05.26六十三中\太原市六十三中理化709人\216181130237 文件不存在!
2021-09-03 11:34:45 WARN  分配文件日志:87 - H:\2021.05.26六十三中\太原市六十三中理化709人\216181140001 文件不存在!
2021-09-03 11:34:45 WARN  分配文件日志:87 - H:\2021.05.26六十三中\太原市六十三中理化709人\216181140003 文件不存在!
2021-09-03 11:34:45 WARN  分配文件日志:87 - H:\2021.05.26六十三中\太原市六十三中理化709人\216181140004 文件不存在!
2021-09-03 11:34:45 WARN  分配文件日志:87 - H:\2021.05.26六十三中\太原市六十三中理化709人\216181140005 文件不存在!
2021-09-03 11:34:45 WARN  分配文件日志:87 - H:\2021.05.26六十三中\太原市六十三中理化709人\216181140007 文件不存在!
2021-09-03 11:34:45 WARN  分配文件日志:87 - H:\2021.05.26六十三中\太原市六十三中理化709人\216181140008 文件不存在!
2021-09-03 11:34:45 WARN  分配文件日志:87 - H:\2021.05.26六十三中\太原市六十三中理化709人\216181140009_9 文件不存在!
2021-09-03 11:34:45 WARN  分配文件日志:87 - H:\2021.05.26六十三中\太原市六十三中理化709人\216181140011_9 文件不存在!
2021-09-03 11:34:45 WARN  分配文件日志:87 - H:\2021.05.26六十三中\太原市六十三中理化709人\216181140012 文件不存在!
2021-09-03 11:34:45 WARN  分配文件日志:87 - H:\2021.05.26六十三中\太原市六十三中理化709人\216181140014_9 文件不存在!
2021-09-03 11:34:45 WARN  分配文件日志:87 - H:\2021.05.26六十三中\太原市六十三中理化709人\216181140015 文件不存在!
2021-09-03 11:34:45 WARN  分配文件日志:87 - H:\2021.05.26六十三中\太原市六十三中理化709人\216181140016 文件不存在!
2021-09-03 11:34:45 WARN  分配文件日志:87 - H:\2021.05.26六十三中\太原市六十三中理化709人\216181140017 文件不存在!
2021-09-03 11:34:45 WARN  分配文件日志:87 - H:\2021.05.26六十三中\太原市六十三中理化709人\216181140019 文件不存在!
2021-09-03 11:34:45 WARN  分配文件日志:87 - H:\2021.05.26六十三中\太原市六十三中理化709人\216181140025 文件不存在!
2021-09-03 11:34:45 WARN  分配文件日志:87 - H:\2021.05.26六十三中\太原市六十三中理化709人\216181140028_9 文件不存在!
2021-09-03 11:34:45 WARN  分配文件日志:87 - H:\2021.05.26六十三中\太原市六十三中理化709人\216181140030 文件不存在!
2021-09-03 11:34:45 WARN  分配文件日志:87 - H:\2021.05.26六十三中\太原市六十三中理化709人\216181140031 文件不存在!
2021-09-03 11:34:45 WARN  分配文件日志:87 - H:\2021.05.26六十三中\太原市六十三中理化709人\216181140032_9 文件不存在!
2021-09-03 11:34:45 WARN  分配文件日志:87 - H:\2021.05.26六十三中\太原市六十三中理化709人\216181140035 文件不存在!
2021-09-03 11:34:45 WARN  分配文件日志:87 - H:\2021.05.26六十三中\太原市六十三中理化709人\216181140037_9 文件不存在!
2021-09-03 11:34:45 WARN  分配文件日志:87 - H:\2021.05.26六十三中\太原市六十三中理化709人\216181140038_9 文件不存在!
2021-09-03 11:34:45 WARN  分配文件日志:87 - H:\2021.05.26六十三中\太原市六十三中理化709人\216181140040 文件不存在!
2021-09-03 11:34:45 WARN  分配文件日志:87 - H:\2021.05.26六十三中\太原市六十三中理化709人\216181140043 文件不存在!
2021-09-03 11:34:45 WARN  分配文件日志:87 - H:\2021.05.26六十三中\太原市六十三中理化709人\216181140047_9 文件不存在!
2021-09-03 11:34:45 WARN  分配文件日志:87 - H:\2021.05.26六十三中\太原市六十三中理化709人\216181140049 文件不存在!
2021-09-03 11:34:45 WARN  分配文件日志:87 - H:\2021.05.26六十三中\太原市六十三中理化709人\216181140056 文件不存在!
2021-09-03 11:34:45 WARN  分配文件日志:87 - H:\2021.05.26六十三中\太原市六十三中理化709人\216181140058 文件不存在!
2021-09-03 11:34:45 WARN  分配文件日志:87 - H:\2021.05.26六十三中\太原市六十三中理化709人\216181140059 文件不存在!
2021-09-03 11:34:45 WARN  分配文件日志:87 - H:\2021.05.26六十三中\太原市六十三中理化709人\216181140061 文件不存在!
2021-09-03 11:34:45 WARN  分配文件日志:87 - H:\2021.05.26六十三中\太原市六十三中理化709人\216181140062 文件不存在!
2021-09-03 11:34:45 WARN  分配文件日志:87 - H:\2021.05.26六十三中\太原市六十三中理化709人\216181140063 文件不存在!
2021-09-03 11:34:45 WARN  分配文件日志:87 - H:\2021.05.26六十三中\太原市六十三中理化709人\216181140065 文件不存在!
2021-09-03 11:34:45 WARN  分配文件日志:87 - H:\2021.05.26六十三中\太原市六十三中理化709人\216181140066 文件不存在!
2021-09-03 11:34:45 WARN  分配文件日志:87 - H:\2021.05.26六十三中\太原市六十三中理化709人\216181140067 文件不存在!
2021-09-03 11:34:45 WARN  分配文件日志:87 - H:\2021.05.26六十三中\太原市六十三中理化709人\216181140068 文件不存在!
2021-09-03 11:34:45 WARN  分配文件日志:87 - H:\2021.05.26六十三中\太原市六十三中理化709人\216181140069 文件不存在!
2021-09-03 11:34:45 WARN  分配文件日志:87 - H:\2021.05.26六十三中\太原市六十三中理化709人\216181070001 文件不存在!
2021-09-03 11:34:45 WARN  分配文件日志:87 - H:\2021.05.26六十三中\太原市六十三中理化709人\216181070003 文件不存在!
2021-09-03 11:34:45 WARN  分配文件日志:87 - H:\2021.05.26六十三中\太原市六十三中理化709人\216181070004 文件不存在!
2021-09-03 11:34:45 WARN  分配文件日志:87 - H:\2021.05.26六十三中\太原市六十三中理化709人\216181070006 文件不存在!
2021-09-03 11:34:45 WARN  分配文件日志:87 - H:\2021.05.26六十三中\太原市六十三中理化709人\216181070007 文件不存在!
2021-09-03 11:34:45 WARN  分配文件日志:87 - H:\2021.05.26六十三中\太原市六十三中理化709人\216181070012 文件不存在!
2021-09-03 11:34:45 WARN  分配文件日志:87 - H:\2021.05.26六十三中\太原市六十三中理化709人\216181070014_9 文件不存在!
2021-09-03 11:34:45 WARN  分配文件日志:87 - H:\2021.05.26六十三中\太原市六十三中理化709人\216181070017 文件不存在!
2021-09-03 11:34:45 WARN  分配文件日志:87 - H:\2021.05.26六十三中\太原市六十三中理化709人\216181070018 文件不存在!
2021-09-03 11:34:45 WARN  分配文件日志:87 - H:\2021.05.26六十三中\太原市六十三中理化709人\216181070020 文件不存在!
2021-09-03 11:34:45 WARN  分配文件日志:87 - H:\2021.05.26六十三中\太原市六十三中理化709人\216181070021 文件不存在!
2021-09-03 11:34:45 WARN  分配文件日志:87 - H:\2021.05.26六十三中\太原市六十三中理化709人\216181030005 文件不存在!
2021-09-03 11:34:45 WARN  分配文件日志:87 - H:\2021.05.26六十三中\太原市六十三中理化709人\216181030007 文件不存在!
2021-09-03 11:34:45 WARN  分配文件日志:87 - H:\2021.05.26六十三中\太原市六十三中理化709人\216181030010_7 文件不存在!
2021-09-03 11:34:45 WARN  分配文件日志:87 - H:\2021.05.26六十三中\太原市六十三中理化709人\216181030011 文件不存在!
2021-09-03 11:34:45 WARN  分配文件日志:87 - H:\2021.05.26六十三中\太原市六十三中理化709人\216181030013 文件不存在!
2021-09-03 11:34:45 WARN  分配文件日志:87 - H:\2021.05.26六十三中\太原市六十三中理化709人\216181030015 文件不存在!
2021-09-03 11:34:45 WARN  分配文件日志:87 - H:\2021.05.26六十三中\太原市六十三中理化709人\216181030016_9 文件不存在!
2021-09-03 11:34:45 WARN  分配文件日志:87 - H:\2021.05.26六十三中\太原市六十三中理化709人\216181030017 文件不存在!
2021-09-03 11:34:45 WARN  分配文件日志:87 - H:\2021.05.26六十三中\太原市六十三中理化709人\216181030023 文件不存在!
2021-09-03 11:34:45 WARN  分配文件日志:87 - H:\2021.05.26六十三中\太原市六十三中理化709人\216181030025 文件不存在!
2021-09-03 11:34:45 WARN  分配文件日志:87 - H:\2021.05.26六十三中\太原市六十三中理化709人\216181030026_9 文件不存在!
2021-09-03 11:34:45 WARN  分配文件日志:87 - H:\2021.05.26六十三中\太原市六十三中理化709人\216181030028_6 文件不存在!
2021-09-03 11:34:45 WARN  分配文件日志:87 - H:\2021.05.26六十三中\太原市六十三中理化709人\216181030029_9 文件不存在!
2021-09-03 11:34:45 WARN  分配文件日志:87 - H:\2021.05.26六十三中\太原市六十三中理化709人\216181030031 文件不存在!
2021-09-03 11:34:45 WARN  分配文件日志:87 - H:\2021.05.26六十三中\太原市六十三中理化709人\216181030033 文件不存在!
2021-09-03 11:34:45 WARN  分配文件日志:87 - H:\2021.05.26六十三中\太原市六十三中理化709人\216181030034 文件不存在!
2021-09-03 11:34:45 WARN  分配文件日志:87 - H:\2021.05.26六十三中\太原市六十三中理化709人\216181030035_9 文件不存在!
2021-09-03 11:34:45 WARN  分配文件日志:87 - H:\2021.05.26六十三中\太原市六十三中理化709人\216181030039 文件不存在!
2021-09-03 11:34:45 WARN  分配文件日志:87 - H:\2021.05.26六十三中\太原市六十三中理化709人\216181030041 文件不存在!
2021-09-03 11:34:45 WARN  分配文件日志:87 - H:\2021.05.26六十三中\太原市六十三中理化709人\216181030042_8 文件不存在!
2021-09-03 11:34:45 WARN  分配文件日志:87 - H:\2021.05.26六十三中\太原市六十三中理化709人\216181030044_9 文件不存在!
2021-09-03 11:34:45 WARN  分配文件日志:87 - H:\2021.05.26六十三中\太原市六十三中理化709人\216181030047 文件不存在!
2021-09-03 11:34:45 WARN  分配文件日志:87 - H:\2021.05.26六十三中\太原市六十三中理化709人\216181030049 文件不存在!
2021-09-03 11:34:45 WARN  分配文件日志:87 - H:\2021.05.26六十三中\太原市六十三中理化709人\216181030053 文件不存在!
2021-09-03 11:34:45 WARN  分配文件日志:87 - H:\2021.05.26六十三中\太原市六十三中理化709人\216181030054_7 文件不存在!
2021-09-03 11:34:45 WARN  分配文件日志:87 - H:\2021.05.26六十三中\太原市六十三中理化709人\216181030055 文件不存在!
2021-09-03 11:34:45 WARN  分配文件日志:87 - H:\2021.05.26六十三中\太原市六十三中理化709人\216181040002 文件不存在!
2021-09-03 11:34:45 WARN  分配文件日志:87 - H:\2021.05.26六十三中\太原市六十三中理化709人\216181040003 文件不存在!
2021-09-03 11:34:45 WARN  分配文件日志:87 - H:\2021.05.26六十三中\太原市六十三中理化709人\216181040008 文件不存在!
2021-09-03 11:34:45 WARN  分配文件日志:87 - H:\2021.05.26六十三中\太原市六十三中理化709人\216181040010 文件不存在!
2021-09-03 11:34:45 WARN  分配文件日志:87 - H:\2021.05.26六十三中\太原市六十三中理化709人\216181040011 文件不存在!
2021-09-03 11:34:45 WARN  分配文件日志:87 - H:\2021.05.26六十三中\太原市六十三中理化709人\216181040012 文件不存在!
2021-09-03 11:34:45 WARN  分配文件日志:87 - H:\2021.05.26六十三中\太原市六十三中理化709人\216181040013 文件不存在!
2021-09-03 11:34:45 WARN  分配文件日志:87 - H:\2021.05.26六十三中\太原市六十三中理化709人\216181040015 文件不存在!
2021-09-03 11:34:45 WARN  分配文件日志:87 - H:\2021.05.26六十三中\太原市六十三中理化709人\216181040017 文件不存在!
2021-09-03 11:34:45 WARN  分配文件日志:87 - H:\2021.05.26六十三中\太原市六十三中理化709人\216181040018_9 文件不存在!
2021-09-03 11:34:45 WARN  分配文件日志:87 - H:\2021.05.26六十三中\太原市六十三中理化709人\216181040021 文件不存在!
2021-09-03 11:34:45 WARN  分配文件日志:87 - H:\2021.05.26六十三中\太原市六十三中理化709人\216181040022 文件不存在!
2021-09-03 11:34:45 WARN  分配文件日志:87 - H:\2021.05.26六十三中\太原市六十三中理化709人\216181040023 文件不存在!
2021-09-03 11:34:45 WARN  分配文件日志:87 - H:\2021.05.26六十三中\太原市六十三中理化709人\216181040024 文件不存在!
2021-09-03 11:34:45 WARN  分配文件日志:87 - H:\2021.05.26六十三中\太原市六十三中理化709人\216181040028_7 文件不存在!
2021-09-03 11:34:45 WARN  分配文件日志:87 - H:\2021.05.26六十三中\太原市六十三中理化709人\216181040029 文件不存在!
2021-09-03 11:34:45 WARN  分配文件日志:87 - H:\2021.05.26六十三中\太原市六十三中理化709人\216181040030 文件不存在!
2021-09-03 11:34:45 WARN  分配文件日志:87 - H:\2021.05.26六十三中\太原市六十三中理化709人\216181040032 文件不存在!
2021-09-03 11:34:45 WARN  分配文件日志:87 - H:\2021.05.26六十三中\太原市六十三中理化709人\216181040036 文件不存在!
2021-09-03 11:34:45 WARN  分配文件日志:87 - H:\2021.05.26六十三中\太原市六十三中理化709人\216181040039 文件不存在!
2021-09-03 11:34:45 WARN  分配文件日志:87 - H:\2021.05.26六十三中\太原市六十三中理化709人\216181040041_9 文件不存在!
2021-09-03 11:34:45 WARN  分配文件日志:87 - H:\2021.05.26六十三中\太原市六十三中理化709人\216181040042 文件不存在!
2021-09-03 11:34:45 WARN  分配文件日志:87 - H:\2021.05.26六十三中\太原市六十三中理化709人\216181040047 文件不存在!
2021-09-03 11:34:45 WARN  分配文件日志:87 - H:\2021.05.26六十三中\太原市六十三中理化709人\216181040048 文件不存在!
2021-09-03 11:34:45 WARN  分配文件日志:87 - H:\2021.05.26六十三中\太原市六十三中理化709人\216181040051 文件不存在!
2021-09-03 11:34:45 WARN  分配文件日志:87 - H:\2021.05.26六十三中\太原市六十三中理化709人\216181040054 文件不存在!
2021-09-03 11:34:45 WARN  分配文件日志:87 - H:\2021.05.26六十三中\太原市六十三中理化709人\216181040055 文件不存在!
2021-09-03 11:34:45 WARN  分配文件日志:87 - H:\2021.05.26六十三中\太原市六十三中理化709人\216181040056 文件不存在!
2021-09-03 11:34:45 WARN  分配文件日志:87 - H:\2021.05.26六十三中\太原市六十三中理化709人\216181040061 文件不存在!
2021-09-03 11:34:45 WARN  分配文件日志:87 - H:\2021.05.26六十三中\太原市六十三中理化709人\216181040063_6 文件不存在!
2021-09-03 11:34:45 WARN  分配文件日志:87 - H:\2021.05.26六十三中\太原市六十三中理化709人\216181040064_9 文件不存在!
2021-09-03 11:34:45 WARN  分配文件日志:87 - H:\2021.05.26六十三中\太原市六十三中理化709人\216181040065 文件不存在!
2021-09-03 11:34:45 WARN  分配文件日志:87 - H:\2021.05.26六十三中\太原市六十三中理化709人\216181040066_6 文件不存在!
2021-09-03 11:34:45 WARN  分配文件日志:87 - H:\2021.05.26六十三中\太原市六十三中理化709人\216181040068_8 文件不存在!
2021-09-03 11:34:45 WARN  分配文件日志:87 - H:\2021.05.26六十三中\太原市六十三中理化709人\216181040069 文件不存在!
2021-09-03 11:34:45 WARN  分配文件日志:87 - H:\2021.05.26六十三中\太原市六十三中理化709人\216181040073 文件不存在!
2021-09-03 11:34:45 WARN  分配文件日志:87 - H:\2021.05.26六十三中\太原市六十三中理化709人\216181040078 文件不存在!
2021-09-03 11:34:45 WARN  分配文件日志:87 - H:\2021.05.26六十三中\太原市六十三中理化709人\216181040079 文件不存在!
2021-09-03 11:34:45 WARN  分配文件日志:87 - H:\2021.05.26六十三中\太原市六十三中理化709人\216181040081 文件不存在!
2021-09-03 11:34:45 WARN  分配文件日志:87 - H:\2021.05.26六十三中\太原市六十三中理化709人\216181040083_9 文件不存在!
2021-09-03 11:34:45 WARN  分配文件日志:87 - H:\2021.05.26六十三中\太原市六十三中理化709人\216181040085 文件不存在!
2021-09-03 11:34:45 WARN  分配文件日志:87 - H:\2021.05.26六十三中\太原市六十三中理化709人\216181040086 文件不存在!
2021-09-03 11:34:45 WARN  分配文件日志:87 - H:\2021.05.26六十三中\太原市六十三中理化709人\216181040087 文件不存在!
2021-09-03 11:34:45 WARN  分配文件日志:87 - H:\2021.05.26六十三中\太原市六十三中理化709人\216181040089 文件不存在!
2021-09-03 11:34:45 WARN  分配文件日志:87 - H:\2021.05.26六十三中\太原市六十三中理化709人\216181040090 文件不存在!
2021-09-03 11:34:45 WARN  分配文件日志:87 - H:\2021.05.26六十三中\太原市六十三中理化709人\216181040094 文件不存在!
2021-09-03 11:34:45 WARN  分配文件日志:87 - H:\2021.05.26六十三中\太原市六十三中理化709人\216181040095_9 文件不存在!
2021-09-03 11:34:45 WARN  分配文件日志:87 - H:\2021.05.26六十三中\太原市六十三中理化709人\216181040096 文件不存在!
2021-09-03 11:34:45 WARN  分配文件日志:87 - H:\2021.05.26六十三中\太原市六十三中理化709人\216181040097_1 文件不存在!
2021-09-03 11:34:45 WARN  分配文件日志:87 - H:\2021.05.26六十三中\太原市六十三中理化709人\216181040100 文件不存在!
2021-09-03 11:34:45 WARN  分配文件日志:87 - H:\2021.05.26六十三中\太原市六十三中理化709人\216181040101_-1 文件不存在!
2021-09-03 11:34:45 WARN  分配文件日志:87 - H:\2021.05.26六十三中\太原市六十三中理化709人\216181040103_-1 文件不存在!
2021-09-03 11:34:45 WARN  分配文件日志:87 - H:\2021.05.26六十三中\太原市六十三中理化709人\216181040105_-1 文件不存在!
2021-09-03 11:34:45 WARN  分配文件日志:87 - H:\2021.05.26六十三中\太原市六十三中理化709人\216181040109 文件不存在!
2021-09-03 11:34:45 WARN  分配文件日志:87 - H:\2021.05.26六十三中\太原市六十三中理化709人\216181040111 文件不存在!
2021-09-03 11:34:45 WARN  分配文件日志:87 - H:\2021.05.26六十三中\太原市六十三中理化709人\216181040114 文件不存在!
2021-09-03 11:34:45 WARN  分配文件日志:87 - H:\2021.05.26六十三中\太原市六十三中理化709人\216181150002_-1 文件不存在!
2021-09-03 11:34:45 WARN  分配文件日志:87 - H:\2021.05.26六十三中\太原市六十三中理化709人\216181150004_8 文件不存在!
2021-09-03 11:34:45 WARN  分配文件日志:87 - H:\2021.05.26六十三中\太原市六十三中理化709人\216181150005_-1 文件不存在!
2021-09-03 11:34:45 WARN  分配文件日志:87 - H:\2021.05.26六十三中\太原市六十三中理化709人\216181150006 文件不存在!
2021-09-03 11:34:45 WARN  分配文件日志:87 - H:\2021.05.26六十三中\太原市六十三中理化709人\216181150008_-1 文件不存在!
2021-09-03 11:34:45 WARN  分配文件日志:87 - H:\2021.05.26六十三中\太原市六十三中理化709人\216181150009_-1 文件不存在!
2021-09-03 11:34:45 WARN  分配文件日志:87 - H:\2021.05.26六十三中\太原市六十三中理化709人\216181150010 文件不存在!
2021-09-03 11:34:45 WARN  分配文件日志:87 - H:\2021.05.26六十三中\太原市六十三中理化709人\216181150013_-1 文件不存在!
2021-09-03 11:34:45 WARN  分配文件日志:87 - H:\2021.05.26六十三中\太原市六十三中理化709人\216181150014 文件不存在!
2021-09-03 11:34:45 WARN  分配文件日志:87 - H:\2021.05.26六十三中\太原市六十三中理化709人\216181150015_9 文件不存在!
2021-09-03 11:34:45 WARN  分配文件日志:87 - H:\2021.05.26六十三中\太原市六十三中理化709人\216181080001_-1 文件不存在!
2021-09-03 11:34:45 WARN  分配文件日志:87 - H:\2021.05.26六十三中\太原市六十三中理化709人\216181080005_9 文件不存在!
2021-09-03 11:34:45 WARN  分配文件日志:87 - H:\2021.05.26六十三中\太原市六十三中理化709人\216181080006 文件不存在!
2021-09-03 11:34:45 WARN  分配文件日志:87 - H:\2021.05.26六十三中\太原市六十三中理化709人\216181080007_-1 文件不存在!
2021-09-03 11:34:45 WARN  分配文件日志:87 - H:\2021.05.26六十三中\太原市六十三中理化709人\216181080010_-1 文件不存在!
2021-09-03 11:34:45 WARN  分配文件日志:87 - H:\2021.05.26六十三中\太原市六十三中理化709人\216181080011_-1 文件不存在!
2021-09-03 11:34:45 WARN  分配文件日志:87 - H:\2021.05.26六十三中\太原市六十三中理化709人\216181080013 文件不存在!
2021-09-03 11:34:45 WARN  分配文件日志:87 - H:\2021.05.26六十三中\太原市六十三中理化709人\216181080016 文件不存在!
2021-09-03 11:34:45 WARN  分配文件日志:87 - H:\2021.05.26六十三中\太原市六十三中理化709人\216181080017 文件不存在!
2021-09-03 11:34:45 WARN  分配文件日志:87 - H:\2021.05.26六十三中\太原市六十三中理化709人\216181080018 文件不存在!
2021-09-03 11:34:45 WARN  分配文件日志:87 - H:\2021.05.26六十三中\太原市六十三中理化709人\216181080023 文件不存在!
2021-09-03 11:34:45 WARN  分配文件日志:87 - H:\2021.05.26六十三中\太原市六十三中理化709人\216181080024 文件不存在!
2021-09-03 11:34:45 WARN  分配文件日志:87 - H:\2021.05.26六十三中\太原市六十三中理化709人\216181080027 文件不存在!
2021-09-03 11:34:45 WARN  分配文件日志:87 - H:\2021.05.26六十三中\太原市六十三中理化709人\216181080028 文件不存在!
2021-09-03 11:34:45 WARN  分配文件日志:87 - H:\2021.05.26六十三中\太原市六十三中理化709人\216181080031_9 文件不存在!
2021-09-03 11:34:45 WARN  分配文件日志:87 - H:\2021.05.26六十三中\太原市六十三中理化709人\216181080033 文件不存在!
2021-09-03 11:34:45 WARN  分配文件日志:87 - H:\2021.05.26六十三中\太原市六十三中理化709人\216181080036 文件不存在!
2021-09-03 11:34:45 WARN  分配文件日志:87 - H:\2021.05.26六十三中\太原市六十三中理化709人\216181080037 文件不存在!
2021-09-03 11:34:45 WARN  分配文件日志:87 - H:\2021.05.26六十三中\太原市六十三中理化709人\216181080038 文件不存在!
2021-09-03 11:34:45 WARN  分配文件日志:87 - H:\2021.05.26六十三中\太原市六十三中理化709人\216181080039 文件不存在!
2021-09-03 11:34:45 WARN  分配文件日志:87 - H:\2021.05.26六十三中\太原市六十三中理化709人\216181080040 文件不存在!
2021-09-03 11:34:45 WARN  分配文件日志:87 - H:\2021.05.26六十三中\太原市六十三中理化709人\216181080041_9 文件不存在!
2021-09-03 11:34:45 WARN  分配文件日志:87 - H:\2021.05.26六十三中\太原市六十三中理化709人\216181080045 文件不存在!
2021-09-03 11:34:45 WARN  分配文件日志:87 - H:\2021.05.26六十三中\太原市六十三中理化709人\216181080046 文件不存在!
2021-09-03 11:34:45 WARN  分配文件日志:87 - H:\2021.05.26六十三中\太原市六十三中理化709人\216181080047_9 文件不存在!
2021-09-03 11:34:45 WARN  分配文件日志:87 - H:\2021.05.26六十三中\太原市六十三中理化709人\216181080048 文件不存在!
2021-09-03 11:34:45 WARN  分配文件日志:87 - H:\2021.05.26六十三中\太原市六十三中理化709人\216181080051 文件不存在!
2021-09-03 11:34:45 WARN  分配文件日志:87 - H:\2021.05.26六十三中\太原市六十三中理化709人\216181080054 文件不存在!
2021-09-03 11:34:45 WARN  分配文件日志:87 - H:\2021.05.26六十三中\太原市六十三中理化709人\216181080055 文件不存在!
2021-09-03 11:34:45 WARN  分配文件日志:87 - H:\2021.05.26六十三中\太原市六十三中理化709人\216181080058 文件不存在!
2021-09-03 11:34:45 WARN  分配文件日志:87 - H:\2021.05.26六十三中\太原市六十三中理化709人\216181080061_-1 文件不存在!
2021-09-03 11:34:45 WARN  分配文件日志:87 - H:\2021.05.26六十三中\太原市六十三中理化709人\216181080063 文件不存在!
2021-09-03 11:34:45 WARN  分配文件日志:87 - H:\2021.05.26六十三中\太原市六十三中理化709人\216181080064 文件不存在!
2021-09-03 11:34:45 WARN  分配文件日志:87 - H:\2021.05.26六十三中\太原市六十三中理化709人\216181080065_9 文件不存在!
2021-09-03 11:34:45 WARN  分配文件日志:87 - H:\2021.05.26六十三中\太原市六十三中理化709人\216181080066_9 文件不存在!
2021-09-03 11:34:45 WARN  分配文件日志:87 - H:\2021.05.26六十三中\太原市六十三中理化709人\216181080067 文件不存在!
2021-09-03 11:34:45 WARN  分配文件日志:87 - H:\2021.05.26六十三中\太原市六十三中理化709人\216181080068 文件不存在!
2021-09-03 11:34:45 WARN  分配文件日志:87 - H:\2021.05.26六十三中\太原市六十三中理化709人\216181080070 文件不存在!
2021-09-03 11:34:45 WARN  分配文件日志:87 - H:\2021.05.26六十三中\太原市六十三中理化709人\216181080071_-1 文件不存在!
2021-09-03 11:34:45 WARN  分配文件日志:87 - H:\2021.05.26六十三中\太原市六十三中理化709人\216181080074 文件不存在!
2021-09-03 11:34:45 WARN  分配文件日志:87 - H:\2021.05.26六十三中\太原市六十三中理化709人\216181080078 文件不存在!
2021-09-03 11:34:45 WARN  分配文件日志:87 - H:\2021.05.26六十三中\太原市六十三中理化709人\216181080079_-1 文件不存在!
2021-09-03 11:34:45 WARN  分配文件日志:87 - H:\2021.05.26六十三中\太原市六十三中理化709人\216181080080 文件不存在!
2021-09-03 11:34:45 WARN  分配文件日志:87 - H:\2021.05.26六十三中\太原市六十三中理化709人\216181080087 文件不存在!
2021-09-03 11:34:45 WARN  分配文件日志:87 - H:\2021.05.26六十三中\太原市六十三中理化709人\216181080088_-1 文件不存在!
2021-09-03 11:34:45 WARN  分配文件日志:87 - H:\2021.05.26六十三中\太原市六十三中理化709人\216181080091 文件不存在!
2021-09-03 11:34:45 WARN  分配文件日志:87 - H:\2021.05.26六十三中\太原市六十三中理化709人\216181080093 文件不存在!
2021-09-03 11:34:45 WARN  分配文件日志:87 - H:\2021.05.26六十三中\太原市六十三中理化709人\216181080095 文件不存在!
2021-09-03 11:34:45 WARN  分配文件日志:87 - H:\2021.05.26六十三中\太原市六十三中理化709人\216181080096 文件不存在!
2021-09-03 11:34:45 WARN  分配文件日志:87 - H:\2021.05.26六十三中\太原市六十三中理化709人\216181080097 文件不存在!
2021-09-03 11:34:45 WARN  分配文件日志:87 - H:\2021.05.26六十三中\太原市六十三中理化709人\216181080100 文件不存在!
2021-09-03 11:34:45 WARN  分配文件日志:87 - H:\2021.05.26六十三中\太原市六十三中理化709人\216181050001 文件不存在!
2021-09-03 11:34:45 WARN  分配文件日志:87 - H:\2021.05.26六十三中\太原市六十三中理化709人\216181050002 文件不存在!
2021-09-03 11:34:45 WARN  分配文件日志:87 - H:\2021.05.26六十三中\太原市六十三中理化709人\216181050003 文件不存在!
2021-09-03 11:34:45 WARN  分配文件日志:87 - H:\2021.05.26六十三中\太原市六十三中理化709人\216181050008 文件不存在!
2021-09-03 11:34:45 WARN  分配文件日志:87 - H:\2021.05.26六十三中\太原市六十三中理化709人\216181050009 文件不存在!
2021-09-03 11:34:45 WARN  分配文件日志:87 - H:\2021.05.26六十三中\太原市六十三中理化709人\216181050011 文件不存在!
2021-09-03 11:34:45 WARN  分配文件日志:87 - H:\2021.05.26六十三中\太原市六十三中理化709人\216181050013 文件不存在!
2021-09-03 11:34:45 WARN  分配文件日志:87 - H:\2021.05.26六十三中\太原市六十三中理化709人\216181050015_8 文件不存在!
2021-09-03 11:34:45 WARN  分配文件日志:87 - H:\2021.05.26六十三中\太原市六十三中理化709人\216181050017 文件不存在!
2021-09-03 11:34:45 WARN  分配文件日志:87 - H:\2021.05.26六十三中\太原市六十三中理化709人\216181050021 文件不存在!
2021-09-03 11:34:45 WARN  分配文件日志:87 - H:\2021.05.26六十三中\太原市六十三中理化709人\216181050023 文件不存在!
2021-09-03 11:34:45 WARN  分配文件日志:87 - H:\2021.05.26六十三中\太原市六十三中理化709人\216181050025_9 文件不存在!
2021-09-03 11:34:45 WARN  分配文件日志:87 - H:\2021.05.26六十三中\太原市六十三中理化709人\216181050029 文件不存在!
2021-09-03 11:34:45 WARN  分配文件日志:87 - H:\2021.05.26六十三中\太原市六十三中理化709人\216181050031 文件不存在!
2021-09-03 11:34:45 WARN  分配文件日志:87 - H:\2021.05.26六十三中\太原市六十三中理化709人\216181050032 文件不存在!
2021-09-03 11:34:45 WARN  分配文件日志:87 - H:\2021.05.26六十三中\太原市六十三中理化709人\216181050033 文件不存在!
2021-09-03 11:34:45 WARN  分配文件日志:87 - H:\2021.05.26六十三中\太原市六十三中理化709人\216181050035 文件不存在!
2021-09-03 11:34:45 WARN  分配文件日志:87 - H:\2021.05.26六十三中\太原市六十三中理化709人\216181050037 文件不存在!
2021-09-03 11:34:45 WARN  分配文件日志:87 - H:\2021.05.26六十三中\太原市六十三中理化709人\216181050038 文件不存在!
2021-09-03 11:34:45 WARN  分配文件日志:87 - H:\2021.05.26六十三中\太原市六十三中理化709人\216181050040 文件不存在!
2021-09-03 11:34:45 WARN  分配文件日志:87 - H:\2021.05.26六十三中\太原市六十三中理化709人\216181050043 文件不存在!
2021-09-03 11:34:45 WARN  分配文件日志:87 - H:\2021.05.26六十三中\太原市六十三中理化709人\216181050046 文件不存在!
2021-09-03 11:34:45 WARN  分配文件日志:87 - H:\2021.05.26六十三中\太原市六十三中理化709人\216181050048 文件不存在!
2021-09-03 11:34:45 WARN  分配文件日志:87 - H:\2021.05.26六十三中\太原市六十三中理化709人\216181050049 文件不存在!
2021-09-03 11:34:45 WARN  分配文件日志:87 - H:\2021.05.26六十三中\太原市六十三中理化709人\216181050050 文件不存在!
2021-09-03 11:34:45 WARN  分配文件日志:87 - H:\2021.05.26六十三中\太原市六十三中理化709人\216181050054 文件不存在!
2021-09-03 11:34:45 WARN  分配文件日志:87 - H:\2021.05.26六十三中\太原市六十三中理化709人\216181050055 文件不存在!
2021-09-03 11:34:45 WARN  分配文件日志:87 - H:\2021.05.26六十三中\太原市六十三中理化709人\216181050061 文件不存在!
2021-09-03 11:34:45 WARN  分配文件日志:87 - H:\2021.05.26六十三中\太原市六十三中理化709人\216181050062_9 文件不存在!
2021-09-03 11:34:45 WARN  分配文件日志:87 - H:\2021.05.26六十三中\太原市六十三中理化709人\216181050064 文件不存在!
2021-09-03 11:34:45 WARN  分配文件日志:87 - H:\2021.05.26六十三中\太原市六十三中理化709人\216181050066 文件不存在!
2021-09-03 11:34:45 WARN  分配文件日志:87 - H:\2021.05.26六十三中\太原市六十三中理化709人\216181050069 文件不存在!
2021-09-03 11:34:45 WARN  分配文件日志:87 - H:\2021.05.26六十三中\太原市六十三中理化709人\216181050070 文件不存在!
2021-09-03 11:34:45 WARN  分配文件日志:87 - H:\2021.05.26六十三中\太原市六十三中理化709人\216181050075_9 文件不存在!
2021-09-03 11:34:45 WARN  分配文件日志:87 - H:\2021.05.26六十三中\太原市六十三中理化709人\216181050076 文件不存在!
2021-09-03 11:34:45 WARN  分配文件日志:87 - H:\2021.05.26六十三中\太原市六十三中理化709人\216181050078 文件不存在!
2021-09-03 11:34:45 WARN  分配文件日志:87 - H:\2021.05.26六十三中\太原市六十三中理化709人\216181050079 文件不存在!
2021-09-03 11:34:45 WARN  分配文件日志:87 - H:\2021.05.26六十三中\太原市六十三中理化709人\216181050082 文件不存在!
2021-09-03 11:34:45 WARN  分配文件日志:87 - H:\2021.05.26六十三中\太原市六十三中理化709人\216181050083_6 文件不存在!
2021-09-03 11:34:45 WARN  分配文件日志:87 - H:\2021.05.26六十三中\太原市六十三中理化709人\216181050084 文件不存在!
2021-09-03 11:34:45 WARN  分配文件日志:87 - H:\2021.05.26六十三中\太原市六十三中理化709人\216181050085 文件不存在!
2021-09-03 11:34:45 WARN  分配文件日志:87 - H:\2021.05.26六十三中\太原市六十三中理化709人\216181050087_9 文件不存在!
2021-09-03 11:34:45 WARN  分配文件日志:87 - H:\2021.05.26六十三中\太原市六十三中理化709人\216181050088 文件不存在!
2021-09-03 11:34:45 WARN  分配文件日志:87 - H:\2021.05.26六十三中\太原市六十三中理化709人\216181050089 文件不存在!
2021-09-03 11:34:45 WARN  分配文件日志:87 - H:\2021.05.26六十三中\太原市六十三中理化709人\216181050090 文件不存在!
2021-09-03 11:34:45 WARN  分配文件日志:87 - H:\2021.05.26六十三中\太原市六十三中理化709人\216181050092_9 文件不存在!
2021-09-03 11:37:16 INFO  分配文件日志:100 - H:\2021.05.26六十三中\太原市六十三中理化709人\216110090001传输完成
2021-09-03 11:37:17 INFO  分配文件日志:100 - H:\2021.05.26六十三中\太原市六十三中理化709人\216110090004传输完成
2021-09-03 11:37:17 INFO  分配文件日志:100 - H:\2021.05.26六十三中\太原市六十三中理化709人\216110090005传输完成
2021-09-03 11:37:18 INFO  分配文件日志:100 - H:\2021.05.26六十三中\太原市六十三中理化709人\216110090006传输完成
2021-09-03 11:37:19 INFO  分配文件日志:100 - H:\2021.05.26六十三中\太原市六十三中理化709人\216110090009传输完成
2021-09-03 11:37:19 INFO  分配文件日志:100 - H:\2021.05.26六十三中\太原市六十三中理化709人\216110090012传输完成
2021-09-03 11:37:20 INFO  分配文件日志:100 - H:\2021.05.26六十三中\太原市六十三中理化709人\216110090013_7传输完成
2021-09-03 11:39:18 INFO  分配文件日志:101 - H:\2021.05.26六十三中\太原市六十三中理化709人\216110090001 传输完成
2021-09-03 11:39:19 INFO  分配文件日志:101 - H:\2021.05.26六十三中\太原市六十三中理化709人\216110090004 传输完成
2021-09-03 11:39:19 INFO  分配文件日志:101 - H:\2021.05.26六十三中\太原市六十三中理化709人\216110090005 传输完成
2021-09-03 11:39:19 INFO  分配文件日志:101 - H:\2021.05.26六十三中\太原市六十三中理化709人\216110090006 传输完成
2021-09-03 11:39:20 INFO  分配文件日志:101 - H:\2021.05.26六十三中\太原市六十三中理化709人\216110090009 传输完成
2021-09-03 11:39:20 INFO  分配文件日志:101 - H:\2021.05.26六十三中\太原市六十三中理化709人\216110090012 传输完成
2021-09-03 11:39:21 INFO  分配文件日志:101 - H:\2021.05.26六十三中\太原市六十三中理化709人\216110090013_7 传输完成
2021-09-03 11:39:21 INFO  分配文件日志:101 - H:\2021.05.26六十三中\太原市六十三中理化709人\216110090015_8 传输完成
2021-09-03 11:39:22 INFO  分配文件日志:101 - H:\2021.05.26六十三中\太原市六十三中理化709人\216110090017 传输完成
2021-09-03 11:39:23 INFO  分配文件日志:101 - H:\2021.05.26六十三中\太原市六十三中理化709人\216110090019 传输完成
2021-09-03 11:39:24 INFO  分配文件日志:101 - H:\2021.05.26六十三中\太原市六十三中理化709人\216110090020 传输完成
2021-09-03 11:39:24 INFO  分配文件日志:101 - H:\2021.05.26六十三中\太原市六十三中理化709人\216110090021 传输完成
2021-09-03 11:39:25 INFO  分配文件日志:101 - H:\2021.05.26六十三中\太原市六十三中理化709人\216110090022 传输完成
2021-09-03 11:39:27 INFO  分配文件日志:101 - H:\2021.05.26六十三中\太原市六十三中理化709人\216110090024_3 传输完成
2021-09-03 11:39:28 INFO  分配文件日志:101 - H:\2021.05.26六十三中\太原市六十三中理化709人\216110090026_9 传输完成
2021-09-03 11:39:30 INFO  分配文件日志:101 - H:\2021.05.26六十三中\太原市六十三中理化709人\216110090030_8 传输完成
2021-09-03 11:39:30 INFO  分配文件日志:101 - H:\2021.05.26六十三中\太原市六十三中理化709人\216110090031 传输完成
2021-09-03 11:39:31 INFO  分配文件日志:101 - H:\2021.05.26六十三中\太原市六十三中理化709人\216110090032 传输完成
2021-09-03 11:39:32 INFO  分配文件日志:101 - H:\2021.05.26六十三中\太原市六十三中理化709人\216110090033 传输完成
2021-09-03 11:39:33 INFO  分配文件日志:101 - H:\2021.05.26六十三中\太原市六十三中理化709人\216110090038_8 传输完成
2021-09-03 11:39:34 INFO  分配文件日志:101 - H:\2021.05.26六十三中\太原市六十三中理化709人\216110090039 传输完成
2021-09-03 11:39:35 INFO  分配文件日志:101 - H:\2021.05.26六十三中\太原市六十三中理化709人\216110090040_6 传输完成
2021-09-03 11:39:36 INFO  分配文件日志:101 - H:\2021.05.26六十三中\太原市六十三中理化709人\216110090047 传输完成
2021-09-03 11:39:36 INFO  分配文件日志:101 - H:\2021.05.26六十三中\太原市六十三中理化709人\216110090048_9 传输完成
2021-09-03 11:39:37 INFO  分配文件日志:101 - H:\2021.05.26六十三中\太原市六十三中理化709人\216110090049_9 传输完成
2021-09-03 11:39:37 INFO  分配文件日志:101 - H:\2021.05.26六十三中\太原市六十三中理化709人\216110090054 传输完成
2021-09-03 11:39:39 INFO  分配文件日志:101 - H:\2021.05.26六十三中\太原市六十三中理化709人\216110090056 传输完成
2021-09-03 11:39:40 INFO  分配文件日志:101 - H:\2021.05.26六十三中\太原市六十三中理化709人\216110090057 传输完成
2021-09-03 11:39:41 INFO  分配文件日志:101 - H:\2021.05.26六十三中\太原市六十三中理化709人\216110090059 传输完成
2021-09-03 11:39:42 INFO  分配文件日志:101 - H:\2021.05.26六十三中\太原市六十三中理化709人\216110090061_9 传输完成
2021-09-03 11:39:43 INFO  分配文件日志:101 - H:\2021.05.26六十三中\太原市六十三中理化709人\216110090063 传输完成
2021-09-03 11:39:43 INFO  分配文件日志:101 - H:\2021.05.26六十三中\太原市六十三中理化709人\216110090066 传输完成
2021-09-03 11:39:44 INFO  分配文件日志:101 - H:\2021.05.26六十三中\太原市六十三中理化709人\216110090067 传输完成
2021-09-03 11:39:45 INFO  分配文件日志:101 - H:\2021.05.26六十三中\太原市六十三中理化709人\216110090071 传输完成
2021-09-03 11:39:46 INFO  分配文件日志:101 - H:\2021.05.26六十三中\太原市六十三中理化709人\216110090074 传输完成
2021-09-03 11:39:47 INFO  分配文件日志:101 - H:\2021.05.26六十三中\太原市六十三中理化709人\216110090076_7 传输完成
2021-09-03 11:39:48 INFO  分配文件日志:101 - H:\2021.05.26六十三中\太原市六十三中理化709人\216110090077 传输完成
2021-09-03 11:39:49 INFO  分配文件日志:101 - H:\2021.05.26六十三中\太原市六十三中理化709人\216110090078 传输完成
2021-09-03 11:39:50 INFO  分配文件日志:101 - H:\2021.05.26六十三中\太原市六十三中理化709人\216110090081 传输完成
2021-09-03 11:39:51 INFO  分配文件日志:101 - H:\2021.05.26六十三中\太原市六十三中理化709人\216110090083 传输完成
2021-09-03 11:39:53 INFO  分配文件日志:101 - H:\2021.05.26六十三中\太原市六十三中理化709人\216110090087_9 传输完成
2021-09-03 11:39:54 INFO  分配文件日志:101 - H:\2021.05.26六十三中\太原市六十三中理化709人\216110090089_7 传输完成
2021-09-03 11:39:55 INFO  分配文件日志:101 - H:\2021.05.26六十三中\太原市六十三中理化709人\216110090091 传输完成
2021-09-03 11:39:56 INFO  分配文件日志:101 - H:\2021.05.26六十三中\太原市六十三中理化709人\216110090092 传输完成
2021-09-03 11:39:57 INFO  分配文件日志:101 - H:\2021.05.26六十三中\太原市六十三中理化709人\216110090093_6 传输完成
2021-09-03 11:39:58 INFO  分配文件日志:101 - H:\2021.05.26六十三中\太原市六十三中理化709人\216110090094_7 传输完成
2021-09-03 11:39:59 INFO  分配文件日志:101 - H:\2021.05.26六十三中\太原市六十三中理化709人\216110090095_8 传输完成
2021-09-03 11:39:59 INFO  分配文件日志:101 - H:\2021.05.26六十三中\太原市六十三中理化709人\216110090096 传输完成
2021-09-03 11:40:00 INFO  分配文件日志:101 - H:\2021.05.26六十三中\太原市六十三中理化709人\216110090097 传输完成
2021-09-03 11:40:01 INFO  分配文件日志:101 - H:\2021.05.26六十三中\太原市六十三中理化709人\216110090099 传输完成
2021-09-03 11:40:02 INFO  分配文件日志:101 - H:\2021.05.26六十三中\太原市六十三中理化709人\216110090100 传输完成
2021-09-03 11:40:03 INFO  分配文件日志:101 - H:\2021.05.26六十三中\太原市六十三中理化709人\216110090101 传输完成
2021-09-03 11:40:04 INFO  分配文件日志:101 - H:\2021.05.26六十三中\太原市六十三中理化709人\216110090102 传输完成
2021-09-03 11:40:04 INFO  分配文件日志:101 - H:\2021.05.26六十三中\太原市六十三中理化709人\216110090105 传输完成
2021-09-03 11:40:05 INFO  分配文件日志:101 - H:\2021.05.26六十三中\太原市六十三中理化709人\216110090106 传输完成
2021-09-03 11:40:06 INFO  分配文件日志:101 - H:\2021.05.26六十三中\太原市六十三中理化709人\216110090111_9 传输完成
2021-09-03 11:40:06 WARN  分配文件日志:88 - H:\2021.05.26六十三中\太原市六十三中理化709人\216110090113 文件不存在!
2021-09-03 11:40:06 WARN  分配文件日志:88 - H:\2021.05.26六十三中\太原市六十三中理化709人\216110090115 文件不存在!
2021-09-03 11:40:08 INFO  分配文件日志:101 - H:\2021.05.26六十三中\太原市六十三中理化709人\216110090119 传输完成
2021-09-03 11:40:08 INFO  分配文件日志:101 - H:\2021.05.26六十三中\太原市六十三中理化709人\216110090120 传输完成
2021-09-03 11:40:09 INFO  分配文件日志:101 - H:\2021.05.26六十三中\太原市六十三中理化709人\216110090121_9 传输完成
2021-09-03 11:40:10 INFO  分配文件日志:101 - H:\2021.05.26六十三中\太原市六十三中理化709人\216110090122 传输完成
2021-09-03 11:40:11 INFO  分配文件日志:101 - H:\2021.05.26六十三中\太原市六十三中理化709人\216110090127 传输完成
2021-09-03 11:40:11 INFO  分配文件日志:101 - H:\2021.05.26六十三中\太原市六十三中理化709人\216110090129 传输完成
2021-09-03 11:40:12 INFO  分配文件日志:101 - H:\2021.05.26六十三中\太原市六十三中理化709人\216110090130 传输完成
2021-09-03 11:40:13 INFO  分配文件日志:101 - H:\2021.05.26六十三中\太原市六十三中理化709人\216110090131 传输完成
2021-09-03 11:40:14 INFO  分配文件日志:101 - H:\2021.05.26六十三中\太原市六十三中理化709人\216110090132 传输完成
2021-09-03 11:40:15 INFO  分配文件日志:101 - H:\2021.05.26六十三中\太原市六十三中理化709人\216110090134_9 传输完成
2021-09-03 11:40:16 INFO  分配文件日志:101 - H:\2021.05.26六十三中\太原市六十三中理化709人\216110090136_9 传输完成
2021-09-03 11:40:17 INFO  分配文件日志:101 - H:\2021.05.26六十三中\太原市六十三中理化709人\216110090137 传输完成
2021-09-03 11:40:18 INFO  分配文件日志:101 - H:\2021.05.26六十三中\太原市六十三中理化709人\216110090140_9 传输完成
2021-09-03 11:40:19 INFO  分配文件日志:101 - H:\2021.05.26六十三中\太原市六十三中理化709人\216110090144 传输完成
2021-09-03 11:40:19 INFO  分配文件日志:101 - H:\2021.05.26六十三中\太原市六十三中理化709人\216110090148 传输完成
2021-09-03 11:40:20 INFO  分配文件日志:101 - H:\2021.05.26六十三中\太原市六十三中理化709人\216110090154_9 传输完成
2021-09-03 11:40:21 INFO  分配文件日志:101 - H:\2021.05.26六十三中\太原市六十三中理化709人\216110090158 传输完成
2021-09-03 11:40:22 INFO  分配文件日志:101 - H:\2021.05.26六十三中\太原市六十三中理化709人\216110090159 传输完成
2021-09-03 11:40:22 INFO  分配文件日志:101 - H:\2021.05.26六十三中\太原市六十三中理化709人\216110090160_2 传输完成
2021-09-03 11:40:23 INFO  分配文件日志:101 - H:\2021.05.26六十三中\太原市六十三中理化709人\216110090161 传输完成
2021-09-03 11:40:24 INFO  分配文件日志:101 - H:\2021.05.26六十三中\太原市六十三中理化709人\216110090162 传输完成
2021-09-03 11:40:25 INFO  分配文件日志:101 - H:\2021.05.26六十三中\太原市六十三中理化709人\216110090163_9 传输完成
2021-09-03 11:40:26 INFO  分配文件日志:101 - H:\2021.05.26六十三中\太原市六十三中理化709人\216110090164_5 传输完成
2021-09-03 11:40:27 INFO  分配文件日志:101 - H:\2021.05.26六十三中\太原市六十三中理化709人\216110090165 传输完成
2021-09-03 11:40:28 INFO  分配文件日志:101 - H:\2021.05.26六十三中\太原市六十三中理化709人\216110090167 传输完成
2021-09-03 11:40:28 INFO  分配文件日志:101 - H:\2021.05.26六十三中\太原市六十三中理化709人\216110090169 传输完成
2021-09-03 11:40:29 INFO  分配文件日志:101 - H:\2021.05.26六十三中\太原市六十三中理化709人\216110090170 传输完成
2021-09-03 11:40:30 INFO  分配文件日志:101 - H:\2021.05.26六十三中\太原市六十三中理化709人\216110090171_8 传输完成
2021-09-03 11:40:31 INFO  分配文件日志:101 - H:\2021.05.26六十三中\太原市六十三中理化709人\216110090173 传输完成
2021-09-03 11:40:31 INFO  分配文件日志:101 - H:\2021.05.26六十三中\太原市六十三中理化709人\216110090176 传输完成
2021-09-03 11:40:32 INFO  分配文件日志:101 - H:\2021.05.26六十三中\太原市六十三中理化709人\216110090177_7 传输完成
2021-09-03 11:40:33 INFO  分配文件日志:101 - H:\2021.05.26六十三中\太原市六十三中理化709人\216110090180 传输完成
2021-09-03 11:40:34 INFO  分配文件日志:101 - H:\2021.05.26六十三中\太原市六十三中理化709人\216110090181 传输完成
2021-09-03 11:40:35 INFO  分配文件日志:101 - H:\2021.05.26六十三中\太原市六十三中理化709人\216110090183 传输完成
2021-09-03 11:40:36 INFO  分配文件日志:101 - H:\2021.05.26六十三中\太原市六十三中理化709人\216110090186_7 传输完成
2021-09-03 11:40:37 INFO  分配文件日志:101 - H:\2021.05.26六十三中\太原市六十三中理化709人\216110090188 传输完成
2021-09-03 11:40:38 INFO  分配文件日志:101 - H:\2021.05.26六十三中\太原市六十三中理化709人\216110090190_9 传输完成
2021-09-03 11:40:39 INFO  分配文件日志:101 - H:\2021.05.26六十三中\太原市六十三中理化709人\216110090191_8 传输完成
2021-09-03 11:40:40 INFO  分配文件日志:101 - H:\2021.05.26六十三中\太原市六十三中理化709人\216110090194 传输完成
2021-09-03 11:40:41 INFO  分配文件日志:101 - H:\2021.05.26六十三中\太原市六十三中理化709人\216110090198 传输完成
2021-09-03 11:40:42 INFO  分配文件日志:101 - H:\2021.05.26六十三中\太原市六十三中理化709人\216110090199 传输完成
2021-09-03 11:40:43 INFO  分配文件日志:101 - H:\2021.05.26六十三中\太原市六十三中理化709人\216110090201_8 传输完成
2021-09-03 11:40:44 INFO  分配文件日志:101 - H:\2021.05.26六十三中\太原市六十三中理化709人\216110090204 传输完成
2021-09-03 11:40:44 INFO  分配文件日志:101 - H:\2021.05.26六十三中\太原市六十三中理化709人\216110090209_8 传输完成
2021-09-03 11:40:45 INFO  分配文件日志:101 - H:\2021.05.26六十三中\太原市六十三中理化709人\216110090210 传输完成
2021-09-03 11:40:46 INFO  分配文件日志:101 - H:\2021.05.26六十三中\太原市六十三中理化709人\216110090212_9 传输完成
2021-09-03 11:40:47 INFO  分配文件日志:101 - H:\2021.05.26六十三中\太原市六十三中理化709人\216110090213 传输完成
2021-09-03 11:40:48 INFO  分配文件日志:101 - H:\2021.05.26六十三中\太原市六十三中理化709人\216110090216 传输完成
2021-09-03 11:40:49 INFO  分配文件日志:101 - H:\2021.05.26六十三中\太原市六十三中理化709人\216110090218 传输完成
2021-09-03 11:40:50 INFO  分配文件日志:101 - H:\2021.05.26六十三中\太原市六十三中理化709人\216110090219 传输完成
2021-09-03 11:40:50 INFO  分配文件日志:101 - H:\2021.05.26六十三中\太原市六十三中理化709人\216110090221_8 传输完成
2021-09-03 11:40:51 INFO  分配文件日志:101 - H:\2021.05.26六十三中\太原市六十三中理化709人\216110090222_9 传输完成
2021-09-03 11:40:52 INFO  分配文件日志:101 - H:\2021.05.26六十三中\太原市六十三中理化709人\216110090223 传输完成
2021-09-03 11:40:53 INFO  分配文件日志:101 - H:\2021.05.26六十三中\太原市六十三中理化709人\216110090224_8 传输完成
2021-09-03 11:40:54 INFO  分配文件日志:101 - H:\2021.05.26六十三中\太原市六十三中理化709人\216110090228 传输完成
2021-09-03 11:40:55 INFO  分配文件日志:101 - H:\2021.05.26六十三中\太原市六十三中理化709人\216110090230_8 传输完成
2021-09-03 11:40:55 INFO  分配文件日志:101 - H:\2021.05.26六十三中\太原市六十三中理化709人\216110090231_7 传输完成
2021-09-03 11:40:56 INFO  分配文件日志:101 - H:\2021.05.26六十三中\太原市六十三中理化709人\216110090233_6 传输完成
2021-09-03 11:40:57 INFO  分配文件日志:101 - H:\2021.05.26六十三中\太原市六十三中理化709人\216110090236 传输完成
2021-09-03 11:40:58 INFO  分配文件日志:101 - H:\2021.05.26六十三中\太原市六十三中理化709人\216110090237 传输完成
2021-09-03 11:40:59 INFO  分配文件日志:101 - H:\2021.05.26六十三中\太原市六十三中理化709人\216110090238_8 传输完成
2021-09-03 11:41:00 INFO  分配文件日志:101 - H:\2021.05.26六十三中\太原市六十三中理化709人\216110090240_9 传输完成
2021-09-03 11:41:01 INFO  分配文件日志:101 - H:\2021.05.26六十三中\太原市六十三中理化709人\216110090242 传输完成
2021-09-03 11:41:01 INFO  分配文件日志:101 - H:\2021.05.26六十三中\太原市六十三中理化709人\216110090245_8 传输完成
2021-09-03 11:41:03 INFO  分配文件日志:101 - H:\2021.05.26六十三中\太原市六十三中理化709人\216110090246 传输完成
2021-09-03 11:41:03 INFO  分配文件日志:101 - H:\2021.05.26六十三中\太原市六十三中理化709人\216110090247 传输完成
2021-09-03 11:41:04 INFO  分配文件日志:101 - H:\2021.05.26六十三中\太原市六十三中理化709人\216110090248_9 传输完成
2021-09-03 11:41:05 INFO  分配文件日志:101 - H:\2021.05.26六十三中\太原市六十三中理化709人\216110090251_9 传输完成
2021-09-03 11:41:06 INFO  分配文件日志:101 - H:\2021.05.26六十三中\太原市六十三中理化709人\216110090253_8 传输完成
2021-09-03 11:41:07 INFO  分配文件日志:101 - H:\2021.05.26六十三中\太原市六十三中理化709人\216110090254_4 传输完成
2021-09-03 11:41:08 INFO  分配文件日志:101 - H:\2021.05.26六十三中\太原市六十三中理化709人\216110090257 传输完成
2021-09-03 11:41:09 INFO  分配文件日志:101 - H:\2021.05.26六十三中\太原市六十三中理化709人\216110090258_2 传输完成
2021-09-03 11:41:10 INFO  分配文件日志:101 - H:\2021.05.26六十三中\太原市六十三中理化709人\216110090259 传输完成
2021-09-03 11:41:11 INFO  分配文件日志:101 - H:\2021.05.26六十三中\太原市六十三中理化709人\216110090261 传输完成
2021-09-03 11:41:12 INFO  分配文件日志:101 - H:\2021.05.26六十三中\太原市六十三中理化709人\216110090262_6 传输完成
2021-09-03 11:41:12 INFO  分配文件日志:101 - H:\2021.05.26六十三中\太原市六十三中理化709人\216110090269 传输完成
2021-09-03 11:41:13 INFO  分配文件日志:101 - H:\2021.05.26六十三中\太原市六十三中理化709人\216110090271_8 传输完成
2021-09-03 11:41:14 INFO  分配文件日志:101 - H:\2021.05.26六十三中\太原市六十三中理化709人\216110090272 传输完成
2021-09-03 11:41:15 INFO  分配文件日志:101 - H:\2021.05.26六十三中\太原市六十三中理化709人\216110090274 传输完成
2021-09-03 11:41:16 INFO  分配文件日志:101 - H:\2021.05.26六十三中\太原市六十三中理化709人\216110090275 传输完成
2021-09-03 11:41:17 INFO  分配文件日志:101 - H:\2021.05.26六十三中\太原市六十三中理化709人\216110090277 传输完成
2021-09-03 11:41:18 INFO  分配文件日志:101 - H:\2021.05.26六十三中\太原市六十三中理化709人\216110090280_9 传输完成
2021-09-03 11:41:19 INFO  分配文件日志:101 - H:\2021.05.26六十三中\太原市六十三中理化709人\216110090281 传输完成
2021-09-03 11:41:20 INFO  分配文件日志:101 - H:\2021.05.26六十三中\太原市六十三中理化709人\216110090283 传输完成
2021-09-03 11:41:21 INFO  分配文件日志:101 - H:\2021.05.26六十三中\太原市六十三中理化709人\216110090284 传输完成
2021-09-03 11:41:22 INFO  分配文件日志:101 - H:\2021.05.26六十三中\太原市六十三中理化709人\216110090287 传输完成
2021-09-03 11:41:23 INFO  分配文件日志:101 - H:\2021.05.26六十三中\太原市六十三中理化709人\216110090290_5 传输完成
2021-09-03 11:41:24 INFO  分配文件日志:101 - H:\2021.05.26六十三中\太原市六十三中理化709人\216110090293 传输完成
2021-09-03 11:41:25 INFO  分配文件日志:101 - H:\2021.05.26六十三中\太原市六十三中理化709人\216110090294 传输完成
2021-09-03 11:41:26 INFO  分配文件日志:101 - H:\2021.05.26六十三中\太原市六十三中理化709人\216110090296_9 传输完成
2021-09-03 11:41:27 INFO  分配文件日志:101 - H:\2021.05.26六十三中\太原市六十三中理化709人\216110090299_8 传输完成
2021-09-03 11:41:28 INFO  分配文件日志:101 - H:\2021.05.26六十三中\太原市六十三中理化709人\216110090300 传输完成
2021-09-03 11:41:29 INFO  分配文件日志:101 - H:\2021.05.26六十三中\太原市六十三中理化709人\216110090301 传输完成
2021-09-03 11:41:29 INFO  分配文件日志:101 - H:\2021.05.26六十三中\太原市六十三中理化709人\216110090303 传输完成
2021-09-03 11:41:30 INFO  分配文件日志:101 - H:\2021.05.26六十三中\太原市六十三中理化709人\216110090309 传输完成
2021-09-03 11:41:31 INFO  分配文件日志:101 - H:\2021.05.26六十三中\太原市六十三中理化709人\216110090311 传输完成
2021-09-03 11:41:32 INFO  分配文件日志:101 - H:\2021.05.26六十三中\太原市六十三中理化709人\216110090312 传输完成
2021-09-03 11:41:33 INFO  分配文件日志:101 - H:\2021.05.26六十三中\太原市六十三中理化709人\216110090314_8 传输完成
2021-09-03 11:41:34 INFO  分配文件日志:101 - H:\2021.05.26六十三中\太原市六十三中理化709人\216110090318_8 传输完成
2021-09-03 11:41:35 INFO  分配文件日志:101 - H:\2021.05.26六十三中\太原市六十三中理化709人\216110090320 传输完成
2021-09-03 11:41:36 INFO  分配文件日志:101 - H:\2021.05.26六十三中\太原市六十三中理化709人\216110090321 传输完成
2021-09-03 11:41:37 INFO  分配文件日志:101 - H:\2021.05.26六十三中\太原市六十三中理化709人\216110090323 传输完成
2021-09-03 11:41:38 INFO  分配文件日志:101 - H:\2021.05.26六十三中\太原市六十三中理化709人\216110090324 传输完成
2021-09-03 11:41:38 INFO  分配文件日志:101 - H:\2021.05.26六十三中\太原市六十三中理化709人\216110090327 传输完成
2021-09-03 11:41:39 INFO  分配文件日志:101 - H:\2021.05.26六十三中\太原市六十三中理化709人\216110090328_7 传输完成
2021-09-03 11:41:40 INFO  分配文件日志:101 - H:\2021.05.26六十三中\太原市六十三中理化709人\216110090330 传输完成
2021-09-03 11:41:40 INFO  分配文件日志:101 - H:\2021.05.26六十三中\太原市六十三中理化709人\216110090331_9 传输完成
2021-09-03 11:41:41 INFO  分配文件日志:101 - H:\2021.05.26六十三中\太原市六十三中理化709人\216110090333_5 传输完成
2021-09-03 11:41:42 INFO  分配文件日志:101 - H:\2021.05.26六十三中\太原市六十三中理化709人\216110090335_9 传输完成
2021-09-03 11:41:43 INFO  分配文件日志:101 - H:\2021.05.26六十三中\太原市六十三中理化709人\216110090336_9 传输完成
2021-09-03 11:41:44 INFO  分配文件日志:101 - H:\2021.05.26六十三中\太原市六十三中理化709人\216110090337 传输完成
2021-09-03 11:41:45 INFO  分配文件日志:101 - H:\2021.05.26六十三中\太原市六十三中理化709人\216110090340 传输完成
2021-09-03 11:41:46 INFO  分配文件日志:101 - H:\2021.05.26六十三中\太原市六十三中理化709人\216110090342_6 传输完成
2021-09-03 11:41:47 INFO  分配文件日志:101 - H:\2021.05.26六十三中\太原市六十三中理化709人\216110090343_8 传输完成
2021-09-03 11:41:48 INFO  分配文件日志:101 - H:\2021.05.26六十三中\太原市六十三中理化709人\216110090345 传输完成
2021-09-03 11:41:49 INFO  分配文件日志:101 - H:\2021.05.26六十三中\太原市六十三中理化709人\216110090347_8 传输完成
2021-09-03 11:41:50 INFO  分配文件日志:101 - H:\2021.05.26六十三中\太原市六十三中理化709人\216110090348 传输完成
2021-09-03 11:41:50 INFO  分配文件日志:101 - H:\2021.05.26六十三中\太原市六十三中理化709人\216110090352_9 传输完成
2021-09-03 11:41:51 INFO  分配文件日志:101 - H:\2021.05.26六十三中\太原市六十三中理化709人\216110090353 传输完成
2021-09-03 11:41:52 INFO  分配文件日志:101 - H:\2021.05.26六十三中\太原市六十三中理化709人\216110090355 传输完成
2021-09-03 11:41:53 INFO  分配文件日志:101 - H:\2021.05.26六十三中\太原市六十三中理化709人\216110090357_9 传输完成
2021-09-03 11:41:54 INFO  分配文件日志:101 - H:\2021.05.26六十三中\太原市六十三中理化709人\216110090358 传输完成
2021-09-03 11:41:55 INFO  分配文件日志:101 - H:\2021.05.26六十三中\太原市六十三中理化709人\216110090362_9 传输完成
2021-09-03 11:41:56 INFO  分配文件日志:101 - H:\2021.05.26六十三中\太原市六十三中理化709人\216110090363 传输完成
2021-09-03 11:41:56 INFO  分配文件日志:101 - H:\2021.05.26六十三中\太原市六十三中理化709人\216110090364_5 传输完成
2021-09-03 11:41:58 INFO  分配文件日志:101 - H:\2021.05.26六十三中\太原市六十三中理化709人\216110090365 传输完成
2021-09-03 11:41:58 INFO  分配文件日志:101 - H:\2021.05.26六十三中\太原市六十三中理化709人\216110060001 传输完成
2021-09-03 11:41:59 INFO  分配文件日志:101 - H:\2021.05.26六十三中\太原市六十三中理化709人\216110060003 传输完成
2021-09-03 11:41:59 INFO  分配文件日志:101 - H:\2021.05.26六十三中\太原市六十三中理化709人\216110060005 传输完成
2021-09-03 11:42:00 INFO  分配文件日志:101 - H:\2021.05.26六十三中\太原市六十三中理化709人\216110060006_9 传输完成
2021-09-03 11:42:01 INFO  分配文件日志:101 - H:\2021.05.26六十三中\太原市六十三中理化709人\216110060008 传输完成
2021-09-03 11:42:02 INFO  分配文件日志:101 - H:\2021.05.26六十三中\太原市六十三中理化709人\216110060009_7 传输完成
2021-09-03 11:42:03 INFO  分配文件日志:101 - H:\2021.05.26六十三中\太原市六十三中理化709人\216110060013_7 传输完成
2021-09-03 11:42:04 INFO  分配文件日志:101 - H:\2021.05.26六十三中\太原市六十三中理化709人\216110060016_9 传输完成
2021-09-03 11:42:05 INFO  分配文件日志:101 - H:\2021.05.26六十三中\太原市六十三中理化709人\216110060019 传输完成
2021-09-03 11:42:06 INFO  分配文件日志:101 - H:\2021.05.26六十三中\太原市六十三中理化709人\216110060023 传输完成
2021-09-03 11:42:07 INFO  分配文件日志:101 - H:\2021.05.26六十三中\太原市六十三中理化709人\216110060024_6 传输完成
2021-09-03 11:42:07 INFO  分配文件日志:101 - H:\2021.05.26六十三中\太原市六十三中理化709人\216110060025_7 传输完成
2021-09-03 11:42:08 INFO  分配文件日志:101 - H:\2021.05.26六十三中\太原市六十三中理化709人\216110060031 传输完成
2021-09-03 11:42:09 INFO  分配文件日志:101 - H:\2021.05.26六十三中\太原市六十三中理化709人\216110060032 传输完成
2021-09-03 11:42:10 INFO  分配文件日志:101 - H:\2021.05.26六十三中\太原市六十三中理化709人\216110060034 传输完成
2021-09-03 11:42:11 INFO  分配文件日志:101 - H:\2021.05.26六十三中\太原市六十三中理化709人\216110060035_8 传输完成
2021-09-03 11:42:11 INFO  分配文件日志:101 - H:\2021.05.26六十三中\太原市六十三中理化709人\216110060038 传输完成
2021-09-03 11:42:12 INFO  分配文件日志:101 - H:\2021.05.26六十三中\太原市六十三中理化709人\216110060039 传输完成
2021-09-03 11:42:13 INFO  分配文件日志:101 - H:\2021.05.26六十三中\太原市六十三中理化709人\216110060040_9 传输完成
2021-09-03 11:42:14 INFO  分配文件日志:101 - H:\2021.05.26六十三中\太原市六十三中理化709人\216110060041_9 传输完成
2021-09-03 11:42:14 INFO  分配文件日志:101 - H:\2021.05.26六十三中\太原市六十三中理化709人\216110060044 传输完成
2021-09-03 11:42:15 INFO  分配文件日志:101 - H:\2021.05.26六十三中\太原市六十三中理化709人\216110060045 传输完成
2021-09-03 11:42:16 INFO  分配文件日志:101 - H:\2021.05.26六十三中\太原市六十三中理化709人\216110060046 传输完成
2021-09-03 11:42:17 INFO  分配文件日志:101 - H:\2021.05.26六十三中\太原市六十三中理化709人\216110060047 传输完成
2021-09-03 11:42:17 INFO  分配文件日志:101 - H:\2021.05.26六十三中\太原市六十三中理化709人\216110060049 传输完成
2021-09-03 11:42:18 INFO  分配文件日志:101 - H:\2021.05.26六十三中\太原市六十三中理化709人\216110060051 传输完成
2021-09-03 11:42:19 INFO  分配文件日志:101 - H:\2021.05.26六十三中\太原市六十三中理化709人\216110060053 传输完成
2021-09-03 11:42:20 INFO  分配文件日志:101 - H:\2021.05.26六十三中\太原市六十三中理化709人\216110060056 传输完成
2021-09-03 11:42:20 INFO  分配文件日志:101 - H:\2021.05.26六十三中\太原市六十三中理化709人\216110060059 传输完成
2021-09-03 11:42:21 INFO  分配文件日志:101 - H:\2021.05.26六十三中\太原市六十三中理化709人\216110060061 传输完成
2021-09-03 11:42:22 INFO  分配文件日志:101 - H:\2021.05.26六十三中\太原市六十三中理化709人\216110060062 传输完成
2021-09-03 11:42:23 INFO  分配文件日志:101 - H:\2021.05.26六十三中\太原市六十三中理化709人\216110060063 传输完成
2021-09-03 11:42:23 INFO  分配文件日志:101 - H:\2021.05.26六十三中\太原市六十三中理化709人\216110060068 传输完成
2021-09-03 11:42:24 INFO  分配文件日志:101 - H:\2021.05.26六十三中\太原市六十三中理化709人\216110060069 传输完成
2021-09-03 11:42:25 INFO  分配文件日志:101 - H:\2021.05.26六十三中\太原市六十三中理化709人\216110060070 传输完成
2021-09-03 11:42:25 INFO  分配文件日志:101 - H:\2021.05.26六十三中\太原市六十三中理化709人\216110060072 传输完成
2021-09-03 11:42:26 INFO  分配文件日志:101 - H:\2021.05.26六十三中\太原市六十三中理化709人\216110060073 传输完成
2021-09-03 11:42:27 INFO  分配文件日志:101 - H:\2021.05.26六十三中\太原市六十三中理化709人\216110060074_9 传输完成
2021-09-03 11:42:28 INFO  分配文件日志:101 - H:\2021.05.26六十三中\太原市六十三中理化709人\216110060075_9 传输完成
2021-09-03 11:42:29 INFO  分配文件日志:101 - H:\2021.05.26六十三中\太原市六十三中理化709人\216110060079 传输完成
2021-09-03 11:42:30 INFO  分配文件日志:101 - H:\2021.05.26六十三中\太原市六十三中理化709人\216110060080_9 传输完成
2021-09-03 11:42:31 INFO  分配文件日志:101 - H:\2021.05.26六十三中\太原市六十三中理化709人\216110060082 传输完成
2021-09-03 11:42:32 INFO  分配文件日志:101 - H:\2021.05.26六十三中\太原市六十三中理化709人\216110060083_7 传输完成
2021-09-03 11:42:35 INFO  分配文件日志:101 - H:\2021.05.26六十三中\太原市六十三中理化709人\216110060084 传输完成
2021-09-03 11:42:35 INFO  分配文件日志:101 - H:\2021.05.26六十三中\太原市六十三中理化709人\216110060089_8 传输完成
2021-09-03 11:42:36 INFO  分配文件日志:101 - H:\2021.05.26六十三中\太原市六十三中理化709人\216110060091 传输完成
2021-09-03 11:42:37 INFO  分配文件日志:101 - H:\2021.05.26六十三中\太原市六十三中理化709人\216110060096 传输完成
2021-09-03 11:42:37 INFO  分配文件日志:101 - H:\2021.05.26六十三中\太原市六十三中理化709人\216110060098 传输完成
2021-09-03 11:42:38 INFO  分配文件日志:101 - H:\2021.05.26六十三中\太原市六十三中理化709人\216110060099 传输完成
2021-09-03 11:42:39 INFO  分配文件日志:101 - H:\2021.05.26六十三中\太原市六十三中理化709人\216110060103 传输完成
2021-09-03 11:42:39 INFO  分配文件日志:101 - H:\2021.05.26六十三中\太原市六十三中理化709人\216110060104 传输完成
2021-09-03 11:42:40 INFO  分配文件日志:101 - H:\2021.05.26六十三中\太原市六十三中理化709人\216110060105 传输完成
2021-09-03 11:42:41 INFO  分配文件日志:101 - H:\2021.05.26六十三中\太原市六十三中理化709人\216110060106 传输完成
2021-09-03 11:42:42 INFO  分配文件日志:101 - H:\2021.05.26六十三中\太原市六十三中理化709人\216110060107 传输完成
2021-09-03 11:42:43 INFO  分配文件日志:101 - H:\2021.05.26六十三中\太原市六十三中理化709人\216110060109_9 传输完成
2021-09-03 11:42:44 INFO  分配文件日志:101 - H:\2021.05.26六十三中\太原市六十三中理化709人\216110060112 传输完成
2021-09-03 11:42:44 INFO  分配文件日志:101 - H:\2021.05.26六十三中\太原市六十三中理化709人\216110060114 传输完成
2021-09-03 11:42:45 INFO  分配文件日志:101 - H:\2021.05.26六十三中\太原市六十三中理化709人\216110060115 传输完成
2021-09-03 11:42:46 INFO  分配文件日志:101 - H:\2021.05.26六十三中\太原市六十三中理化709人\216110060116 传输完成
2021-09-03 11:42:47 INFO  分配文件日志:101 - H:\2021.05.26六十三中\太原市六十三中理化709人\216110060117 传输完成
2021-09-03 11:42:48 INFO  分配文件日志:101 - H:\2021.05.26六十三中\太原市六十三中理化709人\216110060118_7 传输完成
2021-09-03 11:42:48 INFO  分配文件日志:101 - H:\2021.05.26六十三中\太原市六十三中理化709人\216110060120 传输完成
2021-09-03 11:42:50 INFO  分配文件日志:101 - H:\2021.05.26六十三中\太原市六十三中理化709人\216110060122 传输完成
2021-09-03 11:42:51 INFO  分配文件日志:101 - H:\2021.05.26六十三中\太原市六十三中理化709人\216110060124 传输完成
2021-09-03 11:42:52 INFO  分配文件日志:101 - H:\2021.05.26六十三中\太原市六十三中理化709人\216110060128_5 传输完成
2021-09-03 11:42:53 INFO  分配文件日志:101 - H:\2021.05.26六十三中\太原市六十三中理化709人\216110060133 传输完成
2021-09-03 11:42:53 INFO  分配文件日志:101 - H:\2021.05.26六十三中\太原市六十三中理化709人\216110060134_8 传输完成
2021-09-03 11:42:55 INFO  分配文件日志:101 - H:\2021.05.26六十三中\太原市六十三中理化709人\216110060141 传输完成
2021-09-03 11:42:56 INFO  分配文件日志:101 - H:\2021.05.26六十三中\太原市六十三中理化709人\216110060143 传输完成
2021-09-03 11:42:57 INFO  分配文件日志:101 - H:\2021.05.26六十三中\太原市六十三中理化709人\216110060144 传输完成
2021-09-03 11:42:58 INFO  分配文件日志:101 - H:\2021.05.26六十三中\太原市六十三中理化709人\216110060145_9 传输完成
2021-09-03 11:42:58 INFO  分配文件日志:101 - H:\2021.05.26六十三中\太原市六十三中理化709人\216110060150 传输完成
2021-09-03 11:42:59 INFO  分配文件日志:101 - H:\2021.05.26六十三中\太原市六十三中理化709人\216110060151 传输完成
2021-09-03 11:43:00 INFO  分配文件日志:101 - H:\2021.05.26六十三中\太原市六十三中理化709人\216110060152 传输完成
2021-09-03 11:43:01 INFO  分配文件日志:101 - H:\2021.05.26六十三中\太原市六十三中理化709人\216110060153 传输完成
2021-09-03 11:43:02 INFO  分配文件日志:101 - H:\2021.05.26六十三中\太原市六十三中理化709人\216110060154_7 传输完成
2021-09-03 11:43:02 INFO  分配文件日志:101 - H:\2021.05.26六十三中\太原市六十三中理化709人\216110060156 传输完成
2021-09-03 11:43:03 INFO  分配文件日志:101 - H:\2021.05.26六十三中\太原市六十三中理化709人\216110060157 传输完成
2021-09-03 11:43:04 INFO  分配文件日志:101 - H:\2021.05.26六十三中\太原市六十三中理化709人\216110060159_9 传输完成
2021-09-03 11:43:05 INFO  分配文件日志:101 - H:\2021.05.26六十三中\太原市六十三中理化709人\216110060160 传输完成
2021-09-03 11:43:06 INFO  分配文件日志:101 - H:\2021.05.26六十三中\太原市六十三中理化709人\216110060162 传输完成
2021-09-03 11:43:07 INFO  分配文件日志:101 - H:\2021.05.26六十三中\太原市六十三中理化709人\216110060163 传输完成
2021-09-03 11:43:08 INFO  分配文件日志:101 - H:\2021.05.26六十三中\太原市六十三中理化709人\216110060164_9 传输完成
2021-09-03 11:43:09 INFO  分配文件日志:101 - H:\2021.05.26六十三中\太原市六十三中理化709人\216110060167_9 传输完成
2021-09-03 11:43:10 INFO  分配文件日志:101 - H:\2021.05.26六十三中\太原市六十三中理化709人\216110060170_9 传输完成
2021-09-03 11:43:11 INFO  分配文件日志:101 - H:\2021.05.26六十三中\太原市六十三中理化709人\216110060171_5 传输完成
2021-09-03 11:43:12 INFO  分配文件日志:101 - H:\2021.05.26六十三中\太原市六十三中理化709人\216110060172_8 传输完成
2021-09-03 11:43:13 INFO  分配文件日志:101 - H:\2021.05.26六十三中\太原市六十三中理化709人\216110060173_7 传输完成
2021-09-03 11:43:13 INFO  分配文件日志:101 - H:\2021.05.26六十三中\太原市六十三中理化709人\216110060179_8 传输完成
2021-09-03 11:43:14 INFO  分配文件日志:101 - H:\2021.05.26六十三中\太原市六十三中理化709人\216110060180_9 传输完成
2021-09-03 11:43:15 INFO  分配文件日志:101 - H:\2021.05.26六十三中\太原市六十三中理化709人\216110060181 传输完成
2021-09-03 11:43:16 INFO  分配文件日志:101 - H:\2021.05.26六十三中\太原市六十三中理化709人\216110060182 传输完成
2021-09-03 11:43:17 INFO  分配文件日志:101 - H:\2021.05.26六十三中\太原市六十三中理化709人\216110060184 传输完成
2021-09-03 11:43:17 INFO  分配文件日志:101 - H:\2021.05.26六十三中\太原市六十三中理化709人\216110030004 传输完成
2021-09-03 11:43:18 INFO  分配文件日志:101 - H:\2021.05.26六十三中\太原市六十三中理化709人\216110030005 传输完成
2021-09-03 11:43:19 INFO  分配文件日志:101 - H:\2021.05.26六十三中\太原市六十三中理化709人\216110030006 传输完成
2021-09-03 11:43:20 INFO  分配文件日志:101 - H:\2021.05.26六十三中\太原市六十三中理化709人\216110030007 传输完成
2021-09-03 11:43:21 INFO  分配文件日志:101 - H:\2021.05.26六十三中\太原市六十三中理化709人\216110030009 传输完成
2021-09-03 11:43:21 INFO  分配文件日志:101 - H:\2021.05.26六十三中\太原市六十三中理化709人\216110030011_9 传输完成
2021-09-03 11:43:23 INFO  分配文件日志:101 - H:\2021.05.26六十三中\太原市六十三中理化709人\216110030012 传输完成
2021-09-03 11:43:23 INFO  分配文件日志:101 - H:\2021.05.26六十三中\太原市六十三中理化709人\216110030013 传输完成
2021-09-03 11:43:24 INFO  分配文件日志:101 - H:\2021.05.26六十三中\太原市六十三中理化709人\216110030020_9 传输完成
2021-09-03 11:43:25 INFO  分配文件日志:101 - H:\2021.05.26六十三中\太原市六十三中理化709人\216110030021 传输完成
2021-09-03 11:43:26 INFO  分配文件日志:101 - H:\2021.05.26六十三中\太原市六十三中理化709人\216110030022 传输完成
2021-09-03 11:43:27 INFO  分配文件日志:101 - H:\2021.05.26六十三中\太原市六十三中理化709人\216110030026 传输完成
2021-09-03 11:43:28 INFO  分配文件日志:101 - H:\2021.05.26六十三中\太原市六十三中理化709人\216110030028 传输完成
2021-09-03 11:43:29 INFO  分配文件日志:101 - H:\2021.05.26六十三中\太原市六十三中理化709人\216110030029 传输完成
2021-09-03 11:43:30 INFO  分配文件日志:101 - H:\2021.05.26六十三中\太原市六十三中理化709人\216110030031 传输完成
2021-09-03 11:43:30 INFO  分配文件日志:101 - H:\2021.05.26六十三中\太原市六十三中理化709人\216110030032_9 传输完成
2021-09-03 11:43:31 INFO  分配文件日志:101 - H:\2021.05.26六十三中\太原市六十三中理化709人\216110030033 传输完成
2021-09-03 11:43:32 INFO  分配文件日志:101 - H:\2021.05.26六十三中\太原市六十三中理化709人\216110030034 传输完成
2021-09-03 11:43:33 INFO  分配文件日志:101 - H:\2021.05.26六十三中\太原市六十三中理化709人\216110030035 传输完成
2021-09-03 11:43:34 INFO  分配文件日志:101 - H:\2021.05.26六十三中\太原市六十三中理化709人\216110030039 传输完成
2021-09-03 11:43:35 INFO  分配文件日志:101 - H:\2021.05.26六十三中\太原市六十三中理化709人\216110030041 传输完成
2021-09-03 11:43:36 INFO  分配文件日志:101 - H:\2021.05.26六十三中\太原市六十三中理化709人\216110030043_9 传输完成
2021-09-03 11:43:37 INFO  分配文件日志:101 - H:\2021.05.26六十三中\太原市六十三中理化709人\216110030044 传输完成
2021-09-03 11:43:37 INFO  分配文件日志:101 - H:\2021.05.26六十三中\太原市六十三中理化709人\216110030050_9 传输完成
2021-09-03 11:43:38 INFO  分配文件日志:101 - H:\2021.05.26六十三中\太原市六十三中理化709人\216110030051_9 传输完成
2021-09-03 11:43:40 INFO  分配文件日志:101 - H:\2021.05.26六十三中\太原市六十三中理化709人\216110030052_5 传输完成
2021-09-03 11:43:41 INFO  分配文件日志:101 - H:\2021.05.26六十三中\太原市六十三中理化709人\216110030053 传输完成
2021-09-03 11:43:42 INFO  分配文件日志:101 - H:\2021.05.26六十三中\太原市六十三中理化709人\216110030060_3 传输完成
2021-09-03 11:43:42 INFO  分配文件日志:101 - H:\2021.05.26六十三中\太原市六十三中理化709人\216110030061 传输完成
2021-09-03 11:43:43 INFO  分配文件日志:101 - H:\2021.05.26六十三中\太原市六十三中理化709人\216110030062 传输完成
2021-09-03 11:43:44 INFO  分配文件日志:101 - H:\2021.05.26六十三中\太原市六十三中理化709人\216110030063 传输完成
2021-09-03 11:43:45 INFO  分配文件日志:101 - H:\2021.05.26六十三中\太原市六十三中理化709人\216110030065 传输完成
2021-09-03 11:43:46 INFO  分配文件日志:101 - H:\2021.05.26六十三中\太原市六十三中理化709人\216110030068_9 传输完成
2021-09-03 11:43:47 INFO  分配文件日志:101 - H:\2021.05.26六十三中\太原市六十三中理化709人\216110030069_9 传输完成
2021-09-03 11:43:48 INFO  分配文件日志:101 - H:\2021.05.26六十三中\太原市六十三中理化709人\216110030072 传输完成
2021-09-03 11:43:48 INFO  分配文件日志:101 - H:\2021.05.26六十三中\太原市六十三中理化709人\216110030074 传输完成
2021-09-03 11:43:50 INFO  分配文件日志:101 - H:\2021.05.26六十三中\太原市六十三中理化709人\216110030075_7 传输完成
2021-09-03 11:43:51 INFO  分配文件日志:101 - H:\2021.05.26六十三中\太原市六十三中理化709人\216110030079 传输完成
2021-09-03 11:43:51 INFO  分配文件日志:101 - H:\2021.05.26六十三中\太原市六十三中理化709人\216110030081 传输完成
2021-09-03 11:43:52 INFO  分配文件日志:101 - H:\2021.05.26六十三中\太原市六十三中理化709人\216110030083_8 传输完成
2021-09-03 11:43:53 INFO  分配文件日志:101 - H:\2021.05.26六十三中\太原市六十三中理化709人\216110030086_7 传输完成
2021-09-03 11:43:54 INFO  分配文件日志:101 - H:\2021.05.26六十三中\太原市六十三中理化709人\216110030087 传输完成
2021-09-03 11:43:55 INFO  分配文件日志:101 - H:\2021.05.26六十三中\太原市六十三中理化709人\216110030088 传输完成
2021-09-03 11:43:56 INFO  分配文件日志:101 - H:\2021.05.26六十三中\太原市六十三中理化709人\216110030089 传输完成
2021-09-03 11:43:57 INFO  分配文件日志:101 - H:\2021.05.26六十三中\太原市六十三中理化709人\216110030091_8 传输完成
2021-09-03 11:43:58 INFO  分配文件日志:101 - H:\2021.05.26六十三中\太原市六十三中理化709人\216110030093 传输完成
2021-09-03 11:43:58 INFO  分配文件日志:101 - H:\2021.05.26六十三中\太原市六十三中理化709人\216110030096 传输完成
2021-09-03 11:43:59 INFO  分配文件日志:101 - H:\2021.05.26六十三中\太原市六十三中理化709人\216110030103_9 传输完成
2021-09-03 11:44:01 INFO  分配文件日志:101 - H:\2021.05.26六十三中\太原市六十三中理化709人\216110030105 传输完成
2021-09-03 11:44:02 INFO  分配文件日志:101 - H:\2021.05.26六十三中\太原市六十三中理化709人\216110030106_9 传输完成
2021-09-03 11:44:02 INFO  分配文件日志:101 - H:\2021.05.26六十三中\太原市六十三中理化709人\216110030109_7 传输完成
2021-09-03 11:44:03 INFO  分配文件日志:101 - H:\2021.05.26六十三中\太原市六十三中理化709人\216110030110_7 传输完成
2021-09-03 11:44:04 INFO  分配文件日志:101 - H:\2021.05.26六十三中\太原市六十三中理化709人\216110030111 传输完成
2021-09-03 11:44:05 INFO  分配文件日志:101 - H:\2021.05.26六十三中\太原市六十三中理化709人\216110030112 传输完成
2021-09-03 11:44:05 INFO  分配文件日志:101 - H:\2021.05.26六十三中\太原市六十三中理化709人\216110030113 传输完成
2021-09-03 11:44:06 INFO  分配文件日志:101 - H:\2021.05.26六十三中\太原市六十三中理化709人\216110030114 传输完成
2021-09-03 11:44:07 INFO  分配文件日志:101 - H:\2021.05.26六十三中\太原市六十三中理化709人\216110030115_9 传输完成
2021-09-03 11:44:08 INFO  分配文件日志:101 - H:\2021.05.26六十三中\太原市六十三中理化709人\216110030116 传输完成
2021-09-03 11:44:08 INFO  分配文件日志:101 - H:\2021.05.26六十三中\太原市六十三中理化709人\216110030119 传输完成
2021-09-03 11:44:09 INFO  分配文件日志:101 - H:\2021.05.26六十三中\太原市六十三中理化709人\216110030122_9 传输完成
2021-09-03 11:44:10 INFO  分配文件日志:101 - H:\2021.05.26六十三中\太原市六十三中理化709人\216110030123_9 传输完成
2021-09-03 11:44:11 INFO  分配文件日志:101 - H:\2021.05.26六十三中\太原市六十三中理化709人\216110030126 传输完成
2021-09-03 11:44:12 INFO  分配文件日志:101 - H:\2021.05.26六十三中\太原市六十三中理化709人\216110030128 传输完成
2021-09-03 11:44:13 INFO  分配文件日志:101 - H:\2021.05.26六十三中\太原市六十三中理化709人\216110030135 传输完成
2021-09-03 11:44:14 INFO  分配文件日志:101 - H:\2021.05.26六十三中\太原市六十三中理化709人\216110030136_9 传输完成
2021-09-03 11:44:15 INFO  分配文件日志:101 - H:\2021.05.26六十三中\太原市六十三中理化709人\216110030140 传输完成
2021-09-03 11:44:16 INFO  分配文件日志:101 - H:\2021.05.26六十三中\太原市六十三中理化709人\216110030141_6 传输完成
2021-09-03 11:44:16 INFO  分配文件日志:101 - H:\2021.05.26六十三中\太原市六十三中理化709人\216110030143 传输完成
2021-09-03 11:44:18 INFO  分配文件日志:101 - H:\2021.05.26六十三中\太原市六十三中理化709人\216110030144 传输完成
2021-09-03 11:44:18 INFO  分配文件日志:101 - H:\2021.05.26六十三中\太原市六十三中理化709人\216110030145 传输完成
2021-09-03 11:44:19 INFO  分配文件日志:101 - H:\2021.05.26六十三中\太原市六十三中理化709人\216110030146_9 传输完成
2021-09-03 11:44:20 INFO  分配文件日志:101 - H:\2021.05.26六十三中\太原市六十三中理化709人\216110030147 传输完成
2021-09-03 11:44:21 INFO  分配文件日志:101 - H:\2021.05.26六十三中\太原市六十三中理化709人\216110030148 传输完成
2021-09-03 11:44:22 INFO  分配文件日志:101 - H:\2021.05.26六十三中\太原市六十三中理化709人\216110030149 传输完成
2021-09-03 11:44:23 INFO  分配文件日志:101 - H:\2021.05.26六十三中\太原市六十三中理化709人\216110030150_9 传输完成
2021-09-03 11:44:24 INFO  分配文件日志:101 - H:\2021.05.26六十三中\太原市六十三中理化709人\216110030152 传输完成
2021-09-03 11:44:25 INFO  分配文件日志:101 - H:\2021.05.26六十三中\太原市六十三中理化709人\216110030155 传输完成
2021-09-03 11:44:25 WARN  分配文件日志:71 - 216110030158 该学生缺考
2021-09-03 11:44:26 INFO  分配文件日志:101 - H:\2021.05.26六十三中\太原市六十三中理化709人\216110090002 传输完成
2021-09-03 11:44:27 INFO  分配文件日志:101 - H:\2021.05.26六十三中\太原市六十三中理化709人\216110090003 传输完成
2021-09-03 11:44:28 INFO  分配文件日志:101 - H:\2021.05.26六十三中\太原市六十三中理化709人\216110090007 传输完成
2021-09-03 11:44:29 INFO  分配文件日志:101 - H:\2021.05.26六十三中\太原市六十三中理化709人\216110090008 传输完成
2021-09-03 11:44:30 INFO  分配文件日志:101 - H:\2021.05.26六十三中\太原市六十三中理化709人\216110090010 传输完成
2021-09-03 11:44:31 INFO  分配文件日志:101 - H:\2021.05.26六十三中\太原市六十三中理化709人\216110090011 传输完成
2021-09-03 11:44:32 INFO  分配文件日志:101 - H:\2021.05.26六十三中\太原市六十三中理化709人\216110090014 传输完成
2021-09-03 11:44:33 INFO  分配文件日志:101 - H:\2021.05.26六十三中\太原市六十三中理化709人\216110090016_8 传输完成
2021-09-03 11:44:34 INFO  分配文件日志:101 - H:\2021.05.26六十三中\太原市六十三中理化709人\216110090018_8 传输完成
2021-09-03 11:44:35 INFO  分配文件日志:101 - H:\2021.05.26六十三中\太原市六十三中理化709人\216110090023 传输完成
2021-09-03 11:44:36 INFO  分配文件日志:101 - H:\2021.05.26六十三中\太原市六十三中理化709人\216110090025_7 传输完成
2021-09-03 11:44:37 INFO  分配文件日志:101 - H:\2021.05.26六十三中\太原市六十三中理化709人\216110090027 传输完成
2021-09-03 11:44:38 INFO  分配文件日志:101 - H:\2021.05.26六十三中\太原市六十三中理化709人\216110090028_8 传输完成
2021-09-03 11:44:40 INFO  分配文件日志:101 - H:\2021.05.26六十三中\太原市六十三中理化709人\216110090029 传输完成
2021-09-03 11:44:41 INFO  分配文件日志:101 - H:\2021.05.26六十三中\太原市六十三中理化709人\216110090034_9 传输完成
2021-09-03 11:44:42 INFO  分配文件日志:101 - H:\2021.05.26六十三中\太原市六十三中理化709人\216110090035_7 传输完成
2021-09-03 11:44:43 INFO  分配文件日志:101 - H:\2021.05.26六十三中\太原市六十三中理化709人\216110090036 传输完成
2021-09-03 11:44:44 INFO  分配文件日志:101 - H:\2021.05.26六十三中\太原市六十三中理化709人\216110090037_7 传输完成
2021-09-03 11:44:44 INFO  分配文件日志:101 - H:\2021.05.26六十三中\太原市六十三中理化709人\216110090041 传输完成
2021-09-03 11:44:46 INFO  分配文件日志:101 - H:\2021.05.26六十三中\太原市六十三中理化709人\216110090042 传输完成
2021-09-03 11:44:47 INFO  分配文件日志:101 - H:\2021.05.26六十三中\太原市六十三中理化709人\216110090043 传输完成
2021-09-03 11:44:48 INFO  分配文件日志:101 - H:\2021.05.26六十三中\太原市六十三中理化709人\216110090044 传输完成
2021-09-03 11:44:48 INFO  分配文件日志:101 - H:\2021.05.26六十三中\太原市六十三中理化709人\216110090045 传输完成
2021-09-03 11:44:49 INFO  分配文件日志:101 - H:\2021.05.26六十三中\太原市六十三中理化709人\216110090046_9 传输完成
2021-09-03 11:44:50 INFO  分配文件日志:101 - H:\2021.05.26六十三中\太原市六十三中理化709人\216110090050 传输完成
2021-09-03 11:44:51 INFO  分配文件日志:101 - H:\2021.05.26六十三中\太原市六十三中理化709人\216110090051 传输完成
2021-09-03 11:44:52 INFO  分配文件日志:101 - H:\2021.05.26六十三中\太原市六十三中理化709人\216110090052_8 传输完成
2021-09-03 11:44:53 INFO  分配文件日志:101 - H:\2021.05.26六十三中\太原市六十三中理化709人\216110090053 传输完成
2021-09-03 11:44:54 INFO  分配文件日志:101 - H:\2021.05.26六十三中\太原市六十三中理化709人\216110090055_9 传输完成
2021-09-03 11:44:55 INFO  分配文件日志:101 - H:\2021.05.26六十三中\太原市六十三中理化709人\216110090058_9 传输完成
2021-09-03 11:44:56 INFO  分配文件日志:101 - H:\2021.05.26六十三中\太原市六十三中理化709人\216110090060 传输完成
2021-09-03 11:44:57 INFO  分配文件日志:101 - H:\2021.05.26六十三中\太原市六十三中理化709人\216110090062_9 传输完成
2021-09-03 11:44:58 INFO  分配文件日志:101 - H:\2021.05.26六十三中\太原市六十三中理化709人\216110090064 传输完成
2021-09-03 11:44:59 INFO  分配文件日志:101 - H:\2021.05.26六十三中\太原市六十三中理化709人\216110090065 传输完成
2021-09-03 11:45:00 INFO  分配文件日志:101 - H:\2021.05.26六十三中\太原市六十三中理化709人\216110090068 传输完成
2021-09-03 11:45:01 INFO  分配文件日志:101 - H:\2021.05.26六十三中\太原市六十三中理化709人\216110090069 传输完成
2021-09-03 11:45:02 INFO  分配文件日志:101 - H:\2021.05.26六十三中\太原市六十三中理化709人\216110090070 传输完成
2021-09-03 11:45:03 INFO  分配文件日志:101 - H:\2021.05.26六十三中\太原市六十三中理化709人\216110090072_9 传输完成
2021-09-03 11:45:04 INFO  分配文件日志:101 - H:\2021.05.26六十三中\太原市六十三中理化709人\216110090073 传输完成
2021-09-03 11:45:05 INFO  分配文件日志:101 - H:\2021.05.26六十三中\太原市六十三中理化709人\216110090075 传输完成
2021-09-03 11:45:06 INFO  分配文件日志:101 - H:\2021.05.26六十三中\太原市六十三中理化709人\216110090079 传输完成
2021-09-03 11:45:07 INFO  分配文件日志:101 - H:\2021.05.26六十三中\太原市六十三中理化709人\216110090080 传输完成
2021-09-03 11:45:08 INFO  分配文件日志:101 - H:\2021.05.26六十三中\太原市六十三中理化709人\216110090082 传输完成
2021-09-03 11:45:09 INFO  分配文件日志:101 - H:\2021.05.26六十三中\太原市六十三中理化709人\216110090084_7 传输完成
2021-09-03 11:45:10 INFO  分配文件日志:101 - H:\2021.05.26六十三中\太原市六十三中理化709人\216110090085_8 传输完成
2021-09-03 11:45:11 INFO  分配文件日志:101 - H:\2021.05.26六十三中\太原市六十三中理化709人\216110090086_9 传输完成
2021-09-03 11:45:12 INFO  分配文件日志:101 - H:\2021.05.26六十三中\太原市六十三中理化709人\216110090088_9 传输完成
2021-09-03 11:45:13 INFO  分配文件日志:101 - H:\2021.05.26六十三中\太原市六十三中理化709人\216110090090_8 传输完成
2021-09-03 11:45:14 INFO  分配文件日志:101 - H:\2021.05.26六十三中\太原市六十三中理化709人\216110090098 传输完成
2021-09-03 11:45:15 INFO  分配文件日志:101 - H:\2021.05.26六十三中\太原市六十三中理化709人\216110090103 传输完成
2021-09-03 11:45:16 INFO  分配文件日志:101 - H:\2021.05.26六十三中\太原市六十三中理化709人\216110090104 传输完成
2021-09-03 11:45:18 INFO  分配文件日志:101 - H:\2021.05.26六十三中\太原市六十三中理化709人\216110090107_9 传输完成
2021-09-03 11:45:19 INFO  分配文件日志:101 - H:\2021.05.26六十三中\太原市六十三中理化709人\216110090108 传输完成
2021-09-03 11:45:20 INFO  分配文件日志:101 - H:\2021.05.26六十三中\太原市六十三中理化709人\216110090109_7 传输完成
2021-09-03 11:45:20 INFO  分配文件日志:101 - H:\2021.05.26六十三中\太原市六十三中理化709人\216110090110 传输完成
2021-09-03 11:45:21 INFO  分配文件日志:101 - H:\2021.05.26六十三中\太原市六十三中理化709人\216110090112 传输完成
2021-09-03 11:45:22 INFO  分配文件日志:101 - H:\2021.05.26六十三中\太原市六十三中理化709人\216110090114_5 传输完成
2021-09-03 11:45:23 INFO  分配文件日志:101 - H:\2021.05.26六十三中\太原市六十三中理化709人\216110090116_9 传输完成
2021-09-03 11:45:24 INFO  分配文件日志:101 - H:\2021.05.26六十三中\太原市六十三中理化709人\216110090117_9 传输完成
2021-09-03 11:45:25 INFO  分配文件日志:101 - H:\2021.05.26六十三中\太原市六十三中理化709人\216110090118 传输完成
2021-09-03 11:45:26 INFO  分配文件日志:101 - H:\2021.05.26六十三中\太原市六十三中理化709人\216110090123_9 传输完成
2021-09-03 11:45:26 WARN  分配文件日志:88 - H:\2021.05.26六十三中\太原市六十三中理化709人\216110090124_7 文件不存在!
2021-09-03 11:45:27 INFO  分配文件日志:101 - H:\2021.05.26六十三中\太原市六十三中理化709人\216110090125_9 传输完成
2021-09-03 11:45:27 WARN  分配文件日志:88 - H:\2021.05.26六十三中\太原市六十三中理化709人\216110090126_7 文件不存在!
2021-09-03 11:45:28 INFO  分配文件日志:101 - H:\2021.05.26六十三中\太原市六十三中理化709人\216110090128 传输完成
2021-09-03 11:45:29 INFO  分配文件日志:101 - H:\2021.05.26六十三中\太原市六十三中理化709人\216110090133 传输完成
2021-09-03 11:45:30 INFO  分配文件日志:101 - H:\2021.05.26六十三中\太原市六十三中理化709人\216110090135 传输完成
2021-09-03 11:45:31 INFO  分配文件日志:101 - H:\2021.05.26六十三中\太原市六十三中理化709人\216110090138 传输完成
2021-09-03 11:45:32 INFO  分配文件日志:101 - H:\2021.05.26六十三中\太原市六十三中理化709人\216110090139_6 传输完成
2021-09-03 11:45:32 INFO  分配文件日志:101 - H:\2021.05.26六十三中\太原市六十三中理化709人\216110090141 传输完成
2021-09-03 11:45:33 INFO  分配文件日志:101 - H:\2021.05.26六十三中\太原市六十三中理化709人\216110090142 传输完成
2021-09-03 11:45:34 INFO  分配文件日志:101 - H:\2021.05.26六十三中\太原市六十三中理化709人\216110090143 传输完成
2021-09-03 11:45:35 INFO  分配文件日志:101 - H:\2021.05.26六十三中\太原市六十三中理化709人\216110090145 传输完成
2021-09-03 11:45:36 INFO  分配文件日志:101 - H:\2021.05.26六十三中\太原市六十三中理化709人\216110090146 传输完成
2021-09-03 11:45:37 INFO  分配文件日志:101 - H:\2021.05.26六十三中\太原市六十三中理化709人\216110090147 传输完成
2021-09-03 11:45:38 INFO  分配文件日志:101 - H:\2021.05.26六十三中\太原市六十三中理化709人\216110090149 传输完成
2021-09-03 11:45:38 INFO  分配文件日志:101 - H:\2021.05.26六十三中\太原市六十三中理化709人\216110090150 传输完成
2021-09-03 11:45:40 INFO  分配文件日志:101 - H:\2021.05.26六十三中\太原市六十三中理化709人\216110090151_9 传输完成
2021-09-03 11:45:41 INFO  分配文件日志:101 - H:\2021.05.26六十三中\太原市六十三中理化709人\216110090152 传输完成
2021-09-03 11:45:42 INFO  分配文件日志:101 - H:\2021.05.26六十三中\太原市六十三中理化709人\216110090153 传输完成
2021-09-03 11:45:43 INFO  分配文件日志:101 - H:\2021.05.26六十三中\太原市六十三中理化709人\216110090155 传输完成
2021-09-03 11:45:44 INFO  分配文件日志:101 - H:\2021.05.26六十三中\太原市六十三中理化709人\216110090156 传输完成
2021-09-03 11:45:44 INFO  分配文件日志:101 - H:\2021.05.26六十三中\太原市六十三中理化709人\216110090157 传输完成
2021-09-03 11:45:46 INFO  分配文件日志:101 - H:\2021.05.26六十三中\太原市六十三中理化709人\216110090166 传输完成
2021-09-03 11:45:47 INFO  分配文件日志:101 - H:\2021.05.26六十三中\太原市六十三中理化709人\216110090168_9 传输完成
2021-09-03 11:45:48 INFO  分配文件日志:101 - H:\2021.05.26六十三中\太原市六十三中理化709人\216110090172_9 传输完成
2021-09-03 11:45:48 INFO  分配文件日志:101 - H:\2021.05.26六十三中\太原市六十三中理化709人\216110090174 传输完成
2021-09-03 11:45:49 INFO  分配文件日志:101 - H:\2021.05.26六十三中\太原市六十三中理化709人\216110090175 传输完成
2021-09-03 11:45:50 INFO  分配文件日志:101 - H:\2021.05.26六十三中\太原市六十三中理化709人\216110090178 传输完成
2021-09-03 11:45:51 INFO  分配文件日志:101 - H:\2021.05.26六十三中\太原市六十三中理化709人\216110090179 传输完成
2021-09-03 11:45:52 INFO  分配文件日志:101 - H:\2021.05.26六十三中\太原市六十三中理化709人\216110090182_9 传输完成
2021-09-03 11:45:53 INFO  分配文件日志:101 - H:\2021.05.26六十三中\太原市六十三中理化709人\216110090184 传输完成
2021-09-03 11:45:54 INFO  分配文件日志:101 - H:\2021.05.26六十三中\太原市六十三中理化709人\216110090185 传输完成
2021-09-03 11:45:55 INFO  分配文件日志:101 - H:\2021.05.26六十三中\太原市六十三中理化709人\216110090187 传输完成
2021-09-03 11:45:56 INFO  分配文件日志:101 - H:\2021.05.26六十三中\太原市六十三中理化709人\216110090189 传输完成
2021-09-03 11:45:57 INFO  分配文件日志:101 - H:\2021.05.26六十三中\太原市六十三中理化709人\216110090192 传输完成
2021-09-03 11:45:58 INFO  分配文件日志:101 - H:\2021.05.26六十三中\太原市六十三中理化709人\216110090193_3 传输完成
2021-09-03 11:45:59 INFO  分配文件日志:101 - H:\2021.05.26六十三中\太原市六十三中理化709人\216110090195_9 传输完成
2021-09-03 11:46:00 INFO  分配文件日志:101 - H:\2021.05.26六十三中\太原市六十三中理化709人\216110090196_9 传输完成
2021-09-03 11:46:01 INFO  分配文件日志:101 - H:\2021.05.26六十三中\太原市六十三中理化709人\216110090197 传输完成
2021-09-03 11:46:02 INFO  分配文件日志:101 - H:\2021.05.26六十三中\太原市六十三中理化709人\216110090200_7 传输完成
2021-09-03 11:46:03 INFO  分配文件日志:101 - H:\2021.05.26六十三中\太原市六十三中理化709人\216110090202 传输完成
2021-09-03 11:46:04 INFO  分配文件日志:101 - H:\2021.05.26六十三中\太原市六十三中理化709人\216110090203_9 传输完成
2021-09-03 11:46:05 INFO  分配文件日志:101 - H:\2021.05.26六十三中\太原市六十三中理化709人\216110090205_8 传输完成
2021-09-03 11:46:06 INFO  分配文件日志:101 - H:\2021.05.26六十三中\太原市六十三中理化709人\216110090206_5 传输完成
2021-09-03 11:46:07 INFO  分配文件日志:101 - H:\2021.05.26六十三中\太原市六十三中理化709人\216110090207 传输完成
2021-09-03 11:46:08 INFO  分配文件日志:101 - H:\2021.05.26六十三中\太原市六十三中理化709人\216110090208 传输完成
2021-09-03 11:46:09 INFO  分配文件日志:101 - H:\2021.05.26六十三中\太原市六十三中理化709人\216110090211 传输完成
2021-09-03 11:46:10 INFO  分配文件日志:101 - H:\2021.05.26六十三中\太原市六十三中理化709人\216110090214 传输完成
2021-09-03 11:46:11 INFO  分配文件日志:101 - H:\2021.05.26六十三中\太原市六十三中理化709人\216110090215 传输完成
2021-09-03 11:46:13 INFO  分配文件日志:101 - H:\2021.05.26六十三中\太原市六十三中理化709人\216110090217 传输完成
2021-09-03 11:46:14 INFO  分配文件日志:101 - H:\2021.05.26六十三中\太原市六十三中理化709人\216110090220 传输完成
2021-09-03 11:46:15 INFO  分配文件日志:101 - H:\2021.05.26六十三中\太原市六十三中理化709人\216110090225 传输完成
2021-09-03 11:46:16 INFO  分配文件日志:101 - H:\2021.05.26六十三中\太原市六十三中理化709人\216110090226 传输完成
2021-09-03 11:46:17 INFO  分配文件日志:101 - H:\2021.05.26六十三中\太原市六十三中理化709人\216110090227_8 传输完成
2021-09-03 11:46:18 INFO  分配文件日志:101 - H:\2021.05.26六十三中\太原市六十三中理化709人\216110090229 传输完成
2021-09-03 11:46:19 INFO  分配文件日志:101 - H:\2021.05.26六十三中\太原市六十三中理化709人\216110090232 传输完成
2021-09-03 11:46:20 INFO  分配文件日志:101 - H:\2021.05.26六十三中\太原市六十三中理化709人\216110090234_7 传输完成
2021-09-03 11:46:21 INFO  分配文件日志:101 - H:\2021.05.26六十三中\太原市六十三中理化709人\216110090235 传输完成
2021-09-03 11:46:22 INFO  分配文件日志:101 - H:\2021.05.26六十三中\太原市六十三中理化709人\216110090239_7 传输完成
2021-09-03 11:46:23 INFO  分配文件日志:101 - H:\2021.05.26六十三中\太原市六十三中理化709人\216110090241 传输完成
2021-09-03 11:46:24 INFO  分配文件日志:101 - H:\2021.05.26六十三中\太原市六十三中理化709人\216110090243 传输完成
2021-09-03 11:46:25 INFO  分配文件日志:101 - H:\2021.05.26六十三中\太原市六十三中理化709人\216110090244 传输完成
2021-09-03 11:46:27 INFO  分配文件日志:101 - H:\2021.05.26六十三中\太原市六十三中理化709人\216110090249_9 传输完成
2021-09-03 11:46:27 INFO  分配文件日志:101 - H:\2021.05.26六十三中\太原市六十三中理化709人\216110090250 传输完成
2021-09-03 11:46:28 INFO  分配文件日志:101 - H:\2021.05.26六十三中\太原市六十三中理化709人\216110090252 传输完成
2021-09-03 11:46:29 INFO  分配文件日志:101 - H:\2021.05.26六十三中\太原市六十三中理化709人\216110090255 传输完成
2021-09-03 11:46:30 INFO  分配文件日志:101 - H:\2021.05.26六十三中\太原市六十三中理化709人\216110090256 传输完成
2021-09-03 11:46:31 INFO  分配文件日志:101 - H:\2021.05.26六十三中\太原市六十三中理化709人\216110090260 传输完成
2021-09-03 11:46:32 INFO  分配文件日志:101 - H:\2021.05.26六十三中\太原市六十三中理化709人\216110090263 传输完成
2021-09-03 11:46:33 INFO  分配文件日志:101 - H:\2021.05.26六十三中\太原市六十三中理化709人\216110090264 传输完成
2021-09-03 11:46:33 INFO  分配文件日志:101 - H:\2021.05.26六十三中\太原市六十三中理化709人\216110090265 传输完成
2021-09-03 11:46:35 INFO  分配文件日志:101 - H:\2021.05.26六十三中\太原市六十三中理化709人\216110090266 传输完成
2021-09-03 11:46:35 INFO  分配文件日志:101 - H:\2021.05.26六十三中\太原市六十三中理化709人\216110090267_8 传输完成
2021-09-03 11:46:36 INFO  分配文件日志:101 - H:\2021.05.26六十三中\太原市六十三中理化709人\216110090268 传输完成
2021-09-03 11:46:37 INFO  分配文件日志:101 - H:\2021.05.26六十三中\太原市六十三中理化709人\216110090270 传输完成
2021-09-03 11:46:38 INFO  分配文件日志:101 - H:\2021.05.26六十三中\太原市六十三中理化709人\216110090273 传输完成
2021-09-03 11:46:39 INFO  分配文件日志:101 - H:\2021.05.26六十三中\太原市六十三中理化709人\216110090276 传输完成
2021-09-03 11:46:40 INFO  分配文件日志:101 - H:\2021.05.26六十三中\太原市六十三中理化709人\216110090278_9 传输完成
2021-09-03 11:46:41 INFO  分配文件日志:101 - H:\2021.05.26六十三中\太原市六十三中理化709人\216110090279 传输完成
2021-09-03 11:46:42 INFO  分配文件日志:101 - H:\2021.05.26六十三中\太原市六十三中理化709人\216110090282 传输完成
2021-09-03 11:46:43 INFO  分配文件日志:101 - H:\2021.05.26六十三中\太原市六十三中理化709人\216110090285_8 传输完成
2021-09-03 11:46:44 INFO  分配文件日志:101 - H:\2021.05.26六十三中\太原市六十三中理化709人\216110090286 传输完成
2021-09-03 11:46:44 INFO  分配文件日志:101 - H:\2021.05.26六十三中\太原市六十三中理化709人\216110090288 传输完成
2021-09-03 11:46:45 INFO  分配文件日志:101 - H:\2021.05.26六十三中\太原市六十三中理化709人\216110090289 传输完成
2021-09-03 11:46:46 INFO  分配文件日志:101 - H:\2021.05.26六十三中\太原市六十三中理化709人\216110090291 传输完成
2021-09-03 11:46:47 INFO  分配文件日志:101 - H:\2021.05.26六十三中\太原市六十三中理化709人\216110090292 传输完成
2021-09-03 11:46:48 INFO  分配文件日志:101 - H:\2021.05.26六十三中\太原市六十三中理化709人\216110090295 传输完成
2021-09-03 11:46:49 INFO  分配文件日志:101 - H:\2021.05.26六十三中\太原市六十三中理化709人\216110090297 传输完成
2021-09-03 11:46:50 INFO  分配文件日志:101 - H:\2021.05.26六十三中\太原市六十三中理化709人\216110090298 传输完成
2021-09-03 11:46:50 INFO  分配文件日志:101 - H:\2021.05.26六十三中\太原市六十三中理化709人\216110090302 传输完成
2021-09-03 11:46:51 INFO  分配文件日志:101 - H:\2021.05.26六十三中\太原市六十三中理化709人\216110090304 传输完成
2021-09-03 11:46:52 INFO  分配文件日志:101 - H:\2021.05.26六十三中\太原市六十三中理化709人\216110090305 传输完成
2021-09-03 11:46:53 INFO  分配文件日志:101 - H:\2021.05.26六十三中\太原市六十三中理化709人\216110090306 传输完成
2021-09-03 11:46:54 INFO  分配文件日志:101 - H:\2021.05.26六十三中\太原市六十三中理化709人\216110090307 传输完成
2021-09-03 11:46:55 INFO  分配文件日志:101 - H:\2021.05.26六十三中\太原市六十三中理化709人\216110090308 传输完成
2021-09-03 11:46:56 INFO  分配文件日志:101 - H:\2021.05.26六十三中\太原市六十三中理化709人\216110090310 传输完成
2021-09-03 11:46:57 INFO  分配文件日志:101 - H:\2021.05.26六十三中\太原市六十三中理化709人\216110090313 传输完成
2021-09-03 11:46:58 INFO  分配文件日志:101 - H:\2021.05.26六十三中\太原市六十三中理化709人\216110090315 传输完成
2021-09-03 11:46:59 INFO  分配文件日志:101 - H:\2021.05.26六十三中\太原市六十三中理化709人\216110090316 传输完成
2021-09-03 11:47:00 INFO  分配文件日志:101 - H:\2021.05.26六十三中\太原市六十三中理化709人\216110090317 传输完成
2021-09-03 11:47:01 INFO  分配文件日志:101 - H:\2021.05.26六十三中\太原市六十三中理化709人\216110090319_9 传输完成
2021-09-03 11:47:02 INFO  分配文件日志:101 - H:\2021.05.26六十三中\太原市六十三中理化709人\216110090322 传输完成
2021-09-03 11:47:02 INFO  分配文件日志:101 - H:\2021.05.26六十三中\太原市六十三中理化709人\216110090325 传输完成
2021-09-03 11:47:03 INFO  分配文件日志:101 - H:\2021.05.26六十三中\太原市六十三中理化709人\216110090326 传输完成
2021-09-03 11:47:05 INFO  分配文件日志:101 - H:\2021.05.26六十三中\太原市六十三中理化709人\216110090329 传输完成
2021-09-03 11:47:06 INFO  分配文件日志:101 - H:\2021.05.26六十三中\太原市六十三中理化709人\216110090332_8 传输完成
2021-09-03 11:47:06 INFO  分配文件日志:101 - H:\2021.05.26六十三中\太原市六十三中理化709人\216110090334_9 传输完成
2021-09-03 11:47:07 INFO  分配文件日志:101 - H:\2021.05.26六十三中\太原市六十三中理化709人\216110090338 传输完成
2021-09-03 11:47:08 INFO  分配文件日志:101 - H:\2021.05.26六十三中\太原市六十三中理化709人\216110090339 传输完成
2021-09-03 11:47:10 INFO  分配文件日志:101 - H:\2021.05.26六十三中\太原市六十三中理化709人\216110090341_8 传输完成
2021-09-03 11:47:11 INFO  分配文件日志:101 - H:\2021.05.26六十三中\太原市六十三中理化709人\216110090344 传输完成
2021-09-03 11:47:12 INFO  分配文件日志:101 - H:\2021.05.26六十三中\太原市六十三中理化709人\216110090346_6 传输完成
2021-09-03 11:47:13 INFO  分配文件日志:101 - H:\2021.05.26六十三中\太原市六十三中理化709人\216110090349_7 传输完成
2021-09-03 11:47:14 INFO  分配文件日志:101 - H:\2021.05.26六十三中\太原市六十三中理化709人\216110090350_9 传输完成
2021-09-03 11:47:14 INFO  分配文件日志:101 - H:\2021.05.26六十三中\太原市六十三中理化709人\216110090351 传输完成
2021-09-03 11:47:16 INFO  分配文件日志:101 - H:\2021.05.26六十三中\太原市六十三中理化709人\216110090354 传输完成
2021-09-03 11:47:17 INFO  分配文件日志:101 - H:\2021.05.26六十三中\太原市六十三中理化709人\216110090356 传输完成
2021-09-03 11:47:17 INFO  分配文件日志:101 - H:\2021.05.26六十三中\太原市六十三中理化709人\216110090359 传输完成
2021-09-03 11:47:18 INFO  分配文件日志:101 - H:\2021.05.26六十三中\太原市六十三中理化709人\216110090360_7 传输完成
2021-09-03 11:47:19 INFO  分配文件日志:101 - H:\2021.05.26六十三中\太原市六十三中理化709人\216110090361 传输完成
2021-09-03 11:47:20 INFO  分配文件日志:101 - H:\2021.05.26六十三中\太原市六十三中理化709人\216110090366 传输完成
2021-09-03 11:47:21 INFO  分配文件日志:101 - H:\2021.05.26六十三中\太原市六十三中理化709人\216110090367 传输完成
2021-09-03 11:47:22 INFO  分配文件日志:101 - H:\2021.05.26六十三中\太原市六十三中理化709人\216110090368 传输完成
2021-09-03 11:47:23 INFO  分配文件日志:101 - H:\2021.05.26六十三中\太原市六十三中理化709人\216110060002 传输完成
2021-09-03 11:47:23 INFO  分配文件日志:101 - H:\2021.05.26六十三中\太原市六十三中理化709人\216110060004 传输完成
2021-09-03 11:47:25 INFO  分配文件日志:101 - H:\2021.05.26六十三中\太原市六十三中理化709人\216110060007 传输完成
2021-09-03 11:47:26 INFO  分配文件日志:101 - H:\2021.05.26六十三中\太原市六十三中理化709人\216110060010 传输完成
2021-09-03 11:47:27 INFO  分配文件日志:101 - H:\2021.05.26六十三中\太原市六十三中理化709人\216110060011 传输完成
2021-09-03 11:47:28 INFO  分配文件日志:101 - H:\2021.05.26六十三中\太原市六十三中理化709人\216110060012 传输完成
2021-09-03 11:47:29 INFO  分配文件日志:101 - H:\2021.05.26六十三中\太原市六十三中理化709人\216110060014 传输完成
2021-09-03 11:47:30 INFO  分配文件日志:101 - H:\2021.05.26六十三中\太原市六十三中理化709人\216110060015 传输完成
2021-09-03 11:47:31 INFO  分配文件日志:101 - H:\2021.05.26六十三中\太原市六十三中理化709人\216110060017 传输完成
2021-09-03 11:47:32 INFO  分配文件日志:101 - H:\2021.05.26六十三中\太原市六十三中理化709人\216110060018_6 传输完成
2021-09-03 11:47:33 INFO  分配文件日志:101 - H:\2021.05.26六十三中\太原市六十三中理化709人\216110060020_8 传输完成
2021-09-03 11:47:34 INFO  分配文件日志:101 - H:\2021.05.26六十三中\太原市六十三中理化709人\216110060021 传输完成
2021-09-03 11:47:35 INFO  分配文件日志:101 - H:\2021.05.26六十三中\太原市六十三中理化709人\216110060022 传输完成
2021-09-03 11:47:36 INFO  分配文件日志:101 - H:\2021.05.26六十三中\太原市六十三中理化709人\216110060026 传输完成
2021-09-03 11:47:37 INFO  分配文件日志:101 - H:\2021.05.26六十三中\太原市六十三中理化709人\216110060027 传输完成
2021-09-03 11:47:38 INFO  分配文件日志:101 - H:\2021.05.26六十三中\太原市六十三中理化709人\216110060028 传输完成
2021-09-03 11:47:39 INFO  分配文件日志:101 - H:\2021.05.26六十三中\太原市六十三中理化709人\216110060029_9 传输完成
2021-09-03 11:47:40 INFO  分配文件日志:101 - H:\2021.05.26六十三中\太原市六十三中理化709人\216110060030 传输完成
2021-09-03 11:47:41 INFO  分配文件日志:101 - H:\2021.05.26六十三中\太原市六十三中理化709人\216110060033 传输完成
2021-09-03 11:47:41 INFO  分配文件日志:101 - H:\2021.05.26六十三中\太原市六十三中理化709人\216110060036 传输完成
2021-09-03 11:47:42 INFO  分配文件日志:101 - H:\2021.05.26六十三中\太原市六十三中理化709人\216110060037 传输完成
2021-09-03 11:47:43 INFO  分配文件日志:101 - H:\2021.05.26六十三中\太原市六十三中理化709人\216110060042 传输完成
2021-09-03 11:47:44 INFO  分配文件日志:101 - H:\2021.05.26六十三中\太原市六十三中理化709人\216110060043 传输完成
2021-09-03 11:47:45 INFO  分配文件日志:101 - H:\2021.05.26六十三中\太原市六十三中理化709人\216110060048 传输完成
2021-09-03 11:47:46 INFO  分配文件日志:101 - H:\2021.05.26六十三中\太原市六十三中理化709人\216110060050 传输完成
2021-09-03 11:47:47 INFO  分配文件日志:101 - H:\2021.05.26六十三中\太原市六十三中理化709人\216110060052 传输完成
2021-09-03 11:47:48 INFO  分配文件日志:101 - H:\2021.05.26六十三中\太原市六十三中理化709人\216110060054 传输完成
2021-09-03 11:47:49 INFO  分配文件日志:101 - H:\2021.05.26六十三中\太原市六十三中理化709人\216110060055 传输完成
2021-09-03 11:47:50 INFO  分配文件日志:101 - H:\2021.05.26六十三中\太原市六十三中理化709人\216110060057 传输完成
2021-09-03 11:47:51 INFO  分配文件日志:101 - H:\2021.05.26六十三中\太原市六十三中理化709人\216110060058 传输完成
2021-09-03 11:47:52 INFO  分配文件日志:101 - H:\2021.05.26六十三中\太原市六十三中理化709人\216110060060_9 传输完成
2021-09-03 11:47:53 INFO  分配文件日志:101 - H:\2021.05.26六十三中\太原市六十三中理化709人\216110060064 传输完成
2021-09-03 11:47:55 INFO  分配文件日志:101 - H:\2021.05.26六十三中\太原市六十三中理化709人\216110060065 传输完成
2021-09-03 11:47:55 INFO  分配文件日志:101 - H:\2021.05.26六十三中\太原市六十三中理化709人\216110060066 传输完成
2021-09-03 11:47:57 INFO  分配文件日志:101 - H:\2021.05.26六十三中\太原市六十三中理化709人\216110060067_9 传输完成
2021-09-03 11:47:57 INFO  分配文件日志:101 - H:\2021.05.26六十三中\太原市六十三中理化709人\216110060071_9 传输完成
2021-09-03 11:47:58 INFO  分配文件日志:101 - H:\2021.05.26六十三中\太原市六十三中理化709人\216110060076 传输完成
2021-09-03 11:47:59 INFO  分配文件日志:101 - H:\2021.05.26六十三中\太原市六十三中理化709人\216110060077_9 传输完成
2021-09-03 11:48:00 INFO  分配文件日志:101 - H:\2021.05.26六十三中\太原市六十三中理化709人\216110060078 传输完成
2021-09-03 11:48:01 INFO  分配文件日志:101 - H:\2021.05.26六十三中\太原市六十三中理化709人\216110060081_9 传输完成
2021-09-03 11:48:01 INFO  分配文件日志:101 - H:\2021.05.26六十三中\太原市六十三中理化709人\216110060085_6 传输完成
2021-09-03 11:48:03 INFO  分配文件日志:101 - H:\2021.05.26六十三中\太原市六十三中理化709人\216110060086_3 传输完成
2021-09-03 11:48:03 INFO  分配文件日志:101 - H:\2021.05.26六十三中\太原市六十三中理化709人\216110060087_7 传输完成
2021-09-03 11:48:04 INFO  分配文件日志:101 - H:\2021.05.26六十三中\太原市六十三中理化709人\216110060088 传输完成
2021-09-03 11:48:06 INFO  分配文件日志:101 - H:\2021.05.26六十三中\太原市六十三中理化709人\216110060090_9 传输完成
2021-09-03 11:48:06 INFO  分配文件日志:101 - H:\2021.05.26六十三中\太原市六十三中理化709人\216110060092 传输完成
2021-09-03 11:48:07 INFO  分配文件日志:101 - H:\2021.05.26六十三中\太原市六十三中理化709人\216110060093 传输完成
2021-09-03 11:48:08 INFO  分配文件日志:101 - H:\2021.05.26六十三中\太原市六十三中理化709人\216110060094 传输完成
2021-09-03 11:48:09 INFO  分配文件日志:101 - H:\2021.05.26六十三中\太原市六十三中理化709人\216110060095 传输完成
2021-09-03 11:48:10 INFO  分配文件日志:101 - H:\2021.05.26六十三中\太原市六十三中理化709人\216110060097 传输完成
2021-09-03 11:48:10 INFO  分配文件日志:101 - H:\2021.05.26六十三中\太原市六十三中理化709人\216110060100 传输完成
2021-09-03 11:48:12 INFO  分配文件日志:101 - H:\2021.05.26六十三中\太原市六十三中理化709人\216110060101_9 传输完成
2021-09-03 11:48:13 INFO  分配文件日志:101 - H:\2021.05.26六十三中\太原市六十三中理化709人\216110060102 传输完成
2021-09-03 11:48:13 INFO  分配文件日志:101 - H:\2021.05.26六十三中\太原市六十三中理化709人\216110060108_4 传输完成
2021-09-03 11:48:14 INFO  分配文件日志:101 - H:\2021.05.26六十三中\太原市六十三中理化709人\216110060110 传输完成
2021-09-03 11:48:15 INFO  分配文件日志:101 - H:\2021.05.26六十三中\太原市六十三中理化709人\216110060111 传输完成
2021-09-03 11:48:18 INFO  分配文件日志:101 - H:\2021.05.26六十三中\太原市六十三中理化709人\216110060113 传输完成
2021-09-03 11:48:19 INFO  分配文件日志:101 - H:\2021.05.26六十三中\太原市六十三中理化709人\216110060119 传输完成
2021-09-03 11:48:20 INFO  分配文件日志:101 - H:\2021.05.26六十三中\太原市六十三中理化709人\216110060121 传输完成
2021-09-03 11:48:20 INFO  分配文件日志:101 - H:\2021.05.26六十三中\太原市六十三中理化709人\216110060123 传输完成
2021-09-03 11:48:22 INFO  分配文件日志:101 - H:\2021.05.26六十三中\太原市六十三中理化709人\216110060125 传输完成
2021-09-03 11:48:23 INFO  分配文件日志:101 - H:\2021.05.26六十三中\太原市六十三中理化709人\216110060126 传输完成
2021-09-03 11:48:24 INFO  分配文件日志:101 - H:\2021.05.26六十三中\太原市六十三中理化709人\216110060127 传输完成
2021-09-03 11:48:25 INFO  分配文件日志:101 - H:\2021.05.26六十三中\太原市六十三中理化709人\216110060129 传输完成
2021-09-03 11:48:26 INFO  分配文件日志:101 - H:\2021.05.26六十三中\太原市六十三中理化709人\216110060130_7 传输完成
2021-09-03 11:48:26 INFO  分配文件日志:101 - H:\2021.05.26六十三中\太原市六十三中理化709人\216110060131 传输完成
2021-09-03 11:48:27 INFO  分配文件日志:101 - H:\2021.05.26六十三中\太原市六十三中理化709人\216110060132_9 传输完成
2021-09-03 11:48:29 INFO  分配文件日志:101 - H:\2021.05.26六十三中\太原市六十三中理化709人\216110060135_7 传输完成
2021-09-03 11:48:29 INFO  分配文件日志:101 - H:\2021.05.26六十三中\太原市六十三中理化709人\216110060136 传输完成
2021-09-03 11:48:30 INFO  分配文件日志:101 - H:\2021.05.26六十三中\太原市六十三中理化709人\216110060137 传输完成
2021-09-03 11:48:31 INFO  分配文件日志:101 - H:\2021.05.26六十三中\太原市六十三中理化709人\216110060138 传输完成
2021-09-03 11:48:32 INFO  分配文件日志:101 - H:\2021.05.26六十三中\太原市六十三中理化709人\216110060139 传输完成
2021-09-03 11:48:33 INFO  分配文件日志:101 - H:\2021.05.26六十三中\太原市六十三中理化709人\216110060140 传输完成
2021-09-03 11:48:34 INFO  分配文件日志:101 - H:\2021.05.26六十三中\太原市六十三中理化709人\216110060142 传输完成
2021-09-03 11:48:35 INFO  分配文件日志:101 - H:\2021.05.26六十三中\太原市六十三中理化709人\216110060146_9 传输完成
2021-09-03 11:48:35 INFO  分配文件日志:101 - H:\2021.05.26六十三中\太原市六十三中理化709人\216110060147 传输完成
2021-09-03 11:48:36 INFO  分配文件日志:101 - H:\2021.05.26六十三中\太原市六十三中理化709人\216110060148 传输完成
2021-09-03 11:48:37 INFO  分配文件日志:101 - H:\2021.05.26六十三中\太原市六十三中理化709人\216110060149_9 传输完成
2021-09-03 11:48:38 INFO  分配文件日志:101 - H:\2021.05.26六十三中\太原市六十三中理化709人\216110060155 传输完成
2021-09-03 11:48:39 INFO  分配文件日志:101 - H:\2021.05.26六十三中\太原市六十三中理化709人\216110060158 传输完成
2021-09-03 11:48:40 INFO  分配文件日志:101 - H:\2021.05.26六十三中\太原市六十三中理化709人\216110060161 传输完成
2021-09-03 11:48:41 INFO  分配文件日志:101 - H:\2021.05.26六十三中\太原市六十三中理化709人\216110060165 传输完成
2021-09-03 11:48:42 INFO  分配文件日志:101 - H:\2021.05.26六十三中\太原市六十三中理化709人\216110060166_9 传输完成
2021-09-03 11:48:43 INFO  分配文件日志:101 - H:\2021.05.26六十三中\太原市六十三中理化709人\216110060168_9 传输完成
2021-09-03 11:48:44 INFO  分配文件日志:101 - H:\2021.05.26六十三中\太原市六十三中理化709人\216110060169 传输完成
2021-09-03 11:48:45 INFO  分配文件日志:101 - H:\2021.05.26六十三中\太原市六十三中理化709人\216110060174_2 传输完成
2021-09-03 11:48:46 INFO  分配文件日志:101 - H:\2021.05.26六十三中\太原市六十三中理化709人\216110060175_9 传输完成
2021-09-03 11:48:47 INFO  分配文件日志:101 - H:\2021.05.26六十三中\太原市六十三中理化709人\216110060176_9 传输完成
2021-09-03 11:48:47 INFO  分配文件日志:101 - H:\2021.05.26六十三中\太原市六十三中理化709人\216110060177 传输完成
2021-09-03 11:48:48 INFO  分配文件日志:101 - H:\2021.05.26六十三中\太原市六十三中理化709人\216110060178 传输完成
2021-09-03 11:48:49 INFO  分配文件日志:101 - H:\2021.05.26六十三中\太原市六十三中理化709人\216110060183 传输完成
2021-09-03 11:48:49 INFO  分配文件日志:101 - H:\2021.05.26六十三中\太原市六十三中理化709人\216110030001 传输完成
2021-09-03 11:48:51 INFO  分配文件日志:101 - H:\2021.05.26六十三中\太原市六十三中理化709人\216110030002_7 传输完成
2021-09-03 11:48:52 INFO  分配文件日志:101 - H:\2021.05.26六十三中\太原市六十三中理化709人\216110030003 传输完成
2021-09-03 11:48:53 INFO  分配文件日志:101 - H:\2021.05.26六十三中\太原市六十三中理化709人\216110030008_8 传输完成
2021-09-03 11:48:54 INFO  分配文件日志:101 - H:\2021.05.26六十三中\太原市六十三中理化709人\216110030010 传输完成
2021-09-03 11:48:54 INFO  分配文件日志:101 - H:\2021.05.26六十三中\太原市六十三中理化709人\216110030014_8 传输完成
2021-09-03 11:48:55 INFO  分配文件日志:101 - H:\2021.05.26六十三中\太原市六十三中理化709人\216110030015 传输完成
2021-09-03 11:48:57 INFO  分配文件日志:101 - H:\2021.05.26六十三中\太原市六十三中理化709人\216110030016_9 传输完成
2021-09-03 11:48:58 INFO  分配文件日志:101 - H:\2021.05.26六十三中\太原市六十三中理化709人\216110030017 传输完成
2021-09-03 11:48:59 INFO  分配文件日志:101 - H:\2021.05.26六十三中\太原市六十三中理化709人\216110030018 传输完成
2021-09-03 11:49:00 INFO  分配文件日志:101 - H:\2021.05.26六十三中\太原市六十三中理化709人\216110030019 传输完成
2021-09-03 11:49:00 INFO  分配文件日志:101 - H:\2021.05.26六十三中\太原市六十三中理化709人\216110030023 传输完成
2021-09-03 11:49:02 INFO  分配文件日志:101 - H:\2021.05.26六十三中\太原市六十三中理化709人\216110030024_9 传输完成
2021-09-03 11:49:03 INFO  分配文件日志:101 - H:\2021.05.26六十三中\太原市六十三中理化709人\216110030025_9 传输完成
2021-09-03 11:49:04 INFO  分配文件日志:101 - H:\2021.05.26六十三中\太原市六十三中理化709人\216110030027_9 传输完成
2021-09-03 11:49:05 INFO  分配文件日志:101 - H:\2021.05.26六十三中\太原市六十三中理化709人\216110030030 传输完成
2021-09-03 11:49:06 INFO  分配文件日志:101 - H:\2021.05.26六十三中\太原市六十三中理化709人\216110030036 传输完成
2021-09-03 11:49:07 INFO  分配文件日志:101 - H:\2021.05.26六十三中\太原市六十三中理化709人\216110030037 传输完成
2021-09-03 11:49:08 INFO  分配文件日志:101 - H:\2021.05.26六十三中\太原市六十三中理化709人\216110030038 传输完成
2021-09-03 11:49:09 INFO  分配文件日志:101 - H:\2021.05.26六十三中\太原市六十三中理化709人\216110030040_9 传输完成
2021-09-03 11:49:10 INFO  分配文件日志:101 - H:\2021.05.26六十三中\太原市六十三中理化709人\216110030042 传输完成
2021-09-03 11:49:10 INFO  分配文件日志:101 - H:\2021.05.26六十三中\太原市六十三中理化709人\216110030045_8 传输完成
2021-09-03 11:49:11 INFO  分配文件日志:101 - H:\2021.05.26六十三中\太原市六十三中理化709人\216110030046_9 传输完成
2021-09-03 11:49:13 INFO  分配文件日志:101 - H:\2021.05.26六十三中\太原市六十三中理化709人\216110030047 传输完成
2021-09-03 11:49:14 INFO  分配文件日志:101 - H:\2021.05.26六十三中\太原市六十三中理化709人\216110030048_8 传输完成
2021-09-03 11:49:15 INFO  分配文件日志:101 - H:\2021.05.26六十三中\太原市六十三中理化709人\216110030049 传输完成
2021-09-03 11:49:16 INFO  分配文件日志:101 - H:\2021.05.26六十三中\太原市六十三中理化709人\216110030054_9 传输完成
2021-09-03 11:49:17 INFO  分配文件日志:101 - H:\2021.05.26六十三中\太原市六十三中理化709人\216110030055 传输完成
2021-09-03 11:49:17 INFO  分配文件日志:101 - H:\2021.05.26六十三中\太原市六十三中理化709人\216110030056 传输完成
2021-09-03 11:49:19 INFO  分配文件日志:101 - H:\2021.05.26六十三中\太原市六十三中理化709人\216110030057 传输完成
2021-09-03 11:49:20 INFO  分配文件日志:101 - H:\2021.05.26六十三中\太原市六十三中理化709人\216110030058 传输完成
2021-09-03 11:49:21 INFO  分配文件日志:101 - H:\2021.05.26六十三中\太原市六十三中理化709人\216110030059 传输完成
2021-09-03 11:49:22 INFO  分配文件日志:101 - H:\2021.05.26六十三中\太原市六十三中理化709人\216110030064 传输完成
2021-09-03 11:49:23 INFO  分配文件日志:101 - H:\2021.05.26六十三中\太原市六十三中理化709人\216110030066_8 传输完成
2021-09-03 11:49:24 INFO  分配文件日志:101 - H:\2021.05.26六十三中\太原市六十三中理化709人\216110030067_9 传输完成
2021-09-03 11:49:25 INFO  分配文件日志:101 - H:\2021.05.26六十三中\太原市六十三中理化709人\216110030070 传输完成
2021-09-03 11:49:26 INFO  分配文件日志:101 - H:\2021.05.26六十三中\太原市六十三中理化709人\216110030071 传输完成
2021-09-03 11:49:27 INFO  分配文件日志:101 - H:\2021.05.26六十三中\太原市六十三中理化709人\216110030073_9 传输完成
2021-09-03 11:49:28 INFO  分配文件日志:101 - H:\2021.05.26六十三中\太原市六十三中理化709人\216110030076 传输完成
2021-09-03 11:49:29 INFO  分配文件日志:101 - H:\2021.05.26六十三中\太原市六十三中理化709人\216110030077 传输完成
2021-09-03 11:49:30 INFO  分配文件日志:101 - H:\2021.05.26六十三中\太原市六十三中理化709人\216110030078 传输完成
2021-09-03 11:49:31 INFO  分配文件日志:101 - H:\2021.05.26六十三中\太原市六十三中理化709人\216110030080_8 传输完成
2021-09-03 11:49:32 INFO  分配文件日志:101 - H:\2021.05.26六十三中\太原市六十三中理化709人\216110030082_7 传输完成
2021-09-03 11:49:33 INFO  分配文件日志:101 - H:\2021.05.26六十三中\太原市六十三中理化709人\216110030084 传输完成
2021-09-03 11:49:34 INFO  分配文件日志:101 - H:\2021.05.26六十三中\太原市六十三中理化709人\216110030085 传输完成
2021-09-03 11:49:35 INFO  分配文件日志:101 - H:\2021.05.26六十三中\太原市六十三中理化709人\216110030090 传输完成
2021-09-03 11:49:36 INFO  分配文件日志:101 - H:\2021.05.26六十三中\太原市六十三中理化709人\216110030092 传输完成
2021-09-03 11:49:37 INFO  分配文件日志:101 - H:\2021.05.26六十三中\太原市六十三中理化709人\216110030094_9 传输完成
2021-09-03 11:49:38 INFO  分配文件日志:101 - H:\2021.05.26六十三中\太原市六十三中理化709人\216110030095 传输完成
2021-09-03 11:49:39 INFO  分配文件日志:101 - H:\2021.05.26六十三中\太原市六十三中理化709人\216110030097_9 传输完成
2021-09-03 11:49:40 INFO  分配文件日志:101 - H:\2021.05.26六十三中\太原市六十三中理化709人\216110030098 传输完成
2021-09-03 11:49:41 INFO  分配文件日志:101 - H:\2021.05.26六十三中\太原市六十三中理化709人\216110030099 传输完成
2021-09-03 11:49:42 INFO  分配文件日志:101 - H:\2021.05.26六十三中\太原市六十三中理化709人\216110030100 传输完成
2021-09-03 11:49:43 INFO  分配文件日志:101 - H:\2021.05.26六十三中\太原市六十三中理化709人\216110030101 传输完成
2021-09-03 11:49:44 INFO  分配文件日志:101 - H:\2021.05.26六十三中\太原市六十三中理化709人\216110030102_8 传输完成
2021-09-03 11:49:45 INFO  分配文件日志:101 - H:\2021.05.26六十三中\太原市六十三中理化709人\216110030104 传输完成
2021-09-03 11:49:46 INFO  分配文件日志:101 - H:\2021.05.26六十三中\太原市六十三中理化709人\216110030107 传输完成
2021-09-03 11:49:47 INFO  分配文件日志:101 - H:\2021.05.26六十三中\太原市六十三中理化709人\216110030108 传输完成
2021-09-03 11:49:48 INFO  分配文件日志:101 - H:\2021.05.26六十三中\太原市六十三中理化709人\216110030117 传输完成
2021-09-03 11:49:48 INFO  分配文件日志:101 - H:\2021.05.26六十三中\太原市六十三中理化709人\216110030118 传输完成
2021-09-03 11:49:50 INFO  分配文件日志:101 - H:\2021.05.26六十三中\太原市六十三中理化709人\216110030120 传输完成
2021-09-03 11:49:50 INFO  分配文件日志:101 - H:\2021.05.26六十三中\太原市六十三中理化709人\216110030121 传输完成
2021-09-03 11:49:51 INFO  分配文件日志:101 - H:\2021.05.26六十三中\太原市六十三中理化709人\216110030124 传输完成
2021-09-03 11:49:52 INFO  分配文件日志:101 - H:\2021.05.26六十三中\太原市六十三中理化709人\216110030125 传输完成
2021-09-03 11:49:53 INFO  分配文件日志:101 - H:\2021.05.26六十三中\太原市六十三中理化709人\216110030127 传输完成
2021-09-03 11:49:54 INFO  分配文件日志:101 - H:\2021.05.26六十三中\太原市六十三中理化709人\216110030129 传输完成
2021-09-03 11:49:55 INFO  分配文件日志:101 - H:\2021.05.26六十三中\太原市六十三中理化709人\216110030130_9 传输完成
2021-09-03 11:49:56 INFO  分配文件日志:101 - H:\2021.05.26六十三中\太原市六十三中理化709人\216110030131 传输完成
2021-09-03 11:49:57 INFO  分配文件日志:101 - H:\2021.05.26六十三中\太原市六十三中理化709人\216110030132 传输完成
2021-09-03 11:49:58 INFO  分配文件日志:101 - H:\2021.05.26六十三中\太原市六十三中理化709人\216110030133 传输完成
2021-09-03 11:49:59 INFO  分配文件日志:101 - H:\2021.05.26六十三中\太原市六十三中理化709人\216110030134_9 传输完成
2021-09-03 11:50:00 INFO  分配文件日志:101 - H:\2021.05.26六十三中\太原市六十三中理化709人\216110030137 传输完成
2021-09-03 11:50:01 INFO  分配文件日志:101 - H:\2021.05.26六十三中\太原市六十三中理化709人\216110030138 传输完成
2021-09-03 11:50:02 INFO  分配文件日志:101 - H:\2021.05.26六十三中\太原市六十三中理化709人\216110030139 传输完成
2021-09-03 11:50:03 INFO  分配文件日志:101 - H:\2021.05.26六十三中\太原市六十三中理化709人\216110030142 传输完成
2021-09-03 11:50:04 INFO  分配文件日志:101 - H:\2021.05.26六十三中\太原市六十三中理化709人\216110030151 传输完成
2021-09-03 11:50:05 INFO  分配文件日志:101 - H:\2021.05.26六十三中\太原市六十三中理化709人\216110030153 传输完成
2021-09-03 11:50:05 INFO  分配文件日志:101 - H:\2021.05.26六十三中\太原市六十三中理化709人\216110030154 传输完成
2021-09-03 11:50:06 INFO  分配文件日志:101 - H:\2021.05.26六十三中\太原市六十三中理化709人\216110030156 传输完成
2021-09-03 11:50:06 INFO  分配文件日志:103 - 全部文件传输完成
2021-09-03 11:52:45 INFO  分配文件日志:101 - H:\晋源实验中学\2021.5.26晋源实验中学视频\216110040001 传输完成
2021-09-03 11:52:45 INFO  分配文件日志:101 - H:\晋源实验中学\2021.5.26晋源实验中学视频\216110040002 传输完成
2021-09-03 11:52:46 INFO  分配文件日志:101 - H:\晋源实验中学\2021.5.26晋源实验中学视频\216110040003 传输完成
2021-09-03 11:52:47 INFO  分配文件日志:101 - H:\晋源实验中学\2021.5.26晋源实验中学视频\216110040005 传输完成
2021-09-03 11:52:48 INFO  分配文件日志:101 - H:\晋源实验中学\2021.5.26晋源实验中学视频\216110040006 传输完成
2021-09-03 11:52:49 INFO  分配文件日志:101 - H:\晋源实验中学\2021.5.26晋源实验中学视频\216110040008 传输完成
2021-09-03 11:52:49 INFO  分配文件日志:101 - H:\晋源实验中学\2021.5.26晋源实验中学视频\216110040010 传输完成
2021-09-03 11:52:50 INFO  分配文件日志:101 - H:\晋源实验中学\2021.5.26晋源实验中学视频\216110040011 传输完成
2021-09-03 11:52:51 INFO  分配文件日志:101 - H:\晋源实验中学\2021.5.26晋源实验中学视频\216110040012_9 传输完成
2021-09-03 11:52:51 INFO  分配文件日志:101 - H:\晋源实验中学\2021.5.26晋源实验中学视频\216110040013 传输完成
2021-09-03 11:52:52 INFO  分配文件日志:101 - H:\晋源实验中学\2021.5.26晋源实验中学视频\216110040015 传输完成
2021-09-03 11:52:53 INFO  分配文件日志:101 - H:\晋源实验中学\2021.5.26晋源实验中学视频\216110040016 传输完成
2021-09-03 11:52:54 INFO  分配文件日志:101 - H:\晋源实验中学\2021.5.26晋源实验中学视频\216110040019 传输完成
2021-09-03 11:52:55 INFO  分配文件日志:101 - H:\晋源实验中学\2021.5.26晋源实验中学视频\216110040020 传输完成
2021-09-03 11:52:56 INFO  分配文件日志:101 - H:\晋源实验中学\2021.5.26晋源实验中学视频\216110040023 传输完成
2021-09-03 11:52:57 INFO  分配文件日志:101 - H:\晋源实验中学\2021.5.26晋源实验中学视频\216110040027 传输完成
2021-09-03 11:52:58 INFO  分配文件日志:101 - H:\晋源实验中学\2021.5.26晋源实验中学视频\216110040030_9 传输完成
2021-09-03 11:52:59 INFO  分配文件日志:101 - H:\晋源实验中学\2021.5.26晋源实验中学视频\216110040033 传输完成
2021-09-03 11:53:00 INFO  分配文件日志:101 - H:\晋源实验中学\2021.5.26晋源实验中学视频\216110040034 传输完成
2021-09-03 11:53:00 INFO  分配文件日志:101 - H:\晋源实验中学\2021.5.26晋源实验中学视频\216110040036 传输完成
2021-09-03 11:53:01 INFO  分配文件日志:101 - H:\晋源实验中学\2021.5.26晋源实验中学视频\216110040038 传输完成
2021-09-03 11:53:01 INFO  分配文件日志:101 - H:\晋源实验中学\2021.5.26晋源实验中学视频\216110040039 传输完成
2021-09-03 11:53:02 INFO  分配文件日志:101 - H:\晋源实验中学\2021.5.26晋源实验中学视频\216110040043 传输完成
2021-09-03 11:53:02 INFO  分配文件日志:101 - H:\晋源实验中学\2021.5.26晋源实验中学视频\216110040047 传输完成
2021-09-03 11:53:03 INFO  分配文件日志:101 - H:\晋源实验中学\2021.5.26晋源实验中学视频\216110040051 传输完成
2021-09-03 11:53:04 INFO  分配文件日志:101 - H:\晋源实验中学\2021.5.26晋源实验中学视频\216110040053 传输完成
2021-09-03 11:53:05 INFO  分配文件日志:101 - H:\晋源实验中学\2021.5.26晋源实验中学视频\216110040054_9 传输完成
2021-09-03 11:53:06 INFO  分配文件日志:101 - H:\晋源实验中学\2021.5.26晋源实验中学视频\216110040057 传输完成
2021-09-03 11:53:07 INFO  分配文件日志:101 - H:\晋源实验中学\2021.5.26晋源实验中学视频\216110040059 传输完成
2021-09-03 11:53:08 INFO  分配文件日志:101 - H:\晋源实验中学\2021.5.26晋源实验中学视频\216110040060 传输完成
2021-09-03 11:53:09 INFO  分配文件日志:101 - H:\晋源实验中学\2021.5.26晋源实验中学视频\216110040062 传输完成
2021-09-03 11:53:10 INFO  分配文件日志:101 - H:\晋源实验中学\2021.5.26晋源实验中学视频\216110040064 传输完成
2021-09-03 11:53:11 INFO  分配文件日志:101 - H:\晋源实验中学\2021.5.26晋源实验中学视频\216110040066_7 传输完成
2021-09-03 11:53:12 INFO  分配文件日志:101 - H:\晋源实验中学\2021.5.26晋源实验中学视频\216110040067 传输完成
2021-09-03 11:53:13 INFO  分配文件日志:101 - H:\晋源实验中学\2021.5.26晋源实验中学视频\216110040068 传输完成
2021-09-03 11:53:14 INFO  分配文件日志:101 - H:\晋源实验中学\2021.5.26晋源实验中学视频\216110040071 传输完成
2021-09-03 11:53:15 INFO  分配文件日志:101 - H:\晋源实验中学\2021.5.26晋源实验中学视频\216110040073 传输完成
2021-09-03 11:53:16 INFO  分配文件日志:101 - H:\晋源实验中学\2021.5.26晋源实验中学视频\216110040076 传输完成
2021-09-03 11:53:17 INFO  分配文件日志:101 - H:\晋源实验中学\2021.5.26晋源实验中学视频\216110040078 传输完成
2021-09-03 11:53:17 INFO  分配文件日志:101 - H:\晋源实验中学\2021.5.26晋源实验中学视频\216110040084 传输完成
2021-09-03 11:53:19 INFO  分配文件日志:101 - H:\晋源实验中学\2021.5.26晋源实验中学视频\216110040085_9 传输完成
2021-09-03 11:53:20 INFO  分配文件日志:101 - H:\晋源实验中学\2021.5.26晋源实验中学视频\216110040087 传输完成
2021-09-03 11:53:20 INFO  分配文件日志:101 - H:\晋源实验中学\2021.5.26晋源实验中学视频\216110040088 传输完成
2021-09-03 11:53:21 INFO  分配文件日志:101 - H:\晋源实验中学\2021.5.26晋源实验中学视频\216110040089 传输完成
2021-09-03 11:53:22 INFO  分配文件日志:101 - H:\晋源实验中学\2021.5.26晋源实验中学视频\216110040091_8 传输完成
2021-09-03 11:53:23 INFO  分配文件日志:101 - H:\晋源实验中学\2021.5.26晋源实验中学视频\216110040092 传输完成
2021-09-03 11:53:24 INFO  分配文件日志:101 - H:\晋源实验中学\2021.5.26晋源实验中学视频\216110040095 传输完成
2021-09-03 11:53:24 INFO  分配文件日志:101 - H:\晋源实验中学\2021.5.26晋源实验中学视频\216110040096 传输完成
2021-09-03 11:53:26 INFO  分配文件日志:101 - H:\晋源实验中学\2021.5.26晋源实验中学视频\216110040097 传输完成
2021-09-03 11:53:26 INFO  分配文件日志:101 - H:\晋源实验中学\2021.5.26晋源实验中学视频\216110040098 传输完成
2021-09-03 11:53:27 INFO  分配文件日志:101 - H:\晋源实验中学\2021.5.26晋源实验中学视频\216110040099 传输完成
2021-09-03 11:53:28 INFO  分配文件日志:101 - H:\晋源实验中学\2021.5.26晋源实验中学视频\216110040100 传输完成
2021-09-03 11:53:29 INFO  分配文件日志:101 - H:\晋源实验中学\2021.5.26晋源实验中学视频\216110040101 传输完成
2021-09-03 11:53:30 INFO  分配文件日志:101 - H:\晋源实验中学\2021.5.26晋源实验中学视频\216110040104_5 传输完成
2021-09-03 11:53:31 INFO  分配文件日志:101 - H:\晋源实验中学\2021.5.26晋源实验中学视频\216110040107 传输完成
2021-09-03 11:53:31 INFO  分配文件日志:101 - H:\晋源实验中学\2021.5.26晋源实验中学视频\216110040108 传输完成
2021-09-03 11:53:32 INFO  分配文件日志:101 - H:\晋源实验中学\2021.5.26晋源实验中学视频\216110040109 传输完成
2021-09-03 11:53:33 INFO  分配文件日志:101 - H:\晋源实验中学\2021.5.26晋源实验中学视频\216110040111_9 传输完成
2021-09-03 11:53:34 INFO  分配文件日志:101 - H:\晋源实验中学\2021.5.26晋源实验中学视频\216110040115 传输完成
2021-09-03 11:53:35 INFO  分配文件日志:101 - H:\晋源实验中学\2021.5.26晋源实验中学视频\216110040116 传输完成
2021-09-03 11:53:35 INFO  分配文件日志:101 - H:\晋源实验中学\2021.5.26晋源实验中学视频\216110040117 传输完成
2021-09-03 11:53:37 INFO  分配文件日志:101 - H:\晋源实验中学\2021.5.26晋源实验中学视频\216110040119_3 传输完成
2021-09-03 11:53:38 INFO  分配文件日志:101 - H:\晋源实验中学\2021.5.26晋源实验中学视频\216110040124 传输完成
2021-09-03 11:53:39 INFO  分配文件日志:101 - H:\晋源实验中学\2021.5.26晋源实验中学视频\216110040125 传输完成
2021-09-03 11:53:39 INFO  分配文件日志:101 - H:\晋源实验中学\2021.5.26晋源实验中学视频\216110040126 传输完成
2021-09-03 11:53:40 INFO  分配文件日志:101 - H:\晋源实验中学\2021.5.26晋源实验中学视频\216110040128 传输完成
2021-09-03 11:53:41 INFO  分配文件日志:101 - H:\晋源实验中学\2021.5.26晋源实验中学视频\216110958006 传输完成
2021-09-03 11:53:42 INFO  分配文件日志:101 - H:\晋源实验中学\2021.5.26晋源实验中学视频\216110958007_5 传输完成
2021-09-03 11:53:43 INFO  分配文件日志:101 - H:\晋源实验中学\2021.5.26晋源实验中学视频\216110958008 传输完成
2021-09-03 11:53:44 INFO  分配文件日志:101 - H:\晋源实验中学\2021.5.26晋源实验中学视频\216110958010 传输完成
2021-09-03 11:53:45 INFO  分配文件日志:101 - H:\晋源实验中学\2021.5.26晋源实验中学视频\216110958011 传输完成
2021-09-03 11:53:46 INFO  分配文件日志:101 - H:\晋源实验中学\2021.5.26晋源实验中学视频\216110958012 传输完成
2021-09-03 11:53:46 INFO  分配文件日志:101 - H:\晋源实验中学\2021.5.26晋源实验中学视频\216110958014 传输完成
2021-09-03 11:53:47 INFO  分配文件日志:101 - H:\晋源实验中学\2021.5.26晋源实验中学视频\216110958015 传输完成
2021-09-03 11:53:48 INFO  分配文件日志:101 - H:\晋源实验中学\2021.5.26晋源实验中学视频\216110958016 传输完成
2021-09-03 11:53:49 INFO  分配文件日志:101 - H:\晋源实验中学\2021.5.26晋源实验中学视频\216110958018 传输完成
2021-09-03 11:53:50 INFO  分配文件日志:101 - H:\晋源实验中学\2021.5.26晋源实验中学视频\216110958019 传输完成
2021-09-03 11:53:50 INFO  分配文件日志:101 - H:\晋源实验中学\2021.5.26晋源实验中学视频\216110958024 传输完成
2021-09-03 11:53:51 INFO  分配文件日志:101 - H:\晋源实验中学\2021.5.26晋源实验中学视频\216110958025 传输完成
2021-09-03 11:53:51 INFO  分配文件日志:101 - H:\晋源实验中学\2021.5.26晋源实验中学视频\216110958027 传输完成
2021-09-03 11:53:52 INFO  分配文件日志:101 - H:\晋源实验中学\2021.5.26晋源实验中学视频\216110958031 传输完成
2021-09-03 11:53:53 INFO  分配文件日志:101 - H:\晋源实验中学\2021.5.26晋源实验中学视频\216110958032 传输完成
2021-09-03 11:53:54 INFO  分配文件日志:101 - H:\晋源实验中学\2021.5.26晋源实验中学视频\216110958033 传输完成
2021-09-03 11:53:55 INFO  分配文件日志:101 - H:\晋源实验中学\2021.5.26晋源实验中学视频\216110958034_9 传输完成
2021-09-03 11:53:55 INFO  分配文件日志:101 - H:\晋源实验中学\2021.5.26晋源实验中学视频\216110958035 传输完成
2021-09-03 11:53:56 INFO  分配文件日志:101 - H:\晋源实验中学\2021.5.26晋源实验中学视频\216110958036 传输完成
2021-09-03 11:53:57 INFO  分配文件日志:101 - H:\晋源实验中学\2021.5.26晋源实验中学视频\216110958037 传输完成
2021-09-03 11:53:58 INFO  分配文件日志:101 - H:\晋源实验中学\2021.5.26晋源实验中学视频\216110958038 传输完成
2021-09-03 11:53:59 INFO  分配文件日志:101 - H:\晋源实验中学\2021.5.26晋源实验中学视频\216110958041 传输完成
2021-09-03 11:53:59 INFO  分配文件日志:101 - H:\晋源实验中学\2021.5.26晋源实验中学视频\216110958043 传输完成
2021-09-03 11:54:00 INFO  分配文件日志:101 - H:\晋源实验中学\2021.5.26晋源实验中学视频\216110958044 传输完成
2021-09-03 11:54:01 INFO  分配文件日志:101 - H:\晋源实验中学\2021.5.26晋源实验中学视频\216110958046 传输完成
2021-09-03 11:54:02 INFO  分配文件日志:101 - H:\晋源实验中学\2021.5.26晋源实验中学视频\216110958048 传输完成
2021-09-03 11:54:02 INFO  分配文件日志:101 - H:\晋源实验中学\2021.5.26晋源实验中学视频\216110958053 传输完成
2021-09-03 11:54:03 INFO  分配文件日志:101 - H:\晋源实验中学\2021.5.26晋源实验中学视频\216110958055 传输完成
2021-09-03 11:54:04 INFO  分配文件日志:101 - H:\晋源实验中学\2021.5.26晋源实验中学视频\216110958061_9 传输完成
2021-09-03 11:54:05 INFO  分配文件日志:101 - H:\晋源实验中学\2021.5.26晋源实验中学视频\216110958062 传输完成
2021-09-03 11:54:06 INFO  分配文件日志:101 - H:\晋源实验中学\2021.5.26晋源实验中学视频\216110958063 传输完成
2021-09-03 11:54:07 INFO  分配文件日志:101 - H:\晋源实验中学\2021.5.26晋源实验中学视频\216110958068 传输完成
2021-09-03 11:54:08 INFO  分配文件日志:101 - H:\晋源实验中学\2021.5.26晋源实验中学视频\216110958071 传输完成
2021-09-03 11:54:08 INFO  分配文件日志:101 - H:\晋源实验中学\2021.5.26晋源实验中学视频\216110958072 传输完成
2021-09-03 11:54:10 INFO  分配文件日志:101 - H:\晋源实验中学\2021.5.26晋源实验中学视频\216110958074 传输完成
2021-09-03 11:54:11 INFO  分配文件日志:101 - H:\晋源实验中学\2021.5.26晋源实验中学视频\216110958075 传输完成
2021-09-03 11:54:12 INFO  分配文件日志:101 - H:\晋源实验中学\2021.5.26晋源实验中学视频\216110958078 传输完成
2021-09-03 11:54:12 INFO  分配文件日志:101 - H:\晋源实验中学\2021.5.26晋源实验中学视频\216110958079 传输完成
2021-09-03 11:54:13 INFO  分配文件日志:101 - H:\晋源实验中学\2021.5.26晋源实验中学视频\216110958080 传输完成
2021-09-03 11:54:13 INFO  分配文件日志:101 - H:\晋源实验中学\2021.5.26晋源实验中学视频\216110958084 传输完成
2021-09-03 11:54:14 INFO  分配文件日志:101 - H:\晋源实验中学\2021.5.26晋源实验中学视频\216110958085 传输完成
2021-09-03 11:54:15 INFO  分配文件日志:101 - H:\晋源实验中学\2021.5.26晋源实验中学视频\216110958088 传输完成
2021-09-03 11:54:16 INFO  分配文件日志:101 - H:\晋源实验中学\2021.5.26晋源实验中学视频\216110958089 传输完成
2021-09-03 11:54:17 INFO  分配文件日志:101 - H:\晋源实验中学\2021.5.26晋源实验中学视频\216110958090 传输完成
2021-09-03 11:54:18 INFO  分配文件日志:101 - H:\晋源实验中学\2021.5.26晋源实验中学视频\216110958091 传输完成
2021-09-03 11:54:19 INFO  分配文件日志:101 - H:\晋源实验中学\2021.5.26晋源实验中学视频\216110958094 传输完成
2021-09-03 11:54:20 INFO  分配文件日志:101 - H:\晋源实验中学\2021.5.26晋源实验中学视频\216110958096_9 传输完成
2021-09-03 11:54:21 INFO  分配文件日志:101 - H:\晋源实验中学\2021.5.26晋源实验中学视频\216110958100 传输完成
2021-09-03 11:54:22 INFO  分配文件日志:101 - H:\晋源实验中学\2021.5.26晋源实验中学视频\216110958101 传输完成
2021-09-03 11:54:23 INFO  分配文件日志:101 - H:\晋源实验中学\2021.5.26晋源实验中学视频\216110958102 传输完成
2021-09-03 11:54:23 INFO  分配文件日志:101 - H:\晋源实验中学\2021.5.26晋源实验中学视频\216110958105 传输完成
2021-09-03 11:54:24 INFO  分配文件日志:101 - H:\晋源实验中学\2021.5.26晋源实验中学视频\216110958106 传输完成
2021-09-03 11:54:25 INFO  分配文件日志:101 - H:\晋源实验中学\2021.5.26晋源实验中学视频\216110958107_8 传输完成
2021-09-03 11:54:26 INFO  分配文件日志:101 - H:\晋源实验中学\2021.5.26晋源实验中学视频\216110958112 传输完成
2021-09-03 11:54:27 INFO  分配文件日志:101 - H:\晋源实验中学\2021.5.26晋源实验中学视频\216110958113 传输完成
2021-09-03 11:54:28 INFO  分配文件日志:101 - H:\晋源实验中学\2021.5.26晋源实验中学视频\216110958115 传输完成
2021-09-03 11:54:28 INFO  分配文件日志:101 - H:\晋源实验中学\2021.5.26晋源实验中学视频\216110958121 传输完成
2021-09-03 11:54:29 INFO  分配文件日志:101 - H:\晋源实验中学\2021.5.26晋源实验中学视频\216110958122 传输完成
2021-09-03 11:54:30 INFO  分配文件日志:101 - H:\晋源实验中学\2021.5.26晋源实验中学视频\216110958125 传输完成
2021-09-03 11:54:31 INFO  分配文件日志:101 - H:\晋源实验中学\2021.5.26晋源实验中学视频\216110958128 传输完成
2021-09-03 11:54:32 INFO  分配文件日志:101 - H:\晋源实验中学\2021.5.26晋源实验中学视频\216110958129 传输完成
2021-09-03 11:54:33 INFO  分配文件日志:101 - H:\晋源实验中学\2021.5.26晋源实验中学视频\216110958131_8 传输完成
2021-09-03 11:54:35 INFO  分配文件日志:101 - H:\晋源实验中学\2021.5.26晋源实验中学视频\216110970001_8 传输完成
2021-09-03 11:54:35 INFO  分配文件日志:101 - H:\晋源实验中学\2021.5.26晋源实验中学视频\216110970003 传输完成
2021-09-03 11:54:36 INFO  分配文件日志:101 - H:\晋源实验中学\2021.5.26晋源实验中学视频\216110970004 传输完成
2021-09-03 11:54:37 INFO  分配文件日志:101 - H:\晋源实验中学\2021.5.26晋源实验中学视频\216110970006 传输完成
2021-09-03 11:54:38 INFO  分配文件日志:101 - H:\晋源实验中学\2021.5.26晋源实验中学视频\216110010001 传输完成
2021-09-03 11:54:39 INFO  分配文件日志:101 - H:\晋源实验中学\2021.5.26晋源实验中学视频\216110010006 传输完成
2021-09-03 11:54:40 INFO  分配文件日志:101 - H:\晋源实验中学\2021.5.26晋源实验中学视频\216110010008_6 传输完成
2021-09-03 11:54:41 INFO  分配文件日志:101 - H:\晋源实验中学\2021.5.26晋源实验中学视频\216110010009 传输完成
2021-09-03 11:54:42 INFO  分配文件日志:101 - H:\晋源实验中学\2021.5.26晋源实验中学视频\216110010010 传输完成
2021-09-03 11:54:44 INFO  分配文件日志:101 - H:\晋源实验中学\2021.5.26晋源实验中学视频\216110010014_8 传输完成
2021-09-03 11:54:45 INFO  分配文件日志:101 - H:\晋源实验中学\2021.5.26晋源实验中学视频\216110010015 传输完成
2021-09-03 11:54:45 INFO  分配文件日志:101 - H:\晋源实验中学\2021.5.26晋源实验中学视频\216110010016 传输完成
2021-09-03 11:54:46 INFO  分配文件日志:101 - H:\晋源实验中学\2021.5.26晋源实验中学视频\216110010017 传输完成
2021-09-03 11:54:47 INFO  分配文件日志:101 - H:\晋源实验中学\2021.5.26晋源实验中学视频\216110010018_3 传输完成
2021-09-03 11:54:49 INFO  分配文件日志:101 - H:\晋源实验中学\2021.5.26晋源实验中学视频\216110010020_9 传输完成
2021-09-03 11:54:50 INFO  分配文件日志:101 - H:\晋源实验中学\2021.5.26晋源实验中学视频\216110010021 传输完成
2021-09-03 11:54:51 INFO  分配文件日志:101 - H:\晋源实验中学\2021.5.26晋源实验中学视频\216110010022 传输完成
2021-09-03 11:54:52 INFO  分配文件日志:101 - H:\晋源实验中学\2021.5.26晋源实验中学视频\216110010027 传输完成
2021-09-03 11:54:52 INFO  分配文件日志:101 - H:\晋源实验中学\2021.5.26晋源实验中学视频\216110010029 传输完成
2021-09-03 11:54:53 INFO  分配文件日志:101 - H:\晋源实验中学\2021.5.26晋源实验中学视频\216110010032 传输完成
2021-09-03 11:54:54 INFO  分配文件日志:101 - H:\晋源实验中学\2021.5.26晋源实验中学视频\216110010034 传输完成
2021-09-03 11:54:55 INFO  分配文件日志:101 - H:\晋源实验中学\2021.5.26晋源实验中学视频\216110010035 传输完成
2021-09-03 11:54:56 INFO  分配文件日志:101 - H:\晋源实验中学\2021.5.26晋源实验中学视频\216110010039 传输完成
2021-09-03 11:54:57 INFO  分配文件日志:101 - H:\晋源实验中学\2021.5.26晋源实验中学视频\216110010040_8 传输完成
2021-09-03 11:54:58 INFO  分配文件日志:101 - H:\晋源实验中学\2021.5.26晋源实验中学视频\216110010041 传输完成
2021-09-03 11:54:59 INFO  分配文件日志:101 - H:\晋源实验中学\2021.5.26晋源实验中学视频\216110010043 传输完成
2021-09-03 11:55:00 INFO  分配文件日志:101 - H:\晋源实验中学\2021.5.26晋源实验中学视频\216110010045 传输完成
2021-09-03 11:55:01 INFO  分配文件日志:101 - H:\晋源实验中学\2021.5.26晋源实验中学视频\216110010046 传输完成
2021-09-03 11:55:02 INFO  分配文件日志:101 - H:\晋源实验中学\2021.5.26晋源实验中学视频\216110010049_5 传输完成
2021-09-03 11:55:03 INFO  分配文件日志:101 - H:\晋源实验中学\2021.5.26晋源实验中学视频\216110010050 传输完成
2021-09-03 11:55:04 INFO  分配文件日志:101 - H:\晋源实验中学\2021.5.26晋源实验中学视频\216110010052_7 传输完成
2021-09-03 11:55:06 INFO  分配文件日志:101 - H:\晋源实验中学\2021.5.26晋源实验中学视频\216110010053_4 传输完成
2021-09-03 11:55:07 INFO  分配文件日志:101 - H:\晋源实验中学\2021.5.26晋源实验中学视频\216110010056 传输完成
2021-09-03 11:55:07 INFO  分配文件日志:101 - H:\晋源实验中学\2021.5.26晋源实验中学视频\216110010057 传输完成
2021-09-03 11:55:09 INFO  分配文件日志:101 - H:\晋源实验中学\2021.5.26晋源实验中学视频\216110010058_9 传输完成
2021-09-03 11:55:10 INFO  分配文件日志:101 - H:\晋源实验中学\2021.5.26晋源实验中学视频\216110010059_9 传输完成
2021-09-03 11:55:11 INFO  分配文件日志:101 - H:\晋源实验中学\2021.5.26晋源实验中学视频\216110010064 传输完成
2021-09-03 11:55:12 INFO  分配文件日志:101 - H:\晋源实验中学\2021.5.26晋源实验中学视频\216110010066 传输完成
2021-09-03 11:55:13 INFO  分配文件日志:101 - H:\晋源实验中学\2021.5.26晋源实验中学视频\216110010068 传输完成
2021-09-03 11:55:14 INFO  分配文件日志:101 - H:\晋源实验中学\2021.5.26晋源实验中学视频\216110010069 传输完成
2021-09-03 11:55:15 INFO  分配文件日志:101 - H:\晋源实验中学\2021.5.26晋源实验中学视频\216110010070_3 传输完成
2021-09-03 11:55:16 INFO  分配文件日志:101 - H:\晋源实验中学\2021.5.26晋源实验中学视频\216110010072 传输完成
2021-09-03 11:55:17 INFO  分配文件日志:101 - H:\晋源实验中学\2021.5.26晋源实验中学视频\216110010076 传输完成
2021-09-03 11:55:17 INFO  分配文件日志:101 - H:\晋源实验中学\2021.5.26晋源实验中学视频\216110010077 传输完成
2021-09-03 11:55:18 INFO  分配文件日志:101 - H:\晋源实验中学\2021.5.26晋源实验中学视频\216110010078 传输完成
2021-09-03 11:55:19 INFO  分配文件日志:101 - H:\晋源实验中学\2021.5.26晋源实验中学视频\216110010081 传输完成
2021-09-03 11:55:19 INFO  分配文件日志:101 - H:\晋源实验中学\2021.5.26晋源实验中学视频\216110010082 传输完成
2021-09-03 11:55:20 INFO  分配文件日志:101 - H:\晋源实验中学\2021.5.26晋源实验中学视频\216110010083 传输完成
2021-09-03 11:55:21 INFO  分配文件日志:101 - H:\晋源实验中学\2021.5.26晋源实验中学视频\216110010087 传输完成
2021-09-03 11:55:22 INFO  分配文件日志:101 - H:\晋源实验中学\2021.5.26晋源实验中学视频\216110010088 传输完成
2021-09-03 11:55:23 INFO  分配文件日志:101 - H:\晋源实验中学\2021.5.26晋源实验中学视频\216110010090_9 传输完成
2021-09-03 11:55:24 INFO  分配文件日志:101 - H:\晋源实验中学\2021.5.26晋源实验中学视频\216110010093 传输完成
2021-09-03 11:55:24 INFO  分配文件日志:101 - H:\晋源实验中学\2021.5.26晋源实验中学视频\216110010094 传输完成
2021-09-03 11:55:25 INFO  分配文件日志:101 - H:\晋源实验中学\2021.5.26晋源实验中学视频\216110010098 传输完成
2021-09-03 11:55:26 INFO  分配文件日志:101 - H:\晋源实验中学\2021.5.26晋源实验中学视频\216110010100 传输完成
2021-09-03 11:55:27 INFO  分配文件日志:101 - H:\晋源实验中学\2021.5.26晋源实验中学视频\216110010105_9 传输完成
2021-09-03 11:55:28 INFO  分配文件日志:101 - H:\晋源实验中学\2021.5.26晋源实验中学视频\216110010106 传输完成
2021-09-03 11:55:29 INFO  分配文件日志:101 - H:\晋源实验中学\2021.5.26晋源实验中学视频\216110010108 传输完成
2021-09-03 11:55:29 INFO  分配文件日志:101 - H:\晋源实验中学\2021.5.26晋源实验中学视频\216110010109 传输完成
2021-09-03 11:55:30 INFO  分配文件日志:101 - H:\晋源实验中学\2021.5.26晋源实验中学视频\216110010110_8 传输完成
2021-09-03 11:55:32 INFO  分配文件日志:101 - H:\晋源实验中学\2021.5.26晋源实验中学视频\216110010111 传输完成
2021-09-03 11:55:32 INFO  分配文件日志:101 - H:\晋源实验中学\2021.5.26晋源实验中学视频\216110010114 传输完成
2021-09-03 11:55:32 INFO  分配文件日志:101 - H:\晋源实验中学\2021.5.26晋源实验中学视频\216110010115 传输完成
2021-09-03 11:55:34 INFO  分配文件日志:101 - H:\晋源实验中学\2021.5.26晋源实验中学视频\216110010121_6 传输完成
2021-09-03 11:55:34 INFO  分配文件日志:101 - H:\晋源实验中学\2021.5.26晋源实验中学视频\216110010126_9 传输完成
2021-09-03 11:55:35 INFO  分配文件日志:101 - H:\晋源实验中学\2021.5.26晋源实验中学视频\216110010127_9 传输完成
2021-09-03 11:55:36 INFO  分配文件日志:101 - H:\晋源实验中学\2021.5.26晋源实验中学视频\216110010133 传输完成
2021-09-03 11:55:37 INFO  分配文件日志:101 - H:\晋源实验中学\2021.5.26晋源实验中学视频\216110010134 传输完成
2021-09-03 11:55:38 INFO  分配文件日志:101 - H:\晋源实验中学\2021.5.26晋源实验中学视频\216110010135 传输完成
2021-09-03 11:55:39 INFO  分配文件日志:101 - H:\晋源实验中学\2021.5.26晋源实验中学视频\216110010137 传输完成
2021-09-03 11:55:40 INFO  分配文件日志:101 - H:\晋源实验中学\2021.5.26晋源实验中学视频\216110010140 传输完成
2021-09-03 11:55:41 INFO  分配文件日志:101 - H:\晋源实验中学\2021.5.26晋源实验中学视频\216110010141_8 传输完成
2021-09-03 11:55:42 INFO  分配文件日志:101 - H:\晋源实验中学\2021.5.26晋源实验中学视频\216110010142 传输完成
2021-09-03 11:55:43 INFO  分配文件日志:101 - H:\晋源实验中学\2021.5.26晋源实验中学视频\216110010145 传输完成
2021-09-03 11:55:44 INFO  分配文件日志:101 - H:\晋源实验中学\2021.5.26晋源实验中学视频\216110010146 传输完成
2021-09-03 11:55:44 INFO  分配文件日志:101 - H:\晋源实验中学\2021.5.26晋源实验中学视频\216110010150 传输完成
2021-09-03 11:55:45 INFO  分配文件日志:101 - H:\晋源实验中学\2021.5.26晋源实验中学视频\216110010151 传输完成
2021-09-03 11:55:46 INFO  分配文件日志:101 - H:\晋源实验中学\2021.5.26晋源实验中学视频\216110010153_8 传输完成
2021-09-03 11:55:47 INFO  分配文件日志:101 - H:\晋源实验中学\2021.5.26晋源实验中学视频\216110010154_8 传输完成
2021-09-03 11:55:48 INFO  分配文件日志:101 - H:\晋源实验中学\2021.5.26晋源实验中学视频\216110010155_9 传输完成
2021-09-03 11:55:49 INFO  分配文件日志:101 - H:\晋源实验中学\2021.5.26晋源实验中学视频\216110010156_9 传输完成
2021-09-03 11:55:50 INFO  分配文件日志:101 - H:\晋源实验中学\2021.5.26晋源实验中学视频\216110010157 传输完成
2021-09-03 11:55:51 INFO  分配文件日志:101 - H:\晋源实验中学\2021.5.26晋源实验中学视频\216110010158 传输完成
2021-09-03 11:55:51 INFO  分配文件日志:101 - H:\晋源实验中学\2021.5.26晋源实验中学视频\216110010160 传输完成
2021-09-03 11:55:52 INFO  分配文件日志:101 - H:\晋源实验中学\2021.5.26晋源实验中学视频\216110010161 传输完成
2021-09-03 11:55:53 INFO  分配文件日志:101 - H:\晋源实验中学\2021.5.26晋源实验中学视频\216110010162_8 传输完成
2021-09-03 11:55:54 INFO  分配文件日志:101 - H:\晋源实验中学\2021.5.26晋源实验中学视频\216110010164 传输完成
2021-09-03 11:55:55 INFO  分配文件日志:101 - H:\晋源实验中学\2021.5.26晋源实验中学视频\216110010165 传输完成
2021-09-03 11:55:56 INFO  分配文件日志:101 - H:\晋源实验中学\2021.5.26晋源实验中学视频\216110010166 传输完成
2021-09-03 11:55:57 INFO  分配文件日志:101 - H:\晋源实验中学\2021.5.26晋源实验中学视频\216110010167 传输完成
2021-09-03 11:55:57 INFO  分配文件日志:101 - H:\晋源实验中学\2021.5.26晋源实验中学视频\216110010170 传输完成
2021-09-03 11:55:58 INFO  分配文件日志:101 - H:\晋源实验中学\2021.5.26晋源实验中学视频\216110010172_9 传输完成
2021-09-03 11:56:00 INFO  分配文件日志:101 - H:\晋源实验中学\2021.5.26晋源实验中学视频\216110010177_9 传输完成
2021-09-03 11:56:01 INFO  分配文件日志:101 - H:\晋源实验中学\2021.5.26晋源实验中学视频\216110010182 传输完成
2021-09-03 11:56:02 INFO  分配文件日志:101 - H:\晋源实验中学\2021.5.26晋源实验中学视频\216110010184 传输完成
2021-09-03 11:56:03 INFO  分配文件日志:101 - H:\晋源实验中学\2021.5.26晋源实验中学视频\216110010185 传输完成
2021-09-03 11:56:03 INFO  分配文件日志:101 - H:\晋源实验中学\2021.5.26晋源实验中学视频\216110010186 传输完成
2021-09-03 11:56:05 INFO  分配文件日志:101 - H:\晋源实验中学\2021.5.26晋源实验中学视频\216110010187 传输完成
2021-09-03 11:56:05 INFO  分配文件日志:101 - H:\晋源实验中学\2021.5.26晋源实验中学视频\216110010189 传输完成
2021-09-03 11:56:06 INFO  分配文件日志:101 - H:\晋源实验中学\2021.5.26晋源实验中学视频\216110010191 传输完成
2021-09-03 11:56:07 INFO  分配文件日志:101 - H:\晋源实验中学\2021.5.26晋源实验中学视频\216110010193 传输完成
2021-09-03 11:56:08 INFO  分配文件日志:101 - H:\晋源实验中学\2021.5.26晋源实验中学视频\216110010194 传输完成
2021-09-03 11:56:09 INFO  分配文件日志:101 - H:\晋源实验中学\2021.5.26晋源实验中学视频\216110010195 传输完成
2021-09-03 11:56:11 INFO  分配文件日志:101 - H:\晋源实验中学\2021.5.26晋源实验中学视频\216110010196_8 传输完成
2021-09-03 11:56:12 INFO  分配文件日志:101 - H:\晋源实验中学\2021.5.26晋源实验中学视频\216110010197 传输完成
2021-09-03 11:56:13 INFO  分配文件日志:101 - H:\晋源实验中学\2021.5.26晋源实验中学视频\216110010198_9 传输完成
2021-09-03 11:56:14 INFO  分配文件日志:101 - H:\晋源实验中学\2021.5.26晋源实验中学视频\216110010202 传输完成
2021-09-03 11:56:15 INFO  分配文件日志:101 - H:\晋源实验中学\2021.5.26晋源实验中学视频\216110010204_4 传输完成
2021-09-03 11:56:17 INFO  分配文件日志:101 - H:\晋源实验中学\2021.5.26晋源实验中学视频\216110010209_9 传输完成
2021-09-03 11:56:18 INFO  分配文件日志:101 - H:\晋源实验中学\2021.5.26晋源实验中学视频\216110010210 传输完成
2021-09-03 11:56:19 INFO  分配文件日志:101 - H:\晋源实验中学\2021.5.26晋源实验中学视频\216110010211_8 传输完成
2021-09-03 11:56:20 INFO  分配文件日志:101 - H:\晋源实验中学\2021.5.26晋源实验中学视频\216110010213 传输完成
2021-09-03 11:56:21 INFO  分配文件日志:101 - H:\晋源实验中学\2021.5.26晋源实验中学视频\216110010214 传输完成
2021-09-03 11:56:22 INFO  分配文件日志:101 - H:\晋源实验中学\2021.5.26晋源实验中学视频\216110010215 传输完成
2021-09-03 11:56:23 INFO  分配文件日志:101 - H:\晋源实验中学\2021.5.26晋源实验中学视频\216110010216 传输完成
2021-09-03 11:56:24 INFO  分配文件日志:101 - H:\晋源实验中学\2021.5.26晋源实验中学视频\216110010217 传输完成
2021-09-03 11:56:24 INFO  分配文件日志:101 - H:\晋源实验中学\2021.5.26晋源实验中学视频\216110010218 传输完成
2021-09-03 11:56:26 INFO  分配文件日志:101 - H:\晋源实验中学\2021.5.26晋源实验中学视频\216110010219 传输完成
2021-09-03 11:56:27 INFO  分配文件日志:101 - H:\晋源实验中学\2021.5.26晋源实验中学视频\216110010221 传输完成
2021-09-03 11:56:28 INFO  分配文件日志:101 - H:\晋源实验中学\2021.5.26晋源实验中学视频\216110010223 传输完成
2021-09-03 11:56:29 INFO  分配文件日志:101 - H:\晋源实验中学\2021.5.26晋源实验中学视频\216110010226_9 传输完成
2021-09-03 11:56:30 INFO  分配文件日志:101 - H:\晋源实验中学\2021.5.26晋源实验中学视频\216110010227 传输完成
2021-09-03 11:56:31 INFO  分配文件日志:101 - H:\晋源实验中学\2021.5.26晋源实验中学视频\216110010228 传输完成
2021-09-03 11:56:31 INFO  分配文件日志:101 - H:\晋源实验中学\2021.5.26晋源实验中学视频\216110010229 传输完成
2021-09-03 11:56:33 INFO  分配文件日志:101 - H:\晋源实验中学\2021.5.26晋源实验中学视频\216110010231_9 传输完成
2021-09-03 11:56:34 INFO  分配文件日志:101 - H:\晋源实验中学\2021.5.26晋源实验中学视频\216110010233 传输完成
2021-09-03 11:56:35 INFO  分配文件日志:101 - H:\晋源实验中学\2021.5.26晋源实验中学视频\216110010237 传输完成
2021-09-03 11:56:35 INFO  分配文件日志:101 - H:\晋源实验中学\2021.5.26晋源实验中学视频\216110010240 传输完成
2021-09-03 11:56:36 INFO  分配文件日志:101 - H:\晋源实验中学\2021.5.26晋源实验中学视频\216110010241 传输完成
2021-09-03 11:56:37 INFO  分配文件日志:101 - H:\晋源实验中学\2021.5.26晋源实验中学视频\216110010242_8 传输完成
2021-09-03 11:56:38 INFO  分配文件日志:101 - H:\晋源实验中学\2021.5.26晋源实验中学视频\216110010244 传输完成
2021-09-03 11:56:40 INFO  分配文件日志:101 - H:\晋源实验中学\2021.5.26晋源实验中学视频\216110010245 传输完成
2021-09-03 11:56:40 INFO  分配文件日志:101 - H:\晋源实验中学\2021.5.26晋源实验中学视频\216110010252 传输完成
2021-09-03 11:56:41 INFO  分配文件日志:101 - H:\晋源实验中学\2021.5.26晋源实验中学视频\216110010253 传输完成
2021-09-03 11:56:42 INFO  分配文件日志:101 - H:\晋源实验中学\2021.5.26晋源实验中学视频\216110010255 传输完成
2021-09-03 11:56:44 INFO  分配文件日志:101 - H:\晋源实验中学\2021.5.26晋源实验中学视频\216110010263 传输完成
2021-09-03 11:56:45 INFO  分配文件日志:101 - H:\晋源实验中学\2021.5.26晋源实验中学视频\216110010264 传输完成
2021-09-03 11:56:46 INFO  分配文件日志:101 - H:\晋源实验中学\2021.5.26晋源实验中学视频\216110010265_9 传输完成
2021-09-03 11:56:47 INFO  分配文件日志:101 - H:\晋源实验中学\2021.5.26晋源实验中学视频\216110010269_8 传输完成
2021-09-03 11:56:48 INFO  分配文件日志:101 - H:\晋源实验中学\2021.5.26晋源实验中学视频\216110010271 传输完成
2021-09-03 11:56:50 INFO  分配文件日志:101 - H:\晋源实验中学\2021.5.26晋源实验中学视频\216110010272 传输完成
2021-09-03 11:56:51 INFO  分配文件日志:101 - H:\晋源实验中学\2021.5.26晋源实验中学视频\216110010276 传输完成
2021-09-03 11:56:51 INFO  分配文件日志:101 - H:\晋源实验中学\2021.5.26晋源实验中学视频\216110010277 传输完成
2021-09-03 11:56:52 INFO  分配文件日志:101 - H:\晋源实验中学\2021.5.26晋源实验中学视频\216110010278 传输完成
2021-09-03 11:56:53 INFO  分配文件日志:101 - H:\晋源实验中学\2021.5.26晋源实验中学视频\216110010280 传输完成
2021-09-03 11:56:54 INFO  分配文件日志:101 - H:\晋源实验中学\2021.5.26晋源实验中学视频\216110010282 传输完成
2021-09-03 11:56:55 INFO  分配文件日志:101 - H:\晋源实验中学\2021.5.26晋源实验中学视频\216110010283 传输完成
2021-09-03 11:56:56 INFO  分配文件日志:101 - H:\晋源实验中学\2021.5.26晋源实验中学视频\216110010286 传输完成
2021-09-03 11:56:57 INFO  分配文件日志:101 - H:\晋源实验中学\2021.5.26晋源实验中学视频\216110010287_9 传输完成
2021-09-03 11:56:58 INFO  分配文件日志:101 - H:\晋源实验中学\2021.5.26晋源实验中学视频\216110010289 传输完成
2021-09-03 11:56:59 INFO  分配文件日志:101 - H:\晋源实验中学\2021.5.26晋源实验中学视频\216110010290 传输完成
2021-09-03 11:57:00 INFO  分配文件日志:101 - H:\晋源实验中学\2021.5.26晋源实验中学视频\216110010293 传输完成
2021-09-03 11:57:01 INFO  分配文件日志:101 - H:\晋源实验中学\2021.5.26晋源实验中学视频\216110010294_7 传输完成
2021-09-03 11:57:02 INFO  分配文件日志:101 - H:\晋源实验中学\2021.5.26晋源实验中学视频\216110010295_7 传输完成
2021-09-03 11:57:04 INFO  分配文件日志:101 - H:\晋源实验中学\2021.5.26晋源实验中学视频\216110010296 传输完成
2021-09-03 11:57:05 INFO  分配文件日志:101 - H:\晋源实验中学\2021.5.26晋源实验中学视频\216110010297 传输完成
2021-09-03 11:57:06 INFO  分配文件日志:101 - H:\晋源实验中学\2021.5.26晋源实验中学视频\216110010300 传输完成
2021-09-03 11:57:07 INFO  分配文件日志:101 - H:\晋源实验中学\2021.5.26晋源实验中学视频\216110010305 传输完成
2021-09-03 11:57:08 INFO  分配文件日志:101 - H:\晋源实验中学\2021.5.26晋源实验中学视频\216110010308_6 传输完成
2021-09-03 11:57:09 INFO  分配文件日志:101 - H:\晋源实验中学\2021.5.26晋源实验中学视频\216110010309 传输完成
2021-09-03 11:57:11 INFO  分配文件日志:101 - H:\晋源实验中学\2021.5.26晋源实验中学视频\216110010311_8 传输完成
2021-09-03 11:57:13 INFO  分配文件日志:101 - H:\晋源实验中学\2021.5.26晋源实验中学视频\216110010314 传输完成
2021-09-03 11:57:14 INFO  分配文件日志:101 - H:\晋源实验中学\2021.5.26晋源实验中学视频\216110010318_9 传输完成
2021-09-03 11:57:15 INFO  分配文件日志:101 - H:\晋源实验中学\2021.5.26晋源实验中学视频\216110010319 传输完成
2021-09-03 11:57:16 INFO  分配文件日志:101 - H:\晋源实验中学\2021.5.26晋源实验中学视频\216110010320 传输完成
2021-09-03 11:57:17 INFO  分配文件日志:101 - H:\晋源实验中学\2021.5.26晋源实验中学视频\216110010321 传输完成
2021-09-03 11:57:18 INFO  分配文件日志:101 - H:\晋源实验中学\2021.5.26晋源实验中学视频\216110010322_9 传输完成
2021-09-03 11:57:19 INFO  分配文件日志:101 - H:\晋源实验中学\2021.5.26晋源实验中学视频\216110010324 传输完成
2021-09-03 11:57:20 INFO  分配文件日志:101 - H:\晋源实验中学\2021.5.26晋源实验中学视频\216110010327 传输完成
2021-09-03 11:57:21 INFO  分配文件日志:101 - H:\晋源实验中学\2021.5.26晋源实验中学视频\216110010328 传输完成
2021-09-03 11:57:22 INFO  分配文件日志:101 - H:\晋源实验中学\2021.5.26晋源实验中学视频\216110010330 传输完成
2021-09-03 11:57:23 INFO  分配文件日志:101 - H:\晋源实验中学\2021.5.26晋源实验中学视频\216110010331 传输完成
2021-09-03 11:57:24 INFO  分配文件日志:101 - H:\晋源实验中学\2021.5.26晋源实验中学视频\216110010334_8 传输完成
2021-09-03 11:57:25 INFO  分配文件日志:101 - H:\晋源实验中学\2021.5.26晋源实验中学视频\216110010335_8 传输完成
2021-09-03 11:57:26 INFO  分配文件日志:101 - H:\晋源实验中学\2021.5.26晋源实验中学视频\216110010336_9 传输完成
2021-09-03 11:57:27 INFO  分配文件日志:101 - H:\晋源实验中学\2021.5.26晋源实验中学视频\216110010339 传输完成
2021-09-03 11:57:28 INFO  分配文件日志:101 - H:\晋源实验中学\2021.5.26晋源实验中学视频\216110010341 传输完成
2021-09-03 11:57:29 INFO  分配文件日志:101 - H:\晋源实验中学\2021.5.26晋源实验中学视频\216110010344 传输完成
2021-09-03 11:57:31 INFO  分配文件日志:101 - H:\晋源实验中学\2021.5.26晋源实验中学视频\216110010350 传输完成
2021-09-03 11:57:31 INFO  分配文件日志:101 - H:\晋源实验中学\2021.5.26晋源实验中学视频\216110010353 传输完成
2021-09-03 11:57:33 INFO  分配文件日志:101 - H:\晋源实验中学\2021.5.26晋源实验中学视频\216110010354 传输完成
2021-09-03 11:57:34 INFO  分配文件日志:101 - H:\晋源实验中学\2021.5.26晋源实验中学视频\216110010355 传输完成
2021-09-03 11:57:35 INFO  分配文件日志:101 - H:\晋源实验中学\2021.5.26晋源实验中学视频\216110010356_9 传输完成
2021-09-03 11:57:36 INFO  分配文件日志:101 - H:\晋源实验中学\2021.5.26晋源实验中学视频\216110010360 传输完成
2021-09-03 11:57:37 INFO  分配文件日志:101 - H:\晋源实验中学\2021.5.26晋源实验中学视频\216110010361 传输完成
2021-09-03 11:57:38 INFO  分配文件日志:101 - H:\晋源实验中学\2021.5.26晋源实验中学视频\216110010363 传输完成
2021-09-03 11:57:39 INFO  分配文件日志:101 - H:\晋源实验中学\2021.5.26晋源实验中学视频\216110010365 传输完成
2021-09-03 11:57:40 INFO  分配文件日志:101 - H:\晋源实验中学\2021.5.26晋源实验中学视频\216110010366 传输完成
2021-09-03 11:57:41 INFO  分配文件日志:101 - H:\晋源实验中学\2021.5.26晋源实验中学视频\216110010367_8 传输完成
2021-09-03 11:57:42 INFO  分配文件日志:101 - H:\晋源实验中学\2021.5.26晋源实验中学视频\216110010368 传输完成
2021-09-03 11:57:43 INFO  分配文件日志:101 - H:\晋源实验中学\2021.5.26晋源实验中学视频\216110010371_7 传输完成
2021-09-03 11:57:44 INFO  分配文件日志:101 - H:\晋源实验中学\2021.5.26晋源实验中学视频\216110010374 传输完成
2021-09-03 11:57:45 INFO  分配文件日志:101 - H:\晋源实验中学\2021.5.26晋源实验中学视频\216110010375 传输完成
2021-09-03 11:57:47 INFO  分配文件日志:101 - H:\晋源实验中学\2021.5.26晋源实验中学视频\216110010376 传输完成
2021-09-03 11:57:48 INFO  分配文件日志:101 - H:\晋源实验中学\2021.5.26晋源实验中学视频\216110010377_5 传输完成
2021-09-03 11:57:49 INFO  分配文件日志:101 - H:\晋源实验中学\2021.5.26晋源实验中学视频\216110010381_8 传输完成
2021-09-03 11:57:51 INFO  分配文件日志:101 - H:\晋源实验中学\2021.5.26晋源实验中学视频\216110010382_9 传输完成
2021-09-03 11:57:51 INFO  分配文件日志:101 - H:\晋源实验中学\2021.5.26晋源实验中学视频\216110010383 传输完成
2021-09-03 11:57:53 INFO  分配文件日志:101 - H:\晋源实验中学\2021.5.26晋源实验中学视频\216110010384 传输完成
2021-09-03 11:57:54 INFO  分配文件日志:101 - H:\晋源实验中学\2021.5.26晋源实验中学视频\216110010389 传输完成
2021-09-03 11:57:55 INFO  分配文件日志:101 - H:\晋源实验中学\2021.5.26晋源实验中学视频\216110010390 传输完成
2021-09-03 11:57:55 INFO  分配文件日志:101 - H:\晋源实验中学\2021.5.26晋源实验中学视频\216110010391 传输完成
2021-09-03 11:57:56 INFO  分配文件日志:101 - H:\晋源实验中学\2021.5.26晋源实验中学视频\216110010392 传输完成
2021-09-03 11:57:57 INFO  分配文件日志:101 - H:\晋源实验中学\2021.5.26晋源实验中学视频\216110010393 传输完成
2021-09-03 11:57:58 INFO  分配文件日志:101 - H:\晋源实验中学\2021.5.26晋源实验中学视频\216110010396 传输完成
2021-09-03 11:58:00 INFO  分配文件日志:101 - H:\晋源实验中学\2021.5.26晋源实验中学视频\216110010397 传输完成
2021-09-03 11:58:01 INFO  分配文件日志:101 - H:\晋源实验中学\2021.5.26晋源实验中学视频\216110010402 传输完成
2021-09-03 11:58:01 INFO  分配文件日志:101 - H:\晋源实验中学\2021.5.26晋源实验中学视频\216110010407 传输完成
2021-09-03 11:58:03 INFO  分配文件日志:101 - H:\晋源实验中学\2021.5.26晋源实验中学视频\216110010408 传输完成
2021-09-03 11:58:04 INFO  分配文件日志:101 - H:\晋源实验中学\2021.5.26晋源实验中学视频\216110010410_9 传输完成
2021-09-03 11:58:05 INFO  分配文件日志:101 - H:\晋源实验中学\2021.5.26晋源实验中学视频\216110010412 传输完成
2021-09-03 11:58:06 INFO  分配文件日志:101 - H:\晋源实验中学\2021.5.26晋源实验中学视频\216110010415 传输完成
2021-09-03 11:58:07 INFO  分配文件日志:101 - H:\晋源实验中学\2021.5.26晋源实验中学视频\216110010418 传输完成
2021-09-03 11:58:08 INFO  分配文件日志:101 - H:\晋源实验中学\2021.5.26晋源实验中学视频\216110010420 传输完成
2021-09-03 11:58:09 INFO  分配文件日志:101 - H:\晋源实验中学\2021.5.26晋源实验中学视频\216110010421 传输完成
2021-09-03 11:58:10 INFO  分配文件日志:101 - H:\晋源实验中学\2021.5.26晋源实验中学视频\216110010422 传输完成
2021-09-03 11:58:11 INFO  分配文件日志:101 - H:\晋源实验中学\2021.5.26晋源实验中学视频\216110010426 传输完成
2021-09-03 11:58:12 INFO  分配文件日志:101 - H:\晋源实验中学\2021.5.26晋源实验中学视频\216110010427 传输完成
2021-09-03 11:58:14 INFO  分配文件日志:101 - H:\晋源实验中学\2021.5.26晋源实验中学视频\216110010430 传输完成
2021-09-03 11:58:15 INFO  分配文件日志:101 - H:\晋源实验中学\2021.5.26晋源实验中学视频\216110010433_9 传输完成
2021-09-03 11:58:16 INFO  分配文件日志:101 - H:\晋源实验中学\2021.5.26晋源实验中学视频\216110010434 传输完成
2021-09-03 11:58:17 INFO  分配文件日志:101 - H:\晋源实验中学\2021.5.26晋源实验中学视频\216110010435 传输完成
2021-09-03 11:58:18 INFO  分配文件日志:101 - H:\晋源实验中学\2021.5.26晋源实验中学视频\216110010436 传输完成
2021-09-03 11:58:19 INFO  分配文件日志:101 - H:\晋源实验中学\2021.5.26晋源实验中学视频\216110010437_9 传输完成
2021-09-03 11:58:20 INFO  分配文件日志:101 - H:\晋源实验中学\2021.5.26晋源实验中学视频\216110010440 传输完成
2021-09-03 11:58:21 INFO  分配文件日志:101 - H:\晋源实验中学\2021.5.26晋源实验中学视频\216110010443 传输完成
2021-09-03 11:58:23 INFO  分配文件日志:101 - H:\晋源实验中学\2021.5.26晋源实验中学视频\216110010444_8 传输完成
2021-09-03 11:58:23 INFO  分配文件日志:101 - H:\晋源实验中学\2021.5.26晋源实验中学视频\216110010445 传输完成
2021-09-03 11:58:24 INFO  分配文件日志:101 - H:\晋源实验中学\2021.5.26晋源实验中学视频\216110010447_9 传输完成
2021-09-03 11:58:25 INFO  分配文件日志:101 - H:\晋源实验中学\2021.5.26晋源实验中学视频\216110010448 传输完成
2021-09-03 11:58:26 INFO  分配文件日志:101 - H:\晋源实验中学\2021.5.26晋源实验中学视频\216110010449 传输完成
2021-09-03 11:58:28 INFO  分配文件日志:101 - H:\晋源实验中学\2021.5.26晋源实验中学视频\216110040004 传输完成
2021-09-03 11:58:29 INFO  分配文件日志:101 - H:\晋源实验中学\2021.5.26晋源实验中学视频\216110040007 传输完成
2021-09-03 11:58:30 INFO  分配文件日志:101 - H:\晋源实验中学\2021.5.26晋源实验中学视频\216110040009 传输完成
2021-09-03 11:58:31 INFO  分配文件日志:101 - H:\晋源实验中学\2021.5.26晋源实验中学视频\216110040014 传输完成
2021-09-03 11:58:33 INFO  分配文件日志:101 - H:\晋源实验中学\2021.5.26晋源实验中学视频\216110040017 传输完成
2021-09-03 11:58:34 INFO  分配文件日志:101 - H:\晋源实验中学\2021.5.26晋源实验中学视频\216110040018 传输完成
2021-09-03 11:58:35 INFO  分配文件日志:101 - H:\晋源实验中学\2021.5.26晋源实验中学视频\216110040021 传输完成
2021-09-03 11:58:36 INFO  分配文件日志:101 - H:\晋源实验中学\2021.5.26晋源实验中学视频\216110040022 传输完成
2021-09-03 11:58:38 INFO  分配文件日志:101 - H:\晋源实验中学\2021.5.26晋源实验中学视频\216110040024 传输完成
2021-09-03 11:58:39 INFO  分配文件日志:101 - H:\晋源实验中学\2021.5.26晋源实验中学视频\216110040025 传输完成
2021-09-03 11:58:40 INFO  分配文件日志:101 - H:\晋源实验中学\2021.5.26晋源实验中学视频\216110040026 传输完成
2021-09-03 11:58:42 INFO  分配文件日志:101 - H:\晋源实验中学\2021.5.26晋源实验中学视频\216110040028 传输完成
2021-09-03 11:58:43 INFO  分配文件日志:101 - H:\晋源实验中学\2021.5.26晋源实验中学视频\216110040029 传输完成
2021-09-03 11:58:45 INFO  分配文件日志:101 - H:\晋源实验中学\2021.5.26晋源实验中学视频\216110040031 传输完成
2021-09-03 11:58:45 INFO  分配文件日志:101 - H:\晋源实验中学\2021.5.26晋源实验中学视频\216110040032 传输完成
2021-09-03 11:58:47 INFO  分配文件日志:101 - H:\晋源实验中学\2021.5.26晋源实验中学视频\216110040035 传输完成
2021-09-03 11:58:48 INFO  分配文件日志:101 - H:\晋源实验中学\2021.5.26晋源实验中学视频\216110040037 传输完成
2021-09-03 11:58:50 INFO  分配文件日志:101 - H:\晋源实验中学\2021.5.26晋源实验中学视频\216110040040 传输完成
2021-09-03 11:58:51 INFO  分配文件日志:101 - H:\晋源实验中学\2021.5.26晋源实验中学视频\216110040041 传输完成
2021-09-03 11:58:52 INFO  分配文件日志:101 - H:\晋源实验中学\2021.5.26晋源实验中学视频\216110040042 传输完成
2021-09-03 11:58:54 INFO  分配文件日志:101 - H:\晋源实验中学\2021.5.26晋源实验中学视频\216110040044 传输完成
2021-09-03 11:58:55 INFO  分配文件日志:101 - H:\晋源实验中学\2021.5.26晋源实验中学视频\216110040045 传输完成
2021-09-03 11:58:56 INFO  分配文件日志:101 - H:\晋源实验中学\2021.5.26晋源实验中学视频\216110040046 传输完成
2021-09-03 11:58:57 INFO  分配文件日志:101 - H:\晋源实验中学\2021.5.26晋源实验中学视频\216110040048 传输完成
2021-09-03 11:58:59 INFO  分配文件日志:101 - H:\晋源实验中学\2021.5.26晋源实验中学视频\216110040049 传输完成
2021-09-03 11:59:00 INFO  分配文件日志:101 - H:\晋源实验中学\2021.5.26晋源实验中学视频\216110040050 传输完成
2021-09-03 11:59:01 INFO  分配文件日志:101 - H:\晋源实验中学\2021.5.26晋源实验中学视频\216110040052_9 传输完成
2021-09-03 11:59:02 INFO  分配文件日志:101 - H:\晋源实验中学\2021.5.26晋源实验中学视频\216110040055 传输完成
2021-09-03 11:59:04 INFO  分配文件日志:101 - H:\晋源实验中学\2021.5.26晋源实验中学视频\216110040056 传输完成
2021-09-03 11:59:05 INFO  分配文件日志:101 - H:\晋源实验中学\2021.5.26晋源实验中学视频\216110040058 传输完成
2021-09-03 11:59:06 INFO  分配文件日志:101 - H:\晋源实验中学\2021.5.26晋源实验中学视频\216110040061_7 传输完成
2021-09-03 11:59:08 INFO  分配文件日志:101 - H:\晋源实验中学\2021.5.26晋源实验中学视频\216110040063 传输完成
2021-09-03 11:59:09 INFO  分配文件日志:101 - H:\晋源实验中学\2021.5.26晋源实验中学视频\216110040065 传输完成
2021-09-03 11:59:10 INFO  分配文件日志:101 - H:\晋源实验中学\2021.5.26晋源实验中学视频\216110040069 传输完成
2021-09-03 11:59:11 INFO  分配文件日志:101 - H:\晋源实验中学\2021.5.26晋源实验中学视频\216110040070 传输完成
2021-09-03 11:59:13 INFO  分配文件日志:101 - H:\晋源实验中学\2021.5.26晋源实验中学视频\216110040072 传输完成
2021-09-03 11:59:14 INFO  分配文件日志:101 - H:\晋源实验中学\2021.5.26晋源实验中学视频\216110040074 传输完成
2021-09-03 11:59:16 INFO  分配文件日志:101 - H:\晋源实验中学\2021.5.26晋源实验中学视频\216110040075_9 传输完成
2021-09-03 11:59:17 INFO  分配文件日志:101 - H:\晋源实验中学\2021.5.26晋源实验中学视频\216110040077 传输完成
2021-09-03 11:59:18 INFO  分配文件日志:101 - H:\晋源实验中学\2021.5.26晋源实验中学视频\216110040079_9 传输完成
2021-09-03 11:59:19 INFO  分配文件日志:101 - H:\晋源实验中学\2021.5.26晋源实验中学视频\216110040080_9 传输完成
2021-09-03 11:59:21 INFO  分配文件日志:101 - H:\晋源实验中学\2021.5.26晋源实验中学视频\216110040081 传输完成
2021-09-03 11:59:22 INFO  分配文件日志:101 - H:\晋源实验中学\2021.5.26晋源实验中学视频\216110040082 传输完成
2021-09-03 11:59:23 INFO  分配文件日志:101 - H:\晋源实验中学\2021.5.26晋源实验中学视频\216110040083 传输完成
2021-09-03 11:59:25 INFO  分配文件日志:101 - H:\晋源实验中学\2021.5.26晋源实验中学视频\216110040086 传输完成
2021-09-03 11:59:25 INFO  分配文件日志:101 - H:\晋源实验中学\2021.5.26晋源实验中学视频\216110040090 传输完成
2021-09-03 11:59:27 INFO  分配文件日志:101 - H:\晋源实验中学\2021.5.26晋源实验中学视频\216110040093 传输完成
2021-09-03 11:59:28 INFO  分配文件日志:101 - H:\晋源实验中学\2021.5.26晋源实验中学视频\216110040094 传输完成
2021-09-03 11:59:29 INFO  分配文件日志:101 - H:\晋源实验中学\2021.5.26晋源实验中学视频\216110040102 传输完成
2021-09-03 11:59:31 INFO  分配文件日志:101 - H:\晋源实验中学\2021.5.26晋源实验中学视频\216110040103 传输完成
2021-09-03 11:59:32 INFO  分配文件日志:101 - H:\晋源实验中学\2021.5.26晋源实验中学视频\216110040105 传输完成
2021-09-03 11:59:33 INFO  分配文件日志:101 - H:\晋源实验中学\2021.5.26晋源实验中学视频\216110040106_8 传输完成
2021-09-03 11:59:35 INFO  分配文件日志:101 - H:\晋源实验中学\2021.5.26晋源实验中学视频\216110040110 传输完成
2021-09-03 11:59:36 INFO  分配文件日志:101 - H:\晋源实验中学\2021.5.26晋源实验中学视频\216110040112_6 传输完成
2021-09-03 11:59:37 INFO  分配文件日志:101 - H:\晋源实验中学\2021.5.26晋源实验中学视频\216110040113 传输完成
2021-09-03 11:59:38 INFO  分配文件日志:101 - H:\晋源实验中学\2021.5.26晋源实验中学视频\216110040114_9 传输完成
2021-09-03 11:59:39 INFO  分配文件日志:101 - H:\晋源实验中学\2021.5.26晋源实验中学视频\216110040118 传输完成
2021-09-03 11:59:40 INFO  分配文件日志:101 - H:\晋源实验中学\2021.5.26晋源实验中学视频\216110040120 传输完成
2021-09-03 11:59:41 INFO  分配文件日志:101 - H:\晋源实验中学\2021.5.26晋源实验中学视频\216110040121 传输完成
2021-09-03 11:59:43 INFO  分配文件日志:101 - H:\晋源实验中学\2021.5.26晋源实验中学视频\216110040122 传输完成
2021-09-03 11:59:44 INFO  分配文件日志:101 - H:\晋源实验中学\2021.5.26晋源实验中学视频\216110040123 传输完成
2021-09-03 11:59:45 INFO  分配文件日志:101 - H:\晋源实验中学\2021.5.26晋源实验中学视频\216110040127 传输完成
2021-09-03 11:59:46 INFO  分配文件日志:101 - H:\晋源实验中学\2021.5.26晋源实验中学视频\216110040129 传输完成
2021-09-03 11:59:47 INFO  分配文件日志:101 - H:\晋源实验中学\2021.5.26晋源实验中学视频\216110040130 传输完成
2021-09-03 11:59:49 INFO  分配文件日志:101 - H:\晋源实验中学\2021.5.26晋源实验中学视频\216110040131_7 传输完成
2021-09-03 11:59:50 INFO  分配文件日志:101 - H:\晋源实验中学\2021.5.26晋源实验中学视频\216110958001 传输完成
2021-09-03 11:59:52 INFO  分配文件日志:101 - H:\晋源实验中学\2021.5.26晋源实验中学视频\216110958002 传输完成
2021-09-03 11:59:53 INFO  分配文件日志:101 - H:\晋源实验中学\2021.5.26晋源实验中学视频\216110958003 传输完成
2021-09-03 11:59:54 INFO  分配文件日志:101 - H:\晋源实验中学\2021.5.26晋源实验中学视频\216110958004 传输完成
2021-09-03 11:59:55 INFO  分配文件日志:101 - H:\晋源实验中学\2021.5.26晋源实验中学视频\216110958005 传输完成
2021-09-03 11:59:57 INFO  分配文件日志:101 - H:\晋源实验中学\2021.5.26晋源实验中学视频\216110958009 传输完成
2021-09-03 11:59:58 INFO  分配文件日志:101 - H:\晋源实验中学\2021.5.26晋源实验中学视频\216110958013 传输完成
2021-09-03 11:59:59 INFO  分配文件日志:101 - H:\晋源实验中学\2021.5.26晋源实验中学视频\216110958017_9 传输完成
2021-09-03 12:00:00 INFO  分配文件日志:101 - H:\晋源实验中学\2021.5.26晋源实验中学视频\216110958020 传输完成
2021-09-03 12:00:01 INFO  分配文件日志:101 - H:\晋源实验中学\2021.5.26晋源实验中学视频\216110958021 传输完成
2021-09-03 12:00:02 INFO  分配文件日志:101 - H:\晋源实验中学\2021.5.26晋源实验中学视频\216110958022 传输完成
2021-09-03 12:00:04 INFO  分配文件日志:101 - H:\晋源实验中学\2021.5.26晋源实验中学视频\216110958023 传输完成
2021-09-03 12:00:05 INFO  分配文件日志:101 - H:\晋源实验中学\2021.5.26晋源实验中学视频\216110958026 传输完成
2021-09-03 12:00:06 INFO  分配文件日志:101 - H:\晋源实验中学\2021.5.26晋源实验中学视频\216110958028_9 传输完成
2021-09-03 12:00:07 INFO  分配文件日志:101 - H:\晋源实验中学\2021.5.26晋源实验中学视频\216110958029 传输完成
2021-09-03 12:00:09 INFO  分配文件日志:101 - H:\晋源实验中学\2021.5.26晋源实验中学视频\216110958030 传输完成
2021-09-03 12:00:10 INFO  分配文件日志:101 - H:\晋源实验中学\2021.5.26晋源实验中学视频\216110958039 传输完成
2021-09-03 12:00:11 INFO  分配文件日志:101 - H:\晋源实验中学\2021.5.26晋源实验中学视频\216110958040 传输完成
2021-09-03 12:00:12 INFO  分配文件日志:101 - H:\晋源实验中学\2021.5.26晋源实验中学视频\216110958042_8 传输完成
2021-09-03 12:00:13 INFO  分配文件日志:101 - H:\晋源实验中学\2021.5.26晋源实验中学视频\216110958045_9 传输完成
2021-09-03 12:00:14 INFO  分配文件日志:101 - H:\晋源实验中学\2021.5.26晋源实验中学视频\216110958047 传输完成
2021-09-03 12:00:15 INFO  分配文件日志:101 - H:\晋源实验中学\2021.5.26晋源实验中学视频\216110958049_9 传输完成
2021-09-03 12:00:16 INFO  分配文件日志:101 - H:\晋源实验中学\2021.5.26晋源实验中学视频\216110958050_8 传输完成
2021-09-03 12:00:18 INFO  分配文件日志:101 - H:\晋源实验中学\2021.5.26晋源实验中学视频\216110958051 传输完成
2021-09-03 12:00:19 INFO  分配文件日志:101 - H:\晋源实验中学\2021.5.26晋源实验中学视频\216110958052 传输完成
2021-09-03 12:00:20 INFO  分配文件日志:101 - H:\晋源实验中学\2021.5.26晋源实验中学视频\216110958054 传输完成
2021-09-03 12:00:21 INFO  分配文件日志:101 - H:\晋源实验中学\2021.5.26晋源实验中学视频\216110958056 传输完成
2021-09-03 12:00:22 INFO  分配文件日志:101 - H:\晋源实验中学\2021.5.26晋源实验中学视频\216110958057 传输完成
2021-09-03 12:00:24 INFO  分配文件日志:101 - H:\晋源实验中学\2021.5.26晋源实验中学视频\216110958058 传输完成
2021-09-03 12:00:25 INFO  分配文件日志:101 - H:\晋源实验中学\2021.5.26晋源实验中学视频\216110958059_9 传输完成
2021-09-03 12:00:27 INFO  分配文件日志:101 - H:\晋源实验中学\2021.5.26晋源实验中学视频\216110958060 传输完成
2021-09-03 12:00:28 INFO  分配文件日志:101 - H:\晋源实验中学\2021.5.26晋源实验中学视频\216110958064 传输完成
2021-09-03 12:00:30 INFO  分配文件日志:101 - H:\晋源实验中学\2021.5.26晋源实验中学视频\216110958065 传输完成
2021-09-03 12:00:31 INFO  分配文件日志:101 - H:\晋源实验中学\2021.5.26晋源实验中学视频\216110958066 传输完成
2021-09-03 12:00:32 INFO  分配文件日志:101 - H:\晋源实验中学\2021.5.26晋源实验中学视频\216110958067_9 传输完成
2021-09-03 12:00:33 INFO  分配文件日志:101 - H:\晋源实验中学\2021.5.26晋源实验中学视频\216110958069 传输完成
2021-09-03 12:00:35 INFO  分配文件日志:101 - H:\晋源实验中学\2021.5.26晋源实验中学视频\216110958070 传输完成
2021-09-03 12:00:36 INFO  分配文件日志:101 - H:\晋源实验中学\2021.5.26晋源实验中学视频\216110958073 传输完成
2021-09-03 12:00:37 INFO  分配文件日志:101 - H:\晋源实验中学\2021.5.26晋源实验中学视频\216110958076 传输完成
2021-09-03 12:00:38 INFO  分配文件日志:101 - H:\晋源实验中学\2021.5.26晋源实验中学视频\216110958077 传输完成
2021-09-03 12:00:39 INFO  分配文件日志:101 - H:\晋源实验中学\2021.5.26晋源实验中学视频\216110958081 传输完成
2021-09-03 12:00:40 INFO  分配文件日志:101 - H:\晋源实验中学\2021.5.26晋源实验中学视频\216110958082 传输完成
2021-09-03 12:00:42 INFO  分配文件日志:101 - H:\晋源实验中学\2021.5.26晋源实验中学视频\216110958083_9 传输完成
2021-09-03 12:00:43 INFO  分配文件日志:101 - H:\晋源实验中学\2021.5.26晋源实验中学视频\216110958086 传输完成
2021-09-03 12:00:44 INFO  分配文件日志:101 - H:\晋源实验中学\2021.5.26晋源实验中学视频\216110958087_8 传输完成
2021-09-03 12:00:46 INFO  分配文件日志:101 - H:\晋源实验中学\2021.5.26晋源实验中学视频\216110958092_9 传输完成
2021-09-03 12:00:47 INFO  分配文件日志:101 - H:\晋源实验中学\2021.5.26晋源实验中学视频\216110958093 传输完成
2021-09-03 12:00:48 INFO  分配文件日志:101 - H:\晋源实验中学\2021.5.26晋源实验中学视频\216110958095 传输完成
2021-09-03 12:00:49 INFO  分配文件日志:101 - H:\晋源实验中学\2021.5.26晋源实验中学视频\216110958097 传输完成
2021-09-03 12:00:51 INFO  分配文件日志:101 - H:\晋源实验中学\2021.5.26晋源实验中学视频\216110958098_9 传输完成
2021-09-03 12:00:52 INFO  分配文件日志:101 - H:\晋源实验中学\2021.5.26晋源实验中学视频\216110958099_9 传输完成
2021-09-03 12:00:54 INFO  分配文件日志:101 - H:\晋源实验中学\2021.5.26晋源实验中学视频\216110958103 传输完成
2021-09-03 12:00:55 INFO  分配文件日志:101 - H:\晋源实验中学\2021.5.26晋源实验中学视频\216110958104 传输完成
2021-09-03 12:00:57 INFO  分配文件日志:101 - H:\晋源实验中学\2021.5.26晋源实验中学视频\216110958108_8 传输完成
2021-09-03 12:00:58 INFO  分配文件日志:101 - H:\晋源实验中学\2021.5.26晋源实验中学视频\216110958109_4 传输完成
2021-09-03 12:01:00 INFO  分配文件日志:101 - H:\晋源实验中学\2021.5.26晋源实验中学视频\216110958110 传输完成
2021-09-03 12:01:01 INFO  分配文件日志:101 - H:\晋源实验中学\2021.5.26晋源实验中学视频\216110958111_9 传输完成
2021-09-03 12:01:03 INFO  分配文件日志:101 - H:\晋源实验中学\2021.5.26晋源实验中学视频\216110958114 传输完成
2021-09-03 12:01:04 INFO  分配文件日志:101 - H:\晋源实验中学\2021.5.26晋源实验中学视频\216110958116 传输完成
2021-09-03 12:01:05 INFO  分配文件日志:101 - H:\晋源实验中学\2021.5.26晋源实验中学视频\216110958117 传输完成
2021-09-03 12:01:07 INFO  分配文件日志:101 - H:\晋源实验中学\2021.5.26晋源实验中学视频\216110958118_9 传输完成
2021-09-03 12:01:08 INFO  分配文件日志:101 - H:\晋源实验中学\2021.5.26晋源实验中学视频\216110958119 传输完成
2021-09-03 12:01:09 INFO  分配文件日志:101 - H:\晋源实验中学\2021.5.26晋源实验中学视频\216110958120 传输完成
2021-09-03 12:01:10 INFO  分配文件日志:101 - H:\晋源实验中学\2021.5.26晋源实验中学视频\216110958123 传输完成
2021-09-03 12:01:12 INFO  分配文件日志:101 - H:\晋源实验中学\2021.5.26晋源实验中学视频\216110958124_9 传输完成
2021-09-03 12:01:13 INFO  分配文件日志:101 - H:\晋源实验中学\2021.5.26晋源实验中学视频\216110958126 传输完成
2021-09-03 12:01:14 INFO  分配文件日志:101 - H:\晋源实验中学\2021.5.26晋源实验中学视频\216110958127 传输完成
2021-09-03 12:01:15 INFO  分配文件日志:101 - H:\晋源实验中学\2021.5.26晋源实验中学视频\216110958130 传输完成
2021-09-03 12:01:16 INFO  分配文件日志:101 - H:\晋源实验中学\2021.5.26晋源实验中学视频\216110970002 传输完成
2021-09-03 12:01:18 INFO  分配文件日志:101 - H:\晋源实验中学\2021.5.26晋源实验中学视频\216110970005_4 传输完成
2021-09-03 12:01:19 INFO  分配文件日志:101 - H:\晋源实验中学\2021.5.26晋源实验中学视频\216110010002 传输完成
2021-09-03 12:01:20 INFO  分配文件日志:101 - H:\晋源实验中学\2021.5.26晋源实验中学视频\216110010003 传输完成
2021-09-03 12:01:21 INFO  分配文件日志:101 - H:\晋源实验中学\2021.5.26晋源实验中学视频\216110010004 传输完成
2021-09-03 12:01:23 INFO  分配文件日志:101 - H:\晋源实验中学\2021.5.26晋源实验中学视频\216110010005_9 传输完成
2021-09-03 12:01:24 INFO  分配文件日志:101 - H:\晋源实验中学\2021.5.26晋源实验中学视频\216110010007 传输完成
2021-09-03 12:01:25 INFO  分配文件日志:101 - H:\晋源实验中学\2021.5.26晋源实验中学视频\216110010011 传输完成
2021-09-03 12:01:26 INFO  分配文件日志:101 - H:\晋源实验中学\2021.5.26晋源实验中学视频\216110010012 传输完成
2021-09-03 12:01:27 INFO  分配文件日志:101 - H:\晋源实验中学\2021.5.26晋源实验中学视频\216110010013_8 传输完成
2021-09-03 12:01:28 INFO  分配文件日志:101 - H:\晋源实验中学\2021.5.26晋源实验中学视频\216110010019 传输完成
2021-09-03 12:01:29 INFO  分配文件日志:101 - H:\晋源实验中学\2021.5.26晋源实验中学视频\216110010023 传输完成
2021-09-03 12:01:31 INFO  分配文件日志:101 - H:\晋源实验中学\2021.5.26晋源实验中学视频\216110010024 传输完成
2021-09-03 12:01:32 INFO  分配文件日志:101 - H:\晋源实验中学\2021.5.26晋源实验中学视频\216110010025_9 传输完成
2021-09-03 12:01:33 INFO  分配文件日志:101 - H:\晋源实验中学\2021.5.26晋源实验中学视频\216110010026 传输完成
2021-09-03 12:01:34 INFO  分配文件日志:101 - H:\晋源实验中学\2021.5.26晋源实验中学视频\216110010028 传输完成
2021-09-03 12:01:36 INFO  分配文件日志:101 - H:\晋源实验中学\2021.5.26晋源实验中学视频\216110010030 传输完成
2021-09-03 12:01:37 INFO  分配文件日志:101 - H:\晋源实验中学\2021.5.26晋源实验中学视频\216110010031 传输完成
2021-09-03 12:01:38 INFO  分配文件日志:101 - H:\晋源实验中学\2021.5.26晋源实验中学视频\216110010033 传输完成
2021-09-03 12:01:39 INFO  分配文件日志:101 - H:\晋源实验中学\2021.5.26晋源实验中学视频\216110010036 传输完成
2021-09-03 12:01:41 INFO  分配文件日志:101 - H:\晋源实验中学\2021.5.26晋源实验中学视频\216110010037 传输完成
2021-09-03 12:01:42 INFO  分配文件日志:101 - H:\晋源实验中学\2021.5.26晋源实验中学视频\216110010038_9 传输完成
2021-09-03 12:01:43 INFO  分配文件日志:101 - H:\晋源实验中学\2021.5.26晋源实验中学视频\216110010042_9 传输完成
2021-09-03 12:01:45 INFO  分配文件日志:101 - H:\晋源实验中学\2021.5.26晋源实验中学视频\216110010044 传输完成
2021-09-03 12:01:46 INFO  分配文件日志:101 - H:\晋源实验中学\2021.5.26晋源实验中学视频\216110010047 传输完成
2021-09-03 12:01:47 INFO  分配文件日志:101 - H:\晋源实验中学\2021.5.26晋源实验中学视频\216110010048_8 传输完成
2021-09-03 12:01:48 INFO  分配文件日志:101 - H:\晋源实验中学\2021.5.26晋源实验中学视频\216110010051_9 传输完成
2021-09-03 12:01:50 INFO  分配文件日志:101 - H:\晋源实验中学\2021.5.26晋源实验中学视频\216110010054_9 传输完成
2021-09-03 12:01:51 INFO  分配文件日志:101 - H:\晋源实验中学\2021.5.26晋源实验中学视频\216110010055 传输完成
2021-09-03 12:01:52 INFO  分配文件日志:101 - H:\晋源实验中学\2021.5.26晋源实验中学视频\216110010060 传输完成
2021-09-03 12:01:53 INFO  分配文件日志:101 - H:\晋源实验中学\2021.5.26晋源实验中学视频\216110010061 传输完成
2021-09-03 12:01:54 INFO  分配文件日志:101 - H:\晋源实验中学\2021.5.26晋源实验中学视频\216110010062 传输完成
2021-09-03 12:01:55 INFO  分配文件日志:101 - H:\晋源实验中学\2021.5.26晋源实验中学视频\216110010063 传输完成
2021-09-03 12:01:56 INFO  分配文件日志:101 - H:\晋源实验中学\2021.5.26晋源实验中学视频\216110010065 传输完成
2021-09-03 12:01:58 INFO  分配文件日志:101 - H:\晋源实验中学\2021.5.26晋源实验中学视频\216110010067 传输完成
2021-09-03 12:01:59 INFO  分配文件日志:101 - H:\晋源实验中学\2021.5.26晋源实验中学视频\216110010071 传输完成
2021-09-03 12:02:00 INFO  分配文件日志:101 - H:\晋源实验中学\2021.5.26晋源实验中学视频\216110010073 传输完成
2021-09-03 12:02:01 INFO  分配文件日志:101 - H:\晋源实验中学\2021.5.26晋源实验中学视频\216110010074 传输完成
2021-09-03 12:02:02 INFO  分配文件日志:101 - H:\晋源实验中学\2021.5.26晋源实验中学视频\216110010075_7 传输完成
2021-09-03 12:02:03 INFO  分配文件日志:101 - H:\晋源实验中学\2021.5.26晋源实验中学视频\216110010079 传输完成
2021-09-03 12:02:04 INFO  分配文件日志:101 - H:\晋源实验中学\2021.5.26晋源实验中学视频\216110010080 传输完成
2021-09-03 12:02:06 INFO  分配文件日志:101 - H:\晋源实验中学\2021.5.26晋源实验中学视频\216110010084 传输完成
2021-09-03 12:02:07 INFO  分配文件日志:101 - H:\晋源实验中学\2021.5.26晋源实验中学视频\216110010085 传输完成
2021-09-03 12:02:08 INFO  分配文件日志:101 - H:\晋源实验中学\2021.5.26晋源实验中学视频\216110010086 传输完成
2021-09-03 12:02:09 INFO  分配文件日志:101 - H:\晋源实验中学\2021.5.26晋源实验中学视频\216110010089 传输完成
2021-09-03 12:02:10 INFO  分配文件日志:101 - H:\晋源实验中学\2021.5.26晋源实验中学视频\216110010091_9 传输完成
2021-09-03 12:02:11 INFO  分配文件日志:101 - H:\晋源实验中学\2021.5.26晋源实验中学视频\216110010092 传输完成
2021-09-03 12:02:13 INFO  分配文件日志:101 - H:\晋源实验中学\2021.5.26晋源实验中学视频\216110010095 传输完成
2021-09-03 12:02:14 INFO  分配文件日志:101 - H:\晋源实验中学\2021.5.26晋源实验中学视频\216110010096_7 传输完成
2021-09-03 12:02:14 INFO  分配文件日志:101 - H:\晋源实验中学\2021.5.26晋源实验中学视频\216110010097 传输完成
2021-09-03 12:02:15 INFO  分配文件日志:101 - H:\晋源实验中学\2021.5.26晋源实验中学视频\216110010099 传输完成
2021-09-03 12:02:17 INFO  分配文件日志:101 - H:\晋源实验中学\2021.5.26晋源实验中学视频\216110010101_9 传输完成
2021-09-03 12:02:18 INFO  分配文件日志:101 - H:\晋源实验中学\2021.5.26晋源实验中学视频\216110010102 传输完成
2021-09-03 12:02:19 INFO  分配文件日志:101 - H:\晋源实验中学\2021.5.26晋源实验中学视频\216110010103 传输完成
2021-09-03 12:02:20 INFO  分配文件日志:101 - H:\晋源实验中学\2021.5.26晋源实验中学视频\216110010104 传输完成
2021-09-03 12:02:22 INFO  分配文件日志:101 - H:\晋源实验中学\2021.5.26晋源实验中学视频\216110010107 传输完成
2021-09-03 12:02:23 INFO  分配文件日志:101 - H:\晋源实验中学\2021.5.26晋源实验中学视频\216110010112 传输完成
2021-09-03 12:02:24 INFO  分配文件日志:101 - H:\晋源实验中学\2021.5.26晋源实验中学视频\216110010113 传输完成
2021-09-03 12:02:25 INFO  分配文件日志:101 - H:\晋源实验中学\2021.5.26晋源实验中学视频\216110010116 传输完成
2021-09-03 12:02:26 INFO  分配文件日志:101 - H:\晋源实验中学\2021.5.26晋源实验中学视频\216110010117 传输完成
2021-09-03 12:02:27 INFO  分配文件日志:101 - H:\晋源实验中学\2021.5.26晋源实验中学视频\216110010118 传输完成
2021-09-03 12:02:28 INFO  分配文件日志:101 - H:\晋源实验中学\2021.5.26晋源实验中学视频\216110010119 传输完成
2021-09-03 12:02:29 INFO  分配文件日志:101 - H:\晋源实验中学\2021.5.26晋源实验中学视频\216110010120 传输完成
2021-09-03 12:02:30 INFO  分配文件日志:101 - H:\晋源实验中学\2021.5.26晋源实验中学视频\216110010122 传输完成
2021-09-03 12:02:31 INFO  分配文件日志:101 - H:\晋源实验中学\2021.5.26晋源实验中学视频\216110010123 传输完成
2021-09-03 12:02:32 INFO  分配文件日志:101 - H:\晋源实验中学\2021.5.26晋源实验中学视频\216110010124 传输完成
2021-09-03 12:02:34 INFO  分配文件日志:101 - H:\晋源实验中学\2021.5.26晋源实验中学视频\216110010125 传输完成
2021-09-03 12:02:35 INFO  分配文件日志:101 - H:\晋源实验中学\2021.5.26晋源实验中学视频\216110010128_8 传输完成
2021-09-03 12:02:36 INFO  分配文件日志:101 - H:\晋源实验中学\2021.5.26晋源实验中学视频\216110010129 传输完成
2021-09-03 12:02:37 INFO  分配文件日志:101 - H:\晋源实验中学\2021.5.26晋源实验中学视频\216110010130 传输完成
2021-09-03 12:02:39 INFO  分配文件日志:101 - H:\晋源实验中学\2021.5.26晋源实验中学视频\216110010131_9 传输完成
2021-09-03 12:02:40 INFO  分配文件日志:101 - H:\晋源实验中学\2021.5.26晋源实验中学视频\216110010132 传输完成
2021-09-03 12:02:41 INFO  分配文件日志:101 - H:\晋源实验中学\2021.5.26晋源实验中学视频\216110010136 传输完成
2021-09-03 12:02:42 INFO  分配文件日志:101 - H:\晋源实验中学\2021.5.26晋源实验中学视频\216110010138 传输完成
2021-09-03 12:02:43 INFO  分配文件日志:101 - H:\晋源实验中学\2021.5.26晋源实验中学视频\216110010139 传输完成
2021-09-03 12:02:45 INFO  分配文件日志:101 - H:\晋源实验中学\2021.5.26晋源实验中学视频\216110010143 传输完成
2021-09-03 12:02:46 INFO  分配文件日志:101 - H:\晋源实验中学\2021.5.26晋源实验中学视频\216110010144 传输完成
2021-09-03 12:02:47 INFO  分配文件日志:101 - H:\晋源实验中学\2021.5.26晋源实验中学视频\216110010147 传输完成
2021-09-03 12:02:48 INFO  分配文件日志:101 - H:\晋源实验中学\2021.5.26晋源实验中学视频\216110010148_9 传输完成
2021-09-03 12:02:50 INFO  分配文件日志:101 - H:\晋源实验中学\2021.5.26晋源实验中学视频\216110010149 传输完成
2021-09-03 12:02:51 INFO  分配文件日志:101 - H:\晋源实验中学\2021.5.26晋源实验中学视频\216110010152_8 传输完成
2021-09-03 12:02:52 INFO  分配文件日志:101 - H:\晋源实验中学\2021.5.26晋源实验中学视频\216110010159 传输完成
2021-09-03 12:02:54 INFO  分配文件日志:101 - H:\晋源实验中学\2021.5.26晋源实验中学视频\216110010163 传输完成
2021-09-03 12:02:55 INFO  分配文件日志:101 - H:\晋源实验中学\2021.5.26晋源实验中学视频\216110010168 传输完成
2021-09-03 12:02:57 INFO  分配文件日志:101 - H:\晋源实验中学\2021.5.26晋源实验中学视频\216110010169 传输完成
2021-09-03 12:02:58 INFO  分配文件日志:101 - H:\晋源实验中学\2021.5.26晋源实验中学视频\216110010171 传输完成
2021-09-03 12:02:59 INFO  分配文件日志:101 - H:\晋源实验中学\2021.5.26晋源实验中学视频\216110010173 传输完成
2021-09-03 12:03:01 INFO  分配文件日志:101 - H:\晋源实验中学\2021.5.26晋源实验中学视频\216110010174 传输完成
2021-09-03 12:03:02 INFO  分配文件日志:101 - H:\晋源实验中学\2021.5.26晋源实验中学视频\216110010175 传输完成
2021-09-03 12:03:03 INFO  分配文件日志:101 - H:\晋源实验中学\2021.5.26晋源实验中学视频\216110010176 传输完成
2021-09-03 12:03:04 INFO  分配文件日志:101 - H:\晋源实验中学\2021.5.26晋源实验中学视频\216110010178 传输完成
2021-09-03 12:03:06 INFO  分配文件日志:101 - H:\晋源实验中学\2021.5.26晋源实验中学视频\216110010179_8 传输完成
2021-09-03 12:03:07 INFO  分配文件日志:101 - H:\晋源实验中学\2021.5.26晋源实验中学视频\216110010180 传输完成
2021-09-03 12:03:08 INFO  分配文件日志:101 - H:\晋源实验中学\2021.5.26晋源实验中学视频\216110010181_9 传输完成
2021-09-03 12:03:09 INFO  分配文件日志:101 - H:\晋源实验中学\2021.5.26晋源实验中学视频\216110010183 传输完成
2021-09-03 12:03:10 INFO  分配文件日志:101 - H:\晋源实验中学\2021.5.26晋源实验中学视频\216110010188_9 传输完成
2021-09-03 12:03:12 INFO  分配文件日志:101 - H:\晋源实验中学\2021.5.26晋源实验中学视频\216110010190_8 传输完成
2021-09-03 12:03:13 INFO  分配文件日志:101 - H:\晋源实验中学\2021.5.26晋源实验中学视频\216110010192 传输完成
2021-09-03 12:03:14 INFO  分配文件日志:101 - H:\晋源实验中学\2021.5.26晋源实验中学视频\216110010199 传输完成
2021-09-03 12:03:15 INFO  分配文件日志:101 - H:\晋源实验中学\2021.5.26晋源实验中学视频\216110010200 传输完成
2021-09-03 12:03:17 INFO  分配文件日志:101 - H:\晋源实验中学\2021.5.26晋源实验中学视频\216110010201 传输完成
2021-09-03 12:03:18 INFO  分配文件日志:101 - H:\晋源实验中学\2021.5.26晋源实验中学视频\216110010203 传输完成
2021-09-03 12:03:19 INFO  分配文件日志:101 - H:\晋源实验中学\2021.5.26晋源实验中学视频\216110010205 传输完成
2021-09-03 12:03:20 INFO  分配文件日志:101 - H:\晋源实验中学\2021.5.26晋源实验中学视频\216110010206_9 传输完成
2021-09-03 12:03:21 INFO  分配文件日志:101 - H:\晋源实验中学\2021.5.26晋源实验中学视频\216110010207 传输完成
2021-09-03 12:03:22 INFO  分配文件日志:101 - H:\晋源实验中学\2021.5.26晋源实验中学视频\216110010208 传输完成
2021-09-03 12:03:23 INFO  分配文件日志:101 - H:\晋源实验中学\2021.5.26晋源实验中学视频\216110010212 传输完成
2021-09-03 12:03:25 INFO  分配文件日志:101 - H:\晋源实验中学\2021.5.26晋源实验中学视频\216110010220 传输完成
2021-09-03 12:03:26 INFO  分配文件日志:101 - H:\晋源实验中学\2021.5.26晋源实验中学视频\216110010222 传输完成
2021-09-03 12:03:27 INFO  分配文件日志:101 - H:\晋源实验中学\2021.5.26晋源实验中学视频\216110010224 传输完成
2021-09-03 12:03:29 INFO  分配文件日志:101 - H:\晋源实验中学\2021.5.26晋源实验中学视频\216110010225_6 传输完成
2021-09-03 12:03:30 INFO  分配文件日志:101 - H:\晋源实验中学\2021.5.26晋源实验中学视频\216110010230 传输完成
2021-09-03 12:03:31 INFO  分配文件日志:101 - H:\晋源实验中学\2021.5.26晋源实验中学视频\216110010232 传输完成
2021-09-03 12:03:32 INFO  分配文件日志:101 - H:\晋源实验中学\2021.5.26晋源实验中学视频\216110010234 传输完成
2021-09-03 12:03:33 INFO  分配文件日志:101 - H:\晋源实验中学\2021.5.26晋源实验中学视频\216110010235 传输完成
2021-09-03 12:03:34 INFO  分配文件日志:101 - H:\晋源实验中学\2021.5.26晋源实验中学视频\216110010236 传输完成
2021-09-03 12:03:35 INFO  分配文件日志:101 - H:\晋源实验中学\2021.5.26晋源实验中学视频\216110010238 传输完成
2021-09-03 12:03:36 INFO  分配文件日志:101 - H:\晋源实验中学\2021.5.26晋源实验中学视频\216110010239_9 传输完成
2021-09-03 12:03:38 INFO  分配文件日志:101 - H:\晋源实验中学\2021.5.26晋源实验中学视频\216110010243 传输完成
2021-09-03 12:03:39 INFO  分配文件日志:101 - H:\晋源实验中学\2021.5.26晋源实验中学视频\216110010246_9 传输完成
2021-09-03 12:03:40 INFO  分配文件日志:101 - H:\晋源实验中学\2021.5.26晋源实验中学视频\216110010247 传输完成
2021-09-03 12:03:41 INFO  分配文件日志:101 - H:\晋源实验中学\2021.5.26晋源实验中学视频\216110010248_1 传输完成
2021-09-03 12:03:43 INFO  分配文件日志:101 - H:\晋源实验中学\2021.5.26晋源实验中学视频\216110010249_3 传输完成
2021-09-03 12:03:44 INFO  分配文件日志:101 - H:\晋源实验中学\2021.5.26晋源实验中学视频\216110010250 传输完成
2021-09-03 12:03:45 INFO  分配文件日志:101 - H:\晋源实验中学\2021.5.26晋源实验中学视频\216110010251 传输完成
2021-09-03 12:03:46 INFO  分配文件日志:101 - H:\晋源实验中学\2021.5.26晋源实验中学视频\216110010254 传输完成
2021-09-03 12:03:47 INFO  分配文件日志:101 - H:\晋源实验中学\2021.5.26晋源实验中学视频\216110010256 传输完成
2021-09-03 12:03:48 INFO  分配文件日志:101 - H:\晋源实验中学\2021.5.26晋源实验中学视频\216110010257_8 传输完成
2021-09-03 12:03:50 INFO  分配文件日志:101 - H:\晋源实验中学\2021.5.26晋源实验中学视频\216110010258 传输完成
2021-09-03 12:03:51 INFO  分配文件日志:101 - H:\晋源实验中学\2021.5.26晋源实验中学视频\216110010259 传输完成
2021-09-03 12:03:52 INFO  分配文件日志:101 - H:\晋源实验中学\2021.5.26晋源实验中学视频\216110010260 传输完成
2021-09-03 12:03:53 INFO  分配文件日志:101 - H:\晋源实验中学\2021.5.26晋源实验中学视频\216110010261_9 传输完成
2021-09-03 12:03:54 INFO  分配文件日志:101 - H:\晋源实验中学\2021.5.26晋源实验中学视频\216110010262 传输完成
2021-09-03 12:03:56 INFO  分配文件日志:101 - H:\晋源实验中学\2021.5.26晋源实验中学视频\216110010266 传输完成
2021-09-03 12:03:57 INFO  分配文件日志:101 - H:\晋源实验中学\2021.5.26晋源实验中学视频\216110010267 传输完成
2021-09-03 12:03:58 INFO  分配文件日志:101 - H:\晋源实验中学\2021.5.26晋源实验中学视频\216110010268 传输完成
2021-09-03 12:03:59 INFO  分配文件日志:101 - H:\晋源实验中学\2021.5.26晋源实验中学视频\216110010270 传输完成
2021-09-03 12:04:01 INFO  分配文件日志:101 - H:\晋源实验中学\2021.5.26晋源实验中学视频\216110010273 传输完成
2021-09-03 12:04:02 INFO  分配文件日志:101 - H:\晋源实验中学\2021.5.26晋源实验中学视频\216110010274 传输完成
2021-09-03 12:04:03 INFO  分配文件日志:101 - H:\晋源实验中学\2021.5.26晋源实验中学视频\216110010275 传输完成
2021-09-03 12:04:04 INFO  分配文件日志:101 - H:\晋源实验中学\2021.5.26晋源实验中学视频\216110010279 传输完成
2021-09-03 12:04:05 INFO  分配文件日志:101 - H:\晋源实验中学\2021.5.26晋源实验中学视频\216110010281 传输完成
2021-09-03 12:04:07 INFO  分配文件日志:101 - H:\晋源实验中学\2021.5.26晋源实验中学视频\216110010284_9 传输完成
2021-09-03 12:04:08 INFO  分配文件日志:101 - H:\晋源实验中学\2021.5.26晋源实验中学视频\216110010285 传输完成
2021-09-03 12:04:09 INFO  分配文件日志:101 - H:\晋源实验中学\2021.5.26晋源实验中学视频\216110010288 传输完成
2021-09-03 12:04:10 INFO  分配文件日志:101 - H:\晋源实验中学\2021.5.26晋源实验中学视频\216110010291 传输完成
2021-09-03 12:04:12 INFO  分配文件日志:101 - H:\晋源实验中学\2021.5.26晋源实验中学视频\216110010292 传输完成
2021-09-03 12:04:13 INFO  分配文件日志:101 - H:\晋源实验中学\2021.5.26晋源实验中学视频\216110010298 传输完成
2021-09-03 12:04:14 INFO  分配文件日志:101 - H:\晋源实验中学\2021.5.26晋源实验中学视频\216110010299 传输完成
2021-09-03 12:04:15 INFO  分配文件日志:101 - H:\晋源实验中学\2021.5.26晋源实验中学视频\216110010301 传输完成
2021-09-03 12:04:16 INFO  分配文件日志:101 - H:\晋源实验中学\2021.5.26晋源实验中学视频\216110010302 传输完成
2021-09-03 12:04:17 INFO  分配文件日志:101 - H:\晋源实验中学\2021.5.26晋源实验中学视频\216110010303 传输完成
2021-09-03 12:04:19 INFO  分配文件日志:101 - H:\晋源实验中学\2021.5.26晋源实验中学视频\216110010304 传输完成
2021-09-03 12:04:20 INFO  分配文件日志:101 - H:\晋源实验中学\2021.5.26晋源实验中学视频\216110010306 传输完成
2021-09-03 12:04:21 INFO  分配文件日志:101 - H:\晋源实验中学\2021.5.26晋源实验中学视频\216110010307 传输完成
2021-09-03 12:04:22 INFO  分配文件日志:101 - H:\晋源实验中学\2021.5.26晋源实验中学视频\216110010310_8 传输完成
2021-09-03 12:04:23 INFO  分配文件日志:101 - H:\晋源实验中学\2021.5.26晋源实验中学视频\216110010312 传输完成
2021-09-03 12:04:24 INFO  分配文件日志:101 - H:\晋源实验中学\2021.5.26晋源实验中学视频\216110010313 传输完成
2021-09-03 12:04:25 INFO  分配文件日志:101 - H:\晋源实验中学\2021.5.26晋源实验中学视频\216110010315_8 传输完成
2021-09-03 12:04:27 INFO  分配文件日志:101 - H:\晋源实验中学\2021.5.26晋源实验中学视频\216110010316 传输完成
2021-09-03 12:04:28 INFO  分配文件日志:101 - H:\晋源实验中学\2021.5.26晋源实验中学视频\216110010317_9 传输完成
2021-09-03 12:04:29 INFO  分配文件日志:101 - H:\晋源实验中学\2021.5.26晋源实验中学视频\216110010323 传输完成
2021-09-03 12:04:31 INFO  分配文件日志:101 - H:\晋源实验中学\2021.5.26晋源实验中学视频\216110010325 传输完成
2021-09-03 12:04:32 INFO  分配文件日志:101 - H:\晋源实验中学\2021.5.26晋源实验中学视频\216110010326 传输完成
2021-09-03 12:04:34 INFO  分配文件日志:101 - H:\晋源实验中学\2021.5.26晋源实验中学视频\216110010329 传输完成
2021-09-03 12:04:35 INFO  分配文件日志:101 - H:\晋源实验中学\2021.5.26晋源实验中学视频\216110010332 传输完成
2021-09-03 12:04:36 INFO  分配文件日志:101 - H:\晋源实验中学\2021.5.26晋源实验中学视频\216110010333 传输完成
2021-09-03 12:04:38 INFO  分配文件日志:101 - H:\晋源实验中学\2021.5.26晋源实验中学视频\216110010337 传输完成
2021-09-03 12:04:39 INFO  分配文件日志:101 - H:\晋源实验中学\2021.5.26晋源实验中学视频\216110010338 传输完成
2021-09-03 12:04:40 INFO  分配文件日志:101 - H:\晋源实验中学\2021.5.26晋源实验中学视频\216110010340 传输完成
2021-09-03 12:04:41 INFO  分配文件日志:101 - H:\晋源实验中学\2021.5.26晋源实验中学视频\216110010342 传输完成
2021-09-03 12:04:43 INFO  分配文件日志:101 - H:\晋源实验中学\2021.5.26晋源实验中学视频\216110010343 传输完成
2021-09-03 12:04:45 INFO  分配文件日志:101 - H:\晋源实验中学\2021.5.26晋源实验中学视频\216110010345 传输完成
2021-09-03 12:04:46 INFO  分配文件日志:101 - H:\晋源实验中学\2021.5.26晋源实验中学视频\216110010346 传输完成
2021-09-03 12:04:48 INFO  分配文件日志:101 - H:\晋源实验中学\2021.5.26晋源实验中学视频\216110010347 传输完成
2021-09-03 12:04:49 INFO  分配文件日志:101 - H:\晋源实验中学\2021.5.26晋源实验中学视频\216110010348 传输完成
2021-09-03 12:04:50 INFO  分配文件日志:101 - H:\晋源实验中学\2021.5.26晋源实验中学视频\216110010349 传输完成
2021-09-03 12:04:52 INFO  分配文件日志:101 - H:\晋源实验中学\2021.5.26晋源实验中学视频\216110010351 传输完成
2021-09-03 12:04:53 INFO  分配文件日志:101 - H:\晋源实验中学\2021.5.26晋源实验中学视频\216110010352 传输完成
2021-09-03 12:04:54 INFO  分配文件日志:101 - H:\晋源实验中学\2021.5.26晋源实验中学视频\216110010357 传输完成
2021-09-03 12:04:55 INFO  分配文件日志:101 - H:\晋源实验中学\2021.5.26晋源实验中学视频\216110010358_9 传输完成
2021-09-03 12:04:56 INFO  分配文件日志:101 - H:\晋源实验中学\2021.5.26晋源实验中学视频\216110010359_9 传输完成
2021-09-03 12:04:57 INFO  分配文件日志:101 - H:\晋源实验中学\2021.5.26晋源实验中学视频\216110010362 传输完成
2021-09-03 12:04:58 INFO  分配文件日志:101 - H:\晋源实验中学\2021.5.26晋源实验中学视频\216110010364 传输完成
2021-09-03 12:04:59 INFO  分配文件日志:101 - H:\晋源实验中学\2021.5.26晋源实验中学视频\216110010369 传输完成
2021-09-03 12:05:01 INFO  分配文件日志:101 - H:\晋源实验中学\2021.5.26晋源实验中学视频\216110010370 传输完成
2021-09-03 12:05:02 INFO  分配文件日志:101 - H:\晋源实验中学\2021.5.26晋源实验中学视频\216110010372 传输完成
2021-09-03 12:05:03 INFO  分配文件日志:101 - H:\晋源实验中学\2021.5.26晋源实验中学视频\216110010373 传输完成
2021-09-03 12:05:04 INFO  分配文件日志:101 - H:\晋源实验中学\2021.5.26晋源实验中学视频\216110010378_9 传输完成
2021-09-03 12:05:05 INFO  分配文件日志:101 - H:\晋源实验中学\2021.5.26晋源实验中学视频\216110010379_9 传输完成
2021-09-03 12:05:07 INFO  分配文件日志:101 - H:\晋源实验中学\2021.5.26晋源实验中学视频\216110010380_8 传输完成
2021-09-03 12:05:08 INFO  分配文件日志:101 - H:\晋源实验中学\2021.5.26晋源实验中学视频\216110010385 传输完成
2021-09-03 12:05:09 INFO  分配文件日志:101 - H:\晋源实验中学\2021.5.26晋源实验中学视频\216110010386 传输完成
2021-09-03 12:05:10 INFO  分配文件日志:101 - H:\晋源实验中学\2021.5.26晋源实验中学视频\216110010387 传输完成
2021-09-03 12:05:12 INFO  分配文件日志:101 - H:\晋源实验中学\2021.5.26晋源实验中学视频\216110010388 传输完成
2021-09-03 12:05:13 INFO  分配文件日志:101 - H:\晋源实验中学\2021.5.26晋源实验中学视频\216110010394 传输完成
2021-09-03 12:05:15 INFO  分配文件日志:101 - H:\晋源实验中学\2021.5.26晋源实验中学视频\216110010395 传输完成
2021-09-03 12:05:16 INFO  分配文件日志:101 - H:\晋源实验中学\2021.5.26晋源实验中学视频\216110010398 传输完成
2021-09-03 12:05:17 INFO  分配文件日志:101 - H:\晋源实验中学\2021.5.26晋源实验中学视频\216110010399 传输完成
2021-09-03 12:05:18 INFO  分配文件日志:101 - H:\晋源实验中学\2021.5.26晋源实验中学视频\216110010400 传输完成
2021-09-03 12:05:19 INFO  分配文件日志:101 - H:\晋源实验中学\2021.5.26晋源实验中学视频\216110010401 传输完成
2021-09-03 12:05:20 INFO  分配文件日志:101 - H:\晋源实验中学\2021.5.26晋源实验中学视频\216110010403 传输完成
2021-09-03 12:05:21 INFO  分配文件日志:101 - H:\晋源实验中学\2021.5.26晋源实验中学视频\216110010404 传输完成
2021-09-03 12:05:23 INFO  分配文件日志:101 - H:\晋源实验中学\2021.5.26晋源实验中学视频\216110010405_9 传输完成
2021-09-03 12:05:24 INFO  分配文件日志:101 - H:\晋源实验中学\2021.5.26晋源实验中学视频\216110010406 传输完成
2021-09-03 12:05:25 INFO  分配文件日志:101 - H:\晋源实验中学\2021.5.26晋源实验中学视频\216110010409_9 传输完成
2021-09-03 12:05:26 INFO  分配文件日志:101 - H:\晋源实验中学\2021.5.26晋源实验中学视频\216110010411 传输完成
2021-09-03 12:05:27 INFO  分配文件日志:101 - H:\晋源实验中学\2021.5.26晋源实验中学视频\216110010413_5 传输完成
2021-09-03 12:05:29 INFO  分配文件日志:101 - H:\晋源实验中学\2021.5.26晋源实验中学视频\216110010414 传输完成
2021-09-03 12:05:30 INFO  分配文件日志:101 - H:\晋源实验中学\2021.5.26晋源实验中学视频\216110010416 传输完成
2021-09-03 12:05:31 INFO  分配文件日志:101 - H:\晋源实验中学\2021.5.26晋源实验中学视频\216110010417 传输完成
2021-09-03 12:05:32 INFO  分配文件日志:101 - H:\晋源实验中学\2021.5.26晋源实验中学视频\216110010419 传输完成
2021-09-03 12:05:33 INFO  分配文件日志:101 - H:\晋源实验中学\2021.5.26晋源实验中学视频\216110010423_6 传输完成
2021-09-03 12:05:35 INFO  分配文件日志:101 - H:\晋源实验中学\2021.5.26晋源实验中学视频\216110010424_9 传输完成
2021-09-03 12:05:36 INFO  分配文件日志:101 - H:\晋源实验中学\2021.5.26晋源实验中学视频\216110010425 传输完成
2021-09-03 12:05:37 INFO  分配文件日志:101 - H:\晋源实验中学\2021.5.26晋源实验中学视频\216110010428 传输完成
2021-09-03 12:05:38 INFO  分配文件日志:101 - H:\晋源实验中学\2021.5.26晋源实验中学视频\216110010429 传输完成
2021-09-03 12:05:40 INFO  分配文件日志:101 - H:\晋源实验中学\2021.5.26晋源实验中学视频\216110010431 传输完成
2021-09-03 12:05:41 INFO  分配文件日志:101 - H:\晋源实验中学\2021.5.26晋源实验中学视频\216110010432 传输完成
2021-09-03 12:05:42 INFO  分配文件日志:101 - H:\晋源实验中学\2021.5.26晋源实验中学视频\216110010438 传输完成
2021-09-03 12:05:43 INFO  分配文件日志:101 - H:\晋源实验中学\2021.5.26晋源实验中学视频\216110010439 传输完成
2021-09-03 12:05:44 INFO  分配文件日志:101 - H:\晋源实验中学\2021.5.26晋源实验中学视频\216110010441 传输完成
2021-09-03 12:05:46 INFO  分配文件日志:101 - H:\晋源实验中学\2021.5.26晋源实验中学视频\216110010442 传输完成
2021-09-03 12:05:47 INFO  分配文件日志:101 - H:\晋源实验中学\2021.5.26晋源实验中学视频\216110010446 传输完成
2021-09-03 12:05:48 INFO  分配文件日志:101 - H:\晋源实验中学\2021.5.26晋源实验中学视频\216110010450 传输完成
2021-09-03 12:05:49 INFO  分配文件日志:101 - H:\晋源实验中学\2021.5.26晋源实验中学视频\216110010451 传输完成
2021-09-03 12:05:49 INFO  分配文件日志:103 - 全部文件传输完成
2021-09-03 12:48:24 WARN  分配文件日志:88 - H:\晋源实验中学\2021.5.27晋源实验中学视频\216110040001 文件不存在!
2021-09-03 12:48:24 WARN  分配文件日志:88 - H:\晋源实验中学\2021.5.27晋源实验中学视频\216110040002 文件不存在!
2021-09-03 12:48:24 WARN  分配文件日志:88 - H:\晋源实验中学\2021.5.27晋源实验中学视频\216110040003 文件不存在!
2021-09-03 12:48:24 WARN  分配文件日志:88 - H:\晋源实验中学\2021.5.27晋源实验中学视频\216110040005 文件不存在!
2021-09-03 12:48:24 WARN  分配文件日志:88 - H:\晋源实验中学\2021.5.27晋源实验中学视频\216110040006 文件不存在!
2021-09-03 12:48:24 WARN  分配文件日志:88 - H:\晋源实验中学\2021.5.27晋源实验中学视频\216110040008 文件不存在!
2021-09-03 12:48:24 WARN  分配文件日志:88 - H:\晋源实验中学\2021.5.27晋源实验中学视频\216110040010 文件不存在!
2021-09-03 12:48:24 WARN  分配文件日志:88 - H:\晋源实验中学\2021.5.27晋源实验中学视频\216110040011 文件不存在!
2021-09-03 12:48:24 WARN  分配文件日志:88 - H:\晋源实验中学\2021.5.27晋源实验中学视频\216110040012_9 文件不存在!
2021-09-03 12:48:24 WARN  分配文件日志:88 - H:\晋源实验中学\2021.5.27晋源实验中学视频\216110040013 文件不存在!
2021-09-03 12:48:24 WARN  分配文件日志:88 - H:\晋源实验中学\2021.5.27晋源实验中学视频\216110040015 文件不存在!
2021-09-03 12:48:24 WARN  分配文件日志:88 - H:\晋源实验中学\2021.5.27晋源实验中学视频\216110040016 文件不存在!
2021-09-03 12:48:24 WARN  分配文件日志:88 - H:\晋源实验中学\2021.5.27晋源实验中学视频\216110040019 文件不存在!
2021-09-03 12:48:24 WARN  分配文件日志:88 - H:\晋源实验中学\2021.5.27晋源实验中学视频\216110040020 文件不存在!
2021-09-03 12:48:24 WARN  分配文件日志:88 - H:\晋源实验中学\2021.5.27晋源实验中学视频\216110040023 文件不存在!
2021-09-03 12:48:24 WARN  分配文件日志:88 - H:\晋源实验中学\2021.5.27晋源实验中学视频\216110040027 文件不存在!
2021-09-03 12:48:24 WARN  分配文件日志:88 - H:\晋源实验中学\2021.5.27晋源实验中学视频\216110040030_9 文件不存在!
2021-09-03 12:48:24 WARN  分配文件日志:88 - H:\晋源实验中学\2021.5.27晋源实验中学视频\216110040033 文件不存在!
2021-09-03 12:48:24 WARN  分配文件日志:88 - H:\晋源实验中学\2021.5.27晋源实验中学视频\216110040034 文件不存在!
2021-09-03 12:48:24 WARN  分配文件日志:88 - H:\晋源实验中学\2021.5.27晋源实验中学视频\216110040036 文件不存在!
2021-09-03 12:48:24 WARN  分配文件日志:88 - H:\晋源实验中学\2021.5.27晋源实验中学视频\216110040038 文件不存在!
2021-09-03 12:48:24 WARN  分配文件日志:88 - H:\晋源实验中学\2021.5.27晋源实验中学视频\216110040039 文件不存在!
2021-09-03 12:48:24 WARN  分配文件日志:88 - H:\晋源实验中学\2021.5.27晋源实验中学视频\216110040043 文件不存在!
2021-09-03 12:48:24 WARN  分配文件日志:88 - H:\晋源实验中学\2021.5.27晋源实验中学视频\216110040047 文件不存在!
2021-09-03 12:48:24 WARN  分配文件日志:88 - H:\晋源实验中学\2021.5.27晋源实验中学视频\216110040051 文件不存在!
2021-09-03 12:48:24 WARN  分配文件日志:88 - H:\晋源实验中学\2021.5.27晋源实验中学视频\216110040053 文件不存在!
2021-09-03 12:48:24 WARN  分配文件日志:88 - H:\晋源实验中学\2021.5.27晋源实验中学视频\216110040054_9 文件不存在!
2021-09-03 12:48:24 WARN  分配文件日志:88 - H:\晋源实验中学\2021.5.27晋源实验中学视频\216110040057 文件不存在!
2021-09-03 12:48:24 WARN  分配文件日志:88 - H:\晋源实验中学\2021.5.27晋源实验中学视频\216110040059 文件不存在!
2021-09-03 12:48:24 WARN  分配文件日志:88 - H:\晋源实验中学\2021.5.27晋源实验中学视频\216110040060 文件不存在!
2021-09-03 12:48:24 WARN  分配文件日志:88 - H:\晋源实验中学\2021.5.27晋源实验中学视频\216110040062 文件不存在!
2021-09-03 12:48:24 WARN  分配文件日志:88 - H:\晋源实验中学\2021.5.27晋源实验中学视频\216110040064 文件不存在!
2021-09-03 12:48:24 WARN  分配文件日志:88 - H:\晋源实验中学\2021.5.27晋源实验中学视频\216110040066_7 文件不存在!
2021-09-03 12:48:24 WARN  分配文件日志:88 - H:\晋源实验中学\2021.5.27晋源实验中学视频\216110040067 文件不存在!
2021-09-03 12:48:24 WARN  分配文件日志:88 - H:\晋源实验中学\2021.5.27晋源实验中学视频\216110040068 文件不存在!
2021-09-03 12:48:24 WARN  分配文件日志:88 - H:\晋源实验中学\2021.5.27晋源实验中学视频\216110040071 文件不存在!
2021-09-03 12:48:24 WARN  分配文件日志:88 - H:\晋源实验中学\2021.5.27晋源实验中学视频\216110040073 文件不存在!
2021-09-03 12:48:24 WARN  分配文件日志:88 - H:\晋源实验中学\2021.5.27晋源实验中学视频\216110040076 文件不存在!
2021-09-03 12:48:24 WARN  分配文件日志:88 - H:\晋源实验中学\2021.5.27晋源实验中学视频\216110040078 文件不存在!
2021-09-03 12:48:24 WARN  分配文件日志:88 - H:\晋源实验中学\2021.5.27晋源实验中学视频\216110040084 文件不存在!
2021-09-03 12:48:24 WARN  分配文件日志:88 - H:\晋源实验中学\2021.5.27晋源实验中学视频\216110040085_9 文件不存在!
2021-09-03 12:48:24 WARN  分配文件日志:88 - H:\晋源实验中学\2021.5.27晋源实验中学视频\216110040087 文件不存在!
2021-09-03 12:48:24 WARN  分配文件日志:88 - H:\晋源实验中学\2021.5.27晋源实验中学视频\216110040088 文件不存在!
2021-09-03 12:48:24 WARN  分配文件日志:88 - H:\晋源实验中学\2021.5.27晋源实验中学视频\216110040089 文件不存在!
2021-09-03 12:48:24 WARN  分配文件日志:88 - H:\晋源实验中学\2021.5.27晋源实验中学视频\216110040091_8 文件不存在!
2021-09-03 12:48:24 WARN  分配文件日志:88 - H:\晋源实验中学\2021.5.27晋源实验中学视频\216110040092 文件不存在!
2021-09-03 12:48:24 WARN  分配文件日志:88 - H:\晋源实验中学\2021.5.27晋源实验中学视频\216110040095 文件不存在!
2021-09-03 12:48:24 WARN  分配文件日志:88 - H:\晋源实验中学\2021.5.27晋源实验中学视频\216110040096 文件不存在!
2021-09-03 12:48:24 WARN  分配文件日志:88 - H:\晋源实验中学\2021.5.27晋源实验中学视频\216110040097 文件不存在!
2021-09-03 12:48:24 WARN  分配文件日志:88 - H:\晋源实验中学\2021.5.27晋源实验中学视频\216110040098 文件不存在!
2021-09-03 12:48:24 WARN  分配文件日志:88 - H:\晋源实验中学\2021.5.27晋源实验中学视频\216110040099 文件不存在!
2021-09-03 12:48:24 WARN  分配文件日志:88 - H:\晋源实验中学\2021.5.27晋源实验中学视频\216110040100 文件不存在!
2021-09-03 12:48:24 WARN  分配文件日志:88 - H:\晋源实验中学\2021.5.27晋源实验中学视频\216110040101 文件不存在!
2021-09-03 12:48:24 WARN  分配文件日志:88 - H:\晋源实验中学\2021.5.27晋源实验中学视频\216110040104_5 文件不存在!
2021-09-03 12:48:24 WARN  分配文件日志:88 - H:\晋源实验中学\2021.5.27晋源实验中学视频\216110040107 文件不存在!
2021-09-03 12:48:24 WARN  分配文件日志:88 - H:\晋源实验中学\2021.5.27晋源实验中学视频\216110040108 文件不存在!
2021-09-03 12:48:24 WARN  分配文件日志:88 - H:\晋源实验中学\2021.5.27晋源实验中学视频\216110040109 文件不存在!
2021-09-03 12:48:24 WARN  分配文件日志:88 - H:\晋源实验中学\2021.5.27晋源实验中学视频\216110040111_9 文件不存在!
2021-09-03 12:48:24 WARN  分配文件日志:88 - H:\晋源实验中学\2021.5.27晋源实验中学视频\216110040115 文件不存在!
2021-09-03 12:48:24 WARN  分配文件日志:88 - H:\晋源实验中学\2021.5.27晋源实验中学视频\216110040116 文件不存在!
2021-09-03 12:48:24 WARN  分配文件日志:88 - H:\晋源实验中学\2021.5.27晋源实验中学视频\216110040117 文件不存在!
2021-09-03 12:48:24 WARN  分配文件日志:88 - H:\晋源实验中学\2021.5.27晋源实验中学视频\216110040119_3 文件不存在!
2021-09-03 12:48:24 WARN  分配文件日志:88 - H:\晋源实验中学\2021.5.27晋源实验中学视频\216110040124 文件不存在!
2021-09-03 12:48:24 WARN  分配文件日志:88 - H:\晋源实验中学\2021.5.27晋源实验中学视频\216110040125 文件不存在!
2021-09-03 12:48:24 WARN  分配文件日志:88 - H:\晋源实验中学\2021.5.27晋源实验中学视频\216110040126 文件不存在!
2021-09-03 12:48:24 WARN  分配文件日志:88 - H:\晋源实验中学\2021.5.27晋源实验中学视频\216110040128 文件不存在!
2021-09-03 12:48:24 WARN  分配文件日志:88 - H:\晋源实验中学\2021.5.27晋源实验中学视频\216110958006 文件不存在!
2021-09-03 12:48:24 WARN  分配文件日志:88 - H:\晋源实验中学\2021.5.27晋源实验中学视频\216110958007_5 文件不存在!
2021-09-03 12:48:24 WARN  分配文件日志:88 - H:\晋源实验中学\2021.5.27晋源实验中学视频\216110958008 文件不存在!
2021-09-03 12:48:24 WARN  分配文件日志:88 - H:\晋源实验中学\2021.5.27晋源实验中学视频\216110958010 文件不存在!
2021-09-03 12:48:24 WARN  分配文件日志:88 - H:\晋源实验中学\2021.5.27晋源实验中学视频\216110958011 文件不存在!
2021-09-03 12:48:24 WARN  分配文件日志:88 - H:\晋源实验中学\2021.5.27晋源实验中学视频\216110958012 文件不存在!
2021-09-03 12:48:24 WARN  分配文件日志:88 - H:\晋源实验中学\2021.5.27晋源实验中学视频\216110958014 文件不存在!
2021-09-03 12:48:24 WARN  分配文件日志:88 - H:\晋源实验中学\2021.5.27晋源实验中学视频\216110958015 文件不存在!
2021-09-03 12:48:24 WARN  分配文件日志:88 - H:\晋源实验中学\2021.5.27晋源实验中学视频\216110958016 文件不存在!
2021-09-03 12:48:24 WARN  分配文件日志:88 - H:\晋源实验中学\2021.5.27晋源实验中学视频\216110958018 文件不存在!
2021-09-03 12:48:24 WARN  分配文件日志:88 - H:\晋源实验中学\2021.5.27晋源实验中学视频\216110958019 文件不存在!
2021-09-03 12:48:24 WARN  分配文件日志:88 - H:\晋源实验中学\2021.5.27晋源实验中学视频\216110958024 文件不存在!
2021-09-03 12:48:24 WARN  分配文件日志:88 - H:\晋源实验中学\2021.5.27晋源实验中学视频\216110958025 文件不存在!
2021-09-03 12:48:24 WARN  分配文件日志:88 - H:\晋源实验中学\2021.5.27晋源实验中学视频\216110958027 文件不存在!
2021-09-03 12:48:24 WARN  分配文件日志:88 - H:\晋源实验中学\2021.5.27晋源实验中学视频\216110958031 文件不存在!
2021-09-03 12:48:24 WARN  分配文件日志:88 - H:\晋源实验中学\2021.5.27晋源实验中学视频\216110958032 文件不存在!
2021-09-03 12:48:24 WARN  分配文件日志:88 - H:\晋源实验中学\2021.5.27晋源实验中学视频\216110958033 文件不存在!
2021-09-03 12:48:24 WARN  分配文件日志:88 - H:\晋源实验中学\2021.5.27晋源实验中学视频\216110958034_9 文件不存在!
2021-09-03 12:48:24 WARN  分配文件日志:88 - H:\晋源实验中学\2021.5.27晋源实验中学视频\216110958035 文件不存在!
2021-09-03 12:48:24 WARN  分配文件日志:88 - H:\晋源实验中学\2021.5.27晋源实验中学视频\216110958036 文件不存在!
2021-09-03 12:48:24 WARN  分配文件日志:88 - H:\晋源实验中学\2021.5.27晋源实验中学视频\216110958037 文件不存在!
2021-09-03 12:48:24 WARN  分配文件日志:88 - H:\晋源实验中学\2021.5.27晋源实验中学视频\216110958038 文件不存在!
2021-09-03 12:48:24 WARN  分配文件日志:88 - H:\晋源实验中学\2021.5.27晋源实验中学视频\216110958041 文件不存在!
2021-09-03 12:48:24 WARN  分配文件日志:88 - H:\晋源实验中学\2021.5.27晋源实验中学视频\216110958043 文件不存在!
2021-09-03 12:48:24 WARN  分配文件日志:88 - H:\晋源实验中学\2021.5.27晋源实验中学视频\216110958044 文件不存在!
2021-09-03 12:48:24 WARN  分配文件日志:88 - H:\晋源实验中学\2021.5.27晋源实验中学视频\216110958046 文件不存在!
2021-09-03 12:48:24 WARN  分配文件日志:88 - H:\晋源实验中学\2021.5.27晋源实验中学视频\216110958048 文件不存在!
2021-09-03 12:48:24 WARN  分配文件日志:88 - H:\晋源实验中学\2021.5.27晋源实验中学视频\216110958053 文件不存在!
2021-09-03 12:48:24 WARN  分配文件日志:88 - H:\晋源实验中学\2021.5.27晋源实验中学视频\216110958055 文件不存在!
2021-09-03 12:48:24 WARN  分配文件日志:88 - H:\晋源实验中学\2021.5.27晋源实验中学视频\216110958061_9 文件不存在!
2021-09-03 12:48:24 WARN  分配文件日志:88 - H:\晋源实验中学\2021.5.27晋源实验中学视频\216110958062 文件不存在!
2021-09-03 12:48:24 WARN  分配文件日志:88 - H:\晋源实验中学\2021.5.27晋源实验中学视频\216110958063 文件不存在!
2021-09-03 12:48:24 WARN  分配文件日志:88 - H:\晋源实验中学\2021.5.27晋源实验中学视频\216110958068 文件不存在!
2021-09-03 12:48:24 WARN  分配文件日志:88 - H:\晋源实验中学\2021.5.27晋源实验中学视频\216110958071 文件不存在!
2021-09-03 12:48:24 WARN  分配文件日志:88 - H:\晋源实验中学\2021.5.27晋源实验中学视频\216110958072 文件不存在!
2021-09-03 12:48:24 WARN  分配文件日志:88 - H:\晋源实验中学\2021.5.27晋源实验中学视频\216110958074 文件不存在!
2021-09-03 12:48:24 WARN  分配文件日志:88 - H:\晋源实验中学\2021.5.27晋源实验中学视频\216110958075 文件不存在!
2021-09-03 12:48:24 WARN  分配文件日志:88 - H:\晋源实验中学\2021.5.27晋源实验中学视频\216110958078 文件不存在!
2021-09-03 12:48:24 WARN  分配文件日志:88 - H:\晋源实验中学\2021.5.27晋源实验中学视频\216110958079 文件不存在!
2021-09-03 12:48:24 WARN  分配文件日志:88 - H:\晋源实验中学\2021.5.27晋源实验中学视频\216110958080 文件不存在!
2021-09-03 12:48:24 WARN  分配文件日志:88 - H:\晋源实验中学\2021.5.27晋源实验中学视频\216110958084 文件不存在!
2021-09-03 12:48:24 WARN  分配文件日志:88 - H:\晋源实验中学\2021.5.27晋源实验中学视频\216110958085 文件不存在!
2021-09-03 12:48:24 WARN  分配文件日志:88 - H:\晋源实验中学\2021.5.27晋源实验中学视频\216110958088 文件不存在!
2021-09-03 12:48:24 WARN  分配文件日志:88 - H:\晋源实验中学\2021.5.27晋源实验中学视频\216110958089 文件不存在!
2021-09-03 12:48:24 WARN  分配文件日志:88 - H:\晋源实验中学\2021.5.27晋源实验中学视频\216110958090 文件不存在!
2021-09-03 12:48:24 WARN  分配文件日志:88 - H:\晋源实验中学\2021.5.27晋源实验中学视频\216110958091 文件不存在!
2021-09-03 12:48:24 WARN  分配文件日志:88 - H:\晋源实验中学\2021.5.27晋源实验中学视频\216110958094 文件不存在!
2021-09-03 12:48:24 WARN  分配文件日志:88 - H:\晋源实验中学\2021.5.27晋源实验中学视频\216110958096_9 文件不存在!
2021-09-03 12:48:24 WARN  分配文件日志:88 - H:\晋源实验中学\2021.5.27晋源实验中学视频\216110958100 文件不存在!
2021-09-03 12:48:24 WARN  分配文件日志:88 - H:\晋源实验中学\2021.5.27晋源实验中学视频\216110958101 文件不存在!
2021-09-03 12:48:24 WARN  分配文件日志:88 - H:\晋源实验中学\2021.5.27晋源实验中学视频\216110958102 文件不存在!
2021-09-03 12:48:24 WARN  分配文件日志:88 - H:\晋源实验中学\2021.5.27晋源实验中学视频\216110958105 文件不存在!
2021-09-03 12:48:24 WARN  分配文件日志:88 - H:\晋源实验中学\2021.5.27晋源实验中学视频\216110958106 文件不存在!
2021-09-03 12:48:24 WARN  分配文件日志:88 - H:\晋源实验中学\2021.5.27晋源实验中学视频\216110958107_8 文件不存在!
2021-09-03 12:48:24 WARN  分配文件日志:88 - H:\晋源实验中学\2021.5.27晋源实验中学视频\216110958112 文件不存在!
2021-09-03 12:48:24 WARN  分配文件日志:88 - H:\晋源实验中学\2021.5.27晋源实验中学视频\216110958113 文件不存在!
2021-09-03 12:48:24 WARN  分配文件日志:88 - H:\晋源实验中学\2021.5.27晋源实验中学视频\216110958115 文件不存在!
2021-09-03 12:48:24 WARN  分配文件日志:88 - H:\晋源实验中学\2021.5.27晋源实验中学视频\216110958121 文件不存在!
2021-09-03 12:48:24 WARN  分配文件日志:88 - H:\晋源实验中学\2021.5.27晋源实验中学视频\216110958122 文件不存在!
2021-09-03 12:48:24 WARN  分配文件日志:88 - H:\晋源实验中学\2021.5.27晋源实验中学视频\216110958125 文件不存在!
2021-09-03 12:48:24 WARN  分配文件日志:88 - H:\晋源实验中学\2021.5.27晋源实验中学视频\216110958128 文件不存在!
2021-09-03 12:48:24 WARN  分配文件日志:88 - H:\晋源实验中学\2021.5.27晋源实验中学视频\216110958129 文件不存在!
2021-09-03 12:48:24 WARN  分配文件日志:88 - H:\晋源实验中学\2021.5.27晋源实验中学视频\216110958131_8 文件不存在!
2021-09-03 12:48:24 WARN  分配文件日志:88 - H:\晋源实验中学\2021.5.27晋源实验中学视频\216110970001_8 文件不存在!
2021-09-03 12:48:24 WARN  分配文件日志:88 - H:\晋源实验中学\2021.5.27晋源实验中学视频\216110970003 文件不存在!
2021-09-03 12:48:24 WARN  分配文件日志:88 - H:\晋源实验中学\2021.5.27晋源实验中学视频\216110970004 文件不存在!
2021-09-03 12:48:24 WARN  分配文件日志:88 - H:\晋源实验中学\2021.5.27晋源实验中学视频\216110970006 文件不存在!
2021-09-03 12:48:24 WARN  分配文件日志:88 - H:\晋源实验中学\2021.5.27晋源实验中学视频\216110010001 文件不存在!
2021-09-03 12:48:24 WARN  分配文件日志:88 - H:\晋源实验中学\2021.5.27晋源实验中学视频\216110010006 文件不存在!
2021-09-03 12:48:24 WARN  分配文件日志:88 - H:\晋源实验中学\2021.5.27晋源实验中学视频\216110010008_6 文件不存在!
2021-09-03 12:48:24 WARN  分配文件日志:88 - H:\晋源实验中学\2021.5.27晋源实验中学视频\216110010009 文件不存在!
2021-09-03 12:48:24 WARN  分配文件日志:88 - H:\晋源实验中学\2021.5.27晋源实验中学视频\216110010010 文件不存在!
2021-09-03 12:48:24 WARN  分配文件日志:88 - H:\晋源实验中学\2021.5.27晋源实验中学视频\216110010014_8 文件不存在!
2021-09-03 12:48:24 WARN  分配文件日志:88 - H:\晋源实验中学\2021.5.27晋源实验中学视频\216110010015 文件不存在!
2021-09-03 12:48:24 WARN  分配文件日志:88 - H:\晋源实验中学\2021.5.27晋源实验中学视频\216110010016 文件不存在!
2021-09-03 12:48:24 WARN  分配文件日志:88 - H:\晋源实验中学\2021.5.27晋源实验中学视频\216110010017 文件不存在!
2021-09-03 12:48:24 WARN  分配文件日志:88 - H:\晋源实验中学\2021.5.27晋源实验中学视频\216110010018_3 文件不存在!
2021-09-03 12:48:24 WARN  分配文件日志:88 - H:\晋源实验中学\2021.5.27晋源实验中学视频\216110010020_9 文件不存在!
2021-09-03 12:48:24 WARN  分配文件日志:88 - H:\晋源实验中学\2021.5.27晋源实验中学视频\216110010021 文件不存在!
2021-09-03 12:48:24 WARN  分配文件日志:88 - H:\晋源实验中学\2021.5.27晋源实验中学视频\216110010022 文件不存在!
2021-09-03 12:48:24 WARN  分配文件日志:88 - H:\晋源实验中学\2021.5.27晋源实验中学视频\216110010027 文件不存在!
2021-09-03 12:48:24 WARN  分配文件日志:88 - H:\晋源实验中学\2021.5.27晋源实验中学视频\216110010029 文件不存在!
2021-09-03 12:48:24 WARN  分配文件日志:88 - H:\晋源实验中学\2021.5.27晋源实验中学视频\216110010032 文件不存在!
2021-09-03 12:48:24 WARN  分配文件日志:88 - H:\晋源实验中学\2021.5.27晋源实验中学视频\216110010034 文件不存在!
2021-09-03 12:48:24 WARN  分配文件日志:88 - H:\晋源实验中学\2021.5.27晋源实验中学视频\216110010035 文件不存在!
2021-09-03 12:48:24 WARN  分配文件日志:88 - H:\晋源实验中学\2021.5.27晋源实验中学视频\216110010039 文件不存在!
2021-09-03 12:48:24 WARN  分配文件日志:88 - H:\晋源实验中学\2021.5.27晋源实验中学视频\216110010040_8 文件不存在!
2021-09-03 12:48:24 WARN  分配文件日志:88 - H:\晋源实验中学\2021.5.27晋源实验中学视频\216110010041 文件不存在!
2021-09-03 12:48:24 WARN  分配文件日志:88 - H:\晋源实验中学\2021.5.27晋源实验中学视频\216110010043 文件不存在!
2021-09-03 12:48:24 WARN  分配文件日志:88 - H:\晋源实验中学\2021.5.27晋源实验中学视频\216110010045 文件不存在!
2021-09-03 12:48:24 WARN  分配文件日志:88 - H:\晋源实验中学\2021.5.27晋源实验中学视频\216110010046 文件不存在!
2021-09-03 12:48:24 WARN  分配文件日志:88 - H:\晋源实验中学\2021.5.27晋源实验中学视频\216110010049_5 文件不存在!
2021-09-03 12:48:24 WARN  分配文件日志:88 - H:\晋源实验中学\2021.5.27晋源实验中学视频\216110010050 文件不存在!
2021-09-03 12:48:24 WARN  分配文件日志:88 - H:\晋源实验中学\2021.5.27晋源实验中学视频\216110010052_7 文件不存在!
2021-09-03 12:48:24 WARN  分配文件日志:88 - H:\晋源实验中学\2021.5.27晋源实验中学视频\216110010053_4 文件不存在!
2021-09-03 12:48:24 WARN  分配文件日志:88 - H:\晋源实验中学\2021.5.27晋源实验中学视频\216110010056 文件不存在!
2021-09-03 12:48:24 WARN  分配文件日志:88 - H:\晋源实验中学\2021.5.27晋源实验中学视频\216110010057 文件不存在!
2021-09-03 12:48:24 WARN  分配文件日志:88 - H:\晋源实验中学\2021.5.27晋源实验中学视频\216110010058_9 文件不存在!
2021-09-03 12:48:24 WARN  分配文件日志:88 - H:\晋源实验中学\2021.5.27晋源实验中学视频\216110010059_9 文件不存在!
2021-09-03 12:48:24 WARN  分配文件日志:88 - H:\晋源实验中学\2021.5.27晋源实验中学视频\216110010064 文件不存在!
2021-09-03 12:48:24 WARN  分配文件日志:88 - H:\晋源实验中学\2021.5.27晋源实验中学视频\216110010066 文件不存在!
2021-09-03 12:48:24 WARN  分配文件日志:88 - H:\晋源实验中学\2021.5.27晋源实验中学视频\216110010068 文件不存在!
2021-09-03 12:48:24 WARN  分配文件日志:88 - H:\晋源实验中学\2021.5.27晋源实验中学视频\216110010069 文件不存在!
2021-09-03 12:48:24 WARN  分配文件日志:88 - H:\晋源实验中学\2021.5.27晋源实验中学视频\216110010070_3 文件不存在!
2021-09-03 12:48:24 WARN  分配文件日志:88 - H:\晋源实验中学\2021.5.27晋源实验中学视频\216110010072 文件不存在!
2021-09-03 12:48:24 WARN  分配文件日志:88 - H:\晋源实验中学\2021.5.27晋源实验中学视频\216110010076 文件不存在!
2021-09-03 12:48:24 WARN  分配文件日志:88 - H:\晋源实验中学\2021.5.27晋源实验中学视频\216110010077 文件不存在!
2021-09-03 12:48:24 WARN  分配文件日志:88 - H:\晋源实验中学\2021.5.27晋源实验中学视频\216110010078 文件不存在!
2021-09-03 12:48:24 WARN  分配文件日志:88 - H:\晋源实验中学\2021.5.27晋源实验中学视频\216110010081 文件不存在!
2021-09-03 12:48:24 WARN  分配文件日志:88 - H:\晋源实验中学\2021.5.27晋源实验中学视频\216110010082 文件不存在!
2021-09-03 12:48:24 WARN  分配文件日志:88 - H:\晋源实验中学\2021.5.27晋源实验中学视频\216110010083 文件不存在!
2021-09-03 12:48:24 WARN  分配文件日志:88 - H:\晋源实验中学\2021.5.27晋源实验中学视频\216110010087 文件不存在!
2021-09-03 12:48:24 WARN  分配文件日志:88 - H:\晋源实验中学\2021.5.27晋源实验中学视频\216110010088 文件不存在!
2021-09-03 12:48:24 WARN  分配文件日志:88 - H:\晋源实验中学\2021.5.27晋源实验中学视频\216110010090_9 文件不存在!
2021-09-03 12:48:24 WARN  分配文件日志:88 - H:\晋源实验中学\2021.5.27晋源实验中学视频\216110010093 文件不存在!
2021-09-03 12:48:24 WARN  分配文件日志:88 - H:\晋源实验中学\2021.5.27晋源实验中学视频\216110010094 文件不存在!
2021-09-03 12:48:24 WARN  分配文件日志:88 - H:\晋源实验中学\2021.5.27晋源实验中学视频\216110010098 文件不存在!
2021-09-03 12:48:24 WARN  分配文件日志:88 - H:\晋源实验中学\2021.5.27晋源实验中学视频\216110010100 文件不存在!
2021-09-03 12:48:24 WARN  分配文件日志:88 - H:\晋源实验中学\2021.5.27晋源实验中学视频\216110010105_9 文件不存在!
2021-09-03 12:48:24 WARN  分配文件日志:88 - H:\晋源实验中学\2021.5.27晋源实验中学视频\216110010106 文件不存在!
2021-09-03 12:48:24 WARN  分配文件日志:88 - H:\晋源实验中学\2021.5.27晋源实验中学视频\216110010108 文件不存在!
2021-09-03 12:48:24 WARN  分配文件日志:88 - H:\晋源实验中学\2021.5.27晋源实验中学视频\216110010109 文件不存在!
2021-09-03 12:48:24 WARN  分配文件日志:88 - H:\晋源实验中学\2021.5.27晋源实验中学视频\216110010110_8 文件不存在!
2021-09-03 12:48:24 WARN  分配文件日志:88 - H:\晋源实验中学\2021.5.27晋源实验中学视频\216110010111 文件不存在!
2021-09-03 12:48:24 WARN  分配文件日志:88 - H:\晋源实验中学\2021.5.27晋源实验中学视频\216110010114 文件不存在!
2021-09-03 12:48:24 WARN  分配文件日志:88 - H:\晋源实验中学\2021.5.27晋源实验中学视频\216110010115 文件不存在!
2021-09-03 12:48:24 WARN  分配文件日志:88 - H:\晋源实验中学\2021.5.27晋源实验中学视频\216110010121_6 文件不存在!
2021-09-03 12:48:24 WARN  分配文件日志:88 - H:\晋源实验中学\2021.5.27晋源实验中学视频\216110010126_9 文件不存在!
2021-09-03 12:48:24 WARN  分配文件日志:88 - H:\晋源实验中学\2021.5.27晋源实验中学视频\216110010127_9 文件不存在!
2021-09-03 12:48:24 WARN  分配文件日志:88 - H:\晋源实验中学\2021.5.27晋源实验中学视频\216110010133 文件不存在!
2021-09-03 12:48:24 WARN  分配文件日志:88 - H:\晋源实验中学\2021.5.27晋源实验中学视频\216110010134 文件不存在!
2021-09-03 12:48:24 WARN  分配文件日志:88 - H:\晋源实验中学\2021.5.27晋源实验中学视频\216110010135 文件不存在!
2021-09-03 12:48:24 WARN  分配文件日志:88 - H:\晋源实验中学\2021.5.27晋源实验中学视频\216110010137 文件不存在!
2021-09-03 12:48:24 WARN  分配文件日志:88 - H:\晋源实验中学\2021.5.27晋源实验中学视频\216110010140 文件不存在!
2021-09-03 12:48:24 WARN  分配文件日志:88 - H:\晋源实验中学\2021.5.27晋源实验中学视频\216110010141_8 文件不存在!
2021-09-03 12:48:24 WARN  分配文件日志:88 - H:\晋源实验中学\2021.5.27晋源实验中学视频\216110010142 文件不存在!
2021-09-03 12:48:24 WARN  分配文件日志:88 - H:\晋源实验中学\2021.5.27晋源实验中学视频\216110010145 文件不存在!
2021-09-03 12:48:24 WARN  分配文件日志:88 - H:\晋源实验中学\2021.5.27晋源实验中学视频\216110010146 文件不存在!
2021-09-03 12:48:24 WARN  分配文件日志:88 - H:\晋源实验中学\2021.5.27晋源实验中学视频\216110010150 文件不存在!
2021-09-03 12:48:24 WARN  分配文件日志:88 - H:\晋源实验中学\2021.5.27晋源实验中学视频\216110010151 文件不存在!
2021-09-03 12:48:24 WARN  分配文件日志:88 - H:\晋源实验中学\2021.5.27晋源实验中学视频\216110010153_8 文件不存在!
2021-09-03 12:48:24 WARN  分配文件日志:88 - H:\晋源实验中学\2021.5.27晋源实验中学视频\216110010154_8 文件不存在!
2021-09-03 12:48:24 WARN  分配文件日志:88 - H:\晋源实验中学\2021.5.27晋源实验中学视频\216110010155_9 文件不存在!
2021-09-03 12:48:24 WARN  分配文件日志:88 - H:\晋源实验中学\2021.5.27晋源实验中学视频\216110010156_9 文件不存在!
2021-09-03 12:48:24 WARN  分配文件日志:88 - H:\晋源实验中学\2021.5.27晋源实验中学视频\216110010157 文件不存在!
2021-09-03 12:48:24 WARN  分配文件日志:88 - H:\晋源实验中学\2021.5.27晋源实验中学视频\216110010158 文件不存在!
2021-09-03 12:48:24 WARN  分配文件日志:88 - H:\晋源实验中学\2021.5.27晋源实验中学视频\216110010160 文件不存在!
2021-09-03 12:48:24 WARN  分配文件日志:88 - H:\晋源实验中学\2021.5.27晋源实验中学视频\216110010161 文件不存在!
2021-09-03 12:48:24 WARN  分配文件日志:88 - H:\晋源实验中学\2021.5.27晋源实验中学视频\216110010162_8 文件不存在!
2021-09-03 12:48:24 WARN  分配文件日志:88 - H:\晋源实验中学\2021.5.27晋源实验中学视频\216110010164 文件不存在!
2021-09-03 12:48:24 WARN  分配文件日志:88 - H:\晋源实验中学\2021.5.27晋源实验中学视频\216110010165 文件不存在!
2021-09-03 12:48:24 WARN  分配文件日志:88 - H:\晋源实验中学\2021.5.27晋源实验中学视频\216110010166 文件不存在!
2021-09-03 12:48:24 WARN  分配文件日志:88 - H:\晋源实验中学\2021.5.27晋源实验中学视频\216110010167 文件不存在!
2021-09-03 12:48:24 WARN  分配文件日志:88 - H:\晋源实验中学\2021.5.27晋源实验中学视频\216110010170 文件不存在!
2021-09-03 12:48:24 WARN  分配文件日志:88 - H:\晋源实验中学\2021.5.27晋源实验中学视频\216110010172_9 文件不存在!
2021-09-03 12:48:24 WARN  分配文件日志:88 - H:\晋源实验中学\2021.5.27晋源实验中学视频\216110010177_9 文件不存在!
2021-09-03 12:48:24 WARN  分配文件日志:88 - H:\晋源实验中学\2021.5.27晋源实验中学视频\216110010182 文件不存在!
2021-09-03 12:48:24 WARN  分配文件日志:88 - H:\晋源实验中学\2021.5.27晋源实验中学视频\216110010184 文件不存在!
2021-09-03 12:48:24 WARN  分配文件日志:88 - H:\晋源实验中学\2021.5.27晋源实验中学视频\216110010185 文件不存在!
2021-09-03 12:48:24 WARN  分配文件日志:88 - H:\晋源实验中学\2021.5.27晋源实验中学视频\216110010186 文件不存在!
2021-09-03 12:48:24 WARN  分配文件日志:88 - H:\晋源实验中学\2021.5.27晋源实验中学视频\216110010187 文件不存在!
2021-09-03 12:48:24 WARN  分配文件日志:88 - H:\晋源实验中学\2021.5.27晋源实验中学视频\216110010189 文件不存在!
2021-09-03 12:48:24 WARN  分配文件日志:88 - H:\晋源实验中学\2021.5.27晋源实验中学视频\216110010191 文件不存在!
2021-09-03 12:48:24 WARN  分配文件日志:88 - H:\晋源实验中学\2021.5.27晋源实验中学视频\216110010193 文件不存在!
2021-09-03 12:48:24 WARN  分配文件日志:88 - H:\晋源实验中学\2021.5.27晋源实验中学视频\216110010194 文件不存在!
2021-09-03 12:48:24 WARN  分配文件日志:88 - H:\晋源实验中学\2021.5.27晋源实验中学视频\216110010195 文件不存在!
2021-09-03 12:48:24 WARN  分配文件日志:88 - H:\晋源实验中学\2021.5.27晋源实验中学视频\216110010196_8 文件不存在!
2021-09-03 12:48:24 WARN  分配文件日志:88 - H:\晋源实验中学\2021.5.27晋源实验中学视频\216110010197 文件不存在!
2021-09-03 12:48:24 WARN  分配文件日志:88 - H:\晋源实验中学\2021.5.27晋源实验中学视频\216110010198_9 文件不存在!
2021-09-03 12:48:24 WARN  分配文件日志:88 - H:\晋源实验中学\2021.5.27晋源实验中学视频\216110010202 文件不存在!
2021-09-03 12:48:24 WARN  分配文件日志:88 - H:\晋源实验中学\2021.5.27晋源实验中学视频\216110010204_4 文件不存在!
2021-09-03 12:48:24 WARN  分配文件日志:88 - H:\晋源实验中学\2021.5.27晋源实验中学视频\216110010209_9 文件不存在!
2021-09-03 12:48:24 WARN  分配文件日志:88 - H:\晋源实验中学\2021.5.27晋源实验中学视频\216110010210 文件不存在!
2021-09-03 12:48:24 WARN  分配文件日志:88 - H:\晋源实验中学\2021.5.27晋源实验中学视频\216110010211_8 文件不存在!
2021-09-03 12:48:24 WARN  分配文件日志:88 - H:\晋源实验中学\2021.5.27晋源实验中学视频\216110010213 文件不存在!
2021-09-03 12:48:24 WARN  分配文件日志:88 - H:\晋源实验中学\2021.5.27晋源实验中学视频\216110010214 文件不存在!
2021-09-03 12:48:24 WARN  分配文件日志:88 - H:\晋源实验中学\2021.5.27晋源实验中学视频\216110010215 文件不存在!
2021-09-03 12:48:24 WARN  分配文件日志:88 - H:\晋源实验中学\2021.5.27晋源实验中学视频\216110010216 文件不存在!
2021-09-03 12:48:24 WARN  分配文件日志:88 - H:\晋源实验中学\2021.5.27晋源实验中学视频\216110010217 文件不存在!
2021-09-03 12:48:24 WARN  分配文件日志:88 - H:\晋源实验中学\2021.5.27晋源实验中学视频\216110010218 文件不存在!
2021-09-03 12:48:24 WARN  分配文件日志:88 - H:\晋源实验中学\2021.5.27晋源实验中学视频\216110010219 文件不存在!
2021-09-03 12:48:24 WARN  分配文件日志:88 - H:\晋源实验中学\2021.5.27晋源实验中学视频\216110010221 文件不存在!
2021-09-03 12:48:24 WARN  分配文件日志:88 - H:\晋源实验中学\2021.5.27晋源实验中学视频\216110010223 文件不存在!
2021-09-03 12:48:24 WARN  分配文件日志:88 - H:\晋源实验中学\2021.5.27晋源实验中学视频\216110010226_9 文件不存在!
2021-09-03 12:48:24 WARN  分配文件日志:88 - H:\晋源实验中学\2021.5.27晋源实验中学视频\216110010227 文件不存在!
2021-09-03 12:48:24 WARN  分配文件日志:88 - H:\晋源实验中学\2021.5.27晋源实验中学视频\216110010228 文件不存在!
2021-09-03 12:48:24 WARN  分配文件日志:88 - H:\晋源实验中学\2021.5.27晋源实验中学视频\216110010229 文件不存在!
2021-09-03 12:48:24 WARN  分配文件日志:88 - H:\晋源实验中学\2021.5.27晋源实验中学视频\216110010231_9 文件不存在!
2021-09-03 12:48:24 WARN  分配文件日志:88 - H:\晋源实验中学\2021.5.27晋源实验中学视频\216110010233 文件不存在!
2021-09-03 12:48:24 WARN  分配文件日志:88 - H:\晋源实验中学\2021.5.27晋源实验中学视频\216110010237 文件不存在!
2021-09-03 12:48:24 WARN  分配文件日志:88 - H:\晋源实验中学\2021.5.27晋源实验中学视频\216110010240 文件不存在!
2021-09-03 12:48:24 WARN  分配文件日志:88 - H:\晋源实验中学\2021.5.27晋源实验中学视频\216110010241 文件不存在!
2021-09-03 12:48:24 WARN  分配文件日志:88 - H:\晋源实验中学\2021.5.27晋源实验中学视频\216110010242_8 文件不存在!
2021-09-03 12:48:24 WARN  分配文件日志:88 - H:\晋源实验中学\2021.5.27晋源实验中学视频\216110010244 文件不存在!
2021-09-03 12:48:24 WARN  分配文件日志:88 - H:\晋源实验中学\2021.5.27晋源实验中学视频\216110010245 文件不存在!
2021-09-03 12:48:24 WARN  分配文件日志:88 - H:\晋源实验中学\2021.5.27晋源实验中学视频\216110010252 文件不存在!
2021-09-03 12:48:24 WARN  分配文件日志:88 - H:\晋源实验中学\2021.5.27晋源实验中学视频\216110010253 文件不存在!
2021-09-03 12:48:24 WARN  分配文件日志:88 - H:\晋源实验中学\2021.5.27晋源实验中学视频\216110010255 文件不存在!
2021-09-03 12:48:24 WARN  分配文件日志:88 - H:\晋源实验中学\2021.5.27晋源实验中学视频\216110010263 文件不存在!
2021-09-03 12:48:24 WARN  分配文件日志:88 - H:\晋源实验中学\2021.5.27晋源实验中学视频\216110010264 文件不存在!
2021-09-03 12:48:24 WARN  分配文件日志:88 - H:\晋源实验中学\2021.5.27晋源实验中学视频\216110010265_9 文件不存在!
2021-09-03 12:48:24 WARN  分配文件日志:88 - H:\晋源实验中学\2021.5.27晋源实验中学视频\216110010269_8 文件不存在!
2021-09-03 12:48:24 WARN  分配文件日志:88 - H:\晋源实验中学\2021.5.27晋源实验中学视频\216110010271 文件不存在!
2021-09-03 12:48:24 WARN  分配文件日志:88 - H:\晋源实验中学\2021.5.27晋源实验中学视频\216110010272 文件不存在!
2021-09-03 12:48:24 WARN  分配文件日志:88 - H:\晋源实验中学\2021.5.27晋源实验中学视频\216110010276 文件不存在!
2021-09-03 12:48:24 WARN  分配文件日志:88 - H:\晋源实验中学\2021.5.27晋源实验中学视频\216110010277 文件不存在!
2021-09-03 12:48:24 WARN  分配文件日志:88 - H:\晋源实验中学\2021.5.27晋源实验中学视频\216110010278 文件不存在!
2021-09-03 12:48:24 WARN  分配文件日志:88 - H:\晋源实验中学\2021.5.27晋源实验中学视频\216110010280 文件不存在!
2021-09-03 12:48:24 WARN  分配文件日志:88 - H:\晋源实验中学\2021.5.27晋源实验中学视频\216110010282 文件不存在!
2021-09-03 12:48:24 WARN  分配文件日志:88 - H:\晋源实验中学\2021.5.27晋源实验中学视频\216110010283 文件不存在!
2021-09-03 12:48:24 WARN  分配文件日志:88 - H:\晋源实验中学\2021.5.27晋源实验中学视频\216110010286 文件不存在!
2021-09-03 12:48:24 WARN  分配文件日志:88 - H:\晋源实验中学\2021.5.27晋源实验中学视频\216110010287_9 文件不存在!
2021-09-03 12:48:24 WARN  分配文件日志:88 - H:\晋源实验中学\2021.5.27晋源实验中学视频\216110010289 文件不存在!
2021-09-03 12:48:24 WARN  分配文件日志:88 - H:\晋源实验中学\2021.5.27晋源实验中学视频\216110010290 文件不存在!
2021-09-03 12:48:24 WARN  分配文件日志:88 - H:\晋源实验中学\2021.5.27晋源实验中学视频\216110010293 文件不存在!
2021-09-03 12:48:24 WARN  分配文件日志:88 - H:\晋源实验中学\2021.5.27晋源实验中学视频\216110010294_7 文件不存在!
2021-09-03 12:48:24 WARN  分配文件日志:88 - H:\晋源实验中学\2021.5.27晋源实验中学视频\216110010295_7 文件不存在!
2021-09-03 12:48:24 WARN  分配文件日志:88 - H:\晋源实验中学\2021.5.27晋源实验中学视频\216110010296 文件不存在!
2021-09-03 12:48:24 WARN  分配文件日志:88 - H:\晋源实验中学\2021.5.27晋源实验中学视频\216110010297 文件不存在!
2021-09-03 12:48:24 WARN  分配文件日志:88 - H:\晋源实验中学\2021.5.27晋源实验中学视频\216110010300 文件不存在!
2021-09-03 12:48:24 WARN  分配文件日志:88 - H:\晋源实验中学\2021.5.27晋源实验中学视频\216110010305 文件不存在!
2021-09-03 12:48:24 WARN  分配文件日志:88 - H:\晋源实验中学\2021.5.27晋源实验中学视频\216110010308_6 文件不存在!
2021-09-03 12:48:24 WARN  分配文件日志:88 - H:\晋源实验中学\2021.5.27晋源实验中学视频\216110010309 文件不存在!
2021-09-03 12:48:24 WARN  分配文件日志:88 - H:\晋源实验中学\2021.5.27晋源实验中学视频\216110010311_8 文件不存在!
2021-09-03 12:48:24 WARN  分配文件日志:88 - H:\晋源实验中学\2021.5.27晋源实验中学视频\216110010314 文件不存在!
2021-09-03 12:48:24 WARN  分配文件日志:88 - H:\晋源实验中学\2021.5.27晋源实验中学视频\216110010318_9 文件不存在!
2021-09-03 12:48:24 WARN  分配文件日志:88 - H:\晋源实验中学\2021.5.27晋源实验中学视频\216110010319 文件不存在!
2021-09-03 12:48:24 WARN  分配文件日志:88 - H:\晋源实验中学\2021.5.27晋源实验中学视频\216110010320 文件不存在!
2021-09-03 12:48:24 WARN  分配文件日志:88 - H:\晋源实验中学\2021.5.27晋源实验中学视频\216110010321 文件不存在!
2021-09-03 12:48:24 WARN  分配文件日志:88 - H:\晋源实验中学\2021.5.27晋源实验中学视频\216110010322_9 文件不存在!
2021-09-03 12:48:24 WARN  分配文件日志:88 - H:\晋源实验中学\2021.5.27晋源实验中学视频\216110010324 文件不存在!
2021-09-03 12:48:24 WARN  分配文件日志:88 - H:\晋源实验中学\2021.5.27晋源实验中学视频\216110010327 文件不存在!
2021-09-03 12:48:24 WARN  分配文件日志:88 - H:\晋源实验中学\2021.5.27晋源实验中学视频\216110010328 文件不存在!
2021-09-03 12:48:24 WARN  分配文件日志:88 - H:\晋源实验中学\2021.5.27晋源实验中学视频\216110010330 文件不存在!
2021-09-03 12:48:24 WARN  分配文件日志:88 - H:\晋源实验中学\2021.5.27晋源实验中学视频\216110010331 文件不存在!
2021-09-03 12:48:24 WARN  分配文件日志:88 - H:\晋源实验中学\2021.5.27晋源实验中学视频\216110010334_8 文件不存在!
2021-09-03 12:48:24 WARN  分配文件日志:88 - H:\晋源实验中学\2021.5.27晋源实验中学视频\216110010335_8 文件不存在!
2021-09-03 12:48:24 WARN  分配文件日志:88 - H:\晋源实验中学\2021.5.27晋源实验中学视频\216110010336_9 文件不存在!
2021-09-03 12:48:24 WARN  分配文件日志:88 - H:\晋源实验中学\2021.5.27晋源实验中学视频\216110010339 文件不存在!
2021-09-03 12:48:24 WARN  分配文件日志:88 - H:\晋源实验中学\2021.5.27晋源实验中学视频\216110010341 文件不存在!
2021-09-03 12:48:24 WARN  分配文件日志:88 - H:\晋源实验中学\2021.5.27晋源实验中学视频\216110010344 文件不存在!
2021-09-03 12:48:24 WARN  分配文件日志:88 - H:\晋源实验中学\2021.5.27晋源实验中学视频\216110010350 文件不存在!
2021-09-03 12:48:24 WARN  分配文件日志:88 - H:\晋源实验中学\2021.5.27晋源实验中学视频\216110010353 文件不存在!
2021-09-03 12:48:24 WARN  分配文件日志:88 - H:\晋源实验中学\2021.5.27晋源实验中学视频\216110010354 文件不存在!
2021-09-03 12:48:24 WARN  分配文件日志:88 - H:\晋源实验中学\2021.5.27晋源实验中学视频\216110010355 文件不存在!
2021-09-03 12:48:24 WARN  分配文件日志:88 - H:\晋源实验中学\2021.5.27晋源实验中学视频\216110010356_9 文件不存在!
2021-09-03 12:48:24 WARN  分配文件日志:88 - H:\晋源实验中学\2021.5.27晋源实验中学视频\216110010360 文件不存在!
2021-09-03 12:48:24 WARN  分配文件日志:88 - H:\晋源实验中学\2021.5.27晋源实验中学视频\216110010361 文件不存在!
2021-09-03 12:48:24 WARN  分配文件日志:88 - H:\晋源实验中学\2021.5.27晋源实验中学视频\216110010363 文件不存在!
2021-09-03 12:48:24 WARN  分配文件日志:88 - H:\晋源实验中学\2021.5.27晋源实验中学视频\216110010365 文件不存在!
2021-09-03 12:48:24 WARN  分配文件日志:88 - H:\晋源实验中学\2021.5.27晋源实验中学视频\216110010366 文件不存在!
2021-09-03 12:48:24 WARN  分配文件日志:88 - H:\晋源实验中学\2021.5.27晋源实验中学视频\216110010367_8 文件不存在!
2021-09-03 12:48:24 WARN  分配文件日志:88 - H:\晋源实验中学\2021.5.27晋源实验中学视频\216110010368 文件不存在!
2021-09-03 12:48:24 WARN  分配文件日志:88 - H:\晋源实验中学\2021.5.27晋源实验中学视频\216110010371_7 文件不存在!
2021-09-03 12:48:24 WARN  分配文件日志:88 - H:\晋源实验中学\2021.5.27晋源实验中学视频\216110010374 文件不存在!
2021-09-03 12:48:24 WARN  分配文件日志:88 - H:\晋源实验中学\2021.5.27晋源实验中学视频\216110010375 文件不存在!
2021-09-03 12:48:24 WARN  分配文件日志:88 - H:\晋源实验中学\2021.5.27晋源实验中学视频\216110010376 文件不存在!
2021-09-03 12:48:24 WARN  分配文件日志:88 - H:\晋源实验中学\2021.5.27晋源实验中学视频\216110010377_5 文件不存在!
2021-09-03 12:48:24 WARN  分配文件日志:88 - H:\晋源实验中学\2021.5.27晋源实验中学视频\216110010381_8 文件不存在!
2021-09-03 12:48:24 WARN  分配文件日志:88 - H:\晋源实验中学\2021.5.27晋源实验中学视频\216110010382_9 文件不存在!
2021-09-03 12:48:24 WARN  分配文件日志:88 - H:\晋源实验中学\2021.5.27晋源实验中学视频\216110010383 文件不存在!
2021-09-03 12:48:24 WARN  分配文件日志:88 - H:\晋源实验中学\2021.5.27晋源实验中学视频\216110010384 文件不存在!
2021-09-03 12:48:24 WARN  分配文件日志:88 - H:\晋源实验中学\2021.5.27晋源实验中学视频\216110010389 文件不存在!
2021-09-03 12:48:24 WARN  分配文件日志:88 - H:\晋源实验中学\2021.5.27晋源实验中学视频\216110010390 文件不存在!
2021-09-03 12:48:24 WARN  分配文件日志:88 - H:\晋源实验中学\2021.5.27晋源实验中学视频\216110010391 文件不存在!
2021-09-03 12:48:24 WARN  分配文件日志:88 - H:\晋源实验中学\2021.5.27晋源实验中学视频\216110010392 文件不存在!
2021-09-03 12:48:24 WARN  分配文件日志:88 - H:\晋源实验中学\2021.5.27晋源实验中学视频\216110010393 文件不存在!
2021-09-03 12:48:24 WARN  分配文件日志:88 - H:\晋源实验中学\2021.5.27晋源实验中学视频\216110010396 文件不存在!
2021-09-03 12:48:24 WARN  分配文件日志:88 - H:\晋源实验中学\2021.5.27晋源实验中学视频\216110010397 文件不存在!
2021-09-03 12:48:24 WARN  分配文件日志:88 - H:\晋源实验中学\2021.5.27晋源实验中学视频\216110010402 文件不存在!
2021-09-03 12:48:24 WARN  分配文件日志:88 - H:\晋源实验中学\2021.5.27晋源实验中学视频\216110010407 文件不存在!
2021-09-03 12:48:24 WARN  分配文件日志:88 - H:\晋源实验中学\2021.5.27晋源实验中学视频\216110010408 文件不存在!
2021-09-03 12:48:24 WARN  分配文件日志:88 - H:\晋源实验中学\2021.5.27晋源实验中学视频\216110010410_9 文件不存在!
2021-09-03 12:48:24 WARN  分配文件日志:88 - H:\晋源实验中学\2021.5.27晋源实验中学视频\216110010412 文件不存在!
2021-09-03 12:48:24 WARN  分配文件日志:88 - H:\晋源实验中学\2021.5.27晋源实验中学视频\216110010415 文件不存在!
2021-09-03 12:48:24 WARN  分配文件日志:88 - H:\晋源实验中学\2021.5.27晋源实验中学视频\216110010418 文件不存在!
2021-09-03 12:48:24 WARN  分配文件日志:88 - H:\晋源实验中学\2021.5.27晋源实验中学视频\216110010420 文件不存在!
2021-09-03 12:48:24 WARN  分配文件日志:88 - H:\晋源实验中学\2021.5.27晋源实验中学视频\216110010421 文件不存在!
2021-09-03 12:48:24 WARN  分配文件日志:88 - H:\晋源实验中学\2021.5.27晋源实验中学视频\216110010422 文件不存在!
2021-09-03 12:48:24 WARN  分配文件日志:88 - H:\晋源实验中学\2021.5.27晋源实验中学视频\216110010426 文件不存在!
2021-09-03 12:48:24 WARN  分配文件日志:88 - H:\晋源实验中学\2021.5.27晋源实验中学视频\216110010427 文件不存在!
2021-09-03 12:48:24 WARN  分配文件日志:88 - H:\晋源实验中学\2021.5.27晋源实验中学视频\216110010430 文件不存在!
2021-09-03 12:48:24 WARN  分配文件日志:88 - H:\晋源实验中学\2021.5.27晋源实验中学视频\216110010433_9 文件不存在!
2021-09-03 12:48:24 WARN  分配文件日志:88 - H:\晋源实验中学\2021.5.27晋源实验中学视频\216110010434 文件不存在!
2021-09-03 12:48:24 WARN  分配文件日志:88 - H:\晋源实验中学\2021.5.27晋源实验中学视频\216110010435 文件不存在!
2021-09-03 12:48:24 WARN  分配文件日志:88 - H:\晋源实验中学\2021.5.27晋源实验中学视频\216110010436 文件不存在!
2021-09-03 12:48:24 WARN  分配文件日志:88 - H:\晋源实验中学\2021.5.27晋源实验中学视频\216110010437_9 文件不存在!
2021-09-03 12:48:24 WARN  分配文件日志:88 - H:\晋源实验中学\2021.5.27晋源实验中学视频\216110010440 文件不存在!
2021-09-03 12:48:24 WARN  分配文件日志:88 - H:\晋源实验中学\2021.5.27晋源实验中学视频\216110010443 文件不存在!
2021-09-03 12:48:24 WARN  分配文件日志:88 - H:\晋源实验中学\2021.5.27晋源实验中学视频\216110010444_8 文件不存在!
2021-09-03 12:48:24 WARN  分配文件日志:88 - H:\晋源实验中学\2021.5.27晋源实验中学视频\216110010445 文件不存在!
2021-09-03 12:48:24 WARN  分配文件日志:88 - H:\晋源实验中学\2021.5.27晋源实验中学视频\216110010447_9 文件不存在!
2021-09-03 12:48:24 WARN  分配文件日志:88 - H:\晋源实验中学\2021.5.27晋源实验中学视频\216110010448 文件不存在!
2021-09-03 12:48:24 WARN  分配文件日志:88 - H:\晋源实验中学\2021.5.27晋源实验中学视频\216110010449 文件不存在!
2021-09-03 12:48:25 INFO  分配文件日志:101 - H:\晋源实验中学\2021.5.27晋源实验中学视频\216110010453 传输完成
2021-09-03 12:48:26 INFO  分配文件日志:101 - H:\晋源实验中学\2021.5.27晋源实验中学视频\216110010454_9 传输完成
2021-09-03 12:48:27 INFO  分配文件日志:101 - H:\晋源实验中学\2021.5.27晋源实验中学视频\216110010457 传输完成
2021-09-03 12:48:27 INFO  分配文件日志:101 - H:\晋源实验中学\2021.5.27晋源实验中学视频\216110010459 传输完成
2021-09-03 12:48:28 INFO  分配文件日志:101 - H:\晋源实验中学\2021.5.27晋源实验中学视频\216110010461 传输完成
2021-09-03 12:48:29 INFO  分配文件日志:101 - H:\晋源实验中学\2021.5.27晋源实验中学视频\216110010462 传输完成
2021-09-03 12:48:30 INFO  分配文件日志:101 - H:\晋源实验中学\2021.5.27晋源实验中学视频\216110010464 传输完成
2021-09-03 12:48:31 INFO  分配文件日志:101 - H:\晋源实验中学\2021.5.27晋源实验中学视频\216110010467_7 传输完成
2021-09-03 12:48:33 INFO  分配文件日志:101 - H:\晋源实验中学\2021.5.27晋源实验中学视频\216110010470 传输完成
2021-09-03 12:48:33 INFO  分配文件日志:101 - H:\晋源实验中学\2021.5.27晋源实验中学视频\216110010472 传输完成
2021-09-03 12:49:15 WARN  分配文件日志:88 - H:\晋源实验中学\2021.5.27晋源实验中学视频\216110040001 文件不存在!
2021-09-03 12:49:15 WARN  分配文件日志:88 - H:\晋源实验中学\2021.5.27晋源实验中学视频\216110040002 文件不存在!
2021-09-03 12:49:15 WARN  分配文件日志:88 - H:\晋源实验中学\2021.5.27晋源实验中学视频\216110040003 文件不存在!
2021-09-03 12:49:15 WARN  分配文件日志:88 - H:\晋源实验中学\2021.5.27晋源实验中学视频\216110040005 文件不存在!
2021-09-03 12:49:15 WARN  分配文件日志:88 - H:\晋源实验中学\2021.5.27晋源实验中学视频\216110040006 文件不存在!
2021-09-03 12:49:15 WARN  分配文件日志:88 - H:\晋源实验中学\2021.5.27晋源实验中学视频\216110040008 文件不存在!
2021-09-03 12:49:15 WARN  分配文件日志:88 - H:\晋源实验中学\2021.5.27晋源实验中学视频\216110040010 文件不存在!
2021-09-03 12:49:15 WARN  分配文件日志:88 - H:\晋源实验中学\2021.5.27晋源实验中学视频\216110040011 文件不存在!
2021-09-03 12:49:15 WARN  分配文件日志:88 - H:\晋源实验中学\2021.5.27晋源实验中学视频\216110040012_9 文件不存在!
2021-09-03 12:49:15 WARN  分配文件日志:88 - H:\晋源实验中学\2021.5.27晋源实验中学视频\216110040013 文件不存在!
2021-09-03 12:49:15 WARN  分配文件日志:88 - H:\晋源实验中学\2021.5.27晋源实验中学视频\216110040015 文件不存在!
2021-09-03 12:49:15 WARN  分配文件日志:88 - H:\晋源实验中学\2021.5.27晋源实验中学视频\216110040016 文件不存在!
2021-09-03 12:49:15 WARN  分配文件日志:88 - H:\晋源实验中学\2021.5.27晋源实验中学视频\216110040019 文件不存在!
2021-09-03 12:49:15 WARN  分配文件日志:88 - H:\晋源实验中学\2021.5.27晋源实验中学视频\216110040020 文件不存在!
2021-09-03 12:49:15 WARN  分配文件日志:88 - H:\晋源实验中学\2021.5.27晋源实验中学视频\216110040023 文件不存在!
2021-09-03 12:49:15 WARN  分配文件日志:88 - H:\晋源实验中学\2021.5.27晋源实验中学视频\216110040027 文件不存在!
2021-09-03 12:49:15 WARN  分配文件日志:88 - H:\晋源实验中学\2021.5.27晋源实验中学视频\216110040030_9 文件不存在!
2021-09-03 12:49:15 WARN  分配文件日志:88 - H:\晋源实验中学\2021.5.27晋源实验中学视频\216110040033 文件不存在!
2021-09-03 12:49:15 WARN  分配文件日志:88 - H:\晋源实验中学\2021.5.27晋源实验中学视频\216110040034 文件不存在!
2021-09-03 12:49:15 WARN  分配文件日志:88 - H:\晋源实验中学\2021.5.27晋源实验中学视频\216110040036 文件不存在!
2021-09-03 12:49:15 WARN  分配文件日志:88 - H:\晋源实验中学\2021.5.27晋源实验中学视频\216110040038 文件不存在!
2021-09-03 12:49:15 WARN  分配文件日志:88 - H:\晋源实验中学\2021.5.27晋源实验中学视频\216110040039 文件不存在!
2021-09-03 12:49:15 WARN  分配文件日志:88 - H:\晋源实验中学\2021.5.27晋源实验中学视频\216110040043 文件不存在!
2021-09-03 12:49:15 WARN  分配文件日志:88 - H:\晋源实验中学\2021.5.27晋源实验中学视频\216110040047 文件不存在!
2021-09-03 12:49:15 WARN  分配文件日志:88 - H:\晋源实验中学\2021.5.27晋源实验中学视频\216110040051 文件不存在!
2021-09-03 12:49:15 WARN  分配文件日志:88 - H:\晋源实验中学\2021.5.27晋源实验中学视频\216110040053 文件不存在!
2021-09-03 12:49:15 WARN  分配文件日志:88 - H:\晋源实验中学\2021.5.27晋源实验中学视频\216110040054_9 文件不存在!
2021-09-03 12:49:15 WARN  分配文件日志:88 - H:\晋源实验中学\2021.5.27晋源实验中学视频\216110040057 文件不存在!
2021-09-03 12:49:15 WARN  分配文件日志:88 - H:\晋源实验中学\2021.5.27晋源实验中学视频\216110040059 文件不存在!
2021-09-03 12:49:15 WARN  分配文件日志:88 - H:\晋源实验中学\2021.5.27晋源实验中学视频\216110040060 文件不存在!
2021-09-03 12:49:15 WARN  分配文件日志:88 - H:\晋源实验中学\2021.5.27晋源实验中学视频\216110040062 文件不存在!
2021-09-03 12:49:15 WARN  分配文件日志:88 - H:\晋源实验中学\2021.5.27晋源实验中学视频\216110040064 文件不存在!
2021-09-03 12:49:15 WARN  分配文件日志:88 - H:\晋源实验中学\2021.5.27晋源实验中学视频\216110040066_7 文件不存在!
2021-09-03 12:49:15 WARN  分配文件日志:88 - H:\晋源实验中学\2021.5.27晋源实验中学视频\216110040067 文件不存在!
2021-09-03 12:49:15 WARN  分配文件日志:88 - H:\晋源实验中学\2021.5.27晋源实验中学视频\216110040068 文件不存在!
2021-09-03 12:49:15 WARN  分配文件日志:88 - H:\晋源实验中学\2021.5.27晋源实验中学视频\216110040071 文件不存在!
2021-09-03 12:49:15 WARN  分配文件日志:88 - H:\晋源实验中学\2021.5.27晋源实验中学视频\216110040073 文件不存在!
2021-09-03 12:49:15 WARN  分配文件日志:88 - H:\晋源实验中学\2021.5.27晋源实验中学视频\216110040076 文件不存在!
2021-09-03 12:49:15 WARN  分配文件日志:88 - H:\晋源实验中学\2021.5.27晋源实验中学视频\216110040078 文件不存在!
2021-09-03 12:49:15 WARN  分配文件日志:88 - H:\晋源实验中学\2021.5.27晋源实验中学视频\216110040084 文件不存在!
2021-09-03 12:49:15 WARN  分配文件日志:88 - H:\晋源实验中学\2021.5.27晋源实验中学视频\216110040085_9 文件不存在!
2021-09-03 12:49:15 WARN  分配文件日志:88 - H:\晋源实验中学\2021.5.27晋源实验中学视频\216110040087 文件不存在!
2021-09-03 12:49:15 WARN  分配文件日志:88 - H:\晋源实验中学\2021.5.27晋源实验中学视频\216110040088 文件不存在!
2021-09-03 12:49:15 WARN  分配文件日志:88 - H:\晋源实验中学\2021.5.27晋源实验中学视频\216110040089 文件不存在!
2021-09-03 12:49:15 WARN  分配文件日志:88 - H:\晋源实验中学\2021.5.27晋源实验中学视频\216110040091_8 文件不存在!
2021-09-03 12:49:15 WARN  分配文件日志:88 - H:\晋源实验中学\2021.5.27晋源实验中学视频\216110040092 文件不存在!
2021-09-03 12:49:15 WARN  分配文件日志:88 - H:\晋源实验中学\2021.5.27晋源实验中学视频\216110040095 文件不存在!
2021-09-03 12:49:15 WARN  分配文件日志:88 - H:\晋源实验中学\2021.5.27晋源实验中学视频\216110040096 文件不存在!
2021-09-03 12:49:15 WARN  分配文件日志:88 - H:\晋源实验中学\2021.5.27晋源实验中学视频\216110040097 文件不存在!
2021-09-03 12:49:15 WARN  分配文件日志:88 - H:\晋源实验中学\2021.5.27晋源实验中学视频\216110040098 文件不存在!
2021-09-03 12:49:15 WARN  分配文件日志:88 - H:\晋源实验中学\2021.5.27晋源实验中学视频\216110040099 文件不存在!
2021-09-03 12:49:15 WARN  分配文件日志:88 - H:\晋源实验中学\2021.5.27晋源实验中学视频\216110040100 文件不存在!
2021-09-03 12:49:15 WARN  分配文件日志:88 - H:\晋源实验中学\2021.5.27晋源实验中学视频\216110040101 文件不存在!
2021-09-03 12:49:15 WARN  分配文件日志:88 - H:\晋源实验中学\2021.5.27晋源实验中学视频\216110040104_5 文件不存在!
2021-09-03 12:49:15 WARN  分配文件日志:88 - H:\晋源实验中学\2021.5.27晋源实验中学视频\216110040107 文件不存在!
2021-09-03 12:49:15 WARN  分配文件日志:88 - H:\晋源实验中学\2021.5.27晋源实验中学视频\216110040108 文件不存在!
2021-09-03 12:49:15 WARN  分配文件日志:88 - H:\晋源实验中学\2021.5.27晋源实验中学视频\216110040109 文件不存在!
2021-09-03 12:49:15 WARN  分配文件日志:88 - H:\晋源实验中学\2021.5.27晋源实验中学视频\216110040111_9 文件不存在!
2021-09-03 12:49:15 WARN  分配文件日志:88 - H:\晋源实验中学\2021.5.27晋源实验中学视频\216110040115 文件不存在!
2021-09-03 12:49:15 WARN  分配文件日志:88 - H:\晋源实验中学\2021.5.27晋源实验中学视频\216110040116 文件不存在!
2021-09-03 12:49:15 WARN  分配文件日志:88 - H:\晋源实验中学\2021.5.27晋源实验中学视频\216110040117 文件不存在!
2021-09-03 12:49:15 WARN  分配文件日志:88 - H:\晋源实验中学\2021.5.27晋源实验中学视频\216110040119_3 文件不存在!
2021-09-03 12:49:15 WARN  分配文件日志:88 - H:\晋源实验中学\2021.5.27晋源实验中学视频\216110040124 文件不存在!
2021-09-03 12:49:15 WARN  分配文件日志:88 - H:\晋源实验中学\2021.5.27晋源实验中学视频\216110040125 文件不存在!
2021-09-03 12:49:15 WARN  分配文件日志:88 - H:\晋源实验中学\2021.5.27晋源实验中学视频\216110040126 文件不存在!
2021-09-03 12:49:15 WARN  分配文件日志:88 - H:\晋源实验中学\2021.5.27晋源实验中学视频\216110040128 文件不存在!
2021-09-03 12:49:15 WARN  分配文件日志:88 - H:\晋源实验中学\2021.5.27晋源实验中学视频\216110958006 文件不存在!
2021-09-03 12:49:15 WARN  分配文件日志:88 - H:\晋源实验中学\2021.5.27晋源实验中学视频\216110958007_5 文件不存在!
2021-09-03 12:49:15 WARN  分配文件日志:88 - H:\晋源实验中学\2021.5.27晋源实验中学视频\216110958008 文件不存在!
2021-09-03 12:49:15 WARN  分配文件日志:88 - H:\晋源实验中学\2021.5.27晋源实验中学视频\216110958010 文件不存在!
2021-09-03 12:49:15 WARN  分配文件日志:88 - H:\晋源实验中学\2021.5.27晋源实验中学视频\216110958011 文件不存在!
2021-09-03 12:49:15 WARN  分配文件日志:88 - H:\晋源实验中学\2021.5.27晋源实验中学视频\216110958012 文件不存在!
2021-09-03 12:49:15 WARN  分配文件日志:88 - H:\晋源实验中学\2021.5.27晋源实验中学视频\216110958014 文件不存在!
2021-09-03 12:49:15 WARN  分配文件日志:88 - H:\晋源实验中学\2021.5.27晋源实验中学视频\216110958015 文件不存在!
2021-09-03 12:49:15 WARN  分配文件日志:88 - H:\晋源实验中学\2021.5.27晋源实验中学视频\216110958016 文件不存在!
2021-09-03 12:49:16 WARN  分配文件日志:88 - H:\晋源实验中学\2021.5.27晋源实验中学视频\216110958018 文件不存在!
2021-09-03 12:49:16 WARN  分配文件日志:88 - H:\晋源实验中学\2021.5.27晋源实验中学视频\216110958019 文件不存在!
2021-09-03 12:49:16 WARN  分配文件日志:88 - H:\晋源实验中学\2021.5.27晋源实验中学视频\216110958024 文件不存在!
2021-09-03 12:49:16 WARN  分配文件日志:88 - H:\晋源实验中学\2021.5.27晋源实验中学视频\216110958025 文件不存在!
2021-09-03 12:49:16 WARN  分配文件日志:88 - H:\晋源实验中学\2021.5.27晋源实验中学视频\216110958027 文件不存在!
2021-09-03 12:49:16 WARN  分配文件日志:88 - H:\晋源实验中学\2021.5.27晋源实验中学视频\216110958031 文件不存在!
2021-09-03 12:49:16 WARN  分配文件日志:88 - H:\晋源实验中学\2021.5.27晋源实验中学视频\216110958032 文件不存在!
2021-09-03 12:49:16 WARN  分配文件日志:88 - H:\晋源实验中学\2021.5.27晋源实验中学视频\216110958033 文件不存在!
2021-09-03 12:49:16 WARN  分配文件日志:88 - H:\晋源实验中学\2021.5.27晋源实验中学视频\216110958034_9 文件不存在!
2021-09-03 12:49:16 WARN  分配文件日志:88 - H:\晋源实验中学\2021.5.27晋源实验中学视频\216110958035 文件不存在!
2021-09-03 12:49:16 WARN  分配文件日志:88 - H:\晋源实验中学\2021.5.27晋源实验中学视频\216110958036 文件不存在!
2021-09-03 12:49:16 WARN  分配文件日志:88 - H:\晋源实验中学\2021.5.27晋源实验中学视频\216110958037 文件不存在!
2021-09-03 12:49:16 WARN  分配文件日志:88 - H:\晋源实验中学\2021.5.27晋源实验中学视频\216110958038 文件不存在!
2021-09-03 12:49:16 WARN  分配文件日志:88 - H:\晋源实验中学\2021.5.27晋源实验中学视频\216110958041 文件不存在!
2021-09-03 12:49:16 WARN  分配文件日志:88 - H:\晋源实验中学\2021.5.27晋源实验中学视频\216110958043 文件不存在!
2021-09-03 12:49:16 WARN  分配文件日志:88 - H:\晋源实验中学\2021.5.27晋源实验中学视频\216110958044 文件不存在!
2021-09-03 12:49:16 WARN  分配文件日志:88 - H:\晋源实验中学\2021.5.27晋源实验中学视频\216110958046 文件不存在!
2021-09-03 12:49:16 WARN  分配文件日志:88 - H:\晋源实验中学\2021.5.27晋源实验中学视频\216110958048 文件不存在!
2021-09-03 12:49:16 WARN  分配文件日志:88 - H:\晋源实验中学\2021.5.27晋源实验中学视频\216110958053 文件不存在!
2021-09-03 12:49:16 WARN  分配文件日志:88 - H:\晋源实验中学\2021.5.27晋源实验中学视频\216110958055 文件不存在!
2021-09-03 12:49:16 WARN  分配文件日志:88 - H:\晋源实验中学\2021.5.27晋源实验中学视频\216110958061_9 文件不存在!
2021-09-03 12:49:16 WARN  分配文件日志:88 - H:\晋源实验中学\2021.5.27晋源实验中学视频\216110958062 文件不存在!
2021-09-03 12:49:16 WARN  分配文件日志:88 - H:\晋源实验中学\2021.5.27晋源实验中学视频\216110958063 文件不存在!
2021-09-03 12:49:16 WARN  分配文件日志:88 - H:\晋源实验中学\2021.5.27晋源实验中学视频\216110958068 文件不存在!
2021-09-03 12:49:16 WARN  分配文件日志:88 - H:\晋源实验中学\2021.5.27晋源实验中学视频\216110958071 文件不存在!
2021-09-03 12:49:16 WARN  分配文件日志:88 - H:\晋源实验中学\2021.5.27晋源实验中学视频\216110958072 文件不存在!
2021-09-03 12:49:16 WARN  分配文件日志:88 - H:\晋源实验中学\2021.5.27晋源实验中学视频\216110958074 文件不存在!
2021-09-03 12:49:16 WARN  分配文件日志:88 - H:\晋源实验中学\2021.5.27晋源实验中学视频\216110958075 文件不存在!
2021-09-03 12:49:16 WARN  分配文件日志:88 - H:\晋源实验中学\2021.5.27晋源实验中学视频\216110958078 文件不存在!
2021-09-03 12:49:16 WARN  分配文件日志:88 - H:\晋源实验中学\2021.5.27晋源实验中学视频\216110958079 文件不存在!
2021-09-03 12:49:16 WARN  分配文件日志:88 - H:\晋源实验中学\2021.5.27晋源实验中学视频\216110958080 文件不存在!
2021-09-03 12:49:16 WARN  分配文件日志:88 - H:\晋源实验中学\2021.5.27晋源实验中学视频\216110958084 文件不存在!
2021-09-03 12:49:16 WARN  分配文件日志:88 - H:\晋源实验中学\2021.5.27晋源实验中学视频\216110958085 文件不存在!
2021-09-03 12:49:16 WARN  分配文件日志:88 - H:\晋源实验中学\2021.5.27晋源实验中学视频\216110958088 文件不存在!
2021-09-03 12:49:16 WARN  分配文件日志:88 - H:\晋源实验中学\2021.5.27晋源实验中学视频\216110958089 文件不存在!
2021-09-03 12:49:16 WARN  分配文件日志:88 - H:\晋源实验中学\2021.5.27晋源实验中学视频\216110958090 文件不存在!
2021-09-03 12:49:16 WARN  分配文件日志:88 - H:\晋源实验中学\2021.5.27晋源实验中学视频\216110958091 文件不存在!
2021-09-03 12:49:16 WARN  分配文件日志:88 - H:\晋源实验中学\2021.5.27晋源实验中学视频\216110958094 文件不存在!
2021-09-03 12:49:16 WARN  分配文件日志:88 - H:\晋源实验中学\2021.5.27晋源实验中学视频\216110958096_9 文件不存在!
2021-09-03 12:49:16 WARN  分配文件日志:88 - H:\晋源实验中学\2021.5.27晋源实验中学视频\216110958100 文件不存在!
2021-09-03 12:49:16 WARN  分配文件日志:88 - H:\晋源实验中学\2021.5.27晋源实验中学视频\216110958101 文件不存在!
2021-09-03 12:49:16 WARN  分配文件日志:88 - H:\晋源实验中学\2021.5.27晋源实验中学视频\216110958102 文件不存在!
2021-09-03 12:49:16 WARN  分配文件日志:88 - H:\晋源实验中学\2021.5.27晋源实验中学视频\216110958105 文件不存在!
2021-09-03 12:49:16 WARN  分配文件日志:88 - H:\晋源实验中学\2021.5.27晋源实验中学视频\216110958106 文件不存在!
2021-09-03 12:49:16 WARN  分配文件日志:88 - H:\晋源实验中学\2021.5.27晋源实验中学视频\216110958107_8 文件不存在!
2021-09-03 12:49:16 WARN  分配文件日志:88 - H:\晋源实验中学\2021.5.27晋源实验中学视频\216110958112 文件不存在!
2021-09-03 12:49:16 WARN  分配文件日志:88 - H:\晋源实验中学\2021.5.27晋源实验中学视频\216110958113 文件不存在!
2021-09-03 12:49:16 WARN  分配文件日志:88 - H:\晋源实验中学\2021.5.27晋源实验中学视频\216110958115 文件不存在!
2021-09-03 12:49:16 WARN  分配文件日志:88 - H:\晋源实验中学\2021.5.27晋源实验中学视频\216110958121 文件不存在!
2021-09-03 12:49:16 WARN  分配文件日志:88 - H:\晋源实验中学\2021.5.27晋源实验中学视频\216110958122 文件不存在!
2021-09-03 12:49:16 WARN  分配文件日志:88 - H:\晋源实验中学\2021.5.27晋源实验中学视频\216110958125 文件不存在!
2021-09-03 12:49:16 WARN  分配文件日志:88 - H:\晋源实验中学\2021.5.27晋源实验中学视频\216110958128 文件不存在!
2021-09-03 12:49:16 WARN  分配文件日志:88 - H:\晋源实验中学\2021.5.27晋源实验中学视频\216110958129 文件不存在!
2021-09-03 12:49:16 WARN  分配文件日志:88 - H:\晋源实验中学\2021.5.27晋源实验中学视频\216110958131_8 文件不存在!
2021-09-03 12:49:16 WARN  分配文件日志:88 - H:\晋源实验中学\2021.5.27晋源实验中学视频\216110970001_8 文件不存在!
2021-09-03 12:49:16 WARN  分配文件日志:88 - H:\晋源实验中学\2021.5.27晋源实验中学视频\216110970003 文件不存在!
2021-09-03 12:49:16 WARN  分配文件日志:88 - H:\晋源实验中学\2021.5.27晋源实验中学视频\216110970004 文件不存在!
2021-09-03 12:49:16 WARN  分配文件日志:88 - H:\晋源实验中学\2021.5.27晋源实验中学视频\216110970006 文件不存在!
2021-09-03 12:49:16 WARN  分配文件日志:88 - H:\晋源实验中学\2021.5.27晋源实验中学视频\216110010001 文件不存在!
2021-09-03 12:49:16 WARN  分配文件日志:88 - H:\晋源实验中学\2021.5.27晋源实验中学视频\216110010006 文件不存在!
2021-09-03 12:49:16 WARN  分配文件日志:88 - H:\晋源实验中学\2021.5.27晋源实验中学视频\216110010008_6 文件不存在!
2021-09-03 12:49:16 WARN  分配文件日志:88 - H:\晋源实验中学\2021.5.27晋源实验中学视频\216110010009 文件不存在!
2021-09-03 12:49:16 WARN  分配文件日志:88 - H:\晋源实验中学\2021.5.27晋源实验中学视频\216110010010 文件不存在!
2021-09-03 12:49:16 WARN  分配文件日志:88 - H:\晋源实验中学\2021.5.27晋源实验中学视频\216110010014_8 文件不存在!
2021-09-03 12:49:16 WARN  分配文件日志:88 - H:\晋源实验中学\2021.5.27晋源实验中学视频\216110010015 文件不存在!
2021-09-03 12:49:16 WARN  分配文件日志:88 - H:\晋源实验中学\2021.5.27晋源实验中学视频\216110010016 文件不存在!
2021-09-03 12:49:16 WARN  分配文件日志:88 - H:\晋源实验中学\2021.5.27晋源实验中学视频\216110010017 文件不存在!
2021-09-03 12:49:16 WARN  分配文件日志:88 - H:\晋源实验中学\2021.5.27晋源实验中学视频\216110010018_3 文件不存在!
2021-09-03 12:49:16 WARN  分配文件日志:88 - H:\晋源实验中学\2021.5.27晋源实验中学视频\216110010020_9 文件不存在!
2021-09-03 12:49:16 WARN  分配文件日志:88 - H:\晋源实验中学\2021.5.27晋源实验中学视频\216110010021 文件不存在!
2021-09-03 12:49:16 WARN  分配文件日志:88 - H:\晋源实验中学\2021.5.27晋源实验中学视频\216110010022 文件不存在!
2021-09-03 12:49:16 WARN  分配文件日志:88 - H:\晋源实验中学\2021.5.27晋源实验中学视频\216110010027 文件不存在!
2021-09-03 12:49:16 WARN  分配文件日志:88 - H:\晋源实验中学\2021.5.27晋源实验中学视频\216110010029 文件不存在!
2021-09-03 12:49:16 WARN  分配文件日志:88 - H:\晋源实验中学\2021.5.27晋源实验中学视频\216110010032 文件不存在!
2021-09-03 12:49:16 WARN  分配文件日志:88 - H:\晋源实验中学\2021.5.27晋源实验中学视频\216110010034 文件不存在!
2021-09-03 12:49:16 WARN  分配文件日志:88 - H:\晋源实验中学\2021.5.27晋源实验中学视频\216110010035 文件不存在!
2021-09-03 12:49:16 WARN  分配文件日志:88 - H:\晋源实验中学\2021.5.27晋源实验中学视频\216110010039 文件不存在!
2021-09-03 12:49:16 WARN  分配文件日志:88 - H:\晋源实验中学\2021.5.27晋源实验中学视频\216110010040_8 文件不存在!
2021-09-03 12:49:16 WARN  分配文件日志:88 - H:\晋源实验中学\2021.5.27晋源实验中学视频\216110010041 文件不存在!
2021-09-03 12:49:16 WARN  分配文件日志:88 - H:\晋源实验中学\2021.5.27晋源实验中学视频\216110010043 文件不存在!
2021-09-03 12:49:16 WARN  分配文件日志:88 - H:\晋源实验中学\2021.5.27晋源实验中学视频\216110010045 文件不存在!
2021-09-03 12:49:16 WARN  分配文件日志:88 - H:\晋源实验中学\2021.5.27晋源实验中学视频\216110010046 文件不存在!
2021-09-03 12:49:16 WARN  分配文件日志:88 - H:\晋源实验中学\2021.5.27晋源实验中学视频\216110010049_5 文件不存在!
2021-09-03 12:49:16 WARN  分配文件日志:88 - H:\晋源实验中学\2021.5.27晋源实验中学视频\216110010050 文件不存在!
2021-09-03 12:49:16 WARN  分配文件日志:88 - H:\晋源实验中学\2021.5.27晋源实验中学视频\216110010052_7 文件不存在!
2021-09-03 12:49:16 WARN  分配文件日志:88 - H:\晋源实验中学\2021.5.27晋源实验中学视频\216110010053_4 文件不存在!
2021-09-03 12:49:16 WARN  分配文件日志:88 - H:\晋源实验中学\2021.5.27晋源实验中学视频\216110010056 文件不存在!
2021-09-03 12:49:16 WARN  分配文件日志:88 - H:\晋源实验中学\2021.5.27晋源实验中学视频\216110010057 文件不存在!
2021-09-03 12:49:16 WARN  分配文件日志:88 - H:\晋源实验中学\2021.5.27晋源实验中学视频\216110010058_9 文件不存在!
2021-09-03 12:49:16 WARN  分配文件日志:88 - H:\晋源实验中学\2021.5.27晋源实验中学视频\216110010059_9 文件不存在!
2021-09-03 12:49:16 WARN  分配文件日志:88 - H:\晋源实验中学\2021.5.27晋源实验中学视频\216110010064 文件不存在!
2021-09-03 12:49:16 WARN  分配文件日志:88 - H:\晋源实验中学\2021.5.27晋源实验中学视频\216110010066 文件不存在!
2021-09-03 12:49:16 WARN  分配文件日志:88 - H:\晋源实验中学\2021.5.27晋源实验中学视频\216110010068 文件不存在!
2021-09-03 12:49:16 WARN  分配文件日志:88 - H:\晋源实验中学\2021.5.27晋源实验中学视频\216110010069 文件不存在!
2021-09-03 12:49:16 WARN  分配文件日志:88 - H:\晋源实验中学\2021.5.27晋源实验中学视频\216110010070_3 文件不存在!
2021-09-03 12:49:16 WARN  分配文件日志:88 - H:\晋源实验中学\2021.5.27晋源实验中学视频\216110010072 文件不存在!
2021-09-03 12:49:16 WARN  分配文件日志:88 - H:\晋源实验中学\2021.5.27晋源实验中学视频\216110010076 文件不存在!
2021-09-03 12:49:16 WARN  分配文件日志:88 - H:\晋源实验中学\2021.5.27晋源实验中学视频\216110010077 文件不存在!
2021-09-03 12:49:16 WARN  分配文件日志:88 - H:\晋源实验中学\2021.5.27晋源实验中学视频\216110010078 文件不存在!
2021-09-03 12:49:16 WARN  分配文件日志:88 - H:\晋源实验中学\2021.5.27晋源实验中学视频\216110010081 文件不存在!
2021-09-03 12:49:16 WARN  分配文件日志:88 - H:\晋源实验中学\2021.5.27晋源实验中学视频\216110010082 文件不存在!
2021-09-03 12:49:16 WARN  分配文件日志:88 - H:\晋源实验中学\2021.5.27晋源实验中学视频\216110010083 文件不存在!
2021-09-03 12:49:16 WARN  分配文件日志:88 - H:\晋源实验中学\2021.5.27晋源实验中学视频\216110010087 文件不存在!
2021-09-03 12:49:16 WARN  分配文件日志:88 - H:\晋源实验中学\2021.5.27晋源实验中学视频\216110010088 文件不存在!
2021-09-03 12:49:16 WARN  分配文件日志:88 - H:\晋源实验中学\2021.5.27晋源实验中学视频\216110010090_9 文件不存在!
2021-09-03 12:49:16 WARN  分配文件日志:88 - H:\晋源实验中学\2021.5.27晋源实验中学视频\216110010093 文件不存在!
2021-09-03 12:49:16 WARN  分配文件日志:88 - H:\晋源实验中学\2021.5.27晋源实验中学视频\216110010094 文件不存在!
2021-09-03 12:49:16 WARN  分配文件日志:88 - H:\晋源实验中学\2021.5.27晋源实验中学视频\216110010098 文件不存在!
2021-09-03 12:49:16 WARN  分配文件日志:88 - H:\晋源实验中学\2021.5.27晋源实验中学视频\216110010100 文件不存在!
2021-09-03 12:49:16 WARN  分配文件日志:88 - H:\晋源实验中学\2021.5.27晋源实验中学视频\216110010105_9 文件不存在!
2021-09-03 12:49:16 WARN  分配文件日志:88 - H:\晋源实验中学\2021.5.27晋源实验中学视频\216110010106 文件不存在!
2021-09-03 12:49:16 WARN  分配文件日志:88 - H:\晋源实验中学\2021.5.27晋源实验中学视频\216110010108 文件不存在!
2021-09-03 12:49:16 WARN  分配文件日志:88 - H:\晋源实验中学\2021.5.27晋源实验中学视频\216110010109 文件不存在!
2021-09-03 12:49:16 WARN  分配文件日志:88 - H:\晋源实验中学\2021.5.27晋源实验中学视频\216110010110_8 文件不存在!
2021-09-03 12:49:16 WARN  分配文件日志:88 - H:\晋源实验中学\2021.5.27晋源实验中学视频\216110010111 文件不存在!
2021-09-03 12:49:16 WARN  分配文件日志:88 - H:\晋源实验中学\2021.5.27晋源实验中学视频\216110010114 文件不存在!
2021-09-03 12:49:16 WARN  分配文件日志:88 - H:\晋源实验中学\2021.5.27晋源实验中学视频\216110010115 文件不存在!
2021-09-03 12:49:16 WARN  分配文件日志:88 - H:\晋源实验中学\2021.5.27晋源实验中学视频\216110010121_6 文件不存在!
2021-09-03 12:49:16 WARN  分配文件日志:88 - H:\晋源实验中学\2021.5.27晋源实验中学视频\216110010126_9 文件不存在!
2021-09-03 12:49:16 WARN  分配文件日志:88 - H:\晋源实验中学\2021.5.27晋源实验中学视频\216110010127_9 文件不存在!
2021-09-03 12:49:16 WARN  分配文件日志:88 - H:\晋源实验中学\2021.5.27晋源实验中学视频\216110010133 文件不存在!
2021-09-03 12:49:16 WARN  分配文件日志:88 - H:\晋源实验中学\2021.5.27晋源实验中学视频\216110010134 文件不存在!
2021-09-03 12:49:16 WARN  分配文件日志:88 - H:\晋源实验中学\2021.5.27晋源实验中学视频\216110010135 文件不存在!
2021-09-03 12:49:16 WARN  分配文件日志:88 - H:\晋源实验中学\2021.5.27晋源实验中学视频\216110010137 文件不存在!
2021-09-03 12:49:16 WARN  分配文件日志:88 - H:\晋源实验中学\2021.5.27晋源实验中学视频\216110010140 文件不存在!
2021-09-03 12:49:16 WARN  分配文件日志:88 - H:\晋源实验中学\2021.5.27晋源实验中学视频\216110010141_8 文件不存在!
2021-09-03 12:49:16 WARN  分配文件日志:88 - H:\晋源实验中学\2021.5.27晋源实验中学视频\216110010142 文件不存在!
2021-09-03 12:49:16 WARN  分配文件日志:88 - H:\晋源实验中学\2021.5.27晋源实验中学视频\216110010145 文件不存在!
2021-09-03 12:49:16 WARN  分配文件日志:88 - H:\晋源实验中学\2021.5.27晋源实验中学视频\216110010146 文件不存在!
2021-09-03 12:49:16 WARN  分配文件日志:88 - H:\晋源实验中学\2021.5.27晋源实验中学视频\216110010150 文件不存在!
2021-09-03 12:49:16 WARN  分配文件日志:88 - H:\晋源实验中学\2021.5.27晋源实验中学视频\216110010151 文件不存在!
2021-09-03 12:49:16 WARN  分配文件日志:88 - H:\晋源实验中学\2021.5.27晋源实验中学视频\216110010153_8 文件不存在!
2021-09-03 12:49:16 WARN  分配文件日志:88 - H:\晋源实验中学\2021.5.27晋源实验中学视频\216110010154_8 文件不存在!
2021-09-03 12:49:16 WARN  分配文件日志:88 - H:\晋源实验中学\2021.5.27晋源实验中学视频\216110010155_9 文件不存在!
2021-09-03 12:49:16 WARN  分配文件日志:88 - H:\晋源实验中学\2021.5.27晋源实验中学视频\216110010156_9 文件不存在!
2021-09-03 12:49:16 WARN  分配文件日志:88 - H:\晋源实验中学\2021.5.27晋源实验中学视频\216110010157 文件不存在!
2021-09-03 12:49:16 WARN  分配文件日志:88 - H:\晋源实验中学\2021.5.27晋源实验中学视频\216110010158 文件不存在!
2021-09-03 12:49:16 WARN  分配文件日志:88 - H:\晋源实验中学\2021.5.27晋源实验中学视频\216110010160 文件不存在!
2021-09-03 12:49:16 WARN  分配文件日志:88 - H:\晋源实验中学\2021.5.27晋源实验中学视频\216110010161 文件不存在!
2021-09-03 12:49:16 WARN  分配文件日志:88 - H:\晋源实验中学\2021.5.27晋源实验中学视频\216110010162_8 文件不存在!
2021-09-03 12:49:16 WARN  分配文件日志:88 - H:\晋源实验中学\2021.5.27晋源实验中学视频\216110010164 文件不存在!
2021-09-03 12:49:16 WARN  分配文件日志:88 - H:\晋源实验中学\2021.5.27晋源实验中学视频\216110010165 文件不存在!
2021-09-03 12:49:16 WARN  分配文件日志:88 - H:\晋源实验中学\2021.5.27晋源实验中学视频\216110010166 文件不存在!
2021-09-03 12:49:16 WARN  分配文件日志:88 - H:\晋源实验中学\2021.5.27晋源实验中学视频\216110010167 文件不存在!
2021-09-03 12:49:16 WARN  分配文件日志:88 - H:\晋源实验中学\2021.5.27晋源实验中学视频\216110010170 文件不存在!
2021-09-03 12:49:16 WARN  分配文件日志:88 - H:\晋源实验中学\2021.5.27晋源实验中学视频\216110010172_9 文件不存在!
2021-09-03 12:49:16 WARN  分配文件日志:88 - H:\晋源实验中学\2021.5.27晋源实验中学视频\216110010177_9 文件不存在!
2021-09-03 12:49:16 WARN  分配文件日志:88 - H:\晋源实验中学\2021.5.27晋源实验中学视频\216110010182 文件不存在!
2021-09-03 12:49:16 WARN  分配文件日志:88 - H:\晋源实验中学\2021.5.27晋源实验中学视频\216110010184 文件不存在!
2021-09-03 12:49:16 WARN  分配文件日志:88 - H:\晋源实验中学\2021.5.27晋源实验中学视频\216110010185 文件不存在!
2021-09-03 12:49:16 WARN  分配文件日志:88 - H:\晋源实验中学\2021.5.27晋源实验中学视频\216110010186 文件不存在!
2021-09-03 12:49:16 WARN  分配文件日志:88 - H:\晋源实验中学\2021.5.27晋源实验中学视频\216110010187 文件不存在!
2021-09-03 12:49:16 WARN  分配文件日志:88 - H:\晋源实验中学\2021.5.27晋源实验中学视频\216110010189 文件不存在!
2021-09-03 12:49:16 WARN  分配文件日志:88 - H:\晋源实验中学\2021.5.27晋源实验中学视频\216110010191 文件不存在!
2021-09-03 12:49:16 WARN  分配文件日志:88 - H:\晋源实验中学\2021.5.27晋源实验中学视频\216110010193 文件不存在!
2021-09-03 12:49:16 WARN  分配文件日志:88 - H:\晋源实验中学\2021.5.27晋源实验中学视频\216110010194 文件不存在!
2021-09-03 12:49:16 WARN  分配文件日志:88 - H:\晋源实验中学\2021.5.27晋源实验中学视频\216110010195 文件不存在!
2021-09-03 12:49:16 WARN  分配文件日志:88 - H:\晋源实验中学\2021.5.27晋源实验中学视频\216110010196_8 文件不存在!
2021-09-03 12:49:16 WARN  分配文件日志:88 - H:\晋源实验中学\2021.5.27晋源实验中学视频\216110010197 文件不存在!
2021-09-03 12:49:16 WARN  分配文件日志:88 - H:\晋源实验中学\2021.5.27晋源实验中学视频\216110010198_9 文件不存在!
2021-09-03 12:49:16 WARN  分配文件日志:88 - H:\晋源实验中学\2021.5.27晋源实验中学视频\216110010202 文件不存在!
2021-09-03 12:49:16 WARN  分配文件日志:88 - H:\晋源实验中学\2021.5.27晋源实验中学视频\216110010204_4 文件不存在!
2021-09-03 12:49:16 WARN  分配文件日志:88 - H:\晋源实验中学\2021.5.27晋源实验中学视频\216110010209_9 文件不存在!
2021-09-03 12:49:16 WARN  分配文件日志:88 - H:\晋源实验中学\2021.5.27晋源实验中学视频\216110010210 文件不存在!
2021-09-03 12:49:16 WARN  分配文件日志:88 - H:\晋源实验中学\2021.5.27晋源实验中学视频\216110010211_8 文件不存在!
2021-09-03 12:49:16 WARN  分配文件日志:88 - H:\晋源实验中学\2021.5.27晋源实验中学视频\216110010213 文件不存在!
2021-09-03 12:49:16 WARN  分配文件日志:88 - H:\晋源实验中学\2021.5.27晋源实验中学视频\216110010214 文件不存在!
2021-09-03 12:49:16 WARN  分配文件日志:88 - H:\晋源实验中学\2021.5.27晋源实验中学视频\216110010215 文件不存在!
2021-09-03 12:49:16 WARN  分配文件日志:88 - H:\晋源实验中学\2021.5.27晋源实验中学视频\216110010216 文件不存在!
2021-09-03 12:49:16 WARN  分配文件日志:88 - H:\晋源实验中学\2021.5.27晋源实验中学视频\216110010217 文件不存在!
2021-09-03 12:49:16 WARN  分配文件日志:88 - H:\晋源实验中学\2021.5.27晋源实验中学视频\216110010218 文件不存在!
2021-09-03 12:49:16 WARN  分配文件日志:88 - H:\晋源实验中学\2021.5.27晋源实验中学视频\216110010219 文件不存在!
2021-09-03 12:49:16 WARN  分配文件日志:88 - H:\晋源实验中学\2021.5.27晋源实验中学视频\216110010221 文件不存在!
2021-09-03 12:49:16 WARN  分配文件日志:88 - H:\晋源实验中学\2021.5.27晋源实验中学视频\216110010223 文件不存在!
2021-09-03 12:49:16 WARN  分配文件日志:88 - H:\晋源实验中学\2021.5.27晋源实验中学视频\216110010226_9 文件不存在!
2021-09-03 12:49:16 WARN  分配文件日志:88 - H:\晋源实验中学\2021.5.27晋源实验中学视频\216110010227 文件不存在!
2021-09-03 12:49:16 WARN  分配文件日志:88 - H:\晋源实验中学\2021.5.27晋源实验中学视频\216110010228 文件不存在!
2021-09-03 12:49:16 WARN  分配文件日志:88 - H:\晋源实验中学\2021.5.27晋源实验中学视频\216110010229 文件不存在!
2021-09-03 12:49:16 WARN  分配文件日志:88 - H:\晋源实验中学\2021.5.27晋源实验中学视频\216110010231_9 文件不存在!
2021-09-03 12:49:16 WARN  分配文件日志:88 - H:\晋源实验中学\2021.5.27晋源实验中学视频\216110010233 文件不存在!
2021-09-03 12:49:16 WARN  分配文件日志:88 - H:\晋源实验中学\2021.5.27晋源实验中学视频\216110010237 文件不存在!
2021-09-03 12:49:16 WARN  分配文件日志:88 - H:\晋源实验中学\2021.5.27晋源实验中学视频\216110010240 文件不存在!
2021-09-03 12:49:16 WARN  分配文件日志:88 - H:\晋源实验中学\2021.5.27晋源实验中学视频\216110010241 文件不存在!
2021-09-03 12:49:16 WARN  分配文件日志:88 - H:\晋源实验中学\2021.5.27晋源实验中学视频\216110010242_8 文件不存在!
2021-09-03 12:49:16 WARN  分配文件日志:88 - H:\晋源实验中学\2021.5.27晋源实验中学视频\216110010244 文件不存在!
2021-09-03 12:49:16 WARN  分配文件日志:88 - H:\晋源实验中学\2021.5.27晋源实验中学视频\216110010245 文件不存在!
2021-09-03 12:49:16 WARN  分配文件日志:88 - H:\晋源实验中学\2021.5.27晋源实验中学视频\216110010252 文件不存在!
2021-09-03 12:49:16 WARN  分配文件日志:88 - H:\晋源实验中学\2021.5.27晋源实验中学视频\216110010253 文件不存在!
2021-09-03 12:49:16 WARN  分配文件日志:88 - H:\晋源实验中学\2021.5.27晋源实验中学视频\216110010255 文件不存在!
2021-09-03 12:49:16 WARN  分配文件日志:88 - H:\晋源实验中学\2021.5.27晋源实验中学视频\216110010263 文件不存在!
2021-09-03 12:49:16 WARN  分配文件日志:88 - H:\晋源实验中学\2021.5.27晋源实验中学视频\216110010264 文件不存在!
2021-09-03 12:49:16 WARN  分配文件日志:88 - H:\晋源实验中学\2021.5.27晋源实验中学视频\216110010265_9 文件不存在!
2021-09-03 12:49:16 WARN  分配文件日志:88 - H:\晋源实验中学\2021.5.27晋源实验中学视频\216110010269_8 文件不存在!
2021-09-03 12:49:16 WARN  分配文件日志:88 - H:\晋源实验中学\2021.5.27晋源实验中学视频\216110010271 文件不存在!
2021-09-03 12:49:16 WARN  分配文件日志:88 - H:\晋源实验中学\2021.5.27晋源实验中学视频\216110010272 文件不存在!
2021-09-03 12:49:16 WARN  分配文件日志:88 - H:\晋源实验中学\2021.5.27晋源实验中学视频\216110010276 文件不存在!
2021-09-03 12:49:16 WARN  分配文件日志:88 - H:\晋源实验中学\2021.5.27晋源实验中学视频\216110010277 文件不存在!
2021-09-03 12:49:16 WARN  分配文件日志:88 - H:\晋源实验中学\2021.5.27晋源实验中学视频\216110010278 文件不存在!
2021-09-03 12:49:16 WARN  分配文件日志:88 - H:\晋源实验中学\2021.5.27晋源实验中学视频\216110010280 文件不存在!
2021-09-03 12:49:16 WARN  分配文件日志:88 - H:\晋源实验中学\2021.5.27晋源实验中学视频\216110010282 文件不存在!
2021-09-03 12:49:16 WARN  分配文件日志:88 - H:\晋源实验中学\2021.5.27晋源实验中学视频\216110010283 文件不存在!
2021-09-03 12:49:16 WARN  分配文件日志:88 - H:\晋源实验中学\2021.5.27晋源实验中学视频\216110010286 文件不存在!
2021-09-03 12:49:16 WARN  分配文件日志:88 - H:\晋源实验中学\2021.5.27晋源实验中学视频\216110010287_9 文件不存在!
2021-09-03 12:49:16 WARN  分配文件日志:88 - H:\晋源实验中学\2021.5.27晋源实验中学视频\216110010289 文件不存在!
2021-09-03 12:49:16 WARN  分配文件日志:88 - H:\晋源实验中学\2021.5.27晋源实验中学视频\216110010290 文件不存在!
2021-09-03 12:49:16 WARN  分配文件日志:88 - H:\晋源实验中学\2021.5.27晋源实验中学视频\216110010293 文件不存在!
2021-09-03 12:49:16 WARN  分配文件日志:88 - H:\晋源实验中学\2021.5.27晋源实验中学视频\216110010294_7 文件不存在!
2021-09-03 12:49:16 WARN  分配文件日志:88 - H:\晋源实验中学\2021.5.27晋源实验中学视频\216110010295_7 文件不存在!
2021-09-03 12:49:16 WARN  分配文件日志:88 - H:\晋源实验中学\2021.5.27晋源实验中学视频\216110010296 文件不存在!
2021-09-03 12:49:16 WARN  分配文件日志:88 - H:\晋源实验中学\2021.5.27晋源实验中学视频\216110010297 文件不存在!
2021-09-03 12:49:16 WARN  分配文件日志:88 - H:\晋源实验中学\2021.5.27晋源实验中学视频\216110010300 文件不存在!
2021-09-03 12:49:16 WARN  分配文件日志:88 - H:\晋源实验中学\2021.5.27晋源实验中学视频\216110010305 文件不存在!
2021-09-03 12:49:16 WARN  分配文件日志:88 - H:\晋源实验中学\2021.5.27晋源实验中学视频\216110010308_6 文件不存在!
2021-09-03 12:49:16 WARN  分配文件日志:88 - H:\晋源实验中学\2021.5.27晋源实验中学视频\216110010309 文件不存在!
2021-09-03 12:49:16 WARN  分配文件日志:88 - H:\晋源实验中学\2021.5.27晋源实验中学视频\216110010311_8 文件不存在!
2021-09-03 12:49:16 WARN  分配文件日志:88 - H:\晋源实验中学\2021.5.27晋源实验中学视频\216110010314 文件不存在!
2021-09-03 12:49:16 WARN  分配文件日志:88 - H:\晋源实验中学\2021.5.27晋源实验中学视频\216110010318_9 文件不存在!
2021-09-03 12:49:16 WARN  分配文件日志:88 - H:\晋源实验中学\2021.5.27晋源实验中学视频\216110010319 文件不存在!
2021-09-03 12:49:16 WARN  分配文件日志:88 - H:\晋源实验中学\2021.5.27晋源实验中学视频\216110010320 文件不存在!
2021-09-03 12:49:16 WARN  分配文件日志:88 - H:\晋源实验中学\2021.5.27晋源实验中学视频\216110010321 文件不存在!
2021-09-03 12:49:16 WARN  分配文件日志:88 - H:\晋源实验中学\2021.5.27晋源实验中学视频\216110010322_9 文件不存在!
2021-09-03 12:49:16 WARN  分配文件日志:88 - H:\晋源实验中学\2021.5.27晋源实验中学视频\216110010324 文件不存在!
2021-09-03 12:49:16 WARN  分配文件日志:88 - H:\晋源实验中学\2021.5.27晋源实验中学视频\216110010327 文件不存在!
2021-09-03 12:49:16 WARN  分配文件日志:88 - H:\晋源实验中学\2021.5.27晋源实验中学视频\216110010328 文件不存在!
2021-09-03 12:49:16 WARN  分配文件日志:88 - H:\晋源实验中学\2021.5.27晋源实验中学视频\216110010330 文件不存在!
2021-09-03 12:49:16 WARN  分配文件日志:88 - H:\晋源实验中学\2021.5.27晋源实验中学视频\216110010331 文件不存在!
2021-09-03 12:49:16 WARN  分配文件日志:88 - H:\晋源实验中学\2021.5.27晋源实验中学视频\216110010334_8 文件不存在!
2021-09-03 12:49:16 WARN  分配文件日志:88 - H:\晋源实验中学\2021.5.27晋源实验中学视频\216110010335_8 文件不存在!
2021-09-03 12:49:16 WARN  分配文件日志:88 - H:\晋源实验中学\2021.5.27晋源实验中学视频\216110010336_9 文件不存在!
2021-09-03 12:49:16 WARN  分配文件日志:88 - H:\晋源实验中学\2021.5.27晋源实验中学视频\216110010339 文件不存在!
2021-09-03 12:49:16 WARN  分配文件日志:88 - H:\晋源实验中学\2021.5.27晋源实验中学视频\216110010341 文件不存在!
2021-09-03 12:49:16 WARN  分配文件日志:88 - H:\晋源实验中学\2021.5.27晋源实验中学视频\216110010344 文件不存在!
2021-09-03 12:49:16 WARN  分配文件日志:88 - H:\晋源实验中学\2021.5.27晋源实验中学视频\216110010350 文件不存在!
2021-09-03 12:49:16 WARN  分配文件日志:88 - H:\晋源实验中学\2021.5.27晋源实验中学视频\216110010353 文件不存在!
2021-09-03 12:49:16 WARN  分配文件日志:88 - H:\晋源实验中学\2021.5.27晋源实验中学视频\216110010354 文件不存在!
2021-09-03 12:49:16 WARN  分配文件日志:88 - H:\晋源实验中学\2021.5.27晋源实验中学视频\216110010355 文件不存在!
2021-09-03 12:49:16 WARN  分配文件日志:88 - H:\晋源实验中学\2021.5.27晋源实验中学视频\216110010356_9 文件不存在!
2021-09-03 12:49:16 WARN  分配文件日志:88 - H:\晋源实验中学\2021.5.27晋源实验中学视频\216110010360 文件不存在!
2021-09-03 12:49:16 WARN  分配文件日志:88 - H:\晋源实验中学\2021.5.27晋源实验中学视频\216110010361 文件不存在!
2021-09-03 12:49:16 WARN  分配文件日志:88 - H:\晋源实验中学\2021.5.27晋源实验中学视频\216110010363 文件不存在!
2021-09-03 12:49:16 WARN  分配文件日志:88 - H:\晋源实验中学\2021.5.27晋源实验中学视频\216110010365 文件不存在!
2021-09-03 12:49:16 WARN  分配文件日志:88 - H:\晋源实验中学\2021.5.27晋源实验中学视频\216110010366 文件不存在!
2021-09-03 12:49:16 WARN  分配文件日志:88 - H:\晋源实验中学\2021.5.27晋源实验中学视频\216110010367_8 文件不存在!
2021-09-03 12:49:16 WARN  分配文件日志:88 - H:\晋源实验中学\2021.5.27晋源实验中学视频\216110010368 文件不存在!
2021-09-03 12:49:16 WARN  分配文件日志:88 - H:\晋源实验中学\2021.5.27晋源实验中学视频\216110010371_7 文件不存在!
2021-09-03 12:49:16 WARN  分配文件日志:88 - H:\晋源实验中学\2021.5.27晋源实验中学视频\216110010374 文件不存在!
2021-09-03 12:49:16 WARN  分配文件日志:88 - H:\晋源实验中学\2021.5.27晋源实验中学视频\216110010375 文件不存在!
2021-09-03 12:49:16 WARN  分配文件日志:88 - H:\晋源实验中学\2021.5.27晋源实验中学视频\216110010376 文件不存在!
2021-09-03 12:49:16 WARN  分配文件日志:88 - H:\晋源实验中学\2021.5.27晋源实验中学视频\216110010377_5 文件不存在!
2021-09-03 12:49:16 WARN  分配文件日志:88 - H:\晋源实验中学\2021.5.27晋源实验中学视频\216110010381_8 文件不存在!
2021-09-03 12:49:16 WARN  分配文件日志:88 - H:\晋源实验中学\2021.5.27晋源实验中学视频\216110010382_9 文件不存在!
2021-09-03 12:49:16 WARN  分配文件日志:88 - H:\晋源实验中学\2021.5.27晋源实验中学视频\216110010383 文件不存在!
2021-09-03 12:49:16 WARN  分配文件日志:88 - H:\晋源实验中学\2021.5.27晋源实验中学视频\216110010384 文件不存在!
2021-09-03 12:49:16 WARN  分配文件日志:88 - H:\晋源实验中学\2021.5.27晋源实验中学视频\216110010389 文件不存在!
2021-09-03 12:49:16 WARN  分配文件日志:88 - H:\晋源实验中学\2021.5.27晋源实验中学视频\216110010390 文件不存在!
2021-09-03 12:49:16 WARN  分配文件日志:88 - H:\晋源实验中学\2021.5.27晋源实验中学视频\216110010391 文件不存在!
2021-09-03 12:49:16 WARN  分配文件日志:88 - H:\晋源实验中学\2021.5.27晋源实验中学视频\216110010392 文件不存在!
2021-09-03 12:49:16 WARN  分配文件日志:88 - H:\晋源实验中学\2021.5.27晋源实验中学视频\216110010393 文件不存在!
2021-09-03 12:49:16 WARN  分配文件日志:88 - H:\晋源实验中学\2021.5.27晋源实验中学视频\216110010396 文件不存在!
2021-09-03 12:49:16 WARN  分配文件日志:88 - H:\晋源实验中学\2021.5.27晋源实验中学视频\216110010397 文件不存在!
2021-09-03 12:49:16 WARN  分配文件日志:88 - H:\晋源实验中学\2021.5.27晋源实验中学视频\216110010402 文件不存在!
2021-09-03 12:49:16 WARN  分配文件日志:88 - H:\晋源实验中学\2021.5.27晋源实验中学视频\216110010407 文件不存在!
2021-09-03 12:49:16 WARN  分配文件日志:88 - H:\晋源实验中学\2021.5.27晋源实验中学视频\216110010408 文件不存在!
2021-09-03 12:49:16 WARN  分配文件日志:88 - H:\晋源实验中学\2021.5.27晋源实验中学视频\216110010410_9 文件不存在!
2021-09-03 12:49:16 WARN  分配文件日志:88 - H:\晋源实验中学\2021.5.27晋源实验中学视频\216110010412 文件不存在!
2021-09-03 12:49:16 WARN  分配文件日志:88 - H:\晋源实验中学\2021.5.27晋源实验中学视频\216110010415 文件不存在!
2021-09-03 12:49:16 WARN  分配文件日志:88 - H:\晋源实验中学\2021.5.27晋源实验中学视频\216110010418 文件不存在!
2021-09-03 12:49:16 WARN  分配文件日志:88 - H:\晋源实验中学\2021.5.27晋源实验中学视频\216110010420 文件不存在!
2021-09-03 12:49:16 WARN  分配文件日志:88 - H:\晋源实验中学\2021.5.27晋源实验中学视频\216110010421 文件不存在!
2021-09-03 12:49:16 WARN  分配文件日志:88 - H:\晋源实验中学\2021.5.27晋源实验中学视频\216110010422 文件不存在!
2021-09-03 12:49:16 WARN  分配文件日志:88 - H:\晋源实验中学\2021.5.27晋源实验中学视频\216110010426 文件不存在!
2021-09-03 12:49:16 WARN  分配文件日志:88 - H:\晋源实验中学\2021.5.27晋源实验中学视频\216110010427 文件不存在!
2021-09-03 12:49:16 WARN  分配文件日志:88 - H:\晋源实验中学\2021.5.27晋源实验中学视频\216110010430 文件不存在!
2021-09-03 12:49:16 WARN  分配文件日志:88 - H:\晋源实验中学\2021.5.27晋源实验中学视频\216110010433_9 文件不存在!
2021-09-03 12:49:16 WARN  分配文件日志:88 - H:\晋源实验中学\2021.5.27晋源实验中学视频\216110010434 文件不存在!
2021-09-03 12:49:16 WARN  分配文件日志:88 - H:\晋源实验中学\2021.5.27晋源实验中学视频\216110010435 文件不存在!
2021-09-03 12:49:16 WARN  分配文件日志:88 - H:\晋源实验中学\2021.5.27晋源实验中学视频\216110010436 文件不存在!
2021-09-03 12:49:16 WARN  分配文件日志:88 - H:\晋源实验中学\2021.5.27晋源实验中学视频\216110010437_9 文件不存在!
2021-09-03 12:49:16 WARN  分配文件日志:88 - H:\晋源实验中学\2021.5.27晋源实验中学视频\216110010440 文件不存在!
2021-09-03 12:49:16 WARN  分配文件日志:88 - H:\晋源实验中学\2021.5.27晋源实验中学视频\216110010443 文件不存在!
2021-09-03 12:49:16 WARN  分配文件日志:88 - H:\晋源实验中学\2021.5.27晋源实验中学视频\216110010444_8 文件不存在!
2021-09-03 12:49:16 WARN  分配文件日志:88 - H:\晋源实验中学\2021.5.27晋源实验中学视频\216110010445 文件不存在!
2021-09-03 12:49:16 WARN  分配文件日志:88 - H:\晋源实验中学\2021.5.27晋源实验中学视频\216110010447_9 文件不存在!
2021-09-03 12:49:16 WARN  分配文件日志:88 - H:\晋源实验中学\2021.5.27晋源实验中学视频\216110010448 文件不存在!
2021-09-03 12:49:16 WARN  分配文件日志:88 - H:\晋源实验中学\2021.5.27晋源实验中学视频\216110010449 文件不存在!
2021-09-03 12:49:18 INFO  分配文件日志:101 - H:\晋源实验中学\2021.5.27晋源实验中学视频\216110010453 传输完成
2021-09-03 12:49:18 INFO  分配文件日志:101 - H:\晋源实验中学\2021.5.27晋源实验中学视频\216110010454_9 传输完成
2021-09-03 12:49:19 INFO  分配文件日志:101 - H:\晋源实验中学\2021.5.27晋源实验中学视频\216110010457 传输完成
2021-09-03 12:49:20 INFO  分配文件日志:101 - H:\晋源实验中学\2021.5.27晋源实验中学视频\216110010459 传输完成
2021-09-03 12:49:21 INFO  分配文件日志:101 - H:\晋源实验中学\2021.5.27晋源实验中学视频\216110010461 传输完成
2021-09-03 12:49:21 INFO  分配文件日志:101 - H:\晋源实验中学\2021.5.27晋源实验中学视频\216110010462 传输完成
2021-09-03 12:49:23 INFO  分配文件日志:101 - H:\晋源实验中学\2021.5.27晋源实验中学视频\216110010464 传输完成
2021-09-03 12:49:24 INFO  分配文件日志:101 - H:\晋源实验中学\2021.5.27晋源实验中学视频\216110010467_7 传输完成
2021-09-03 12:49:25 INFO  分配文件日志:101 - H:\晋源实验中学\2021.5.27晋源实验中学视频\216110010470 传输完成
2021-09-03 12:49:26 INFO  分配文件日志:101 - H:\晋源实验中学\2021.5.27晋源实验中学视频\216110010472 传输完成
2021-09-03 12:49:27 INFO  分配文件日志:101 - H:\晋源实验中学\2021.5.27晋源实验中学视频\216110010474_9 传输完成
2021-09-03 12:49:28 INFO  分配文件日志:101 - H:\晋源实验中学\2021.5.27晋源实验中学视频\216110010480 传输完成
2021-09-03 12:49:29 INFO  分配文件日志:101 - H:\晋源实验中学\2021.5.27晋源实验中学视频\216110010481 传输完成
2021-09-03 12:49:30 INFO  分配文件日志:101 - H:\晋源实验中学\2021.5.27晋源实验中学视频\216110010483 传输完成
2021-09-03 12:49:32 INFO  分配文件日志:101 - H:\晋源实验中学\2021.5.27晋源实验中学视频\216110010484_9 传输完成
2021-09-03 12:49:32 INFO  分配文件日志:101 - H:\晋源实验中学\2021.5.27晋源实验中学视频\216110010485 传输完成
2021-09-03 12:49:33 INFO  分配文件日志:101 - H:\晋源实验中学\2021.5.27晋源实验中学视频\216110010486 传输完成
2021-09-03 12:49:35 INFO  分配文件日志:101 - H:\晋源实验中学\2021.5.27晋源实验中学视频\216110010487_9 传输完成
2021-09-03 12:49:36 INFO  分配文件日志:101 - H:\晋源实验中学\2021.5.27晋源实验中学视频\216110010488 传输完成
2021-09-03 12:49:37 INFO  分配文件日志:101 - H:\晋源实验中学\2021.5.27晋源实验中学视频\216110010493_9 传输完成
2021-09-03 12:49:39 INFO  分配文件日志:101 - H:\晋源实验中学\2021.5.27晋源实验中学视频\216110010494_3 传输完成
2021-09-03 12:49:40 INFO  分配文件日志:101 - H:\晋源实验中学\2021.5.27晋源实验中学视频\216110010495_9 传输完成
2021-09-03 12:49:41 INFO  分配文件日志:101 - H:\晋源实验中学\2021.5.27晋源实验中学视频\216110010498 传输完成
2021-09-03 12:49:42 INFO  分配文件日志:101 - H:\晋源实验中学\2021.5.27晋源实验中学视频\216110010499 传输完成
2021-09-03 12:49:43 INFO  分配文件日志:101 - H:\晋源实验中学\2021.5.27晋源实验中学视频\216110010501 传输完成
2021-09-03 12:49:44 INFO  分配文件日志:101 - H:\晋源实验中学\2021.5.27晋源实验中学视频\216110010502 传输完成
2021-09-03 12:49:45 INFO  分配文件日志:101 - H:\晋源实验中学\2021.5.27晋源实验中学视频\216110010503_9 传输完成
2021-09-03 12:49:46 INFO  分配文件日志:101 - H:\晋源实验中学\2021.5.27晋源实验中学视频\216110010504 传输完成
2021-09-03 12:49:47 INFO  分配文件日志:101 - H:\晋源实验中学\2021.5.27晋源实验中学视频\216110010511 传输完成
2021-09-03 12:49:48 INFO  分配文件日志:101 - H:\晋源实验中学\2021.5.27晋源实验中学视频\216110010512 传输完成
2021-09-03 12:49:49 INFO  分配文件日志:101 - H:\晋源实验中学\2021.5.27晋源实验中学视频\216110010514_9 传输完成
2021-09-03 12:49:50 INFO  分配文件日志:101 - H:\晋源实验中学\2021.5.27晋源实验中学视频\216110010515 传输完成
2021-09-03 12:49:50 INFO  分配文件日志:101 - H:\晋源实验中学\2021.5.27晋源实验中学视频\216110010523 传输完成
2021-09-03 12:49:52 INFO  分配文件日志:101 - H:\晋源实验中学\2021.5.27晋源实验中学视频\216110010524 传输完成
2021-09-03 12:49:52 INFO  分配文件日志:101 - H:\晋源实验中学\2021.5.27晋源实验中学视频\216110010525 传输完成
2021-09-03 12:49:53 INFO  分配文件日志:101 - H:\晋源实验中学\2021.5.27晋源实验中学视频\216110010526 传输完成
2021-09-03 12:49:54 INFO  分配文件日志:101 - H:\晋源实验中学\2021.5.27晋源实验中学视频\216110010528 传输完成
2021-09-03 12:49:55 INFO  分配文件日志:101 - H:\晋源实验中学\2021.5.27晋源实验中学视频\216110010529 传输完成
2021-09-03 12:49:56 INFO  分配文件日志:101 - H:\晋源实验中学\2021.5.27晋源实验中学视频\216110010530 传输完成
2021-09-03 12:49:57 INFO  分配文件日志:101 - H:\晋源实验中学\2021.5.27晋源实验中学视频\216110010531 传输完成
2021-09-03 12:49:58 INFO  分配文件日志:101 - H:\晋源实验中学\2021.5.27晋源实验中学视频\216110010533_9 传输完成
2021-09-03 12:49:59 INFO  分配文件日志:101 - H:\晋源实验中学\2021.5.27晋源实验中学视频\216110010536_8 传输完成
2021-09-03 12:50:00 INFO  分配文件日志:101 - H:\晋源实验中学\2021.5.27晋源实验中学视频\216110010539 传输完成
2021-09-03 12:50:01 INFO  分配文件日志:101 - H:\晋源实验中学\2021.5.27晋源实验中学视频\216110010540 传输完成
2021-09-03 12:50:01 INFO  分配文件日志:101 - H:\晋源实验中学\2021.5.27晋源实验中学视频\216110010542 传输完成
2021-09-03 12:50:03 INFO  分配文件日志:101 - H:\晋源实验中学\2021.5.27晋源实验中学视频\216110010545 传输完成
2021-09-03 12:50:04 INFO  分配文件日志:101 - H:\晋源实验中学\2021.5.27晋源实验中学视频\216110010546 传输完成
2021-09-03 12:50:04 INFO  分配文件日志:101 - H:\晋源实验中学\2021.5.27晋源实验中学视频\216110010548 传输完成
2021-09-03 12:50:05 INFO  分配文件日志:101 - H:\晋源实验中学\2021.5.27晋源实验中学视频\216110010551 传输完成
2021-09-03 12:50:06 INFO  分配文件日志:101 - H:\晋源实验中学\2021.5.27晋源实验中学视频\216110010552 传输完成
2021-09-03 12:50:07 INFO  分配文件日志:101 - H:\晋源实验中学\2021.5.27晋源实验中学视频\216110010553 传输完成
2021-09-03 12:50:08 INFO  分配文件日志:101 - H:\晋源实验中学\2021.5.27晋源实验中学视频\216110010554 传输完成
2021-09-03 12:50:09 INFO  分配文件日志:101 - H:\晋源实验中学\2021.5.27晋源实验中学视频\216110010555_6 传输完成
2021-09-03 12:50:10 INFO  分配文件日志:101 - H:\晋源实验中学\2021.5.27晋源实验中学视频\216110010557 传输完成
2021-09-03 12:50:11 INFO  分配文件日志:101 - H:\晋源实验中学\2021.5.27晋源实验中学视频\216110010559 传输完成
2021-09-03 12:50:12 INFO  分配文件日志:101 - H:\晋源实验中学\2021.5.27晋源实验中学视频\216110010561_7 传输完成
2021-09-03 12:50:12 INFO  分配文件日志:101 - H:\晋源实验中学\2021.5.27晋源实验中学视频\216110010562 传输完成
2021-09-03 12:50:14 INFO  分配文件日志:101 - H:\晋源实验中学\2021.5.27晋源实验中学视频\216110010563 传输完成
2021-09-03 12:50:15 INFO  分配文件日志:101 - H:\晋源实验中学\2021.5.27晋源实验中学视频\216110010567 传输完成
2021-09-03 12:50:15 INFO  分配文件日志:101 - H:\晋源实验中学\2021.5.27晋源实验中学视频\216110010568 传输完成
2021-09-03 12:50:16 INFO  分配文件日志:101 - H:\晋源实验中学\2021.5.27晋源实验中学视频\216110010574 传输完成
2021-09-03 12:50:17 INFO  分配文件日志:101 - H:\晋源实验中学\2021.5.27晋源实验中学视频\216110010576_9 传输完成
2021-09-03 12:50:18 INFO  分配文件日志:101 - H:\晋源实验中学\2021.5.27晋源实验中学视频\216110010577 传输完成
2021-09-03 12:50:19 INFO  分配文件日志:101 - H:\晋源实验中学\2021.5.27晋源实验中学视频\216110010578 传输完成
2021-09-03 12:50:20 INFO  分配文件日志:101 - H:\晋源实验中学\2021.5.27晋源实验中学视频\216110010580_9 传输完成
2021-09-03 12:50:21 INFO  分配文件日志:101 - H:\晋源实验中学\2021.5.27晋源实验中学视频\216110010582 传输完成
2021-09-03 12:50:22 INFO  分配文件日志:101 - H:\晋源实验中学\2021.5.27晋源实验中学视频\216110010585 传输完成
2021-09-03 12:50:23 INFO  分配文件日志:101 - H:\晋源实验中学\2021.5.27晋源实验中学视频\216110010586 传输完成
2021-09-03 12:50:24 INFO  分配文件日志:101 - H:\晋源实验中学\2021.5.27晋源实验中学视频\216110010587_9 传输完成
2021-09-03 12:50:26 INFO  分配文件日志:101 - H:\晋源实验中学\2021.5.27晋源实验中学视频\216110010590_6 传输完成
2021-09-03 12:50:27 INFO  分配文件日志:101 - H:\晋源实验中学\2021.5.27晋源实验中学视频\216110010596 传输完成
2021-09-03 12:50:28 INFO  分配文件日志:101 - H:\晋源实验中学\2021.5.27晋源实验中学视频\216110010597 传输完成
2021-09-03 12:50:29 INFO  分配文件日志:101 - H:\晋源实验中学\2021.5.27晋源实验中学视频\216110010598_9 传输完成
2021-09-03 12:50:29 INFO  分配文件日志:101 - H:\晋源实验中学\2021.5.27晋源实验中学视频\216110010599 传输完成
2021-09-03 12:50:31 INFO  分配文件日志:101 - H:\晋源实验中学\2021.5.27晋源实验中学视频\216110010600 传输完成
2021-09-03 12:50:32 INFO  分配文件日志:101 - H:\晋源实验中学\2021.5.27晋源实验中学视频\216110010603 传输完成
2021-09-03 12:50:33 INFO  分配文件日志:101 - H:\晋源实验中学\2021.5.27晋源实验中学视频\216110010604 传输完成
2021-09-03 12:50:34 INFO  分配文件日志:101 - H:\晋源实验中学\2021.5.27晋源实验中学视频\216110010607 传输完成
2021-09-03 12:50:35 INFO  分配文件日志:101 - H:\晋源实验中学\2021.5.27晋源实验中学视频\216110010609 传输完成
2021-09-03 12:50:35 INFO  分配文件日志:101 - H:\晋源实验中学\2021.5.27晋源实验中学视频\216110010613 传输完成
2021-09-03 12:50:36 INFO  分配文件日志:101 - H:\晋源实验中学\2021.5.27晋源实验中学视频\216110010617 传输完成
2021-09-03 12:50:37 INFO  分配文件日志:101 - H:\晋源实验中学\2021.5.27晋源实验中学视频\216110010619 传输完成
2021-09-03 12:50:38 INFO  分配文件日志:101 - H:\晋源实验中学\2021.5.27晋源实验中学视频\216110010620 传输完成
2021-09-03 12:50:38 INFO  分配文件日志:101 - H:\晋源实验中学\2021.5.27晋源实验中学视频\216110010621 传输完成
2021-09-03 12:50:39 INFO  分配文件日志:101 - H:\晋源实验中学\2021.5.27晋源实验中学视频\216110010623 传输完成
2021-09-03 12:50:40 INFO  分配文件日志:101 - H:\晋源实验中学\2021.5.27晋源实验中学视频\216110010624 传输完成
2021-09-03 12:50:42 INFO  分配文件日志:101 - H:\晋源实验中学\2021.5.27晋源实验中学视频\216110010625 传输完成
2021-09-03 12:50:43 INFO  分配文件日志:101 - H:\晋源实验中学\2021.5.27晋源实验中学视频\216110010628 传输完成
2021-09-03 12:50:44 INFO  分配文件日志:101 - H:\晋源实验中学\2021.5.27晋源实验中学视频\216110010630 传输完成
2021-09-03 12:50:45 INFO  分配文件日志:101 - H:\晋源实验中学\2021.5.27晋源实验中学视频\216110010631 传输完成
2021-09-03 12:50:46 INFO  分配文件日志:101 - H:\晋源实验中学\2021.5.27晋源实验中学视频\216110010634_7 传输完成
2021-09-03 12:50:47 INFO  分配文件日志:101 - H:\晋源实验中学\2021.5.27晋源实验中学视频\216110010635 传输完成
2021-09-03 12:50:48 INFO  分配文件日志:101 - H:\晋源实验中学\2021.5.27晋源实验中学视频\216110010640 传输完成
2021-09-03 12:50:48 WARN  分配文件日志:88 - H:\晋源实验中学\2021.5.27晋源实验中学视频\216110040004 文件不存在!
2021-09-03 12:50:48 WARN  分配文件日志:88 - H:\晋源实验中学\2021.5.27晋源实验中学视频\216110040007 文件不存在!
2021-09-03 12:50:48 WARN  分配文件日志:88 - H:\晋源实验中学\2021.5.27晋源实验中学视频\216110040009 文件不存在!
2021-09-03 12:50:48 WARN  分配文件日志:88 - H:\晋源实验中学\2021.5.27晋源实验中学视频\216110040014 文件不存在!
2021-09-03 12:50:48 WARN  分配文件日志:88 - H:\晋源实验中学\2021.5.27晋源实验中学视频\216110040017 文件不存在!
2021-09-03 12:50:48 WARN  分配文件日志:88 - H:\晋源实验中学\2021.5.27晋源实验中学视频\216110040018 文件不存在!
2021-09-03 12:50:48 WARN  分配文件日志:88 - H:\晋源实验中学\2021.5.27晋源实验中学视频\216110040021 文件不存在!
2021-09-03 12:50:48 WARN  分配文件日志:88 - H:\晋源实验中学\2021.5.27晋源实验中学视频\216110040022 文件不存在!
2021-09-03 12:50:48 WARN  分配文件日志:88 - H:\晋源实验中学\2021.5.27晋源实验中学视频\216110040024 文件不存在!
2021-09-03 12:50:48 WARN  分配文件日志:88 - H:\晋源实验中学\2021.5.27晋源实验中学视频\216110040025 文件不存在!
2021-09-03 12:50:48 WARN  分配文件日志:88 - H:\晋源实验中学\2021.5.27晋源实验中学视频\216110040026 文件不存在!
2021-09-03 12:50:48 WARN  分配文件日志:88 - H:\晋源实验中学\2021.5.27晋源实验中学视频\216110040028 文件不存在!
2021-09-03 12:50:48 WARN  分配文件日志:88 - H:\晋源实验中学\2021.5.27晋源实验中学视频\216110040029 文件不存在!
2021-09-03 12:50:48 WARN  分配文件日志:88 - H:\晋源实验中学\2021.5.27晋源实验中学视频\216110040031 文件不存在!
2021-09-03 12:50:48 WARN  分配文件日志:88 - H:\晋源实验中学\2021.5.27晋源实验中学视频\216110040032 文件不存在!
2021-09-03 12:50:48 WARN  分配文件日志:88 - H:\晋源实验中学\2021.5.27晋源实验中学视频\216110040035 文件不存在!
2021-09-03 12:50:48 WARN  分配文件日志:88 - H:\晋源实验中学\2021.5.27晋源实验中学视频\216110040037 文件不存在!
2021-09-03 12:50:48 WARN  分配文件日志:88 - H:\晋源实验中学\2021.5.27晋源实验中学视频\216110040040 文件不存在!
2021-09-03 12:50:48 WARN  分配文件日志:88 - H:\晋源实验中学\2021.5.27晋源实验中学视频\216110040041 文件不存在!
2021-09-03 12:50:48 WARN  分配文件日志:88 - H:\晋源实验中学\2021.5.27晋源实验中学视频\216110040042 文件不存在!
2021-09-03 12:50:48 WARN  分配文件日志:88 - H:\晋源实验中学\2021.5.27晋源实验中学视频\216110040044 文件不存在!
2021-09-03 12:50:48 WARN  分配文件日志:88 - H:\晋源实验中学\2021.5.27晋源实验中学视频\216110040045 文件不存在!
2021-09-03 12:50:48 WARN  分配文件日志:88 - H:\晋源实验中学\2021.5.27晋源实验中学视频\216110040046 文件不存在!
2021-09-03 12:50:48 WARN  分配文件日志:88 - H:\晋源实验中学\2021.5.27晋源实验中学视频\216110040048 文件不存在!
2021-09-03 12:50:48 WARN  分配文件日志:88 - H:\晋源实验中学\2021.5.27晋源实验中学视频\216110040049 文件不存在!
2021-09-03 12:50:48 WARN  分配文件日志:88 - H:\晋源实验中学\2021.5.27晋源实验中学视频\216110040050 文件不存在!
2021-09-03 12:50:48 WARN  分配文件日志:88 - H:\晋源实验中学\2021.5.27晋源实验中学视频\216110040052_9 文件不存在!
2021-09-03 12:50:48 WARN  分配文件日志:88 - H:\晋源实验中学\2021.5.27晋源实验中学视频\216110040055 文件不存在!
2021-09-03 12:50:48 WARN  分配文件日志:88 - H:\晋源实验中学\2021.5.27晋源实验中学视频\216110040056 文件不存在!
2021-09-03 12:50:48 WARN  分配文件日志:88 - H:\晋源实验中学\2021.5.27晋源实验中学视频\216110040058 文件不存在!
2021-09-03 12:50:48 WARN  分配文件日志:88 - H:\晋源实验中学\2021.5.27晋源实验中学视频\216110040061_7 文件不存在!
2021-09-03 12:50:48 WARN  分配文件日志:88 - H:\晋源实验中学\2021.5.27晋源实验中学视频\216110040063 文件不存在!
2021-09-03 12:50:48 WARN  分配文件日志:88 - H:\晋源实验中学\2021.5.27晋源实验中学视频\216110040065 文件不存在!
2021-09-03 12:50:48 WARN  分配文件日志:88 - H:\晋源实验中学\2021.5.27晋源实验中学视频\216110040069 文件不存在!
2021-09-03 12:50:48 WARN  分配文件日志:88 - H:\晋源实验中学\2021.5.27晋源实验中学视频\216110040070 文件不存在!
2021-09-03 12:50:48 WARN  分配文件日志:88 - H:\晋源实验中学\2021.5.27晋源实验中学视频\216110040072 文件不存在!
2021-09-03 12:50:48 WARN  分配文件日志:88 - H:\晋源实验中学\2021.5.27晋源实验中学视频\216110040074 文件不存在!
2021-09-03 12:50:48 WARN  分配文件日志:88 - H:\晋源实验中学\2021.5.27晋源实验中学视频\216110040075_9 文件不存在!
2021-09-03 12:50:48 WARN  分配文件日志:88 - H:\晋源实验中学\2021.5.27晋源实验中学视频\216110040077 文件不存在!
2021-09-03 12:50:48 WARN  分配文件日志:88 - H:\晋源实验中学\2021.5.27晋源实验中学视频\216110040079_9 文件不存在!
2021-09-03 12:50:48 WARN  分配文件日志:88 - H:\晋源实验中学\2021.5.27晋源实验中学视频\216110040080_9 文件不存在!
2021-09-03 12:50:48 WARN  分配文件日志:88 - H:\晋源实验中学\2021.5.27晋源实验中学视频\216110040081 文件不存在!
2021-09-03 12:50:48 WARN  分配文件日志:88 - H:\晋源实验中学\2021.5.27晋源实验中学视频\216110040082 文件不存在!
2021-09-03 12:50:48 WARN  分配文件日志:88 - H:\晋源实验中学\2021.5.27晋源实验中学视频\216110040083 文件不存在!
2021-09-03 12:50:48 WARN  分配文件日志:88 - H:\晋源实验中学\2021.5.27晋源实验中学视频\216110040086 文件不存在!
2021-09-03 12:50:48 WARN  分配文件日志:88 - H:\晋源实验中学\2021.5.27晋源实验中学视频\216110040090 文件不存在!
2021-09-03 12:50:48 WARN  分配文件日志:88 - H:\晋源实验中学\2021.5.27晋源实验中学视频\216110040093 文件不存在!
2021-09-03 12:50:48 WARN  分配文件日志:88 - H:\晋源实验中学\2021.5.27晋源实验中学视频\216110040094 文件不存在!
2021-09-03 12:50:48 WARN  分配文件日志:88 - H:\晋源实验中学\2021.5.27晋源实验中学视频\216110040102 文件不存在!
2021-09-03 12:50:48 WARN  分配文件日志:88 - H:\晋源实验中学\2021.5.27晋源实验中学视频\216110040103 文件不存在!
2021-09-03 12:50:48 WARN  分配文件日志:88 - H:\晋源实验中学\2021.5.27晋源实验中学视频\216110040105 文件不存在!
2021-09-03 12:50:48 WARN  分配文件日志:88 - H:\晋源实验中学\2021.5.27晋源实验中学视频\216110040106_8 文件不存在!
2021-09-03 12:50:48 WARN  分配文件日志:88 - H:\晋源实验中学\2021.5.27晋源实验中学视频\216110040110 文件不存在!
2021-09-03 12:50:48 WARN  分配文件日志:88 - H:\晋源实验中学\2021.5.27晋源实验中学视频\216110040112_6 文件不存在!
2021-09-03 12:50:48 WARN  分配文件日志:88 - H:\晋源实验中学\2021.5.27晋源实验中学视频\216110040113 文件不存在!
2021-09-03 12:50:48 WARN  分配文件日志:88 - H:\晋源实验中学\2021.5.27晋源实验中学视频\216110040114_9 文件不存在!
2021-09-03 12:50:48 WARN  分配文件日志:88 - H:\晋源实验中学\2021.5.27晋源实验中学视频\216110040118 文件不存在!
2021-09-03 12:50:48 WARN  分配文件日志:88 - H:\晋源实验中学\2021.5.27晋源实验中学视频\216110040120 文件不存在!
2021-09-03 12:50:48 WARN  分配文件日志:88 - H:\晋源实验中学\2021.5.27晋源实验中学视频\216110040121 文件不存在!
2021-09-03 12:50:48 WARN  分配文件日志:88 - H:\晋源实验中学\2021.5.27晋源实验中学视频\216110040122 文件不存在!
2021-09-03 12:50:48 WARN  分配文件日志:88 - H:\晋源实验中学\2021.5.27晋源实验中学视频\216110040123 文件不存在!
2021-09-03 12:50:48 WARN  分配文件日志:88 - H:\晋源实验中学\2021.5.27晋源实验中学视频\216110040127 文件不存在!
2021-09-03 12:50:48 WARN  分配文件日志:88 - H:\晋源实验中学\2021.5.27晋源实验中学视频\216110040129 文件不存在!
2021-09-03 12:50:48 WARN  分配文件日志:88 - H:\晋源实验中学\2021.5.27晋源实验中学视频\216110040130 文件不存在!
2021-09-03 12:50:48 WARN  分配文件日志:88 - H:\晋源实验中学\2021.5.27晋源实验中学视频\216110040131_7 文件不存在!
2021-09-03 12:50:48 WARN  分配文件日志:88 - H:\晋源实验中学\2021.5.27晋源实验中学视频\216110958001 文件不存在!
2021-09-03 12:50:48 WARN  分配文件日志:88 - H:\晋源实验中学\2021.5.27晋源实验中学视频\216110958002 文件不存在!
2021-09-03 12:50:48 WARN  分配文件日志:88 - H:\晋源实验中学\2021.5.27晋源实验中学视频\216110958003 文件不存在!
2021-09-03 12:50:48 WARN  分配文件日志:88 - H:\晋源实验中学\2021.5.27晋源实验中学视频\216110958004 文件不存在!
2021-09-03 12:50:48 WARN  分配文件日志:88 - H:\晋源实验中学\2021.5.27晋源实验中学视频\216110958005 文件不存在!
2021-09-03 12:50:48 WARN  分配文件日志:88 - H:\晋源实验中学\2021.5.27晋源实验中学视频\216110958009 文件不存在!
2021-09-03 12:50:48 WARN  分配文件日志:88 - H:\晋源实验中学\2021.5.27晋源实验中学视频\216110958013 文件不存在!
2021-09-03 12:50:48 WARN  分配文件日志:88 - H:\晋源实验中学\2021.5.27晋源实验中学视频\216110958017_9 文件不存在!
2021-09-03 12:50:48 WARN  分配文件日志:88 - H:\晋源实验中学\2021.5.27晋源实验中学视频\216110958020 文件不存在!
2021-09-03 12:50:48 WARN  分配文件日志:88 - H:\晋源实验中学\2021.5.27晋源实验中学视频\216110958021 文件不存在!
2021-09-03 12:50:48 WARN  分配文件日志:88 - H:\晋源实验中学\2021.5.27晋源实验中学视频\216110958022 文件不存在!
2021-09-03 12:50:48 WARN  分配文件日志:88 - H:\晋源实验中学\2021.5.27晋源实验中学视频\216110958023 文件不存在!
2021-09-03 12:50:48 WARN  分配文件日志:88 - H:\晋源实验中学\2021.5.27晋源实验中学视频\216110958026 文件不存在!
2021-09-03 12:50:48 WARN  分配文件日志:88 - H:\晋源实验中学\2021.5.27晋源实验中学视频\216110958028_9 文件不存在!
2021-09-03 12:50:48 WARN  分配文件日志:88 - H:\晋源实验中学\2021.5.27晋源实验中学视频\216110958029 文件不存在!
2021-09-03 12:50:48 WARN  分配文件日志:88 - H:\晋源实验中学\2021.5.27晋源实验中学视频\216110958030 文件不存在!
2021-09-03 12:50:48 WARN  分配文件日志:88 - H:\晋源实验中学\2021.5.27晋源实验中学视频\216110958039 文件不存在!
2021-09-03 12:50:48 WARN  分配文件日志:88 - H:\晋源实验中学\2021.5.27晋源实验中学视频\216110958040 文件不存在!
2021-09-03 12:50:48 WARN  分配文件日志:88 - H:\晋源实验中学\2021.5.27晋源实验中学视频\216110958042_8 文件不存在!
2021-09-03 12:50:48 WARN  分配文件日志:88 - H:\晋源实验中学\2021.5.27晋源实验中学视频\216110958045_9 文件不存在!
2021-09-03 12:50:48 WARN  分配文件日志:88 - H:\晋源实验中学\2021.5.27晋源实验中学视频\216110958047 文件不存在!
2021-09-03 12:50:48 WARN  分配文件日志:88 - H:\晋源实验中学\2021.5.27晋源实验中学视频\216110958049_9 文件不存在!
2021-09-03 12:50:48 WARN  分配文件日志:88 - H:\晋源实验中学\2021.5.27晋源实验中学视频\216110958050_8 文件不存在!
2021-09-03 12:50:48 WARN  分配文件日志:88 - H:\晋源实验中学\2021.5.27晋源实验中学视频\216110958051 文件不存在!
2021-09-03 12:50:48 WARN  分配文件日志:88 - H:\晋源实验中学\2021.5.27晋源实验中学视频\216110958052 文件不存在!
2021-09-03 12:50:48 WARN  分配文件日志:88 - H:\晋源实验中学\2021.5.27晋源实验中学视频\216110958054 文件不存在!
2021-09-03 12:50:48 WARN  分配文件日志:88 - H:\晋源实验中学\2021.5.27晋源实验中学视频\216110958056 文件不存在!
2021-09-03 12:50:48 WARN  分配文件日志:88 - H:\晋源实验中学\2021.5.27晋源实验中学视频\216110958057 文件不存在!
2021-09-03 12:50:48 WARN  分配文件日志:88 - H:\晋源实验中学\2021.5.27晋源实验中学视频\216110958058 文件不存在!
2021-09-03 12:50:48 WARN  分配文件日志:88 - H:\晋源实验中学\2021.5.27晋源实验中学视频\216110958059_9 文件不存在!
2021-09-03 12:50:48 WARN  分配文件日志:88 - H:\晋源实验中学\2021.5.27晋源实验中学视频\216110958060 文件不存在!
2021-09-03 12:50:48 WARN  分配文件日志:88 - H:\晋源实验中学\2021.5.27晋源实验中学视频\216110958064 文件不存在!
2021-09-03 12:50:48 WARN  分配文件日志:88 - H:\晋源实验中学\2021.5.27晋源实验中学视频\216110958065 文件不存在!
2021-09-03 12:50:48 WARN  分配文件日志:88 - H:\晋源实验中学\2021.5.27晋源实验中学视频\216110958066 文件不存在!
2021-09-03 12:50:48 WARN  分配文件日志:88 - H:\晋源实验中学\2021.5.27晋源实验中学视频\216110958067_9 文件不存在!
2021-09-03 12:50:48 WARN  分配文件日志:88 - H:\晋源实验中学\2021.5.27晋源实验中学视频\216110958069 文件不存在!
2021-09-03 12:50:48 WARN  分配文件日志:88 - H:\晋源实验中学\2021.5.27晋源实验中学视频\216110958070 文件不存在!
2021-09-03 12:50:48 WARN  分配文件日志:88 - H:\晋源实验中学\2021.5.27晋源实验中学视频\216110958073 文件不存在!
2021-09-03 12:50:48 WARN  分配文件日志:88 - H:\晋源实验中学\2021.5.27晋源实验中学视频\216110958076 文件不存在!
2021-09-03 12:50:48 WARN  分配文件日志:88 - H:\晋源实验中学\2021.5.27晋源实验中学视频\216110958077 文件不存在!
2021-09-03 12:50:48 WARN  分配文件日志:88 - H:\晋源实验中学\2021.5.27晋源实验中学视频\216110958081 文件不存在!
2021-09-03 12:50:48 WARN  分配文件日志:88 - H:\晋源实验中学\2021.5.27晋源实验中学视频\216110958082 文件不存在!
2021-09-03 12:50:48 WARN  分配文件日志:88 - H:\晋源实验中学\2021.5.27晋源实验中学视频\216110958083_9 文件不存在!
2021-09-03 12:50:48 WARN  分配文件日志:88 - H:\晋源实验中学\2021.5.27晋源实验中学视频\216110958086 文件不存在!
2021-09-03 12:50:48 WARN  分配文件日志:88 - H:\晋源实验中学\2021.5.27晋源实验中学视频\216110958087_8 文件不存在!
2021-09-03 12:50:48 WARN  分配文件日志:88 - H:\晋源实验中学\2021.5.27晋源实验中学视频\216110958092_9 文件不存在!
2021-09-03 12:50:48 WARN  分配文件日志:88 - H:\晋源实验中学\2021.5.27晋源实验中学视频\216110958093 文件不存在!
2021-09-03 12:50:48 WARN  分配文件日志:88 - H:\晋源实验中学\2021.5.27晋源实验中学视频\216110958095 文件不存在!
2021-09-03 12:50:48 WARN  分配文件日志:88 - H:\晋源实验中学\2021.5.27晋源实验中学视频\216110958097 文件不存在!
2021-09-03 12:50:48 WARN  分配文件日志:88 - H:\晋源实验中学\2021.5.27晋源实验中学视频\216110958098_9 文件不存在!
2021-09-03 12:50:48 WARN  分配文件日志:88 - H:\晋源实验中学\2021.5.27晋源实验中学视频\216110958099_9 文件不存在!
2021-09-03 12:50:48 WARN  分配文件日志:88 - H:\晋源实验中学\2021.5.27晋源实验中学视频\216110958103 文件不存在!
2021-09-03 12:50:48 WARN  分配文件日志:88 - H:\晋源实验中学\2021.5.27晋源实验中学视频\216110958104 文件不存在!
2021-09-03 12:50:48 WARN  分配文件日志:88 - H:\晋源实验中学\2021.5.27晋源实验中学视频\216110958108_8 文件不存在!
2021-09-03 12:50:48 WARN  分配文件日志:88 - H:\晋源实验中学\2021.5.27晋源实验中学视频\216110958109_4 文件不存在!
2021-09-03 12:50:48 WARN  分配文件日志:88 - H:\晋源实验中学\2021.5.27晋源实验中学视频\216110958110 文件不存在!
2021-09-03 12:50:48 WARN  分配文件日志:88 - H:\晋源实验中学\2021.5.27晋源实验中学视频\216110958111_9 文件不存在!
2021-09-03 12:50:48 WARN  分配文件日志:88 - H:\晋源实验中学\2021.5.27晋源实验中学视频\216110958114 文件不存在!
2021-09-03 12:50:48 WARN  分配文件日志:88 - H:\晋源实验中学\2021.5.27晋源实验中学视频\216110958116 文件不存在!
2021-09-03 12:50:48 WARN  分配文件日志:88 - H:\晋源实验中学\2021.5.27晋源实验中学视频\216110958117 文件不存在!
2021-09-03 12:50:48 WARN  分配文件日志:88 - H:\晋源实验中学\2021.5.27晋源实验中学视频\216110958118_9 文件不存在!
2021-09-03 12:50:48 WARN  分配文件日志:88 - H:\晋源实验中学\2021.5.27晋源实验中学视频\216110958119 文件不存在!
2021-09-03 12:50:48 WARN  分配文件日志:88 - H:\晋源实验中学\2021.5.27晋源实验中学视频\216110958120 文件不存在!
2021-09-03 12:50:48 WARN  分配文件日志:88 - H:\晋源实验中学\2021.5.27晋源实验中学视频\216110958123 文件不存在!
2021-09-03 12:50:48 WARN  分配文件日志:88 - H:\晋源实验中学\2021.5.27晋源实验中学视频\216110958124_9 文件不存在!
2021-09-03 12:50:48 WARN  分配文件日志:88 - H:\晋源实验中学\2021.5.27晋源实验中学视频\216110958126 文件不存在!
2021-09-03 12:50:48 WARN  分配文件日志:88 - H:\晋源实验中学\2021.5.27晋源实验中学视频\216110958127 文件不存在!
2021-09-03 12:50:48 WARN  分配文件日志:88 - H:\晋源实验中学\2021.5.27晋源实验中学视频\216110958130 文件不存在!
2021-09-03 12:50:48 WARN  分配文件日志:88 - H:\晋源实验中学\2021.5.27晋源实验中学视频\216110970002 文件不存在!
2021-09-03 12:50:48 WARN  分配文件日志:88 - H:\晋源实验中学\2021.5.27晋源实验中学视频\216110970005_4 文件不存在!
2021-09-03 12:50:48 WARN  分配文件日志:88 - H:\晋源实验中学\2021.5.27晋源实验中学视频\216110010002 文件不存在!
2021-09-03 12:50:48 WARN  分配文件日志:88 - H:\晋源实验中学\2021.5.27晋源实验中学视频\216110010003 文件不存在!
2021-09-03 12:50:48 WARN  分配文件日志:88 - H:\晋源实验中学\2021.5.27晋源实验中学视频\216110010004 文件不存在!
2021-09-03 12:50:48 WARN  分配文件日志:88 - H:\晋源实验中学\2021.5.27晋源实验中学视频\216110010005_9 文件不存在!
2021-09-03 12:50:48 WARN  分配文件日志:88 - H:\晋源实验中学\2021.5.27晋源实验中学视频\216110010007 文件不存在!
2021-09-03 12:50:48 WARN  分配文件日志:88 - H:\晋源实验中学\2021.5.27晋源实验中学视频\216110010011 文件不存在!
2021-09-03 12:50:48 WARN  分配文件日志:88 - H:\晋源实验中学\2021.5.27晋源实验中学视频\216110010012 文件不存在!
2021-09-03 12:50:48 WARN  分配文件日志:88 - H:\晋源实验中学\2021.5.27晋源实验中学视频\216110010013_8 文件不存在!
2021-09-03 12:50:48 WARN  分配文件日志:88 - H:\晋源实验中学\2021.5.27晋源实验中学视频\216110010019 文件不存在!
2021-09-03 12:50:48 WARN  分配文件日志:88 - H:\晋源实验中学\2021.5.27晋源实验中学视频\216110010023 文件不存在!
2021-09-03 12:50:48 WARN  分配文件日志:88 - H:\晋源实验中学\2021.5.27晋源实验中学视频\216110010024 文件不存在!
2021-09-03 12:50:48 WARN  分配文件日志:88 - H:\晋源实验中学\2021.5.27晋源实验中学视频\216110010025_9 文件不存在!
2021-09-03 12:50:48 WARN  分配文件日志:88 - H:\晋源实验中学\2021.5.27晋源实验中学视频\216110010026 文件不存在!
2021-09-03 12:50:48 WARN  分配文件日志:88 - H:\晋源实验中学\2021.5.27晋源实验中学视频\216110010028 文件不存在!
2021-09-03 12:50:48 WARN  分配文件日志:88 - H:\晋源实验中学\2021.5.27晋源实验中学视频\216110010030 文件不存在!
2021-09-03 12:50:48 WARN  分配文件日志:88 - H:\晋源实验中学\2021.5.27晋源实验中学视频\216110010031 文件不存在!
2021-09-03 12:50:48 WARN  分配文件日志:88 - H:\晋源实验中学\2021.5.27晋源实验中学视频\216110010033 文件不存在!
2021-09-03 12:50:48 WARN  分配文件日志:88 - H:\晋源实验中学\2021.5.27晋源实验中学视频\216110010036 文件不存在!
2021-09-03 12:50:48 WARN  分配文件日志:88 - H:\晋源实验中学\2021.5.27晋源实验中学视频\216110010037 文件不存在!
2021-09-03 12:50:48 WARN  分配文件日志:88 - H:\晋源实验中学\2021.5.27晋源实验中学视频\216110010038_9 文件不存在!
2021-09-03 12:50:48 WARN  分配文件日志:88 - H:\晋源实验中学\2021.5.27晋源实验中学视频\216110010042_9 文件不存在!
2021-09-03 12:50:48 WARN  分配文件日志:88 - H:\晋源实验中学\2021.5.27晋源实验中学视频\216110010044 文件不存在!
2021-09-03 12:50:48 WARN  分配文件日志:88 - H:\晋源实验中学\2021.5.27晋源实验中学视频\216110010047 文件不存在!
2021-09-03 12:50:48 WARN  分配文件日志:88 - H:\晋源实验中学\2021.5.27晋源实验中学视频\216110010048_8 文件不存在!
2021-09-03 12:50:48 WARN  分配文件日志:88 - H:\晋源实验中学\2021.5.27晋源实验中学视频\216110010051_9 文件不存在!
2021-09-03 12:50:48 WARN  分配文件日志:88 - H:\晋源实验中学\2021.5.27晋源实验中学视频\216110010054_9 文件不存在!
2021-09-03 12:50:48 WARN  分配文件日志:88 - H:\晋源实验中学\2021.5.27晋源实验中学视频\216110010055 文件不存在!
2021-09-03 12:50:48 WARN  分配文件日志:88 - H:\晋源实验中学\2021.5.27晋源实验中学视频\216110010060 文件不存在!
2021-09-03 12:50:48 WARN  分配文件日志:88 - H:\晋源实验中学\2021.5.27晋源实验中学视频\216110010061 文件不存在!
2021-09-03 12:50:48 WARN  分配文件日志:88 - H:\晋源实验中学\2021.5.27晋源实验中学视频\216110010062 文件不存在!
2021-09-03 12:50:48 WARN  分配文件日志:88 - H:\晋源实验中学\2021.5.27晋源实验中学视频\216110010063 文件不存在!
2021-09-03 12:50:48 WARN  分配文件日志:88 - H:\晋源实验中学\2021.5.27晋源实验中学视频\216110010065 文件不存在!
2021-09-03 12:50:48 WARN  分配文件日志:88 - H:\晋源实验中学\2021.5.27晋源实验中学视频\216110010067 文件不存在!
2021-09-03 12:50:48 WARN  分配文件日志:88 - H:\晋源实验中学\2021.5.27晋源实验中学视频\216110010071 文件不存在!
2021-09-03 12:50:48 WARN  分配文件日志:88 - H:\晋源实验中学\2021.5.27晋源实验中学视频\216110010073 文件不存在!
2021-09-03 12:50:48 WARN  分配文件日志:88 - H:\晋源实验中学\2021.5.27晋源实验中学视频\216110010074 文件不存在!
2021-09-03 12:50:48 WARN  分配文件日志:88 - H:\晋源实验中学\2021.5.27晋源实验中学视频\216110010075_7 文件不存在!
2021-09-03 12:50:48 WARN  分配文件日志:88 - H:\晋源实验中学\2021.5.27晋源实验中学视频\216110010079 文件不存在!
2021-09-03 12:50:48 WARN  分配文件日志:88 - H:\晋源实验中学\2021.5.27晋源实验中学视频\216110010080 文件不存在!
2021-09-03 12:50:48 WARN  分配文件日志:88 - H:\晋源实验中学\2021.5.27晋源实验中学视频\216110010084 文件不存在!
2021-09-03 12:50:48 WARN  分配文件日志:88 - H:\晋源实验中学\2021.5.27晋源实验中学视频\216110010085 文件不存在!
2021-09-03 12:50:48 WARN  分配文件日志:88 - H:\晋源实验中学\2021.5.27晋源实验中学视频\216110010086 文件不存在!
2021-09-03 12:50:48 WARN  分配文件日志:88 - H:\晋源实验中学\2021.5.27晋源实验中学视频\216110010089 文件不存在!
2021-09-03 12:50:48 WARN  分配文件日志:88 - H:\晋源实验中学\2021.5.27晋源实验中学视频\216110010091_9 文件不存在!
2021-09-03 12:50:48 WARN  分配文件日志:88 - H:\晋源实验中学\2021.5.27晋源实验中学视频\216110010092 文件不存在!
2021-09-03 12:50:48 WARN  分配文件日志:88 - H:\晋源实验中学\2021.5.27晋源实验中学视频\216110010095 文件不存在!
2021-09-03 12:50:48 WARN  分配文件日志:88 - H:\晋源实验中学\2021.5.27晋源实验中学视频\216110010096_7 文件不存在!
2021-09-03 12:50:48 WARN  分配文件日志:88 - H:\晋源实验中学\2021.5.27晋源实验中学视频\216110010097 文件不存在!
2021-09-03 12:50:48 WARN  分配文件日志:88 - H:\晋源实验中学\2021.5.27晋源实验中学视频\216110010099 文件不存在!
2021-09-03 12:50:48 WARN  分配文件日志:88 - H:\晋源实验中学\2021.5.27晋源实验中学视频\216110010101_9 文件不存在!
2021-09-03 12:50:48 WARN  分配文件日志:88 - H:\晋源实验中学\2021.5.27晋源实验中学视频\216110010102 文件不存在!
2021-09-03 12:50:48 WARN  分配文件日志:88 - H:\晋源实验中学\2021.5.27晋源实验中学视频\216110010103 文件不存在!
2021-09-03 12:50:48 WARN  分配文件日志:88 - H:\晋源实验中学\2021.5.27晋源实验中学视频\216110010104 文件不存在!
2021-09-03 12:50:48 WARN  分配文件日志:88 - H:\晋源实验中学\2021.5.27晋源实验中学视频\216110010107 文件不存在!
2021-09-03 12:50:48 WARN  分配文件日志:88 - H:\晋源实验中学\2021.5.27晋源实验中学视频\216110010112 文件不存在!
2021-09-03 12:50:48 WARN  分配文件日志:88 - H:\晋源实验中学\2021.5.27晋源实验中学视频\216110010113 文件不存在!
2021-09-03 12:50:48 WARN  分配文件日志:88 - H:\晋源实验中学\2021.5.27晋源实验中学视频\216110010116 文件不存在!
2021-09-03 12:50:48 WARN  分配文件日志:88 - H:\晋源实验中学\2021.5.27晋源实验中学视频\216110010117 文件不存在!
2021-09-03 12:50:48 WARN  分配文件日志:88 - H:\晋源实验中学\2021.5.27晋源实验中学视频\216110010118 文件不存在!
2021-09-03 12:50:48 WARN  分配文件日志:88 - H:\晋源实验中学\2021.5.27晋源实验中学视频\216110010119 文件不存在!
2021-09-03 12:50:48 WARN  分配文件日志:88 - H:\晋源实验中学\2021.5.27晋源实验中学视频\216110010120 文件不存在!
2021-09-03 12:50:48 WARN  分配文件日志:88 - H:\晋源实验中学\2021.5.27晋源实验中学视频\216110010122 文件不存在!
2021-09-03 12:50:48 WARN  分配文件日志:88 - H:\晋源实验中学\2021.5.27晋源实验中学视频\216110010123 文件不存在!
2021-09-03 12:50:48 WARN  分配文件日志:88 - H:\晋源实验中学\2021.5.27晋源实验中学视频\216110010124 文件不存在!
2021-09-03 12:50:48 WARN  分配文件日志:88 - H:\晋源实验中学\2021.5.27晋源实验中学视频\216110010125 文件不存在!
2021-09-03 12:50:48 WARN  分配文件日志:88 - H:\晋源实验中学\2021.5.27晋源实验中学视频\216110010128_8 文件不存在!
2021-09-03 12:50:48 WARN  分配文件日志:88 - H:\晋源实验中学\2021.5.27晋源实验中学视频\216110010129 文件不存在!
2021-09-03 12:50:48 WARN  分配文件日志:88 - H:\晋源实验中学\2021.5.27晋源实验中学视频\216110010130 文件不存在!
2021-09-03 12:50:48 WARN  分配文件日志:88 - H:\晋源实验中学\2021.5.27晋源实验中学视频\216110010131_9 文件不存在!
2021-09-03 12:50:48 WARN  分配文件日志:88 - H:\晋源实验中学\2021.5.27晋源实验中学视频\216110010132 文件不存在!
2021-09-03 12:50:48 WARN  分配文件日志:88 - H:\晋源实验中学\2021.5.27晋源实验中学视频\216110010136 文件不存在!
2021-09-03 12:50:48 WARN  分配文件日志:88 - H:\晋源实验中学\2021.5.27晋源实验中学视频\216110010138 文件不存在!
2021-09-03 12:50:48 WARN  分配文件日志:88 - H:\晋源实验中学\2021.5.27晋源实验中学视频\216110010139 文件不存在!
2021-09-03 12:50:48 WARN  分配文件日志:88 - H:\晋源实验中学\2021.5.27晋源实验中学视频\216110010143 文件不存在!
2021-09-03 12:50:48 WARN  分配文件日志:88 - H:\晋源实验中学\2021.5.27晋源实验中学视频\216110010144 文件不存在!
2021-09-03 12:50:48 WARN  分配文件日志:88 - H:\晋源实验中学\2021.5.27晋源实验中学视频\216110010147 文件不存在!
2021-09-03 12:50:48 WARN  分配文件日志:88 - H:\晋源实验中学\2021.5.27晋源实验中学视频\216110010148_9 文件不存在!
2021-09-03 12:50:48 WARN  分配文件日志:88 - H:\晋源实验中学\2021.5.27晋源实验中学视频\216110010149 文件不存在!
2021-09-03 12:50:48 WARN  分配文件日志:88 - H:\晋源实验中学\2021.5.27晋源实验中学视频\216110010152_8 文件不存在!
2021-09-03 12:50:48 WARN  分配文件日志:88 - H:\晋源实验中学\2021.5.27晋源实验中学视频\216110010159 文件不存在!
2021-09-03 12:50:48 WARN  分配文件日志:88 - H:\晋源实验中学\2021.5.27晋源实验中学视频\216110010163 文件不存在!
2021-09-03 12:50:48 WARN  分配文件日志:88 - H:\晋源实验中学\2021.5.27晋源实验中学视频\216110010168 文件不存在!
2021-09-03 12:50:48 WARN  分配文件日志:88 - H:\晋源实验中学\2021.5.27晋源实验中学视频\216110010169 文件不存在!
2021-09-03 12:50:48 WARN  分配文件日志:88 - H:\晋源实验中学\2021.5.27晋源实验中学视频\216110010171 文件不存在!
2021-09-03 12:50:48 WARN  分配文件日志:88 - H:\晋源实验中学\2021.5.27晋源实验中学视频\216110010173 文件不存在!
2021-09-03 12:50:48 WARN  分配文件日志:88 - H:\晋源实验中学\2021.5.27晋源实验中学视频\216110010174 文件不存在!
2021-09-03 12:50:48 WARN  分配文件日志:88 - H:\晋源实验中学\2021.5.27晋源实验中学视频\216110010175 文件不存在!
2021-09-03 12:50:48 WARN  分配文件日志:88 - H:\晋源实验中学\2021.5.27晋源实验中学视频\216110010176 文件不存在!
2021-09-03 12:50:48 WARN  分配文件日志:88 - H:\晋源实验中学\2021.5.27晋源实验中学视频\216110010178 文件不存在!
2021-09-03 12:50:48 WARN  分配文件日志:88 - H:\晋源实验中学\2021.5.27晋源实验中学视频\216110010179_8 文件不存在!
2021-09-03 12:50:48 WARN  分配文件日志:88 - H:\晋源实验中学\2021.5.27晋源实验中学视频\216110010180 文件不存在!
2021-09-03 12:50:48 WARN  分配文件日志:88 - H:\晋源实验中学\2021.5.27晋源实验中学视频\216110010181_9 文件不存在!
2021-09-03 12:50:48 WARN  分配文件日志:88 - H:\晋源实验中学\2021.5.27晋源实验中学视频\216110010183 文件不存在!
2021-09-03 12:50:48 WARN  分配文件日志:88 - H:\晋源实验中学\2021.5.27晋源实验中学视频\216110010188_9 文件不存在!
2021-09-03 12:50:48 WARN  分配文件日志:88 - H:\晋源实验中学\2021.5.27晋源实验中学视频\216110010190_8 文件不存在!
2021-09-03 12:50:48 WARN  分配文件日志:88 - H:\晋源实验中学\2021.5.27晋源实验中学视频\216110010192 文件不存在!
2021-09-03 12:50:48 WARN  分配文件日志:88 - H:\晋源实验中学\2021.5.27晋源实验中学视频\216110010199 文件不存在!
2021-09-03 12:50:48 WARN  分配文件日志:88 - H:\晋源实验中学\2021.5.27晋源实验中学视频\216110010200 文件不存在!
2021-09-03 12:50:48 WARN  分配文件日志:88 - H:\晋源实验中学\2021.5.27晋源实验中学视频\216110010201 文件不存在!
2021-09-03 12:50:48 WARN  分配文件日志:88 - H:\晋源实验中学\2021.5.27晋源实验中学视频\216110010203 文件不存在!
2021-09-03 12:50:48 WARN  分配文件日志:88 - H:\晋源实验中学\2021.5.27晋源实验中学视频\216110010205 文件不存在!
2021-09-03 12:50:48 WARN  分配文件日志:88 - H:\晋源实验中学\2021.5.27晋源实验中学视频\216110010206_9 文件不存在!
2021-09-03 12:50:48 WARN  分配文件日志:88 - H:\晋源实验中学\2021.5.27晋源实验中学视频\216110010207 文件不存在!
2021-09-03 12:50:48 WARN  分配文件日志:88 - H:\晋源实验中学\2021.5.27晋源实验中学视频\216110010208 文件不存在!
2021-09-03 12:50:48 WARN  分配文件日志:88 - H:\晋源实验中学\2021.5.27晋源实验中学视频\216110010212 文件不存在!
2021-09-03 12:50:48 WARN  分配文件日志:88 - H:\晋源实验中学\2021.5.27晋源实验中学视频\216110010220 文件不存在!
2021-09-03 12:50:48 WARN  分配文件日志:88 - H:\晋源实验中学\2021.5.27晋源实验中学视频\216110010222 文件不存在!
2021-09-03 12:50:48 WARN  分配文件日志:88 - H:\晋源实验中学\2021.5.27晋源实验中学视频\216110010224 文件不存在!
2021-09-03 12:50:48 WARN  分配文件日志:88 - H:\晋源实验中学\2021.5.27晋源实验中学视频\216110010225_6 文件不存在!
2021-09-03 12:50:48 WARN  分配文件日志:88 - H:\晋源实验中学\2021.5.27晋源实验中学视频\216110010230 文件不存在!
2021-09-03 12:50:48 WARN  分配文件日志:88 - H:\晋源实验中学\2021.5.27晋源实验中学视频\216110010232 文件不存在!
2021-09-03 12:50:48 WARN  分配文件日志:88 - H:\晋源实验中学\2021.5.27晋源实验中学视频\216110010234 文件不存在!
2021-09-03 12:50:48 WARN  分配文件日志:88 - H:\晋源实验中学\2021.5.27晋源实验中学视频\216110010235 文件不存在!
2021-09-03 12:50:48 WARN  分配文件日志:88 - H:\晋源实验中学\2021.5.27晋源实验中学视频\216110010236 文件不存在!
2021-09-03 12:50:48 WARN  分配文件日志:88 - H:\晋源实验中学\2021.5.27晋源实验中学视频\216110010238 文件不存在!
2021-09-03 12:50:48 WARN  分配文件日志:88 - H:\晋源实验中学\2021.5.27晋源实验中学视频\216110010239_9 文件不存在!
2021-09-03 12:50:48 WARN  分配文件日志:88 - H:\晋源实验中学\2021.5.27晋源实验中学视频\216110010243 文件不存在!
2021-09-03 12:50:48 WARN  分配文件日志:88 - H:\晋源实验中学\2021.5.27晋源实验中学视频\216110010246_9 文件不存在!
2021-09-03 12:50:48 WARN  分配文件日志:88 - H:\晋源实验中学\2021.5.27晋源实验中学视频\216110010247 文件不存在!
2021-09-03 12:50:48 WARN  分配文件日志:88 - H:\晋源实验中学\2021.5.27晋源实验中学视频\216110010248_1 文件不存在!
2021-09-03 12:50:48 WARN  分配文件日志:88 - H:\晋源实验中学\2021.5.27晋源实验中学视频\216110010249_3 文件不存在!
2021-09-03 12:50:48 WARN  分配文件日志:88 - H:\晋源实验中学\2021.5.27晋源实验中学视频\216110010250 文件不存在!
2021-09-03 12:50:48 WARN  分配文件日志:88 - H:\晋源实验中学\2021.5.27晋源实验中学视频\216110010251 文件不存在!
2021-09-03 12:50:48 WARN  分配文件日志:88 - H:\晋源实验中学\2021.5.27晋源实验中学视频\216110010254 文件不存在!
2021-09-03 12:50:48 WARN  分配文件日志:88 - H:\晋源实验中学\2021.5.27晋源实验中学视频\216110010256 文件不存在!
2021-09-03 12:50:48 WARN  分配文件日志:88 - H:\晋源实验中学\2021.5.27晋源实验中学视频\216110010257_8 文件不存在!
2021-09-03 12:50:48 WARN  分配文件日志:88 - H:\晋源实验中学\2021.5.27晋源实验中学视频\216110010258 文件不存在!
2021-09-03 12:50:48 WARN  分配文件日志:88 - H:\晋源实验中学\2021.5.27晋源实验中学视频\216110010259 文件不存在!
2021-09-03 12:50:48 WARN  分配文件日志:88 - H:\晋源实验中学\2021.5.27晋源实验中学视频\216110010260 文件不存在!
2021-09-03 12:50:48 WARN  分配文件日志:88 - H:\晋源实验中学\2021.5.27晋源实验中学视频\216110010261_9 文件不存在!
2021-09-03 12:50:48 WARN  分配文件日志:88 - H:\晋源实验中学\2021.5.27晋源实验中学视频\216110010262 文件不存在!
2021-09-03 12:50:48 WARN  分配文件日志:88 - H:\晋源实验中学\2021.5.27晋源实验中学视频\216110010266 文件不存在!
2021-09-03 12:50:48 WARN  分配文件日志:88 - H:\晋源实验中学\2021.5.27晋源实验中学视频\216110010267 文件不存在!
2021-09-03 12:50:48 WARN  分配文件日志:88 - H:\晋源实验中学\2021.5.27晋源实验中学视频\216110010268 文件不存在!
2021-09-03 12:50:48 WARN  分配文件日志:88 - H:\晋源实验中学\2021.5.27晋源实验中学视频\216110010270 文件不存在!
2021-09-03 12:50:48 WARN  分配文件日志:88 - H:\晋源实验中学\2021.5.27晋源实验中学视频\216110010273 文件不存在!
2021-09-03 12:50:48 WARN  分配文件日志:88 - H:\晋源实验中学\2021.5.27晋源实验中学视频\216110010274 文件不存在!
2021-09-03 12:50:48 WARN  分配文件日志:88 - H:\晋源实验中学\2021.5.27晋源实验中学视频\216110010275 文件不存在!
2021-09-03 12:50:48 WARN  分配文件日志:88 - H:\晋源实验中学\2021.5.27晋源实验中学视频\216110010279 文件不存在!
2021-09-03 12:50:48 WARN  分配文件日志:88 - H:\晋源实验中学\2021.5.27晋源实验中学视频\216110010281 文件不存在!
2021-09-03 12:50:48 WARN  分配文件日志:88 - H:\晋源实验中学\2021.5.27晋源实验中学视频\216110010284_9 文件不存在!
2021-09-03 12:50:48 WARN  分配文件日志:88 - H:\晋源实验中学\2021.5.27晋源实验中学视频\216110010285 文件不存在!
2021-09-03 12:50:48 WARN  分配文件日志:88 - H:\晋源实验中学\2021.5.27晋源实验中学视频\216110010288 文件不存在!
2021-09-03 12:50:48 WARN  分配文件日志:88 - H:\晋源实验中学\2021.5.27晋源实验中学视频\216110010291 文件不存在!
2021-09-03 12:50:48 WARN  分配文件日志:88 - H:\晋源实验中学\2021.5.27晋源实验中学视频\216110010292 文件不存在!
2021-09-03 12:50:48 WARN  分配文件日志:88 - H:\晋源实验中学\2021.5.27晋源实验中学视频\216110010298 文件不存在!
2021-09-03 12:50:48 WARN  分配文件日志:88 - H:\晋源实验中学\2021.5.27晋源实验中学视频\216110010299 文件不存在!
2021-09-03 12:50:48 WARN  分配文件日志:88 - H:\晋源实验中学\2021.5.27晋源实验中学视频\216110010301 文件不存在!
2021-09-03 12:50:48 WARN  分配文件日志:88 - H:\晋源实验中学\2021.5.27晋源实验中学视频\216110010302 文件不存在!
2021-09-03 12:50:48 WARN  分配文件日志:88 - H:\晋源实验中学\2021.5.27晋源实验中学视频\216110010303 文件不存在!
2021-09-03 12:50:48 WARN  分配文件日志:88 - H:\晋源实验中学\2021.5.27晋源实验中学视频\216110010304 文件不存在!
2021-09-03 12:50:48 WARN  分配文件日志:88 - H:\晋源实验中学\2021.5.27晋源实验中学视频\216110010306 文件不存在!
2021-09-03 12:50:48 WARN  分配文件日志:88 - H:\晋源实验中学\2021.5.27晋源实验中学视频\216110010307 文件不存在!
2021-09-03 12:50:48 WARN  分配文件日志:88 - H:\晋源实验中学\2021.5.27晋源实验中学视频\216110010310_8 文件不存在!
2021-09-03 12:50:48 WARN  分配文件日志:88 - H:\晋源实验中学\2021.5.27晋源实验中学视频\216110010312 文件不存在!
2021-09-03 12:50:48 WARN  分配文件日志:88 - H:\晋源实验中学\2021.5.27晋源实验中学视频\216110010313 文件不存在!
2021-09-03 12:50:48 WARN  分配文件日志:88 - H:\晋源实验中学\2021.5.27晋源实验中学视频\216110010315_8 文件不存在!
2021-09-03 12:50:48 WARN  分配文件日志:88 - H:\晋源实验中学\2021.5.27晋源实验中学视频\216110010316 文件不存在!
2021-09-03 12:50:48 WARN  分配文件日志:88 - H:\晋源实验中学\2021.5.27晋源实验中学视频\216110010317_9 文件不存在!
2021-09-03 12:50:48 WARN  分配文件日志:88 - H:\晋源实验中学\2021.5.27晋源实验中学视频\216110010323 文件不存在!
2021-09-03 12:50:48 WARN  分配文件日志:88 - H:\晋源实验中学\2021.5.27晋源实验中学视频\216110010325 文件不存在!
2021-09-03 12:50:48 WARN  分配文件日志:88 - H:\晋源实验中学\2021.5.27晋源实验中学视频\216110010326 文件不存在!
2021-09-03 12:50:48 WARN  分配文件日志:88 - H:\晋源实验中学\2021.5.27晋源实验中学视频\216110010329 文件不存在!
2021-09-03 12:50:48 WARN  分配文件日志:88 - H:\晋源实验中学\2021.5.27晋源实验中学视频\216110010332 文件不存在!
2021-09-03 12:50:48 WARN  分配文件日志:88 - H:\晋源实验中学\2021.5.27晋源实验中学视频\216110010333 文件不存在!
2021-09-03 12:50:48 WARN  分配文件日志:88 - H:\晋源实验中学\2021.5.27晋源实验中学视频\216110010337 文件不存在!
2021-09-03 12:50:48 WARN  分配文件日志:88 - H:\晋源实验中学\2021.5.27晋源实验中学视频\216110010338 文件不存在!
2021-09-03 12:50:48 WARN  分配文件日志:88 - H:\晋源实验中学\2021.5.27晋源实验中学视频\216110010340 文件不存在!
2021-09-03 12:50:48 WARN  分配文件日志:88 - H:\晋源实验中学\2021.5.27晋源实验中学视频\216110010342 文件不存在!
2021-09-03 12:50:48 WARN  分配文件日志:88 - H:\晋源实验中学\2021.5.27晋源实验中学视频\216110010343 文件不存在!
2021-09-03 12:50:48 WARN  分配文件日志:88 - H:\晋源实验中学\2021.5.27晋源实验中学视频\216110010345 文件不存在!
2021-09-03 12:50:48 WARN  分配文件日志:88 - H:\晋源实验中学\2021.5.27晋源实验中学视频\216110010346 文件不存在!
2021-09-03 12:50:48 WARN  分配文件日志:88 - H:\晋源实验中学\2021.5.27晋源实验中学视频\216110010347 文件不存在!
2021-09-03 12:50:48 WARN  分配文件日志:88 - H:\晋源实验中学\2021.5.27晋源实验中学视频\216110010348 文件不存在!
2021-09-03 12:50:48 WARN  分配文件日志:88 - H:\晋源实验中学\2021.5.27晋源实验中学视频\216110010349 文件不存在!
2021-09-03 12:50:48 WARN  分配文件日志:88 - H:\晋源实验中学\2021.5.27晋源实验中学视频\216110010351 文件不存在!
2021-09-03 12:50:48 WARN  分配文件日志:88 - H:\晋源实验中学\2021.5.27晋源实验中学视频\216110010352 文件不存在!
2021-09-03 12:50:48 WARN  分配文件日志:88 - H:\晋源实验中学\2021.5.27晋源实验中学视频\216110010357 文件不存在!
2021-09-03 12:50:48 WARN  分配文件日志:88 - H:\晋源实验中学\2021.5.27晋源实验中学视频\216110010358_9 文件不存在!
2021-09-03 12:50:48 WARN  分配文件日志:88 - H:\晋源实验中学\2021.5.27晋源实验中学视频\216110010359_9 文件不存在!
2021-09-03 12:50:48 WARN  分配文件日志:88 - H:\晋源实验中学\2021.5.27晋源实验中学视频\216110010362 文件不存在!
2021-09-03 12:50:48 WARN  分配文件日志:88 - H:\晋源实验中学\2021.5.27晋源实验中学视频\216110010364 文件不存在!
2021-09-03 12:50:48 WARN  分配文件日志:88 - H:\晋源实验中学\2021.5.27晋源实验中学视频\216110010369 文件不存在!
2021-09-03 12:50:48 WARN  分配文件日志:88 - H:\晋源实验中学\2021.5.27晋源实验中学视频\216110010370 文件不存在!
2021-09-03 12:50:48 WARN  分配文件日志:88 - H:\晋源实验中学\2021.5.27晋源实验中学视频\216110010372 文件不存在!
2021-09-03 12:50:48 WARN  分配文件日志:88 - H:\晋源实验中学\2021.5.27晋源实验中学视频\216110010373 文件不存在!
2021-09-03 12:50:48 WARN  分配文件日志:88 - H:\晋源实验中学\2021.5.27晋源实验中学视频\216110010378_9 文件不存在!
2021-09-03 12:50:48 WARN  分配文件日志:88 - H:\晋源实验中学\2021.5.27晋源实验中学视频\216110010379_9 文件不存在!
2021-09-03 12:50:48 WARN  分配文件日志:88 - H:\晋源实验中学\2021.5.27晋源实验中学视频\216110010380_8 文件不存在!
2021-09-03 12:50:48 WARN  分配文件日志:88 - H:\晋源实验中学\2021.5.27晋源实验中学视频\216110010385 文件不存在!
2021-09-03 12:50:48 WARN  分配文件日志:88 - H:\晋源实验中学\2021.5.27晋源实验中学视频\216110010386 文件不存在!
2021-09-03 12:50:48 WARN  分配文件日志:88 - H:\晋源实验中学\2021.5.27晋源实验中学视频\216110010387 文件不存在!
2021-09-03 12:50:48 WARN  分配文件日志:88 - H:\晋源实验中学\2021.5.27晋源实验中学视频\216110010388 文件不存在!
2021-09-03 12:50:48 WARN  分配文件日志:88 - H:\晋源实验中学\2021.5.27晋源实验中学视频\216110010394 文件不存在!
2021-09-03 12:50:48 WARN  分配文件日志:88 - H:\晋源实验中学\2021.5.27晋源实验中学视频\216110010395 文件不存在!
2021-09-03 12:50:48 WARN  分配文件日志:88 - H:\晋源实验中学\2021.5.27晋源实验中学视频\216110010398 文件不存在!
2021-09-03 12:50:48 WARN  分配文件日志:88 - H:\晋源实验中学\2021.5.27晋源实验中学视频\216110010399 文件不存在!
2021-09-03 12:50:48 WARN  分配文件日志:88 - H:\晋源实验中学\2021.5.27晋源实验中学视频\216110010400 文件不存在!
2021-09-03 12:50:48 WARN  分配文件日志:88 - H:\晋源实验中学\2021.5.27晋源实验中学视频\216110010401 文件不存在!
2021-09-03 12:50:48 WARN  分配文件日志:88 - H:\晋源实验中学\2021.5.27晋源实验中学视频\216110010403 文件不存在!
2021-09-03 12:50:48 WARN  分配文件日志:88 - H:\晋源实验中学\2021.5.27晋源实验中学视频\216110010404 文件不存在!
2021-09-03 12:50:48 WARN  分配文件日志:88 - H:\晋源实验中学\2021.5.27晋源实验中学视频\216110010405_9 文件不存在!
2021-09-03 12:50:48 WARN  分配文件日志:88 - H:\晋源实验中学\2021.5.27晋源实验中学视频\216110010406 文件不存在!
2021-09-03 12:50:48 WARN  分配文件日志:88 - H:\晋源实验中学\2021.5.27晋源实验中学视频\216110010409_9 文件不存在!
2021-09-03 12:50:48 WARN  分配文件日志:88 - H:\晋源实验中学\2021.5.27晋源实验中学视频\216110010411 文件不存在!
2021-09-03 12:50:48 WARN  分配文件日志:88 - H:\晋源实验中学\2021.5.27晋源实验中学视频\216110010413_5 文件不存在!
2021-09-03 12:50:48 WARN  分配文件日志:88 - H:\晋源实验中学\2021.5.27晋源实验中学视频\216110010414 文件不存在!
2021-09-03 12:50:48 WARN  分配文件日志:88 - H:\晋源实验中学\2021.5.27晋源实验中学视频\216110010416 文件不存在!
2021-09-03 12:50:48 WARN  分配文件日志:88 - H:\晋源实验中学\2021.5.27晋源实验中学视频\216110010417 文件不存在!
2021-09-03 12:50:48 WARN  分配文件日志:88 - H:\晋源实验中学\2021.5.27晋源实验中学视频\216110010419 文件不存在!
2021-09-03 12:50:48 WARN  分配文件日志:88 - H:\晋源实验中学\2021.5.27晋源实验中学视频\216110010423_6 文件不存在!
2021-09-03 12:50:48 WARN  分配文件日志:88 - H:\晋源实验中学\2021.5.27晋源实验中学视频\216110010424_9 文件不存在!
2021-09-03 12:50:48 WARN  分配文件日志:88 - H:\晋源实验中学\2021.5.27晋源实验中学视频\216110010425 文件不存在!
2021-09-03 12:50:48 WARN  分配文件日志:88 - H:\晋源实验中学\2021.5.27晋源实验中学视频\216110010428 文件不存在!
2021-09-03 12:50:48 WARN  分配文件日志:88 - H:\晋源实验中学\2021.5.27晋源实验中学视频\216110010429 文件不存在!
2021-09-03 12:50:48 WARN  分配文件日志:88 - H:\晋源实验中学\2021.5.27晋源实验中学视频\216110010431 文件不存在!
2021-09-03 12:50:48 WARN  分配文件日志:88 - H:\晋源实验中学\2021.5.27晋源实验中学视频\216110010432 文件不存在!
2021-09-03 12:50:48 WARN  分配文件日志:88 - H:\晋源实验中学\2021.5.27晋源实验中学视频\216110010438 文件不存在!
2021-09-03 12:50:48 WARN  分配文件日志:88 - H:\晋源实验中学\2021.5.27晋源实验中学视频\216110010439 文件不存在!
2021-09-03 12:50:48 WARN  分配文件日志:88 - H:\晋源实验中学\2021.5.27晋源实验中学视频\216110010441 文件不存在!
2021-09-03 12:50:48 WARN  分配文件日志:88 - H:\晋源实验中学\2021.5.27晋源实验中学视频\216110010442 文件不存在!
2021-09-03 12:50:48 WARN  分配文件日志:88 - H:\晋源实验中学\2021.5.27晋源实验中学视频\216110010446 文件不存在!
2021-09-03 12:50:48 WARN  分配文件日志:88 - H:\晋源实验中学\2021.5.27晋源实验中学视频\216110010450 文件不存在!
2021-09-03 12:50:48 WARN  分配文件日志:88 - H:\晋源实验中学\2021.5.27晋源实验中学视频\216110010451 文件不存在!
2021-09-03 12:50:48 WARN  分配文件日志:88 - H:\晋源实验中学\2021.5.27晋源实验中学视频\216110010452 文件不存在!
2021-09-03 12:50:49 INFO  分配文件日志:101 - H:\晋源实验中学\2021.5.27晋源实验中学视频\216110010455_9 传输完成
2021-09-03 12:50:50 INFO  分配文件日志:101 - H:\晋源实验中学\2021.5.27晋源实验中学视频\216110010456 传输完成
2021-09-03 12:50:52 INFO  分配文件日志:101 - H:\晋源实验中学\2021.5.27晋源实验中学视频\216110010458_9 传输完成
2021-09-03 12:50:53 INFO  分配文件日志:101 - H:\晋源实验中学\2021.5.27晋源实验中学视频\216110010460 传输完成
2021-09-03 12:50:54 INFO  分配文件日志:101 - H:\晋源实验中学\2021.5.27晋源实验中学视频\216110010463 传输完成
2021-09-03 12:50:55 INFO  分配文件日志:101 - H:\晋源实验中学\2021.5.27晋源实验中学视频\216110010465_8 传输完成
2021-09-03 12:50:56 INFO  分配文件日志:101 - H:\晋源实验中学\2021.5.27晋源实验中学视频\216110010466 传输完成
2021-09-03 12:50:57 INFO  分配文件日志:101 - H:\晋源实验中学\2021.5.27晋源实验中学视频\216110010468 传输完成
2021-09-03 12:50:58 INFO  分配文件日志:101 - H:\晋源实验中学\2021.5.27晋源实验中学视频\216110010469 传输完成
2021-09-03 12:50:59 INFO  分配文件日志:101 - H:\晋源实验中学\2021.5.27晋源实验中学视频\216110010471 传输完成
2021-09-03 12:51:00 INFO  分配文件日志:101 - H:\晋源实验中学\2021.5.27晋源实验中学视频\216110010473 传输完成
2021-09-03 12:51:01 INFO  分配文件日志:101 - H:\晋源实验中学\2021.5.27晋源实验中学视频\216110010475 传输完成
2021-09-03 12:51:02 INFO  分配文件日志:101 - H:\晋源实验中学\2021.5.27晋源实验中学视频\216110010476 传输完成
2021-09-03 12:51:04 INFO  分配文件日志:101 - H:\晋源实验中学\2021.5.27晋源实验中学视频\216110010477_9 传输完成
2021-09-03 12:51:05 INFO  分配文件日志:101 - H:\晋源实验中学\2021.5.27晋源实验中学视频\216110010478 传输完成
2021-09-03 12:51:06 INFO  分配文件日志:101 - H:\晋源实验中学\2021.5.27晋源实验中学视频\216110010479 传输完成
2021-09-03 12:51:07 INFO  分配文件日志:101 - H:\晋源实验中学\2021.5.27晋源实验中学视频\216110010482 传输完成
2021-09-03 12:51:08 INFO  分配文件日志:101 - H:\晋源实验中学\2021.5.27晋源实验中学视频\216110010489 传输完成
2021-09-03 12:51:09 INFO  分配文件日志:101 - H:\晋源实验中学\2021.5.27晋源实验中学视频\216110010490_9 传输完成
2021-09-03 12:51:11 INFO  分配文件日志:101 - H:\晋源实验中学\2021.5.27晋源实验中学视频\216110010491_9 传输完成
2021-09-03 12:51:12 INFO  分配文件日志:101 - H:\晋源实验中学\2021.5.27晋源实验中学视频\216110010492 传输完成
2021-09-03 12:51:13 INFO  分配文件日志:101 - H:\晋源实验中学\2021.5.27晋源实验中学视频\216110010496_9 传输完成
2021-09-03 12:51:14 INFO  分配文件日志:101 - H:\晋源实验中学\2021.5.27晋源实验中学视频\216110010497 传输完成
2021-09-03 12:51:16 INFO  分配文件日志:101 - H:\晋源实验中学\2021.5.27晋源实验中学视频\216110010500 传输完成
2021-09-03 12:51:17 INFO  分配文件日志:101 - H:\晋源实验中学\2021.5.27晋源实验中学视频\216110010505_9 传输完成
2021-09-03 12:51:18 INFO  分配文件日志:101 - H:\晋源实验中学\2021.5.27晋源实验中学视频\216110010506 传输完成
2021-09-03 12:51:19 INFO  分配文件日志:101 - H:\晋源实验中学\2021.5.27晋源实验中学视频\216110010507_9 传输完成
2021-09-03 12:51:20 INFO  分配文件日志:101 - H:\晋源实验中学\2021.5.27晋源实验中学视频\216110010508 传输完成
2021-09-03 12:51:21 INFO  分配文件日志:101 - H:\晋源实验中学\2021.5.27晋源实验中学视频\216110010509 传输完成
2021-09-03 12:51:22 INFO  分配文件日志:101 - H:\晋源实验中学\2021.5.27晋源实验中学视频\216110010510 传输完成
2021-09-03 12:51:24 INFO  分配文件日志:101 - H:\晋源实验中学\2021.5.27晋源实验中学视频\216110010513 传输完成
2021-09-03 12:51:24 WARN  分配文件日志:71 - 216110010516 该学生缺考
2021-09-03 12:51:24 INFO  分配文件日志:101 - H:\晋源实验中学\2021.5.27晋源实验中学视频\216110010517 传输完成
2021-09-03 12:51:25 INFO  分配文件日志:101 - H:\晋源实验中学\2021.5.27晋源实验中学视频\216110010518 传输完成
2021-09-03 12:51:27 INFO  分配文件日志:101 - H:\晋源实验中学\2021.5.27晋源实验中学视频\216110010519 传输完成
2021-09-03 12:51:28 INFO  分配文件日志:101 - H:\晋源实验中学\2021.5.27晋源实验中学视频\216110010520 传输完成
2021-09-03 12:51:29 INFO  分配文件日志:101 - H:\晋源实验中学\2021.5.27晋源实验中学视频\216110010521 传输完成
2021-09-03 12:51:30 INFO  分配文件日志:101 - H:\晋源实验中学\2021.5.27晋源实验中学视频\216110010522 传输完成
2021-09-03 12:51:32 INFO  分配文件日志:101 - H:\晋源实验中学\2021.5.27晋源实验中学视频\216110010527 传输完成
2021-09-03 12:51:33 INFO  分配文件日志:101 - H:\晋源实验中学\2021.5.27晋源实验中学视频\216110010532 传输完成
2021-09-03 12:51:34 INFO  分配文件日志:101 - H:\晋源实验中学\2021.5.27晋源实验中学视频\216110010534_9 传输完成
2021-09-03 12:51:34 INFO  分配文件日志:101 - H:\晋源实验中学\2021.5.27晋源实验中学视频\216110010535 传输完成
2021-09-03 12:51:35 INFO  分配文件日志:101 - H:\晋源实验中学\2021.5.27晋源实验中学视频\216110010537 传输完成
2021-09-03 12:51:36 INFO  分配文件日志:101 - H:\晋源实验中学\2021.5.27晋源实验中学视频\216110010538_9 传输完成
2021-09-03 12:51:38 INFO  分配文件日志:101 - H:\晋源实验中学\2021.5.27晋源实验中学视频\216110010541 传输完成
2021-09-03 12:51:39 INFO  分配文件日志:101 - H:\晋源实验中学\2021.5.27晋源实验中学视频\216110010543 传输完成
2021-09-03 12:51:40 INFO  分配文件日志:101 - H:\晋源实验中学\2021.5.27晋源实验中学视频\216110010544 传输完成
2021-09-03 12:51:41 INFO  分配文件日志:101 - H:\晋源实验中学\2021.5.27晋源实验中学视频\216110010547 传输完成
2021-09-03 12:51:42 INFO  分配文件日志:101 - H:\晋源实验中学\2021.5.27晋源实验中学视频\216110010549 传输完成
2021-09-03 12:51:44 INFO  分配文件日志:101 - H:\晋源实验中学\2021.5.27晋源实验中学视频\216110010550_9 传输完成
2021-09-03 12:51:44 INFO  分配文件日志:101 - H:\晋源实验中学\2021.5.27晋源实验中学视频\216110010556 传输完成
2021-09-03 12:51:46 INFO  分配文件日志:101 - H:\晋源实验中学\2021.5.27晋源实验中学视频\216110010558 传输完成
2021-09-03 12:51:47 INFO  分配文件日志:101 - H:\晋源实验中学\2021.5.27晋源实验中学视频\216110010560 传输完成
2021-09-03 12:51:48 INFO  分配文件日志:101 - H:\晋源实验中学\2021.5.27晋源实验中学视频\216110010564 传输完成
2021-09-03 12:51:49 INFO  分配文件日志:101 - H:\晋源实验中学\2021.5.27晋源实验中学视频\216110010565 传输完成
2021-09-03 12:51:50 INFO  分配文件日志:101 - H:\晋源实验中学\2021.5.27晋源实验中学视频\216110010566 传输完成
2021-09-03 12:51:51 INFO  分配文件日志:101 - H:\晋源实验中学\2021.5.27晋源实验中学视频\216110010569 传输完成
2021-09-03 12:51:52 INFO  分配文件日志:101 - H:\晋源实验中学\2021.5.27晋源实验中学视频\216110010570 传输完成
2021-09-03 12:51:53 INFO  分配文件日志:101 - H:\晋源实验中学\2021.5.27晋源实验中学视频\216110010571 传输完成
2021-09-03 12:51:54 INFO  分配文件日志:101 - H:\晋源实验中学\2021.5.27晋源实验中学视频\216110010572 传输完成
2021-09-03 12:51:55 INFO  分配文件日志:101 - H:\晋源实验中学\2021.5.27晋源实验中学视频\216110010573 传输完成
2021-09-03 12:51:56 INFO  分配文件日志:101 - H:\晋源实验中学\2021.5.27晋源实验中学视频\216110010575 传输完成
2021-09-03 12:51:58 INFO  分配文件日志:101 - H:\晋源实验中学\2021.5.27晋源实验中学视频\216110010579_7 传输完成
2021-09-03 12:51:59 INFO  分配文件日志:101 - H:\晋源实验中学\2021.5.27晋源实验中学视频\216110010581 传输完成
2021-09-03 12:52:00 INFO  分配文件日志:101 - H:\晋源实验中学\2021.5.27晋源实验中学视频\216110010583 传输完成
2021-09-03 12:52:01 INFO  分配文件日志:101 - H:\晋源实验中学\2021.5.27晋源实验中学视频\216110010584 传输完成
2021-09-03 12:52:02 INFO  分配文件日志:101 - H:\晋源实验中学\2021.5.27晋源实验中学视频\216110010588 传输完成
2021-09-03 12:52:04 INFO  分配文件日志:101 - H:\晋源实验中学\2021.5.27晋源实验中学视频\216110010589_9 传输完成
2021-09-03 12:52:05 INFO  分配文件日志:101 - H:\晋源实验中学\2021.5.27晋源实验中学视频\216110010591_6 传输完成
2021-09-03 12:52:06 INFO  分配文件日志:101 - H:\晋源实验中学\2021.5.27晋源实验中学视频\216110010592_8 传输完成
2021-09-03 12:52:07 INFO  分配文件日志:101 - H:\晋源实验中学\2021.5.27晋源实验中学视频\216110010594 传输完成
2021-09-03 12:52:09 INFO  分配文件日志:101 - H:\晋源实验中学\2021.5.27晋源实验中学视频\216110010595 传输完成
2021-09-03 12:52:10 INFO  分配文件日志:101 - H:\晋源实验中学\2021.5.27晋源实验中学视频\216110010601 传输完成
2021-09-03 12:52:11 INFO  分配文件日志:101 - H:\晋源实验中学\2021.5.27晋源实验中学视频\216110010602_7 传输完成
2021-09-03 12:52:12 INFO  分配文件日志:101 - H:\晋源实验中学\2021.5.27晋源实验中学视频\216110010605 传输完成
2021-09-03 12:52:13 INFO  分配文件日志:101 - H:\晋源实验中学\2021.5.27晋源实验中学视频\216110010606 传输完成
2021-09-03 12:52:14 INFO  分配文件日志:101 - H:\晋源实验中学\2021.5.27晋源实验中学视频\216110010608 传输完成
2021-09-03 12:52:16 INFO  分配文件日志:101 - H:\晋源实验中学\2021.5.27晋源实验中学视频\216110010610_9 传输完成
2021-09-03 12:52:17 INFO  分配文件日志:101 - H:\晋源实验中学\2021.5.27晋源实验中学视频\216110010611_7 传输完成
2021-09-03 12:52:18 INFO  分配文件日志:101 - H:\晋源实验中学\2021.5.27晋源实验中学视频\216110010614_8 传输完成
2021-09-03 12:52:19 INFO  分配文件日志:101 - H:\晋源实验中学\2021.5.27晋源实验中学视频\216110010615 传输完成
2021-09-03 12:52:20 INFO  分配文件日志:101 - H:\晋源实验中学\2021.5.27晋源实验中学视频\216110010616 传输完成
2021-09-03 12:52:21 INFO  分配文件日志:101 - H:\晋源实验中学\2021.5.27晋源实验中学视频\216110010618_9 传输完成
2021-09-03 12:52:23 INFO  分配文件日志:101 - H:\晋源实验中学\2021.5.27晋源实验中学视频\216110010622 传输完成
2021-09-03 12:52:24 INFO  分配文件日志:101 - H:\晋源实验中学\2021.5.27晋源实验中学视频\216110010626 传输完成
2021-09-03 12:52:25 INFO  分配文件日志:101 - H:\晋源实验中学\2021.5.27晋源实验中学视频\216110010627 传输完成
2021-09-03 12:52:26 INFO  分配文件日志:101 - H:\晋源实验中学\2021.5.27晋源实验中学视频\216110010629 传输完成
2021-09-03 12:52:27 INFO  分配文件日志:101 - H:\晋源实验中学\2021.5.27晋源实验中学视频\216110010632_9 传输完成
2021-09-03 12:52:28 INFO  分配文件日志:101 - H:\晋源实验中学\2021.5.27晋源实验中学视频\216110010633 传输完成
2021-09-03 12:52:28 INFO  分配文件日志:103 - 全部文件传输完成
2021-09-03 12:57:51 WARN  分配文件日志:88 - H:\清源镇中5.27理化实验录制视频\216110040001 文件不存在!
2021-09-03 12:57:51 WARN  分配文件日志:88 - H:\清源镇中5.27理化实验录制视频\216110040002 文件不存在!
2021-09-03 12:57:51 WARN  分配文件日志:88 - H:\清源镇中5.27理化实验录制视频\216110040003 文件不存在!
2021-09-03 12:57:51 WARN  分配文件日志:88 - H:\清源镇中5.27理化实验录制视频\216110040005 文件不存在!
2021-09-03 12:57:51 WARN  分配文件日志:88 - H:\清源镇中5.27理化实验录制视频\216110040006 文件不存在!
2021-09-03 12:57:51 WARN  分配文件日志:88 - H:\清源镇中5.27理化实验录制视频\216110040008 文件不存在!
2021-09-03 12:57:51 WARN  分配文件日志:88 - H:\清源镇中5.27理化实验录制视频\216110040010 文件不存在!
2021-09-03 12:57:51 WARN  分配文件日志:88 - H:\清源镇中5.27理化实验录制视频\216110040011 文件不存在!
2021-09-03 12:57:51 WARN  分配文件日志:88 - H:\清源镇中5.27理化实验录制视频\216110040012_9 文件不存在!
2021-09-03 12:57:51 WARN  分配文件日志:88 - H:\清源镇中5.27理化实验录制视频\216110040013 文件不存在!
2021-09-03 12:57:51 WARN  分配文件日志:88 - H:\清源镇中5.27理化实验录制视频\216110040015 文件不存在!
2021-09-03 12:57:51 WARN  分配文件日志:88 - H:\清源镇中5.27理化实验录制视频\216110040016 文件不存在!
2021-09-03 12:57:51 WARN  分配文件日志:88 - H:\清源镇中5.27理化实验录制视频\216110040019 文件不存在!
2021-09-03 12:57:51 WARN  分配文件日志:88 - H:\清源镇中5.27理化实验录制视频\216110040020 文件不存在!
2021-09-03 12:57:51 WARN  分配文件日志:88 - H:\清源镇中5.27理化实验录制视频\216110040023 文件不存在!
2021-09-03 12:57:51 WARN  分配文件日志:88 - H:\清源镇中5.27理化实验录制视频\216110040027 文件不存在!
2021-09-03 12:57:51 WARN  分配文件日志:88 - H:\清源镇中5.27理化实验录制视频\216110040030_9 文件不存在!
2021-09-03 12:57:51 WARN  分配文件日志:88 - H:\清源镇中5.27理化实验录制视频\216110040033 文件不存在!
2021-09-03 12:57:51 WARN  分配文件日志:88 - H:\清源镇中5.27理化实验录制视频\216110040034 文件不存在!
2021-09-03 12:57:51 WARN  分配文件日志:88 - H:\清源镇中5.27理化实验录制视频\216110040036 文件不存在!
2021-09-03 12:57:51 WARN  分配文件日志:88 - H:\清源镇中5.27理化实验录制视频\216110040038 文件不存在!
2021-09-03 12:57:51 WARN  分配文件日志:88 - H:\清源镇中5.27理化实验录制视频\216110040039 文件不存在!
2021-09-03 12:57:51 WARN  分配文件日志:88 - H:\清源镇中5.27理化实验录制视频\216110040043 文件不存在!
2021-09-03 12:57:51 WARN  分配文件日志:88 - H:\清源镇中5.27理化实验录制视频\216110040047 文件不存在!
2021-09-03 12:57:51 WARN  分配文件日志:88 - H:\清源镇中5.27理化实验录制视频\216110040051 文件不存在!
2021-09-03 12:57:51 WARN  分配文件日志:88 - H:\清源镇中5.27理化实验录制视频\216110040053 文件不存在!
2021-09-03 12:57:51 WARN  分配文件日志:88 - H:\清源镇中5.27理化实验录制视频\216110040054_9 文件不存在!
2021-09-03 12:57:51 WARN  分配文件日志:88 - H:\清源镇中5.27理化实验录制视频\216110040057 文件不存在!
2021-09-03 12:57:51 WARN  分配文件日志:88 - H:\清源镇中5.27理化实验录制视频\216110040059 文件不存在!
2021-09-03 12:57:51 WARN  分配文件日志:88 - H:\清源镇中5.27理化实验录制视频\216110040060 文件不存在!
2021-09-03 12:57:51 WARN  分配文件日志:88 - H:\清源镇中5.27理化实验录制视频\216110040062 文件不存在!
2021-09-03 12:57:51 WARN  分配文件日志:88 - H:\清源镇中5.27理化实验录制视频\216110040064 文件不存在!
2021-09-03 12:57:51 WARN  分配文件日志:88 - H:\清源镇中5.27理化实验录制视频\216110040066_7 文件不存在!
2021-09-03 12:57:51 WARN  分配文件日志:88 - H:\清源镇中5.27理化实验录制视频\216110040067 文件不存在!
2021-09-03 12:57:51 WARN  分配文件日志:88 - H:\清源镇中5.27理化实验录制视频\216110040068 文件不存在!
2021-09-03 12:57:51 WARN  分配文件日志:88 - H:\清源镇中5.27理化实验录制视频\216110040071 文件不存在!
2021-09-03 12:57:51 WARN  分配文件日志:88 - H:\清源镇中5.27理化实验录制视频\216110040073 文件不存在!
2021-09-03 12:57:51 WARN  分配文件日志:88 - H:\清源镇中5.27理化实验录制视频\216110040076 文件不存在!
2021-09-03 12:57:51 WARN  分配文件日志:88 - H:\清源镇中5.27理化实验录制视频\216110040078 文件不存在!
2021-09-03 12:57:51 WARN  分配文件日志:88 - H:\清源镇中5.27理化实验录制视频\216110040084 文件不存在!
2021-09-03 12:57:51 WARN  分配文件日志:88 - H:\清源镇中5.27理化实验录制视频\216110040085_9 文件不存在!
2021-09-03 12:57:51 WARN  分配文件日志:88 - H:\清源镇中5.27理化实验录制视频\216110040087 文件不存在!
2021-09-03 12:57:51 WARN  分配文件日志:88 - H:\清源镇中5.27理化实验录制视频\216110040088 文件不存在!
2021-09-03 12:57:51 WARN  分配文件日志:88 - H:\清源镇中5.27理化实验录制视频\216110040089 文件不存在!
2021-09-03 12:57:51 WARN  分配文件日志:88 - H:\清源镇中5.27理化实验录制视频\216110040091_8 文件不存在!
2021-09-03 12:57:51 WARN  分配文件日志:88 - H:\清源镇中5.27理化实验录制视频\216110040092 文件不存在!
2021-09-03 12:57:51 WARN  分配文件日志:88 - H:\清源镇中5.27理化实验录制视频\216110040095 文件不存在!
2021-09-03 12:57:51 WARN  分配文件日志:88 - H:\清源镇中5.27理化实验录制视频\216110040096 文件不存在!
2021-09-03 12:57:51 WARN  分配文件日志:88 - H:\清源镇中5.27理化实验录制视频\216110040097 文件不存在!
2021-09-03 12:57:51 WARN  分配文件日志:88 - H:\清源镇中5.27理化实验录制视频\216110040098 文件不存在!
2021-09-03 12:57:51 WARN  分配文件日志:88 - H:\清源镇中5.27理化实验录制视频\216110040099 文件不存在!
2021-09-03 12:57:51 WARN  分配文件日志:88 - H:\清源镇中5.27理化实验录制视频\216110040100 文件不存在!
2021-09-03 12:57:51 WARN  分配文件日志:88 - H:\清源镇中5.27理化实验录制视频\216110040101 文件不存在!
2021-09-03 12:57:51 WARN  分配文件日志:88 - H:\清源镇中5.27理化实验录制视频\216110040104_5 文件不存在!
2021-09-03 12:57:51 WARN  分配文件日志:88 - H:\清源镇中5.27理化实验录制视频\216110040107 文件不存在!
2021-09-03 12:57:51 WARN  分配文件日志:88 - H:\清源镇中5.27理化实验录制视频\216110040108 文件不存在!
2021-09-03 12:57:51 WARN  分配文件日志:88 - H:\清源镇中5.27理化实验录制视频\216110040109 文件不存在!
2021-09-03 12:57:51 WARN  分配文件日志:88 - H:\清源镇中5.27理化实验录制视频\216110040111_9 文件不存在!
2021-09-03 12:57:51 WARN  分配文件日志:88 - H:\清源镇中5.27理化实验录制视频\216110040115 文件不存在!
2021-09-03 12:57:51 WARN  分配文件日志:88 - H:\清源镇中5.27理化实验录制视频\216110040116 文件不存在!
2021-09-03 12:57:51 WARN  分配文件日志:88 - H:\清源镇中5.27理化实验录制视频\216110040117 文件不存在!
2021-09-03 12:57:51 WARN  分配文件日志:88 - H:\清源镇中5.27理化实验录制视频\216110040119_3 文件不存在!
2021-09-03 12:57:51 WARN  分配文件日志:88 - H:\清源镇中5.27理化实验录制视频\216110040124 文件不存在!
2021-09-03 12:57:51 WARN  分配文件日志:88 - H:\清源镇中5.27理化实验录制视频\216110040125 文件不存在!
2021-09-03 12:57:51 WARN  分配文件日志:88 - H:\清源镇中5.27理化实验录制视频\216110040126 文件不存在!
2021-09-03 12:57:51 WARN  分配文件日志:88 - H:\清源镇中5.27理化实验录制视频\216110040128 文件不存在!
2021-09-03 12:57:51 WARN  分配文件日志:88 - H:\清源镇中5.27理化实验录制视频\216110958006 文件不存在!
2021-09-03 12:57:51 WARN  分配文件日志:88 - H:\清源镇中5.27理化实验录制视频\216110958007_5 文件不存在!
2021-09-03 12:57:51 WARN  分配文件日志:88 - H:\清源镇中5.27理化实验录制视频\216110958008 文件不存在!
2021-09-03 12:57:51 WARN  分配文件日志:88 - H:\清源镇中5.27理化实验录制视频\216110958010 文件不存在!
2021-09-03 12:57:51 WARN  分配文件日志:88 - H:\清源镇中5.27理化实验录制视频\216110958011 文件不存在!
2021-09-03 12:57:51 WARN  分配文件日志:88 - H:\清源镇中5.27理化实验录制视频\216110958012 文件不存在!
2021-09-03 12:57:51 WARN  分配文件日志:88 - H:\清源镇中5.27理化实验录制视频\216110958014 文件不存在!
2021-09-03 12:57:51 WARN  分配文件日志:88 - H:\清源镇中5.27理化实验录制视频\216110958015 文件不存在!
2021-09-03 12:57:51 WARN  分配文件日志:88 - H:\清源镇中5.27理化实验录制视频\216110958016 文件不存在!
2021-09-03 12:57:51 WARN  分配文件日志:88 - H:\清源镇中5.27理化实验录制视频\216110958018 文件不存在!
2021-09-03 12:57:51 WARN  分配文件日志:88 - H:\清源镇中5.27理化实验录制视频\216110958019 文件不存在!
2021-09-03 12:57:51 WARN  分配文件日志:88 - H:\清源镇中5.27理化实验录制视频\216110958024 文件不存在!
2021-09-03 12:57:51 WARN  分配文件日志:88 - H:\清源镇中5.27理化实验录制视频\216110958025 文件不存在!
2021-09-03 12:57:51 WARN  分配文件日志:88 - H:\清源镇中5.27理化实验录制视频\216110958027 文件不存在!
2021-09-03 12:57:51 WARN  分配文件日志:88 - H:\清源镇中5.27理化实验录制视频\216110958031 文件不存在!
2021-09-03 12:57:51 WARN  分配文件日志:88 - H:\清源镇中5.27理化实验录制视频\216110958032 文件不存在!
2021-09-03 12:57:51 WARN  分配文件日志:88 - H:\清源镇中5.27理化实验录制视频\216110958033 文件不存在!
2021-09-03 12:57:51 WARN  分配文件日志:88 - H:\清源镇中5.27理化实验录制视频\216110958034_9 文件不存在!
2021-09-03 12:57:51 WARN  分配文件日志:88 - H:\清源镇中5.27理化实验录制视频\216110958035 文件不存在!
2021-09-03 12:57:51 WARN  分配文件日志:88 - H:\清源镇中5.27理化实验录制视频\216110958036 文件不存在!
2021-09-03 12:57:51 WARN  分配文件日志:88 - H:\清源镇中5.27理化实验录制视频\216110958037 文件不存在!
2021-09-03 12:57:51 WARN  分配文件日志:88 - H:\清源镇中5.27理化实验录制视频\216110958038 文件不存在!
2021-09-03 12:57:51 WARN  分配文件日志:88 - H:\清源镇中5.27理化实验录制视频\216110958041 文件不存在!
2021-09-03 12:57:51 WARN  分配文件日志:88 - H:\清源镇中5.27理化实验录制视频\216110958043 文件不存在!
2021-09-03 12:57:51 WARN  分配文件日志:88 - H:\清源镇中5.27理化实验录制视频\216110958044 文件不存在!
2021-09-03 12:57:51 WARN  分配文件日志:88 - H:\清源镇中5.27理化实验录制视频\216110958046 文件不存在!
2021-09-03 12:57:51 WARN  分配文件日志:88 - H:\清源镇中5.27理化实验录制视频\216110958048 文件不存在!
2021-09-03 12:57:51 WARN  分配文件日志:88 - H:\清源镇中5.27理化实验录制视频\216110958053 文件不存在!
2021-09-03 12:57:51 WARN  分配文件日志:88 - H:\清源镇中5.27理化实验录制视频\216110958055 文件不存在!
2021-09-03 12:57:51 WARN  分配文件日志:88 - H:\清源镇中5.27理化实验录制视频\216110958061_9 文件不存在!
2021-09-03 12:57:51 WARN  分配文件日志:88 - H:\清源镇中5.27理化实验录制视频\216110958062 文件不存在!
2021-09-03 12:57:51 WARN  分配文件日志:88 - H:\清源镇中5.27理化实验录制视频\216110958063 文件不存在!
2021-09-03 12:57:51 WARN  分配文件日志:88 - H:\清源镇中5.27理化实验录制视频\216110958068 文件不存在!
2021-09-03 12:57:51 WARN  分配文件日志:88 - H:\清源镇中5.27理化实验录制视频\216110958071 文件不存在!
2021-09-03 12:57:51 WARN  分配文件日志:88 - H:\清源镇中5.27理化实验录制视频\216110958072 文件不存在!
2021-09-03 12:57:51 WARN  分配文件日志:88 - H:\清源镇中5.27理化实验录制视频\216110958074 文件不存在!
2021-09-03 12:57:51 WARN  分配文件日志:88 - H:\清源镇中5.27理化实验录制视频\216110958075 文件不存在!
2021-09-03 12:57:51 WARN  分配文件日志:88 - H:\清源镇中5.27理化实验录制视频\216110958078 文件不存在!
2021-09-03 12:57:51 WARN  分配文件日志:88 - H:\清源镇中5.27理化实验录制视频\216110958079 文件不存在!
2021-09-03 12:57:51 WARN  分配文件日志:88 - H:\清源镇中5.27理化实验录制视频\216110958080 文件不存在!
2021-09-03 12:57:51 WARN  分配文件日志:88 - H:\清源镇中5.27理化实验录制视频\216110958084 文件不存在!
2021-09-03 12:57:51 WARN  分配文件日志:88 - H:\清源镇中5.27理化实验录制视频\216110958085 文件不存在!
2021-09-03 12:57:51 WARN  分配文件日志:88 - H:\清源镇中5.27理化实验录制视频\216110958088 文件不存在!
2021-09-03 12:57:51 WARN  分配文件日志:88 - H:\清源镇中5.27理化实验录制视频\216110958089 文件不存在!
2021-09-03 12:57:51 WARN  分配文件日志:88 - H:\清源镇中5.27理化实验录制视频\216110958090 文件不存在!
2021-09-03 12:57:51 WARN  分配文件日志:88 - H:\清源镇中5.27理化实验录制视频\216110958091 文件不存在!
2021-09-03 12:57:51 WARN  分配文件日志:88 - H:\清源镇中5.27理化实验录制视频\216110958094 文件不存在!
2021-09-03 12:57:51 WARN  分配文件日志:88 - H:\清源镇中5.27理化实验录制视频\216110958096_9 文件不存在!
2021-09-03 12:57:51 WARN  分配文件日志:88 - H:\清源镇中5.27理化实验录制视频\216110958100 文件不存在!
2021-09-03 12:57:51 WARN  分配文件日志:88 - H:\清源镇中5.27理化实验录制视频\216110958101 文件不存在!
2021-09-03 12:57:51 WARN  分配文件日志:88 - H:\清源镇中5.27理化实验录制视频\216110958102 文件不存在!
2021-09-03 12:57:51 WARN  分配文件日志:88 - H:\清源镇中5.27理化实验录制视频\216110958105 文件不存在!
2021-09-03 12:57:51 WARN  分配文件日志:88 - H:\清源镇中5.27理化实验录制视频\216110958106 文件不存在!
2021-09-03 12:57:51 WARN  分配文件日志:88 - H:\清源镇中5.27理化实验录制视频\216110958107_8 文件不存在!
2021-09-03 12:57:51 WARN  分配文件日志:88 - H:\清源镇中5.27理化实验录制视频\216110958112 文件不存在!
2021-09-03 12:57:51 WARN  分配文件日志:88 - H:\清源镇中5.27理化实验录制视频\216110958113 文件不存在!
2021-09-03 12:57:51 WARN  分配文件日志:88 - H:\清源镇中5.27理化实验录制视频\216110958115 文件不存在!
2021-09-03 12:57:51 WARN  分配文件日志:88 - H:\清源镇中5.27理化实验录制视频\216110958121 文件不存在!
2021-09-03 12:57:51 WARN  分配文件日志:88 - H:\清源镇中5.27理化实验录制视频\216110958122 文件不存在!
2021-09-03 12:57:51 WARN  分配文件日志:88 - H:\清源镇中5.27理化实验录制视频\216110958125 文件不存在!
2021-09-03 12:57:51 WARN  分配文件日志:88 - H:\清源镇中5.27理化实验录制视频\216110958128 文件不存在!
2021-09-03 12:57:51 WARN  分配文件日志:88 - H:\清源镇中5.27理化实验录制视频\216110958129 文件不存在!
2021-09-03 12:57:51 WARN  分配文件日志:88 - H:\清源镇中5.27理化实验录制视频\216110958131_8 文件不存在!
2021-09-03 12:57:51 WARN  分配文件日志:88 - H:\清源镇中5.27理化实验录制视频\216110970001_8 文件不存在!
2021-09-03 12:57:51 WARN  分配文件日志:88 - H:\清源镇中5.27理化实验录制视频\216110970003 文件不存在!
2021-09-03 12:57:51 WARN  分配文件日志:88 - H:\清源镇中5.27理化实验录制视频\216110970004 文件不存在!
2021-09-03 12:57:51 WARN  分配文件日志:88 - H:\清源镇中5.27理化实验录制视频\216110970006 文件不存在!
2021-09-03 12:57:51 WARN  分配文件日志:88 - H:\清源镇中5.27理化实验录制视频\216110010001 文件不存在!
2021-09-03 12:57:51 WARN  分配文件日志:88 - H:\清源镇中5.27理化实验录制视频\216110010006 文件不存在!
2021-09-03 12:57:51 WARN  分配文件日志:88 - H:\清源镇中5.27理化实验录制视频\216110010008_6 文件不存在!
2021-09-03 12:57:51 WARN  分配文件日志:88 - H:\清源镇中5.27理化实验录制视频\216110010009 文件不存在!
2021-09-03 12:57:51 WARN  分配文件日志:88 - H:\清源镇中5.27理化实验录制视频\216110010010 文件不存在!
2021-09-03 12:57:51 WARN  分配文件日志:88 - H:\清源镇中5.27理化实验录制视频\216110010014_8 文件不存在!
2021-09-03 12:57:51 WARN  分配文件日志:88 - H:\清源镇中5.27理化实验录制视频\216110010015 文件不存在!
2021-09-03 12:57:51 WARN  分配文件日志:88 - H:\清源镇中5.27理化实验录制视频\216110010016 文件不存在!
2021-09-03 12:57:51 WARN  分配文件日志:88 - H:\清源镇中5.27理化实验录制视频\216110010017 文件不存在!
2021-09-03 12:57:51 WARN  分配文件日志:88 - H:\清源镇中5.27理化实验录制视频\216110010018_3 文件不存在!
2021-09-03 12:57:51 WARN  分配文件日志:88 - H:\清源镇中5.27理化实验录制视频\216110010020_9 文件不存在!
2021-09-03 12:57:51 WARN  分配文件日志:88 - H:\清源镇中5.27理化实验录制视频\216110010021 文件不存在!
2021-09-03 12:57:51 WARN  分配文件日志:88 - H:\清源镇中5.27理化实验录制视频\216110010022 文件不存在!
2021-09-03 12:57:51 WARN  分配文件日志:88 - H:\清源镇中5.27理化实验录制视频\216110010027 文件不存在!
2021-09-03 12:57:51 WARN  分配文件日志:88 - H:\清源镇中5.27理化实验录制视频\216110010029 文件不存在!
2021-09-03 12:57:51 WARN  分配文件日志:88 - H:\清源镇中5.27理化实验录制视频\216110010032 文件不存在!
2021-09-03 12:57:51 WARN  分配文件日志:88 - H:\清源镇中5.27理化实验录制视频\216110010034 文件不存在!
2021-09-03 12:57:51 WARN  分配文件日志:88 - H:\清源镇中5.27理化实验录制视频\216110010035 文件不存在!
2021-09-03 12:57:51 WARN  分配文件日志:88 - H:\清源镇中5.27理化实验录制视频\216110010039 文件不存在!
2021-09-03 12:57:51 WARN  分配文件日志:88 - H:\清源镇中5.27理化实验录制视频\216110010040_8 文件不存在!
2021-09-03 12:57:51 WARN  分配文件日志:88 - H:\清源镇中5.27理化实验录制视频\216110010041 文件不存在!
2021-09-03 12:57:51 WARN  分配文件日志:88 - H:\清源镇中5.27理化实验录制视频\216110010043 文件不存在!
2021-09-03 12:57:51 WARN  分配文件日志:88 - H:\清源镇中5.27理化实验录制视频\216110010045 文件不存在!
2021-09-03 12:57:51 WARN  分配文件日志:88 - H:\清源镇中5.27理化实验录制视频\216110010046 文件不存在!
2021-09-03 12:57:51 WARN  分配文件日志:88 - H:\清源镇中5.27理化实验录制视频\216110010049_5 文件不存在!
2021-09-03 12:57:51 WARN  分配文件日志:88 - H:\清源镇中5.27理化实验录制视频\216110010050 文件不存在!
2021-09-03 12:57:51 WARN  分配文件日志:88 - H:\清源镇中5.27理化实验录制视频\216110010052_7 文件不存在!
2021-09-03 12:57:51 WARN  分配文件日志:88 - H:\清源镇中5.27理化实验录制视频\216110010053_4 文件不存在!
2021-09-03 12:57:51 WARN  分配文件日志:88 - H:\清源镇中5.27理化实验录制视频\216110010056 文件不存在!
2021-09-03 12:57:51 WARN  分配文件日志:88 - H:\清源镇中5.27理化实验录制视频\216110010057 文件不存在!
2021-09-03 12:57:51 WARN  分配文件日志:88 - H:\清源镇中5.27理化实验录制视频\216110010058_9 文件不存在!
2021-09-03 12:57:51 WARN  分配文件日志:88 - H:\清源镇中5.27理化实验录制视频\216110010059_9 文件不存在!
2021-09-03 12:57:51 WARN  分配文件日志:88 - H:\清源镇中5.27理化实验录制视频\216110010064 文件不存在!
2021-09-03 12:57:51 WARN  分配文件日志:88 - H:\清源镇中5.27理化实验录制视频\216110010066 文件不存在!
2021-09-03 12:57:51 WARN  分配文件日志:88 - H:\清源镇中5.27理化实验录制视频\216110010068 文件不存在!
2021-09-03 12:57:51 WARN  分配文件日志:88 - H:\清源镇中5.27理化实验录制视频\216110010069 文件不存在!
2021-09-03 12:57:51 WARN  分配文件日志:88 - H:\清源镇中5.27理化实验录制视频\216110010070_3 文件不存在!
2021-09-03 12:57:51 WARN  分配文件日志:88 - H:\清源镇中5.27理化实验录制视频\216110010072 文件不存在!
2021-09-03 12:57:51 WARN  分配文件日志:88 - H:\清源镇中5.27理化实验录制视频\216110010076 文件不存在!
2021-09-03 12:57:51 WARN  分配文件日志:88 - H:\清源镇中5.27理化实验录制视频\216110010077 文件不存在!
2021-09-03 12:57:51 WARN  分配文件日志:88 - H:\清源镇中5.27理化实验录制视频\216110010078 文件不存在!
2021-09-03 12:57:51 WARN  分配文件日志:88 - H:\清源镇中5.27理化实验录制视频\216110010081 文件不存在!
2021-09-03 12:57:51 WARN  分配文件日志:88 - H:\清源镇中5.27理化实验录制视频\216110010082 文件不存在!
2021-09-03 12:57:51 WARN  分配文件日志:88 - H:\清源镇中5.27理化实验录制视频\216110010083 文件不存在!
2021-09-03 12:57:51 WARN  分配文件日志:88 - H:\清源镇中5.27理化实验录制视频\216110010087 文件不存在!
2021-09-03 12:57:51 WARN  分配文件日志:88 - H:\清源镇中5.27理化实验录制视频\216110010088 文件不存在!
2021-09-03 12:57:51 WARN  分配文件日志:88 - H:\清源镇中5.27理化实验录制视频\216110010090_9 文件不存在!
2021-09-03 12:57:51 WARN  分配文件日志:88 - H:\清源镇中5.27理化实验录制视频\216110010093 文件不存在!
2021-09-03 12:57:51 WARN  分配文件日志:88 - H:\清源镇中5.27理化实验录制视频\216110010094 文件不存在!
2021-09-03 12:57:51 WARN  分配文件日志:88 - H:\清源镇中5.27理化实验录制视频\216110010098 文件不存在!
2021-09-03 12:57:51 WARN  分配文件日志:88 - H:\清源镇中5.27理化实验录制视频\216110010100 文件不存在!
2021-09-03 12:57:51 WARN  分配文件日志:88 - H:\清源镇中5.27理化实验录制视频\216110010105_9 文件不存在!
2021-09-03 12:57:51 WARN  分配文件日志:88 - H:\清源镇中5.27理化实验录制视频\216110010106 文件不存在!
2021-09-03 12:57:51 WARN  分配文件日志:88 - H:\清源镇中5.27理化实验录制视频\216110010108 文件不存在!
2021-09-03 12:57:51 WARN  分配文件日志:88 - H:\清源镇中5.27理化实验录制视频\216110010109 文件不存在!
2021-09-03 12:57:51 WARN  分配文件日志:88 - H:\清源镇中5.27理化实验录制视频\216110010110_8 文件不存在!
2021-09-03 12:57:51 WARN  分配文件日志:88 - H:\清源镇中5.27理化实验录制视频\216110010111 文件不存在!
2021-09-03 12:57:51 WARN  分配文件日志:88 - H:\清源镇中5.27理化实验录制视频\216110010114 文件不存在!
2021-09-03 12:57:51 WARN  分配文件日志:88 - H:\清源镇中5.27理化实验录制视频\216110010115 文件不存在!
2021-09-03 12:57:51 WARN  分配文件日志:88 - H:\清源镇中5.27理化实验录制视频\216110010121_6 文件不存在!
2021-09-03 12:57:51 WARN  分配文件日志:88 - H:\清源镇中5.27理化实验录制视频\216110010126_9 文件不存在!
2021-09-03 12:57:51 WARN  分配文件日志:88 - H:\清源镇中5.27理化实验录制视频\216110010127_9 文件不存在!
2021-09-03 12:57:51 WARN  分配文件日志:88 - H:\清源镇中5.27理化实验录制视频\216110010133 文件不存在!
2021-09-03 12:57:51 WARN  分配文件日志:88 - H:\清源镇中5.27理化实验录制视频\216110010134 文件不存在!
2021-09-03 12:57:51 WARN  分配文件日志:88 - H:\清源镇中5.27理化实验录制视频\216110010135 文件不存在!
2021-09-03 12:57:51 WARN  分配文件日志:88 - H:\清源镇中5.27理化实验录制视频\216110010137 文件不存在!
2021-09-03 12:57:51 WARN  分配文件日志:88 - H:\清源镇中5.27理化实验录制视频\216110010140 文件不存在!
2021-09-03 12:57:51 WARN  分配文件日志:88 - H:\清源镇中5.27理化实验录制视频\216110010141_8 文件不存在!
2021-09-03 12:57:51 WARN  分配文件日志:88 - H:\清源镇中5.27理化实验录制视频\216110010142 文件不存在!
2021-09-03 12:57:51 WARN  分配文件日志:88 - H:\清源镇中5.27理化实验录制视频\216110010145 文件不存在!
2021-09-03 12:57:51 WARN  分配文件日志:88 - H:\清源镇中5.27理化实验录制视频\216110010146 文件不存在!
2021-09-03 12:57:51 WARN  分配文件日志:88 - H:\清源镇中5.27理化实验录制视频\216110010150 文件不存在!
2021-09-03 12:57:51 WARN  分配文件日志:88 - H:\清源镇中5.27理化实验录制视频\216110010151 文件不存在!
2021-09-03 12:57:51 WARN  分配文件日志:88 - H:\清源镇中5.27理化实验录制视频\216110010153_8 文件不存在!
2021-09-03 12:57:51 WARN  分配文件日志:88 - H:\清源镇中5.27理化实验录制视频\216110010154_8 文件不存在!
2021-09-03 12:57:51 WARN  分配文件日志:88 - H:\清源镇中5.27理化实验录制视频\216110010155_9 文件不存在!
2021-09-03 12:57:51 WARN  分配文件日志:88 - H:\清源镇中5.27理化实验录制视频\216110010156_9 文件不存在!
2021-09-03 12:57:51 WARN  分配文件日志:88 - H:\清源镇中5.27理化实验录制视频\216110010157 文件不存在!
2021-09-03 12:57:51 WARN  分配文件日志:88 - H:\清源镇中5.27理化实验录制视频\216110010158 文件不存在!
2021-09-03 12:57:51 WARN  分配文件日志:88 - H:\清源镇中5.27理化实验录制视频\216110010160 文件不存在!
2021-09-03 12:57:51 WARN  分配文件日志:88 - H:\清源镇中5.27理化实验录制视频\216110010161 文件不存在!
2021-09-03 12:57:51 WARN  分配文件日志:88 - H:\清源镇中5.27理化实验录制视频\216110010162_8 文件不存在!
2021-09-03 12:57:51 WARN  分配文件日志:88 - H:\清源镇中5.27理化实验录制视频\216110010164 文件不存在!
2021-09-03 12:57:51 WARN  分配文件日志:88 - H:\清源镇中5.27理化实验录制视频\216110010165 文件不存在!
2021-09-03 12:57:51 WARN  分配文件日志:88 - H:\清源镇中5.27理化实验录制视频\216110010166 文件不存在!
2021-09-03 12:57:51 WARN  分配文件日志:88 - H:\清源镇中5.27理化实验录制视频\216110010167 文件不存在!
2021-09-03 12:57:51 WARN  分配文件日志:88 - H:\清源镇中5.27理化实验录制视频\216110010170 文件不存在!
2021-09-03 12:57:51 WARN  分配文件日志:88 - H:\清源镇中5.27理化实验录制视频\216110010172_9 文件不存在!
2021-09-03 12:57:51 WARN  分配文件日志:88 - H:\清源镇中5.27理化实验录制视频\216110010177_9 文件不存在!
2021-09-03 12:57:51 WARN  分配文件日志:88 - H:\清源镇中5.27理化实验录制视频\216110010182 文件不存在!
2021-09-03 12:57:51 WARN  分配文件日志:88 - H:\清源镇中5.27理化实验录制视频\216110010184 文件不存在!
2021-09-03 12:57:51 WARN  分配文件日志:88 - H:\清源镇中5.27理化实验录制视频\216110010185 文件不存在!
2021-09-03 12:57:51 WARN  分配文件日志:88 - H:\清源镇中5.27理化实验录制视频\216110010186 文件不存在!
2021-09-03 12:57:51 WARN  分配文件日志:88 - H:\清源镇中5.27理化实验录制视频\216110010187 文件不存在!
2021-09-03 12:57:51 WARN  分配文件日志:88 - H:\清源镇中5.27理化实验录制视频\216110010189 文件不存在!
2021-09-03 12:57:51 WARN  分配文件日志:88 - H:\清源镇中5.27理化实验录制视频\216110010191 文件不存在!
2021-09-03 12:57:51 WARN  分配文件日志:88 - H:\清源镇中5.27理化实验录制视频\216110010193 文件不存在!
2021-09-03 12:57:51 WARN  分配文件日志:88 - H:\清源镇中5.27理化实验录制视频\216110010194 文件不存在!
2021-09-03 12:57:51 WARN  分配文件日志:88 - H:\清源镇中5.27理化实验录制视频\216110010195 文件不存在!
2021-09-03 12:57:51 WARN  分配文件日志:88 - H:\清源镇中5.27理化实验录制视频\216110010196_8 文件不存在!
2021-09-03 12:57:51 WARN  分配文件日志:88 - H:\清源镇中5.27理化实验录制视频\216110010197 文件不存在!
2021-09-03 12:57:51 WARN  分配文件日志:88 - H:\清源镇中5.27理化实验录制视频\216110010198_9 文件不存在!
2021-09-03 12:57:51 WARN  分配文件日志:88 - H:\清源镇中5.27理化实验录制视频\216110010202 文件不存在!
2021-09-03 12:57:51 WARN  分配文件日志:88 - H:\清源镇中5.27理化实验录制视频\216110010204_4 文件不存在!
2021-09-03 12:57:51 WARN  分配文件日志:88 - H:\清源镇中5.27理化实验录制视频\216110010209_9 文件不存在!
2021-09-03 12:57:51 WARN  分配文件日志:88 - H:\清源镇中5.27理化实验录制视频\216110010210 文件不存在!
2021-09-03 12:57:51 WARN  分配文件日志:88 - H:\清源镇中5.27理化实验录制视频\216110010211_8 文件不存在!
2021-09-03 12:57:51 WARN  分配文件日志:88 - H:\清源镇中5.27理化实验录制视频\216110010213 文件不存在!
2021-09-03 12:57:51 WARN  分配文件日志:88 - H:\清源镇中5.27理化实验录制视频\216110010214 文件不存在!
2021-09-03 12:57:51 WARN  分配文件日志:88 - H:\清源镇中5.27理化实验录制视频\216110010215 文件不存在!
2021-09-03 12:57:51 WARN  分配文件日志:88 - H:\清源镇中5.27理化实验录制视频\216110010216 文件不存在!
2021-09-03 12:57:51 WARN  分配文件日志:88 - H:\清源镇中5.27理化实验录制视频\216110010217 文件不存在!
2021-09-03 12:57:51 WARN  分配文件日志:88 - H:\清源镇中5.27理化实验录制视频\216110010218 文件不存在!
2021-09-03 12:57:51 WARN  分配文件日志:88 - H:\清源镇中5.27理化实验录制视频\216110010219 文件不存在!
2021-09-03 12:57:51 WARN  分配文件日志:88 - H:\清源镇中5.27理化实验录制视频\216110010221 文件不存在!
2021-09-03 12:57:51 WARN  分配文件日志:88 - H:\清源镇中5.27理化实验录制视频\216110010223 文件不存在!
2021-09-03 12:57:51 WARN  分配文件日志:88 - H:\清源镇中5.27理化实验录制视频\216110010226_9 文件不存在!
2021-09-03 12:57:51 WARN  分配文件日志:88 - H:\清源镇中5.27理化实验录制视频\216110010227 文件不存在!
2021-09-03 12:57:51 WARN  分配文件日志:88 - H:\清源镇中5.27理化实验录制视频\216110010228 文件不存在!
2021-09-03 12:57:51 WARN  分配文件日志:88 - H:\清源镇中5.27理化实验录制视频\216110010229 文件不存在!
2021-09-03 12:57:51 WARN  分配文件日志:88 - H:\清源镇中5.27理化实验录制视频\216110010231_9 文件不存在!
2021-09-03 12:57:51 WARN  分配文件日志:88 - H:\清源镇中5.27理化实验录制视频\216110010233 文件不存在!
2021-09-03 12:57:51 WARN  分配文件日志:88 - H:\清源镇中5.27理化实验录制视频\216110010237 文件不存在!
2021-09-03 12:57:51 WARN  分配文件日志:88 - H:\清源镇中5.27理化实验录制视频\216110010240 文件不存在!
2021-09-03 12:57:51 WARN  分配文件日志:88 - H:\清源镇中5.27理化实验录制视频\216110010241 文件不存在!
2021-09-03 12:57:51 WARN  分配文件日志:88 - H:\清源镇中5.27理化实验录制视频\216110010242_8 文件不存在!
2021-09-03 12:57:51 WARN  分配文件日志:88 - H:\清源镇中5.27理化实验录制视频\216110010244 文件不存在!
2021-09-03 12:57:51 WARN  分配文件日志:88 - H:\清源镇中5.27理化实验录制视频\216110010245 文件不存在!
2021-09-03 12:57:51 WARN  分配文件日志:88 - H:\清源镇中5.27理化实验录制视频\216110010252 文件不存在!
2021-09-03 12:57:51 WARN  分配文件日志:88 - H:\清源镇中5.27理化实验录制视频\216110010253 文件不存在!
2021-09-03 12:57:51 WARN  分配文件日志:88 - H:\清源镇中5.27理化实验录制视频\216110010255 文件不存在!
2021-09-03 12:57:51 WARN  分配文件日志:88 - H:\清源镇中5.27理化实验录制视频\216110010263 文件不存在!
2021-09-03 12:57:51 WARN  分配文件日志:88 - H:\清源镇中5.27理化实验录制视频\216110010264 文件不存在!
2021-09-03 12:57:51 WARN  分配文件日志:88 - H:\清源镇中5.27理化实验录制视频\216110010265_9 文件不存在!
2021-09-03 12:57:51 WARN  分配文件日志:88 - H:\清源镇中5.27理化实验录制视频\216110010269_8 文件不存在!
2021-09-03 12:57:51 WARN  分配文件日志:88 - H:\清源镇中5.27理化实验录制视频\216110010271 文件不存在!
2021-09-03 12:57:51 WARN  分配文件日志:88 - H:\清源镇中5.27理化实验录制视频\216110010272 文件不存在!
2021-09-03 12:57:51 WARN  分配文件日志:88 - H:\清源镇中5.27理化实验录制视频\216110010276 文件不存在!
2021-09-03 12:57:51 WARN  分配文件日志:88 - H:\清源镇中5.27理化实验录制视频\216110010277 文件不存在!
2021-09-03 12:57:51 WARN  分配文件日志:88 - H:\清源镇中5.27理化实验录制视频\216110010278 文件不存在!
2021-09-03 12:57:51 WARN  分配文件日志:88 - H:\清源镇中5.27理化实验录制视频\216110010280 文件不存在!
2021-09-03 12:57:51 WARN  分配文件日志:88 - H:\清源镇中5.27理化实验录制视频\216110010282 文件不存在!
2021-09-03 12:57:51 WARN  分配文件日志:88 - H:\清源镇中5.27理化实验录制视频\216110010283 文件不存在!
2021-09-03 12:57:51 WARN  分配文件日志:88 - H:\清源镇中5.27理化实验录制视频\216110010286 文件不存在!
2021-09-03 12:57:51 WARN  分配文件日志:88 - H:\清源镇中5.27理化实验录制视频\216110010287_9 文件不存在!
2021-09-03 12:57:51 WARN  分配文件日志:88 - H:\清源镇中5.27理化实验录制视频\216110010289 文件不存在!
2021-09-03 12:57:51 WARN  分配文件日志:88 - H:\清源镇中5.27理化实验录制视频\216110010290 文件不存在!
2021-09-03 12:57:51 WARN  分配文件日志:88 - H:\清源镇中5.27理化实验录制视频\216110010293 文件不存在!
2021-09-03 12:57:51 WARN  分配文件日志:88 - H:\清源镇中5.27理化实验录制视频\216110010294_7 文件不存在!
2021-09-03 12:57:51 WARN  分配文件日志:88 - H:\清源镇中5.27理化实验录制视频\216110010295_7 文件不存在!
2021-09-03 12:57:51 WARN  分配文件日志:88 - H:\清源镇中5.27理化实验录制视频\216110010296 文件不存在!
2021-09-03 12:57:51 WARN  分配文件日志:88 - H:\清源镇中5.27理化实验录制视频\216110010297 文件不存在!
2021-09-03 12:57:51 WARN  分配文件日志:88 - H:\清源镇中5.27理化实验录制视频\216110010300 文件不存在!
2021-09-03 12:57:51 WARN  分配文件日志:88 - H:\清源镇中5.27理化实验录制视频\216110010305 文件不存在!
2021-09-03 12:57:51 WARN  分配文件日志:88 - H:\清源镇中5.27理化实验录制视频\216110010308_6 文件不存在!
2021-09-03 12:57:51 WARN  分配文件日志:88 - H:\清源镇中5.27理化实验录制视频\216110010309 文件不存在!
2021-09-03 12:57:51 WARN  分配文件日志:88 - H:\清源镇中5.27理化实验录制视频\216110010311_8 文件不存在!
2021-09-03 12:57:51 WARN  分配文件日志:88 - H:\清源镇中5.27理化实验录制视频\216110010314 文件不存在!
2021-09-03 12:57:51 WARN  分配文件日志:88 - H:\清源镇中5.27理化实验录制视频\216110010318_9 文件不存在!
2021-09-03 12:57:51 WARN  分配文件日志:88 - H:\清源镇中5.27理化实验录制视频\216110010319 文件不存在!
2021-09-03 12:57:51 WARN  分配文件日志:88 - H:\清源镇中5.27理化实验录制视频\216110010320 文件不存在!
2021-09-03 12:57:51 WARN  分配文件日志:88 - H:\清源镇中5.27理化实验录制视频\216110010321 文件不存在!
2021-09-03 12:57:51 WARN  分配文件日志:88 - H:\清源镇中5.27理化实验录制视频\216110010322_9 文件不存在!
2021-09-03 12:57:51 WARN  分配文件日志:88 - H:\清源镇中5.27理化实验录制视频\216110010324 文件不存在!
2021-09-03 12:57:51 WARN  分配文件日志:88 - H:\清源镇中5.27理化实验录制视频\216110010327 文件不存在!
2021-09-03 12:57:51 WARN  分配文件日志:88 - H:\清源镇中5.27理化实验录制视频\216110010328 文件不存在!
2021-09-03 12:57:51 WARN  分配文件日志:88 - H:\清源镇中5.27理化实验录制视频\216110010330 文件不存在!
2021-09-03 12:57:51 WARN  分配文件日志:88 - H:\清源镇中5.27理化实验录制视频\216110010331 文件不存在!
2021-09-03 12:57:51 WARN  分配文件日志:88 - H:\清源镇中5.27理化实验录制视频\216110010334_8 文件不存在!
2021-09-03 12:57:51 WARN  分配文件日志:88 - H:\清源镇中5.27理化实验录制视频\216110010335_8 文件不存在!
2021-09-03 12:57:51 WARN  分配文件日志:88 - H:\清源镇中5.27理化实验录制视频\216110010336_9 文件不存在!
2021-09-03 12:57:51 WARN  分配文件日志:88 - H:\清源镇中5.27理化实验录制视频\216110010339 文件不存在!
2021-09-03 12:57:51 WARN  分配文件日志:88 - H:\清源镇中5.27理化实验录制视频\216110010341 文件不存在!
2021-09-03 12:57:51 WARN  分配文件日志:88 - H:\清源镇中5.27理化实验录制视频\216110010344 文件不存在!
2021-09-03 12:57:51 WARN  分配文件日志:88 - H:\清源镇中5.27理化实验录制视频\216110010350 文件不存在!
2021-09-03 12:57:51 WARN  分配文件日志:88 - H:\清源镇中5.27理化实验录制视频\216110010353 文件不存在!
2021-09-03 12:57:51 WARN  分配文件日志:88 - H:\清源镇中5.27理化实验录制视频\216110010354 文件不存在!
2021-09-03 12:57:51 WARN  分配文件日志:88 - H:\清源镇中5.27理化实验录制视频\216110010355 文件不存在!
2021-09-03 12:57:51 WARN  分配文件日志:88 - H:\清源镇中5.27理化实验录制视频\216110010356_9 文件不存在!
2021-09-03 12:57:51 WARN  分配文件日志:88 - H:\清源镇中5.27理化实验录制视频\216110010360 文件不存在!
2021-09-03 12:57:51 WARN  分配文件日志:88 - H:\清源镇中5.27理化实验录制视频\216110010361 文件不存在!
2021-09-03 12:57:51 WARN  分配文件日志:88 - H:\清源镇中5.27理化实验录制视频\216110010363 文件不存在!
2021-09-03 12:57:51 WARN  分配文件日志:88 - H:\清源镇中5.27理化实验录制视频\216110010365 文件不存在!
2021-09-03 12:57:51 WARN  分配文件日志:88 - H:\清源镇中5.27理化实验录制视频\216110010366 文件不存在!
2021-09-03 12:57:51 WARN  分配文件日志:88 - H:\清源镇中5.27理化实验录制视频\216110010367_8 文件不存在!
2021-09-03 12:57:51 WARN  分配文件日志:88 - H:\清源镇中5.27理化实验录制视频\216110010368 文件不存在!
2021-09-03 12:57:51 WARN  分配文件日志:88 - H:\清源镇中5.27理化实验录制视频\216110010371_7 文件不存在!
2021-09-03 12:57:51 WARN  分配文件日志:88 - H:\清源镇中5.27理化实验录制视频\216110010374 文件不存在!
2021-09-03 12:57:51 WARN  分配文件日志:88 - H:\清源镇中5.27理化实验录制视频\216110010375 文件不存在!
2021-09-03 12:57:51 WARN  分配文件日志:88 - H:\清源镇中5.27理化实验录制视频\216110010376 文件不存在!
2021-09-03 12:57:51 WARN  分配文件日志:88 - H:\清源镇中5.27理化实验录制视频\216110010377_5 文件不存在!
2021-09-03 12:57:51 WARN  分配文件日志:88 - H:\清源镇中5.27理化实验录制视频\216110010381_8 文件不存在!
2021-09-03 12:57:51 WARN  分配文件日志:88 - H:\清源镇中5.27理化实验录制视频\216110010382_9 文件不存在!
2021-09-03 12:57:51 WARN  分配文件日志:88 - H:\清源镇中5.27理化实验录制视频\216110010383 文件不存在!
2021-09-03 12:57:51 WARN  分配文件日志:88 - H:\清源镇中5.27理化实验录制视频\216110010384 文件不存在!
2021-09-03 12:57:51 WARN  分配文件日志:88 - H:\清源镇中5.27理化实验录制视频\216110010389 文件不存在!
2021-09-03 12:57:51 WARN  分配文件日志:88 - H:\清源镇中5.27理化实验录制视频\216110010390 文件不存在!
2021-09-03 12:57:51 WARN  分配文件日志:88 - H:\清源镇中5.27理化实验录制视频\216110010391 文件不存在!
2021-09-03 12:57:51 WARN  分配文件日志:88 - H:\清源镇中5.27理化实验录制视频\216110010392 文件不存在!
2021-09-03 12:57:51 WARN  分配文件日志:88 - H:\清源镇中5.27理化实验录制视频\216110010393 文件不存在!
2021-09-03 12:57:51 WARN  分配文件日志:88 - H:\清源镇中5.27理化实验录制视频\216110010396 文件不存在!
2021-09-03 12:57:51 WARN  分配文件日志:88 - H:\清源镇中5.27理化实验录制视频\216110010397 文件不存在!
2021-09-03 12:57:51 WARN  分配文件日志:88 - H:\清源镇中5.27理化实验录制视频\216110010402 文件不存在!
2021-09-03 12:57:51 WARN  分配文件日志:88 - H:\清源镇中5.27理化实验录制视频\216110010407 文件不存在!
2021-09-03 12:57:51 WARN  分配文件日志:88 - H:\清源镇中5.27理化实验录制视频\216110010408 文件不存在!
2021-09-03 12:57:51 WARN  分配文件日志:88 - H:\清源镇中5.27理化实验录制视频\216110010410_9 文件不存在!
2021-09-03 12:57:51 WARN  分配文件日志:88 - H:\清源镇中5.27理化实验录制视频\216110010412 文件不存在!
2021-09-03 12:57:51 WARN  分配文件日志:88 - H:\清源镇中5.27理化实验录制视频\216110010415 文件不存在!
2021-09-03 12:57:51 WARN  分配文件日志:88 - H:\清源镇中5.27理化实验录制视频\216110010418 文件不存在!
2021-09-03 12:57:51 WARN  分配文件日志:88 - H:\清源镇中5.27理化实验录制视频\216110010420 文件不存在!
2021-09-03 12:57:51 WARN  分配文件日志:88 - H:\清源镇中5.27理化实验录制视频\216110010421 文件不存在!
2021-09-03 12:57:51 WARN  分配文件日志:88 - H:\清源镇中5.27理化实验录制视频\216110010422 文件不存在!
2021-09-03 12:57:51 WARN  分配文件日志:88 - H:\清源镇中5.27理化实验录制视频\216110010426 文件不存在!
2021-09-03 12:57:51 WARN  分配文件日志:88 - H:\清源镇中5.27理化实验录制视频\216110010427 文件不存在!
2021-09-03 12:57:51 WARN  分配文件日志:88 - H:\清源镇中5.27理化实验录制视频\216110010430 文件不存在!
2021-09-03 12:57:51 WARN  分配文件日志:88 - H:\清源镇中5.27理化实验录制视频\216110010433_9 文件不存在!
2021-09-03 12:57:51 WARN  分配文件日志:88 - H:\清源镇中5.27理化实验录制视频\216110010434 文件不存在!
2021-09-03 12:57:51 WARN  分配文件日志:88 - H:\清源镇中5.27理化实验录制视频\216110010435 文件不存在!
2021-09-03 12:57:51 WARN  分配文件日志:88 - H:\清源镇中5.27理化实验录制视频\216110010436 文件不存在!
2021-09-03 12:57:51 WARN  分配文件日志:88 - H:\清源镇中5.27理化实验录制视频\216110010437_9 文件不存在!
2021-09-03 12:57:51 WARN  分配文件日志:88 - H:\清源镇中5.27理化实验录制视频\216110010440 文件不存在!
2021-09-03 12:57:51 WARN  分配文件日志:88 - H:\清源镇中5.27理化实验录制视频\216110010443 文件不存在!
2021-09-03 12:57:51 WARN  分配文件日志:88 - H:\清源镇中5.27理化实验录制视频\216110010444_8 文件不存在!
2021-09-03 12:57:51 WARN  分配文件日志:88 - H:\清源镇中5.27理化实验录制视频\216110010445 文件不存在!
2021-09-03 12:57:51 WARN  分配文件日志:88 - H:\清源镇中5.27理化实验录制视频\216110010447_9 文件不存在!
2021-09-03 12:57:51 WARN  分配文件日志:88 - H:\清源镇中5.27理化实验录制视频\216110010448 文件不存在!
2021-09-03 12:57:51 WARN  分配文件日志:88 - H:\清源镇中5.27理化实验录制视频\216110010449 文件不存在!
2021-09-03 12:57:51 WARN  分配文件日志:88 - H:\清源镇中5.27理化实验录制视频\216110010453 文件不存在!
2021-09-03 12:57:51 WARN  分配文件日志:88 - H:\清源镇中5.27理化实验录制视频\216110010454_9 文件不存在!
2021-09-03 12:57:51 WARN  分配文件日志:88 - H:\清源镇中5.27理化实验录制视频\216110010457 文件不存在!
2021-09-03 12:57:51 WARN  分配文件日志:88 - H:\清源镇中5.27理化实验录制视频\216110010459 文件不存在!
2021-09-03 12:57:51 WARN  分配文件日志:88 - H:\清源镇中5.27理化实验录制视频\216110010461 文件不存在!
2021-09-03 12:57:51 WARN  分配文件日志:88 - H:\清源镇中5.27理化实验录制视频\216110010462 文件不存在!
2021-09-03 12:57:51 WARN  分配文件日志:88 - H:\清源镇中5.27理化实验录制视频\216110010464 文件不存在!
2021-09-03 12:57:51 WARN  分配文件日志:88 - H:\清源镇中5.27理化实验录制视频\216110010467_7 文件不存在!
2021-09-03 12:57:51 WARN  分配文件日志:88 - H:\清源镇中5.27理化实验录制视频\216110010470 文件不存在!
2021-09-03 12:57:51 WARN  分配文件日志:88 - H:\清源镇中5.27理化实验录制视频\216110010472 文件不存在!
2021-09-03 12:57:51 WARN  分配文件日志:88 - H:\清源镇中5.27理化实验录制视频\216110010474_9 文件不存在!
2021-09-03 12:57:51 WARN  分配文件日志:88 - H:\清源镇中5.27理化实验录制视频\216110010480 文件不存在!
2021-09-03 12:57:51 WARN  分配文件日志:88 - H:\清源镇中5.27理化实验录制视频\216110010481 文件不存在!
2021-09-03 12:57:51 WARN  分配文件日志:88 - H:\清源镇中5.27理化实验录制视频\216110010483 文件不存在!
2021-09-03 12:57:51 WARN  分配文件日志:88 - H:\清源镇中5.27理化实验录制视频\216110010484_9 文件不存在!
2021-09-03 12:57:51 WARN  分配文件日志:88 - H:\清源镇中5.27理化实验录制视频\216110010485 文件不存在!
2021-09-03 12:57:51 WARN  分配文件日志:88 - H:\清源镇中5.27理化实验录制视频\216110010486 文件不存在!
2021-09-03 12:57:51 WARN  分配文件日志:88 - H:\清源镇中5.27理化实验录制视频\216110010487_9 文件不存在!
2021-09-03 12:57:51 WARN  分配文件日志:88 - H:\清源镇中5.27理化实验录制视频\216110010488 文件不存在!
2021-09-03 12:57:51 WARN  分配文件日志:88 - H:\清源镇中5.27理化实验录制视频\216110010493_9 文件不存在!
2021-09-03 12:57:51 WARN  分配文件日志:88 - H:\清源镇中5.27理化实验录制视频\216110010494_3 文件不存在!
2021-09-03 12:57:51 WARN  分配文件日志:88 - H:\清源镇中5.27理化实验录制视频\216110010495_9 文件不存在!
2021-09-03 12:57:51 WARN  分配文件日志:88 - H:\清源镇中5.27理化实验录制视频\216110010498 文件不存在!
2021-09-03 12:57:51 WARN  分配文件日志:88 - H:\清源镇中5.27理化实验录制视频\216110010499 文件不存在!
2021-09-03 12:57:51 WARN  分配文件日志:88 - H:\清源镇中5.27理化实验录制视频\216110010501 文件不存在!
2021-09-03 12:57:51 WARN  分配文件日志:88 - H:\清源镇中5.27理化实验录制视频\216110010502 文件不存在!
2021-09-03 12:57:51 WARN  分配文件日志:88 - H:\清源镇中5.27理化实验录制视频\216110010503_9 文件不存在!
2021-09-03 12:57:51 WARN  分配文件日志:88 - H:\清源镇中5.27理化实验录制视频\216110010504 文件不存在!
2021-09-03 12:57:51 WARN  分配文件日志:88 - H:\清源镇中5.27理化实验录制视频\216110010511 文件不存在!
2021-09-03 12:57:51 WARN  分配文件日志:88 - H:\清源镇中5.27理化实验录制视频\216110010512 文件不存在!
2021-09-03 12:57:51 WARN  分配文件日志:88 - H:\清源镇中5.27理化实验录制视频\216110010514_9 文件不存在!
2021-09-03 12:57:51 WARN  分配文件日志:88 - H:\清源镇中5.27理化实验录制视频\216110010515 文件不存在!
2021-09-03 12:57:51 WARN  分配文件日志:88 - H:\清源镇中5.27理化实验录制视频\216110010523 文件不存在!
2021-09-03 12:57:51 WARN  分配文件日志:88 - H:\清源镇中5.27理化实验录制视频\216110010524 文件不存在!
2021-09-03 12:57:51 WARN  分配文件日志:88 - H:\清源镇中5.27理化实验录制视频\216110010525 文件不存在!
2021-09-03 12:57:51 WARN  分配文件日志:88 - H:\清源镇中5.27理化实验录制视频\216110010526 文件不存在!
2021-09-03 12:57:51 WARN  分配文件日志:88 - H:\清源镇中5.27理化实验录制视频\216110010528 文件不存在!
2021-09-03 12:57:51 WARN  分配文件日志:88 - H:\清源镇中5.27理化实验录制视频\216110010529 文件不存在!
2021-09-03 12:57:51 WARN  分配文件日志:88 - H:\清源镇中5.27理化实验录制视频\216110010530 文件不存在!
2021-09-03 12:57:51 WARN  分配文件日志:88 - H:\清源镇中5.27理化实验录制视频\216110010531 文件不存在!
2021-09-03 12:57:51 WARN  分配文件日志:88 - H:\清源镇中5.27理化实验录制视频\216110010533_9 文件不存在!
2021-09-03 12:57:51 WARN  分配文件日志:88 - H:\清源镇中5.27理化实验录制视频\216110010536_8 文件不存在!
2021-09-03 12:57:51 WARN  分配文件日志:88 - H:\清源镇中5.27理化实验录制视频\216110010539 文件不存在!
2021-09-03 12:57:51 WARN  分配文件日志:88 - H:\清源镇中5.27理化实验录制视频\216110010540 文件不存在!
2021-09-03 12:57:51 WARN  分配文件日志:88 - H:\清源镇中5.27理化实验录制视频\216110010542 文件不存在!
2021-09-03 12:57:51 WARN  分配文件日志:88 - H:\清源镇中5.27理化实验录制视频\216110010545 文件不存在!
2021-09-03 12:57:51 WARN  分配文件日志:88 - H:\清源镇中5.27理化实验录制视频\216110010546 文件不存在!
2021-09-03 12:57:51 WARN  分配文件日志:88 - H:\清源镇中5.27理化实验录制视频\216110010548 文件不存在!
2021-09-03 12:57:51 WARN  分配文件日志:88 - H:\清源镇中5.27理化实验录制视频\216110010551 文件不存在!
2021-09-03 12:57:51 WARN  分配文件日志:88 - H:\清源镇中5.27理化实验录制视频\216110010552 文件不存在!
2021-09-03 12:57:51 WARN  分配文件日志:88 - H:\清源镇中5.27理化实验录制视频\216110010553 文件不存在!
2021-09-03 12:57:51 WARN  分配文件日志:88 - H:\清源镇中5.27理化实验录制视频\216110010554 文件不存在!
2021-09-03 12:57:51 WARN  分配文件日志:88 - H:\清源镇中5.27理化实验录制视频\216110010555_6 文件不存在!
2021-09-03 12:57:51 WARN  分配文件日志:88 - H:\清源镇中5.27理化实验录制视频\216110010557 文件不存在!
2021-09-03 12:57:51 WARN  分配文件日志:88 - H:\清源镇中5.27理化实验录制视频\216110010559 文件不存在!
2021-09-03 12:57:51 WARN  分配文件日志:88 - H:\清源镇中5.27理化实验录制视频\216110010561_7 文件不存在!
2021-09-03 12:57:51 WARN  分配文件日志:88 - H:\清源镇中5.27理化实验录制视频\216110010562 文件不存在!
2021-09-03 12:57:51 WARN  分配文件日志:88 - H:\清源镇中5.27理化实验录制视频\216110010563 文件不存在!
2021-09-03 12:57:51 WARN  分配文件日志:88 - H:\清源镇中5.27理化实验录制视频\216110010567 文件不存在!
2021-09-03 12:57:51 WARN  分配文件日志:88 - H:\清源镇中5.27理化实验录制视频\216110010568 文件不存在!
2021-09-03 12:57:51 WARN  分配文件日志:88 - H:\清源镇中5.27理化实验录制视频\216110010574 文件不存在!
2021-09-03 12:57:51 WARN  分配文件日志:88 - H:\清源镇中5.27理化实验录制视频\216110010576_9 文件不存在!
2021-09-03 12:57:51 WARN  分配文件日志:88 - H:\清源镇中5.27理化实验录制视频\216110010577 文件不存在!
2021-09-03 12:57:51 WARN  分配文件日志:88 - H:\清源镇中5.27理化实验录制视频\216110010578 文件不存在!
2021-09-03 12:57:51 WARN  分配文件日志:88 - H:\清源镇中5.27理化实验录制视频\216110010580_9 文件不存在!
2021-09-03 12:57:51 WARN  分配文件日志:88 - H:\清源镇中5.27理化实验录制视频\216110010582 文件不存在!
2021-09-03 12:57:51 WARN  分配文件日志:88 - H:\清源镇中5.27理化实验录制视频\216110010585 文件不存在!
2021-09-03 12:57:51 WARN  分配文件日志:88 - H:\清源镇中5.27理化实验录制视频\216110010586 文件不存在!
2021-09-03 12:57:51 WARN  分配文件日志:88 - H:\清源镇中5.27理化实验录制视频\216110010587_9 文件不存在!
2021-09-03 12:57:51 WARN  分配文件日志:88 - H:\清源镇中5.27理化实验录制视频\216110010590_6 文件不存在!
2021-09-03 12:57:51 WARN  分配文件日志:88 - H:\清源镇中5.27理化实验录制视频\216110010596 文件不存在!
2021-09-03 12:57:51 WARN  分配文件日志:88 - H:\清源镇中5.27理化实验录制视频\216110010597 文件不存在!
2021-09-03 12:57:51 WARN  分配文件日志:88 - H:\清源镇中5.27理化实验录制视频\216110010598_9 文件不存在!
2021-09-03 12:57:51 WARN  分配文件日志:88 - H:\清源镇中5.27理化实验录制视频\216110010599 文件不存在!
2021-09-03 12:57:51 WARN  分配文件日志:88 - H:\清源镇中5.27理化实验录制视频\216110010600 文件不存在!
2021-09-03 12:57:51 WARN  分配文件日志:88 - H:\清源镇中5.27理化实验录制视频\216110010603 文件不存在!
2021-09-03 12:57:51 WARN  分配文件日志:88 - H:\清源镇中5.27理化实验录制视频\216110010604 文件不存在!
2021-09-03 12:57:51 WARN  分配文件日志:88 - H:\清源镇中5.27理化实验录制视频\216110010607 文件不存在!
2021-09-03 12:57:51 WARN  分配文件日志:88 - H:\清源镇中5.27理化实验录制视频\216110010609 文件不存在!
2021-09-03 12:57:51 WARN  分配文件日志:88 - H:\清源镇中5.27理化实验录制视频\216110010613 文件不存在!
2021-09-03 12:57:51 WARN  分配文件日志:88 - H:\清源镇中5.27理化实验录制视频\216110010617 文件不存在!
2021-09-03 12:57:51 WARN  分配文件日志:88 - H:\清源镇中5.27理化实验录制视频\216110010619 文件不存在!
2021-09-03 12:57:51 WARN  分配文件日志:88 - H:\清源镇中5.27理化实验录制视频\216110010620 文件不存在!
2021-09-03 12:57:51 WARN  分配文件日志:88 - H:\清源镇中5.27理化实验录制视频\216110010621 文件不存在!
2021-09-03 12:57:51 WARN  分配文件日志:88 - H:\清源镇中5.27理化实验录制视频\216110010623 文件不存在!
2021-09-03 12:57:51 WARN  分配文件日志:88 - H:\清源镇中5.27理化实验录制视频\216110010624 文件不存在!
2021-09-03 12:57:51 WARN  分配文件日志:88 - H:\清源镇中5.27理化实验录制视频\216110010625 文件不存在!
2021-09-03 12:57:51 WARN  分配文件日志:88 - H:\清源镇中5.27理化实验录制视频\216110010628 文件不存在!
2021-09-03 12:57:51 WARN  分配文件日志:88 - H:\清源镇中5.27理化实验录制视频\216110010630 文件不存在!
2021-09-03 12:57:51 WARN  分配文件日志:88 - H:\清源镇中5.27理化实验录制视频\216110010631 文件不存在!
2021-09-03 12:57:51 WARN  分配文件日志:88 - H:\清源镇中5.27理化实验录制视频\216110010634_7 文件不存在!
2021-09-03 12:57:51 WARN  分配文件日志:88 - H:\清源镇中5.27理化实验录制视频\216110010635 文件不存在!
2021-09-03 12:57:51 WARN  分配文件日志:88 - H:\清源镇中5.27理化实验录制视频\216110010640 文件不存在!
2021-09-03 12:57:51 WARN  分配文件日志:88 - H:\清源镇中5.27理化实验录制视频\216110040004 文件不存在!
2021-09-03 12:57:51 WARN  分配文件日志:88 - H:\清源镇中5.27理化实验录制视频\216110040007 文件不存在!
2021-09-03 12:57:51 WARN  分配文件日志:88 - H:\清源镇中5.27理化实验录制视频\216110040009 文件不存在!
2021-09-03 12:57:51 WARN  分配文件日志:88 - H:\清源镇中5.27理化实验录制视频\216110040014 文件不存在!
2021-09-03 12:57:51 WARN  分配文件日志:88 - H:\清源镇中5.27理化实验录制视频\216110040017 文件不存在!
2021-09-03 12:57:51 WARN  分配文件日志:88 - H:\清源镇中5.27理化实验录制视频\216110040018 文件不存在!
2021-09-03 12:57:51 WARN  分配文件日志:88 - H:\清源镇中5.27理化实验录制视频\216110040021 文件不存在!
2021-09-03 12:57:51 WARN  分配文件日志:88 - H:\清源镇中5.27理化实验录制视频\216110040022 文件不存在!
2021-09-03 12:57:51 WARN  分配文件日志:88 - H:\清源镇中5.27理化实验录制视频\216110040024 文件不存在!
2021-09-03 12:57:51 WARN  分配文件日志:88 - H:\清源镇中5.27理化实验录制视频\216110040025 文件不存在!
2021-09-03 12:57:51 WARN  分配文件日志:88 - H:\清源镇中5.27理化实验录制视频\216110040026 文件不存在!
2021-09-03 12:57:51 WARN  分配文件日志:88 - H:\清源镇中5.27理化实验录制视频\216110040028 文件不存在!
2021-09-03 12:57:51 WARN  分配文件日志:88 - H:\清源镇中5.27理化实验录制视频\216110040029 文件不存在!
2021-09-03 12:57:51 WARN  分配文件日志:88 - H:\清源镇中5.27理化实验录制视频\216110040031 文件不存在!
2021-09-03 12:57:51 WARN  分配文件日志:88 - H:\清源镇中5.27理化实验录制视频\216110040032 文件不存在!
2021-09-03 12:57:51 WARN  分配文件日志:88 - H:\清源镇中5.27理化实验录制视频\216110040035 文件不存在!
2021-09-03 12:57:51 WARN  分配文件日志:88 - H:\清源镇中5.27理化实验录制视频\216110040037 文件不存在!
2021-09-03 12:57:51 WARN  分配文件日志:88 - H:\清源镇中5.27理化实验录制视频\216110040040 文件不存在!
2021-09-03 12:57:51 WARN  分配文件日志:88 - H:\清源镇中5.27理化实验录制视频\216110040041 文件不存在!
2021-09-03 12:57:51 WARN  分配文件日志:88 - H:\清源镇中5.27理化实验录制视频\216110040042 文件不存在!
2021-09-03 12:57:51 WARN  分配文件日志:88 - H:\清源镇中5.27理化实验录制视频\216110040044 文件不存在!
2021-09-03 12:57:51 WARN  分配文件日志:88 - H:\清源镇中5.27理化实验录制视频\216110040045 文件不存在!
2021-09-03 12:57:51 WARN  分配文件日志:88 - H:\清源镇中5.27理化实验录制视频\216110040046 文件不存在!
2021-09-03 12:57:51 WARN  分配文件日志:88 - H:\清源镇中5.27理化实验录制视频\216110040048 文件不存在!
2021-09-03 12:57:51 WARN  分配文件日志:88 - H:\清源镇中5.27理化实验录制视频\216110040049 文件不存在!
2021-09-03 12:57:51 WARN  分配文件日志:88 - H:\清源镇中5.27理化实验录制视频\216110040050 文件不存在!
2021-09-03 12:57:51 WARN  分配文件日志:88 - H:\清源镇中5.27理化实验录制视频\216110040052_9 文件不存在!
2021-09-03 12:57:51 WARN  分配文件日志:88 - H:\清源镇中5.27理化实验录制视频\216110040055 文件不存在!
2021-09-03 12:57:51 WARN  分配文件日志:88 - H:\清源镇中5.27理化实验录制视频\216110040056 文件不存在!
2021-09-03 12:57:51 WARN  分配文件日志:88 - H:\清源镇中5.27理化实验录制视频\216110040058 文件不存在!
2021-09-03 12:57:51 WARN  分配文件日志:88 - H:\清源镇中5.27理化实验录制视频\216110040061_7 文件不存在!
2021-09-03 12:57:51 WARN  分配文件日志:88 - H:\清源镇中5.27理化实验录制视频\216110040063 文件不存在!
2021-09-03 12:57:51 WARN  分配文件日志:88 - H:\清源镇中5.27理化实验录制视频\216110040065 文件不存在!
2021-09-03 12:57:51 WARN  分配文件日志:88 - H:\清源镇中5.27理化实验录制视频\216110040069 文件不存在!
2021-09-03 12:57:51 WARN  分配文件日志:88 - H:\清源镇中5.27理化实验录制视频\216110040070 文件不存在!
2021-09-03 12:57:51 WARN  分配文件日志:88 - H:\清源镇中5.27理化实验录制视频\216110040072 文件不存在!
2021-09-03 12:57:51 WARN  分配文件日志:88 - H:\清源镇中5.27理化实验录制视频\216110040074 文件不存在!
2021-09-03 12:57:51 WARN  分配文件日志:88 - H:\清源镇中5.27理化实验录制视频\216110040075_9 文件不存在!
2021-09-03 12:57:51 WARN  分配文件日志:88 - H:\清源镇中5.27理化实验录制视频\216110040077 文件不存在!
2021-09-03 12:57:51 WARN  分配文件日志:88 - H:\清源镇中5.27理化实验录制视频\216110040079_9 文件不存在!
2021-09-03 12:57:51 WARN  分配文件日志:88 - H:\清源镇中5.27理化实验录制视频\216110040080_9 文件不存在!
2021-09-03 12:57:51 WARN  分配文件日志:88 - H:\清源镇中5.27理化实验录制视频\216110040081 文件不存在!
2021-09-03 12:57:51 WARN  分配文件日志:88 - H:\清源镇中5.27理化实验录制视频\216110040082 文件不存在!
2021-09-03 12:57:51 WARN  分配文件日志:88 - H:\清源镇中5.27理化实验录制视频\216110040083 文件不存在!
2021-09-03 12:57:51 WARN  分配文件日志:88 - H:\清源镇中5.27理化实验录制视频\216110040086 文件不存在!
2021-09-03 12:57:51 WARN  分配文件日志:88 - H:\清源镇中5.27理化实验录制视频\216110040090 文件不存在!
2021-09-03 12:57:51 WARN  分配文件日志:88 - H:\清源镇中5.27理化实验录制视频\216110040093 文件不存在!
2021-09-03 12:57:51 WARN  分配文件日志:88 - H:\清源镇中5.27理化实验录制视频\216110040094 文件不存在!
2021-09-03 12:57:51 WARN  分配文件日志:88 - H:\清源镇中5.27理化实验录制视频\216110040102 文件不存在!
2021-09-03 12:57:51 WARN  分配文件日志:88 - H:\清源镇中5.27理化实验录制视频\216110040103 文件不存在!
2021-09-03 12:57:51 WARN  分配文件日志:88 - H:\清源镇中5.27理化实验录制视频\216110040105 文件不存在!
2021-09-03 12:57:51 WARN  分配文件日志:88 - H:\清源镇中5.27理化实验录制视频\216110040106_8 文件不存在!
2021-09-03 12:57:51 WARN  分配文件日志:88 - H:\清源镇中5.27理化实验录制视频\216110040110 文件不存在!
2021-09-03 12:57:51 WARN  分配文件日志:88 - H:\清源镇中5.27理化实验录制视频\216110040112_6 文件不存在!
2021-09-03 12:57:51 WARN  分配文件日志:88 - H:\清源镇中5.27理化实验录制视频\216110040113 文件不存在!
2021-09-03 12:57:51 WARN  分配文件日志:88 - H:\清源镇中5.27理化实验录制视频\216110040114_9 文件不存在!
2021-09-03 12:57:51 WARN  分配文件日志:88 - H:\清源镇中5.27理化实验录制视频\216110040118 文件不存在!
2021-09-03 12:57:51 WARN  分配文件日志:88 - H:\清源镇中5.27理化实验录制视频\216110040120 文件不存在!
2021-09-03 12:57:51 WARN  分配文件日志:88 - H:\清源镇中5.27理化实验录制视频\216110040121 文件不存在!
2021-09-03 12:57:51 WARN  分配文件日志:88 - H:\清源镇中5.27理化实验录制视频\216110040122 文件不存在!
2021-09-03 12:57:51 WARN  分配文件日志:88 - H:\清源镇中5.27理化实验录制视频\216110040123 文件不存在!
2021-09-03 12:57:51 WARN  分配文件日志:88 - H:\清源镇中5.27理化实验录制视频\216110040127 文件不存在!
2021-09-03 12:57:51 WARN  分配文件日志:88 - H:\清源镇中5.27理化实验录制视频\216110040129 文件不存在!
2021-09-03 12:57:51 WARN  分配文件日志:88 - H:\清源镇中5.27理化实验录制视频\216110040130 文件不存在!
2021-09-03 12:57:51 WARN  分配文件日志:88 - H:\清源镇中5.27理化实验录制视频\216110040131_7 文件不存在!
2021-09-03 12:57:51 WARN  分配文件日志:88 - H:\清源镇中5.27理化实验录制视频\216110958001 文件不存在!
2021-09-03 12:57:51 WARN  分配文件日志:88 - H:\清源镇中5.27理化实验录制视频\216110958002 文件不存在!
2021-09-03 12:57:51 WARN  分配文件日志:88 - H:\清源镇中5.27理化实验录制视频\216110958003 文件不存在!
2021-09-03 12:57:51 WARN  分配文件日志:88 - H:\清源镇中5.27理化实验录制视频\216110958004 文件不存在!
2021-09-03 12:57:51 WARN  分配文件日志:88 - H:\清源镇中5.27理化实验录制视频\216110958005 文件不存在!
2021-09-03 12:57:51 WARN  分配文件日志:88 - H:\清源镇中5.27理化实验录制视频\216110958009 文件不存在!
2021-09-03 12:57:51 WARN  分配文件日志:88 - H:\清源镇中5.27理化实验录制视频\216110958013 文件不存在!
2021-09-03 12:57:51 WARN  分配文件日志:88 - H:\清源镇中5.27理化实验录制视频\216110958017_9 文件不存在!
2021-09-03 12:57:51 WARN  分配文件日志:88 - H:\清源镇中5.27理化实验录制视频\216110958020 文件不存在!
2021-09-03 12:57:51 WARN  分配文件日志:88 - H:\清源镇中5.27理化实验录制视频\216110958021 文件不存在!
2021-09-03 12:57:51 WARN  分配文件日志:88 - H:\清源镇中5.27理化实验录制视频\216110958022 文件不存在!
2021-09-03 12:57:51 WARN  分配文件日志:88 - H:\清源镇中5.27理化实验录制视频\216110958023 文件不存在!
2021-09-03 12:57:51 WARN  分配文件日志:88 - H:\清源镇中5.27理化实验录制视频\216110958026 文件不存在!
2021-09-03 12:57:51 WARN  分配文件日志:88 - H:\清源镇中5.27理化实验录制视频\216110958028_9 文件不存在!
2021-09-03 12:57:51 WARN  分配文件日志:88 - H:\清源镇中5.27理化实验录制视频\216110958029 文件不存在!
2021-09-03 12:57:51 WARN  分配文件日志:88 - H:\清源镇中5.27理化实验录制视频\216110958030 文件不存在!
2021-09-03 12:57:51 WARN  分配文件日志:88 - H:\清源镇中5.27理化实验录制视频\216110958039 文件不存在!
2021-09-03 12:57:51 WARN  分配文件日志:88 - H:\清源镇中5.27理化实验录制视频\216110958040 文件不存在!
2021-09-03 12:57:51 WARN  分配文件日志:88 - H:\清源镇中5.27理化实验录制视频\216110958042_8 文件不存在!
2021-09-03 12:57:51 WARN  分配文件日志:88 - H:\清源镇中5.27理化实验录制视频\216110958045_9 文件不存在!
2021-09-03 12:57:51 WARN  分配文件日志:88 - H:\清源镇中5.27理化实验录制视频\216110958047 文件不存在!
2021-09-03 12:57:51 WARN  分配文件日志:88 - H:\清源镇中5.27理化实验录制视频\216110958049_9 文件不存在!
2021-09-03 12:57:51 WARN  分配文件日志:88 - H:\清源镇中5.27理化实验录制视频\216110958050_8 文件不存在!
2021-09-03 12:57:51 WARN  分配文件日志:88 - H:\清源镇中5.27理化实验录制视频\216110958051 文件不存在!
2021-09-03 12:57:51 WARN  分配文件日志:88 - H:\清源镇中5.27理化实验录制视频\216110958052 文件不存在!
2021-09-03 12:57:51 WARN  分配文件日志:88 - H:\清源镇中5.27理化实验录制视频\216110958054 文件不存在!
2021-09-03 12:57:51 WARN  分配文件日志:88 - H:\清源镇中5.27理化实验录制视频\216110958056 文件不存在!
2021-09-03 12:57:51 WARN  分配文件日志:88 - H:\清源镇中5.27理化实验录制视频\216110958057 文件不存在!
2021-09-03 12:57:51 WARN  分配文件日志:88 - H:\清源镇中5.27理化实验录制视频\216110958058 文件不存在!
2021-09-03 12:57:51 WARN  分配文件日志:88 - H:\清源镇中5.27理化实验录制视频\216110958059_9 文件不存在!
2021-09-03 12:57:51 WARN  分配文件日志:88 - H:\清源镇中5.27理化实验录制视频\216110958060 文件不存在!
2021-09-03 12:57:51 WARN  分配文件日志:88 - H:\清源镇中5.27理化实验录制视频\216110958064 文件不存在!
2021-09-03 12:57:51 WARN  分配文件日志:88 - H:\清源镇中5.27理化实验录制视频\216110958065 文件不存在!
2021-09-03 12:57:51 WARN  分配文件日志:88 - H:\清源镇中5.27理化实验录制视频\216110958066 文件不存在!
2021-09-03 12:57:51 WARN  分配文件日志:88 - H:\清源镇中5.27理化实验录制视频\216110958067_9 文件不存在!
2021-09-03 12:57:51 WARN  分配文件日志:88 - H:\清源镇中5.27理化实验录制视频\216110958069 文件不存在!
2021-09-03 12:57:51 WARN  分配文件日志:88 - H:\清源镇中5.27理化实验录制视频\216110958070 文件不存在!
2021-09-03 12:57:51 WARN  分配文件日志:88 - H:\清源镇中5.27理化实验录制视频\216110958073 文件不存在!
2021-09-03 12:57:51 WARN  分配文件日志:88 - H:\清源镇中5.27理化实验录制视频\216110958076 文件不存在!
2021-09-03 12:57:51 WARN  分配文件日志:88 - H:\清源镇中5.27理化实验录制视频\216110958077 文件不存在!
2021-09-03 12:57:51 WARN  分配文件日志:88 - H:\清源镇中5.27理化实验录制视频\216110958081 文件不存在!
2021-09-03 12:57:51 WARN  分配文件日志:88 - H:\清源镇中5.27理化实验录制视频\216110958082 文件不存在!
2021-09-03 12:57:51 WARN  分配文件日志:88 - H:\清源镇中5.27理化实验录制视频\216110958083_9 文件不存在!
2021-09-03 12:57:51 WARN  分配文件日志:88 - H:\清源镇中5.27理化实验录制视频\216110958086 文件不存在!
2021-09-03 12:57:51 WARN  分配文件日志:88 - H:\清源镇中5.27理化实验录制视频\216110958087_8 文件不存在!
2021-09-03 12:57:51 WARN  分配文件日志:88 - H:\清源镇中5.27理化实验录制视频\216110958092_9 文件不存在!
2021-09-03 12:57:51 WARN  分配文件日志:88 - H:\清源镇中5.27理化实验录制视频\216110958093 文件不存在!
2021-09-03 12:57:51 WARN  分配文件日志:88 - H:\清源镇中5.27理化实验录制视频\216110958095 文件不存在!
2021-09-03 12:57:51 WARN  分配文件日志:88 - H:\清源镇中5.27理化实验录制视频\216110958097 文件不存在!
2021-09-03 12:57:51 WARN  分配文件日志:88 - H:\清源镇中5.27理化实验录制视频\216110958098_9 文件不存在!
2021-09-03 12:57:51 WARN  分配文件日志:88 - H:\清源镇中5.27理化实验录制视频\216110958099_9 文件不存在!
2021-09-03 12:57:51 WARN  分配文件日志:88 - H:\清源镇中5.27理化实验录制视频\216110958103 文件不存在!
2021-09-03 12:57:51 WARN  分配文件日志:88 - H:\清源镇中5.27理化实验录制视频\216110958104 文件不存在!
2021-09-03 12:57:51 WARN  分配文件日志:88 - H:\清源镇中5.27理化实验录制视频\216110958108_8 文件不存在!
2021-09-03 12:57:51 WARN  分配文件日志:88 - H:\清源镇中5.27理化实验录制视频\216110958109_4 文件不存在!
2021-09-03 12:57:51 WARN  分配文件日志:88 - H:\清源镇中5.27理化实验录制视频\216110958110 文件不存在!
2021-09-03 12:57:51 WARN  分配文件日志:88 - H:\清源镇中5.27理化实验录制视频\216110958111_9 文件不存在!
2021-09-03 12:57:51 WARN  分配文件日志:88 - H:\清源镇中5.27理化实验录制视频\216110958114 文件不存在!
2021-09-03 12:57:51 WARN  分配文件日志:88 - H:\清源镇中5.27理化实验录制视频\216110958116 文件不存在!
2021-09-03 12:57:51 WARN  分配文件日志:88 - H:\清源镇中5.27理化实验录制视频\216110958117 文件不存在!
2021-09-03 12:57:51 WARN  分配文件日志:88 - H:\清源镇中5.27理化实验录制视频\216110958118_9 文件不存在!
2021-09-03 12:57:51 WARN  分配文件日志:88 - H:\清源镇中5.27理化实验录制视频\216110958119 文件不存在!
2021-09-03 12:57:51 WARN  分配文件日志:88 - H:\清源镇中5.27理化实验录制视频\216110958120 文件不存在!
2021-09-03 12:57:51 WARN  分配文件日志:88 - H:\清源镇中5.27理化实验录制视频\216110958123 文件不存在!
2021-09-03 12:57:51 WARN  分配文件日志:88 - H:\清源镇中5.27理化实验录制视频\216110958124_9 文件不存在!
2021-09-03 12:57:51 WARN  分配文件日志:88 - H:\清源镇中5.27理化实验录制视频\216110958126 文件不存在!
2021-09-03 12:57:51 WARN  分配文件日志:88 - H:\清源镇中5.27理化实验录制视频\216110958127 文件不存在!
2021-09-03 12:57:51 WARN  分配文件日志:88 - H:\清源镇中5.27理化实验录制视频\216110958130 文件不存在!
2021-09-03 12:57:51 WARN  分配文件日志:88 - H:\清源镇中5.27理化实验录制视频\216110970002 文件不存在!
2021-09-03 12:57:51 WARN  分配文件日志:88 - H:\清源镇中5.27理化实验录制视频\216110970005_4 文件不存在!
2021-09-03 12:57:51 WARN  分配文件日志:88 - H:\清源镇中5.27理化实验录制视频\216110010002 文件不存在!
2021-09-03 12:57:51 WARN  分配文件日志:88 - H:\清源镇中5.27理化实验录制视频\216110010003 文件不存在!
2021-09-03 12:57:51 WARN  分配文件日志:88 - H:\清源镇中5.27理化实验录制视频\216110010004 文件不存在!
2021-09-03 12:57:51 WARN  分配文件日志:88 - H:\清源镇中5.27理化实验录制视频\216110010005_9 文件不存在!
2021-09-03 12:57:51 WARN  分配文件日志:88 - H:\清源镇中5.27理化实验录制视频\216110010007 文件不存在!
2021-09-03 12:57:51 WARN  分配文件日志:88 - H:\清源镇中5.27理化实验录制视频\216110010011 文件不存在!
2021-09-03 12:57:51 WARN  分配文件日志:88 - H:\清源镇中5.27理化实验录制视频\216110010012 文件不存在!
2021-09-03 12:57:51 WARN  分配文件日志:88 - H:\清源镇中5.27理化实验录制视频\216110010013_8 文件不存在!
2021-09-03 12:57:51 WARN  分配文件日志:88 - H:\清源镇中5.27理化实验录制视频\216110010019 文件不存在!
2021-09-03 12:57:51 WARN  分配文件日志:88 - H:\清源镇中5.27理化实验录制视频\216110010023 文件不存在!
2021-09-03 12:57:51 WARN  分配文件日志:88 - H:\清源镇中5.27理化实验录制视频\216110010024 文件不存在!
2021-09-03 12:57:51 WARN  分配文件日志:88 - H:\清源镇中5.27理化实验录制视频\216110010025_9 文件不存在!
2021-09-03 12:57:51 WARN  分配文件日志:88 - H:\清源镇中5.27理化实验录制视频\216110010026 文件不存在!
2021-09-03 12:57:51 WARN  分配文件日志:88 - H:\清源镇中5.27理化实验录制视频\216110010028 文件不存在!
2021-09-03 12:57:51 WARN  分配文件日志:88 - H:\清源镇中5.27理化实验录制视频\216110010030 文件不存在!
2021-09-03 12:57:51 WARN  分配文件日志:88 - H:\清源镇中5.27理化实验录制视频\216110010031 文件不存在!
2021-09-03 12:57:51 WARN  分配文件日志:88 - H:\清源镇中5.27理化实验录制视频\216110010033 文件不存在!
2021-09-03 12:57:51 WARN  分配文件日志:88 - H:\清源镇中5.27理化实验录制视频\216110010036 文件不存在!
2021-09-03 12:57:51 WARN  分配文件日志:88 - H:\清源镇中5.27理化实验录制视频\216110010037 文件不存在!
2021-09-03 12:57:51 WARN  分配文件日志:88 - H:\清源镇中5.27理化实验录制视频\216110010038_9 文件不存在!
2021-09-03 12:57:51 WARN  分配文件日志:88 - H:\清源镇中5.27理化实验录制视频\216110010042_9 文件不存在!
2021-09-03 12:57:51 WARN  分配文件日志:88 - H:\清源镇中5.27理化实验录制视频\216110010044 文件不存在!
2021-09-03 12:57:51 WARN  分配文件日志:88 - H:\清源镇中5.27理化实验录制视频\216110010047 文件不存在!
2021-09-03 12:57:51 WARN  分配文件日志:88 - H:\清源镇中5.27理化实验录制视频\216110010048_8 文件不存在!
2021-09-03 12:57:51 WARN  分配文件日志:88 - H:\清源镇中5.27理化实验录制视频\216110010051_9 文件不存在!
2021-09-03 12:57:51 WARN  分配文件日志:88 - H:\清源镇中5.27理化实验录制视频\216110010054_9 文件不存在!
2021-09-03 12:57:51 WARN  分配文件日志:88 - H:\清源镇中5.27理化实验录制视频\216110010055 文件不存在!
2021-09-03 12:57:51 WARN  分配文件日志:88 - H:\清源镇中5.27理化实验录制视频\216110010060 文件不存在!
2021-09-03 12:57:51 WARN  分配文件日志:88 - H:\清源镇中5.27理化实验录制视频\216110010061 文件不存在!
2021-09-03 12:57:51 WARN  分配文件日志:88 - H:\清源镇中5.27理化实验录制视频\216110010062 文件不存在!
2021-09-03 12:57:51 WARN  分配文件日志:88 - H:\清源镇中5.27理化实验录制视频\216110010063 文件不存在!
2021-09-03 12:57:51 WARN  分配文件日志:88 - H:\清源镇中5.27理化实验录制视频\216110010065 文件不存在!
2021-09-03 12:57:51 WARN  分配文件日志:88 - H:\清源镇中5.27理化实验录制视频\216110010067 文件不存在!
2021-09-03 12:57:51 WARN  分配文件日志:88 - H:\清源镇中5.27理化实验录制视频\216110010071 文件不存在!
2021-09-03 12:57:51 WARN  分配文件日志:88 - H:\清源镇中5.27理化实验录制视频\216110010073 文件不存在!
2021-09-03 12:57:51 WARN  分配文件日志:88 - H:\清源镇中5.27理化实验录制视频\216110010074 文件不存在!
2021-09-03 12:57:51 WARN  分配文件日志:88 - H:\清源镇中5.27理化实验录制视频\216110010075_7 文件不存在!
2021-09-03 12:57:51 WARN  分配文件日志:88 - H:\清源镇中5.27理化实验录制视频\216110010079 文件不存在!
2021-09-03 12:57:51 WARN  分配文件日志:88 - H:\清源镇中5.27理化实验录制视频\216110010080 文件不存在!
2021-09-03 12:57:51 WARN  分配文件日志:88 - H:\清源镇中5.27理化实验录制视频\216110010084 文件不存在!
2021-09-03 12:57:51 WARN  分配文件日志:88 - H:\清源镇中5.27理化实验录制视频\216110010085 文件不存在!
2021-09-03 12:57:51 WARN  分配文件日志:88 - H:\清源镇中5.27理化实验录制视频\216110010086 文件不存在!
2021-09-03 12:57:51 WARN  分配文件日志:88 - H:\清源镇中5.27理化实验录制视频\216110010089 文件不存在!
2021-09-03 12:57:51 WARN  分配文件日志:88 - H:\清源镇中5.27理化实验录制视频\216110010091_9 文件不存在!
2021-09-03 12:57:51 WARN  分配文件日志:88 - H:\清源镇中5.27理化实验录制视频\216110010092 文件不存在!
2021-09-03 12:57:51 WARN  分配文件日志:88 - H:\清源镇中5.27理化实验录制视频\216110010095 文件不存在!
2021-09-03 12:57:51 WARN  分配文件日志:88 - H:\清源镇中5.27理化实验录制视频\216110010096_7 文件不存在!
2021-09-03 12:57:51 WARN  分配文件日志:88 - H:\清源镇中5.27理化实验录制视频\216110010097 文件不存在!
2021-09-03 12:57:51 WARN  分配文件日志:88 - H:\清源镇中5.27理化实验录制视频\216110010099 文件不存在!
2021-09-03 12:57:51 WARN  分配文件日志:88 - H:\清源镇中5.27理化实验录制视频\216110010101_9 文件不存在!
2021-09-03 12:57:51 WARN  分配文件日志:88 - H:\清源镇中5.27理化实验录制视频\216110010102 文件不存在!
2021-09-03 12:57:51 WARN  分配文件日志:88 - H:\清源镇中5.27理化实验录制视频\216110010103 文件不存在!
2021-09-03 12:57:51 WARN  分配文件日志:88 - H:\清源镇中5.27理化实验录制视频\216110010104 文件不存在!
2021-09-03 12:57:51 WARN  分配文件日志:88 - H:\清源镇中5.27理化实验录制视频\216110010107 文件不存在!
2021-09-03 12:57:51 WARN  分配文件日志:88 - H:\清源镇中5.27理化实验录制视频\216110010112 文件不存在!
2021-09-03 12:57:51 WARN  分配文件日志:88 - H:\清源镇中5.27理化实验录制视频\216110010113 文件不存在!
2021-09-03 12:57:51 WARN  分配文件日志:88 - H:\清源镇中5.27理化实验录制视频\216110010116 文件不存在!
2021-09-03 12:57:51 WARN  分配文件日志:88 - H:\清源镇中5.27理化实验录制视频\216110010117 文件不存在!
2021-09-03 12:57:51 WARN  分配文件日志:88 - H:\清源镇中5.27理化实验录制视频\216110010118 文件不存在!
2021-09-03 12:57:51 WARN  分配文件日志:88 - H:\清源镇中5.27理化实验录制视频\216110010119 文件不存在!
2021-09-03 12:57:51 WARN  分配文件日志:88 - H:\清源镇中5.27理化实验录制视频\216110010120 文件不存在!
2021-09-03 12:57:51 WARN  分配文件日志:88 - H:\清源镇中5.27理化实验录制视频\216110010122 文件不存在!
2021-09-03 12:57:51 WARN  分配文件日志:88 - H:\清源镇中5.27理化实验录制视频\216110010123 文件不存在!
2021-09-03 12:57:51 WARN  分配文件日志:88 - H:\清源镇中5.27理化实验录制视频\216110010124 文件不存在!
2021-09-03 12:57:51 WARN  分配文件日志:88 - H:\清源镇中5.27理化实验录制视频\216110010125 文件不存在!
2021-09-03 12:57:51 WARN  分配文件日志:88 - H:\清源镇中5.27理化实验录制视频\216110010128_8 文件不存在!
2021-09-03 12:57:51 WARN  分配文件日志:88 - H:\清源镇中5.27理化实验录制视频\216110010129 文件不存在!
2021-09-03 12:57:51 WARN  分配文件日志:88 - H:\清源镇中5.27理化实验录制视频\216110010130 文件不存在!
2021-09-03 12:57:51 WARN  分配文件日志:88 - H:\清源镇中5.27理化实验录制视频\216110010131_9 文件不存在!
2021-09-03 12:57:51 WARN  分配文件日志:88 - H:\清源镇中5.27理化实验录制视频\216110010132 文件不存在!
2021-09-03 12:57:51 WARN  分配文件日志:88 - H:\清源镇中5.27理化实验录制视频\216110010136 文件不存在!
2021-09-03 12:57:51 WARN  分配文件日志:88 - H:\清源镇中5.27理化实验录制视频\216110010138 文件不存在!
2021-09-03 12:57:51 WARN  分配文件日志:88 - H:\清源镇中5.27理化实验录制视频\216110010139 文件不存在!
2021-09-03 12:57:51 WARN  分配文件日志:88 - H:\清源镇中5.27理化实验录制视频\216110010143 文件不存在!
2021-09-03 12:57:51 WARN  分配文件日志:88 - H:\清源镇中5.27理化实验录制视频\216110010144 文件不存在!
2021-09-03 12:57:51 WARN  分配文件日志:88 - H:\清源镇中5.27理化实验录制视频\216110010147 文件不存在!
2021-09-03 12:57:51 WARN  分配文件日志:88 - H:\清源镇中5.27理化实验录制视频\216110010148_9 文件不存在!
2021-09-03 12:57:51 WARN  分配文件日志:88 - H:\清源镇中5.27理化实验录制视频\216110010149 文件不存在!
2021-09-03 12:57:51 WARN  分配文件日志:88 - H:\清源镇中5.27理化实验录制视频\216110010152_8 文件不存在!
2021-09-03 12:57:51 WARN  分配文件日志:88 - H:\清源镇中5.27理化实验录制视频\216110010159 文件不存在!
2021-09-03 12:57:51 WARN  分配文件日志:88 - H:\清源镇中5.27理化实验录制视频\216110010163 文件不存在!
2021-09-03 12:57:51 WARN  分配文件日志:88 - H:\清源镇中5.27理化实验录制视频\216110010168 文件不存在!
2021-09-03 12:57:51 WARN  分配文件日志:88 - H:\清源镇中5.27理化实验录制视频\216110010169 文件不存在!
2021-09-03 12:57:51 WARN  分配文件日志:88 - H:\清源镇中5.27理化实验录制视频\216110010171 文件不存在!
2021-09-03 12:57:51 WARN  分配文件日志:88 - H:\清源镇中5.27理化实验录制视频\216110010173 文件不存在!
2021-09-03 12:57:51 WARN  分配文件日志:88 - H:\清源镇中5.27理化实验录制视频\216110010174 文件不存在!
2021-09-03 12:57:51 WARN  分配文件日志:88 - H:\清源镇中5.27理化实验录制视频\216110010175 文件不存在!
2021-09-03 12:57:51 WARN  分配文件日志:88 - H:\清源镇中5.27理化实验录制视频\216110010176 文件不存在!
2021-09-03 12:57:51 WARN  分配文件日志:88 - H:\清源镇中5.27理化实验录制视频\216110010178 文件不存在!
2021-09-03 12:57:51 WARN  分配文件日志:88 - H:\清源镇中5.27理化实验录制视频\216110010179_8 文件不存在!
2021-09-03 12:57:51 WARN  分配文件日志:88 - H:\清源镇中5.27理化实验录制视频\216110010180 文件不存在!
2021-09-03 12:57:51 WARN  分配文件日志:88 - H:\清源镇中5.27理化实验录制视频\216110010181_9 文件不存在!
2021-09-03 12:57:51 WARN  分配文件日志:88 - H:\清源镇中5.27理化实验录制视频\216110010183 文件不存在!
2021-09-03 12:57:51 WARN  分配文件日志:88 - H:\清源镇中5.27理化实验录制视频\216110010188_9 文件不存在!
2021-09-03 12:57:51 WARN  分配文件日志:88 - H:\清源镇中5.27理化实验录制视频\216110010190_8 文件不存在!
2021-09-03 12:57:51 WARN  分配文件日志:88 - H:\清源镇中5.27理化实验录制视频\216110010192 文件不存在!
2021-09-03 12:57:51 WARN  分配文件日志:88 - H:\清源镇中5.27理化实验录制视频\216110010199 文件不存在!
2021-09-03 12:57:51 WARN  分配文件日志:88 - H:\清源镇中5.27理化实验录制视频\216110010200 文件不存在!
2021-09-03 12:57:51 WARN  分配文件日志:88 - H:\清源镇中5.27理化实验录制视频\216110010201 文件不存在!
2021-09-03 12:57:51 WARN  分配文件日志:88 - H:\清源镇中5.27理化实验录制视频\216110010203 文件不存在!
2021-09-03 12:57:51 WARN  分配文件日志:88 - H:\清源镇中5.27理化实验录制视频\216110010205 文件不存在!
2021-09-03 12:57:51 WARN  分配文件日志:88 - H:\清源镇中5.27理化实验录制视频\216110010206_9 文件不存在!
2021-09-03 12:57:51 WARN  分配文件日志:88 - H:\清源镇中5.27理化实验录制视频\216110010207 文件不存在!
2021-09-03 12:57:51 WARN  分配文件日志:88 - H:\清源镇中5.27理化实验录制视频\216110010208 文件不存在!
2021-09-03 12:57:51 WARN  分配文件日志:88 - H:\清源镇中5.27理化实验录制视频\216110010212 文件不存在!
2021-09-03 12:57:51 WARN  分配文件日志:88 - H:\清源镇中5.27理化实验录制视频\216110010220 文件不存在!
2021-09-03 12:57:51 WARN  分配文件日志:88 - H:\清源镇中5.27理化实验录制视频\216110010222 文件不存在!
2021-09-03 12:57:51 WARN  分配文件日志:88 - H:\清源镇中5.27理化实验录制视频\216110010224 文件不存在!
2021-09-03 12:57:51 WARN  分配文件日志:88 - H:\清源镇中5.27理化实验录制视频\216110010225_6 文件不存在!
2021-09-03 12:57:51 WARN  分配文件日志:88 - H:\清源镇中5.27理化实验录制视频\216110010230 文件不存在!
2021-09-03 12:57:51 WARN  分配文件日志:88 - H:\清源镇中5.27理化实验录制视频\216110010232 文件不存在!
2021-09-03 12:57:51 WARN  分配文件日志:88 - H:\清源镇中5.27理化实验录制视频\216110010234 文件不存在!
2021-09-03 12:57:51 WARN  分配文件日志:88 - H:\清源镇中5.27理化实验录制视频\216110010235 文件不存在!
2021-09-03 12:57:51 WARN  分配文件日志:88 - H:\清源镇中5.27理化实验录制视频\216110010236 文件不存在!
2021-09-03 12:57:51 WARN  分配文件日志:88 - H:\清源镇中5.27理化实验录制视频\216110010238 文件不存在!
2021-09-03 12:57:51 WARN  分配文件日志:88 - H:\清源镇中5.27理化实验录制视频\216110010239_9 文件不存在!
2021-09-03 12:57:51 WARN  分配文件日志:88 - H:\清源镇中5.27理化实验录制视频\216110010243 文件不存在!
2021-09-03 12:57:51 WARN  分配文件日志:88 - H:\清源镇中5.27理化实验录制视频\216110010246_9 文件不存在!
2021-09-03 12:57:51 WARN  分配文件日志:88 - H:\清源镇中5.27理化实验录制视频\216110010247 文件不存在!
2021-09-03 12:57:51 WARN  分配文件日志:88 - H:\清源镇中5.27理化实验录制视频\216110010248_1 文件不存在!
2021-09-03 12:57:51 WARN  分配文件日志:88 - H:\清源镇中5.27理化实验录制视频\216110010249_3 文件不存在!
2021-09-03 12:57:51 WARN  分配文件日志:88 - H:\清源镇中5.27理化实验录制视频\216110010250 文件不存在!
2021-09-03 12:57:51 WARN  分配文件日志:88 - H:\清源镇中5.27理化实验录制视频\216110010251 文件不存在!
2021-09-03 12:57:51 WARN  分配文件日志:88 - H:\清源镇中5.27理化实验录制视频\216110010254 文件不存在!
2021-09-03 12:57:51 WARN  分配文件日志:88 - H:\清源镇中5.27理化实验录制视频\216110010256 文件不存在!
2021-09-03 12:57:51 WARN  分配文件日志:88 - H:\清源镇中5.27理化实验录制视频\216110010257_8 文件不存在!
2021-09-03 12:57:51 WARN  分配文件日志:88 - H:\清源镇中5.27理化实验录制视频\216110010258 文件不存在!
2021-09-03 12:57:51 WARN  分配文件日志:88 - H:\清源镇中5.27理化实验录制视频\216110010259 文件不存在!
2021-09-03 12:57:51 WARN  分配文件日志:88 - H:\清源镇中5.27理化实验录制视频\216110010260 文件不存在!
2021-09-03 12:57:51 WARN  分配文件日志:88 - H:\清源镇中5.27理化实验录制视频\216110010261_9 文件不存在!
2021-09-03 12:57:51 WARN  分配文件日志:88 - H:\清源镇中5.27理化实验录制视频\216110010262 文件不存在!
2021-09-03 12:57:51 WARN  分配文件日志:88 - H:\清源镇中5.27理化实验录制视频\216110010266 文件不存在!
2021-09-03 12:57:51 WARN  分配文件日志:88 - H:\清源镇中5.27理化实验录制视频\216110010267 文件不存在!
2021-09-03 12:57:51 WARN  分配文件日志:88 - H:\清源镇中5.27理化实验录制视频\216110010268 文件不存在!
2021-09-03 12:57:51 WARN  分配文件日志:88 - H:\清源镇中5.27理化实验录制视频\216110010270 文件不存在!
2021-09-03 12:57:51 WARN  分配文件日志:88 - H:\清源镇中5.27理化实验录制视频\216110010273 文件不存在!
2021-09-03 12:57:51 WARN  分配文件日志:88 - H:\清源镇中5.27理化实验录制视频\216110010274 文件不存在!
2021-09-03 12:57:51 WARN  分配文件日志:88 - H:\清源镇中5.27理化实验录制视频\216110010275 文件不存在!
2021-09-03 12:57:51 WARN  分配文件日志:88 - H:\清源镇中5.27理化实验录制视频\216110010279 文件不存在!
2021-09-03 12:57:51 WARN  分配文件日志:88 - H:\清源镇中5.27理化实验录制视频\216110010281 文件不存在!
2021-09-03 12:57:51 WARN  分配文件日志:88 - H:\清源镇中5.27理化实验录制视频\216110010284_9 文件不存在!
2021-09-03 12:57:51 WARN  分配文件日志:88 - H:\清源镇中5.27理化实验录制视频\216110010285 文件不存在!
2021-09-03 12:57:51 WARN  分配文件日志:88 - H:\清源镇中5.27理化实验录制视频\216110010288 文件不存在!
2021-09-03 12:57:51 WARN  分配文件日志:88 - H:\清源镇中5.27理化实验录制视频\216110010291 文件不存在!
2021-09-03 12:57:51 WARN  分配文件日志:88 - H:\清源镇中5.27理化实验录制视频\216110010292 文件不存在!
2021-09-03 12:57:51 WARN  分配文件日志:88 - H:\清源镇中5.27理化实验录制视频\216110010298 文件不存在!
2021-09-03 12:57:51 WARN  分配文件日志:88 - H:\清源镇中5.27理化实验录制视频\216110010299 文件不存在!
2021-09-03 12:57:51 WARN  分配文件日志:88 - H:\清源镇中5.27理化实验录制视频\216110010301 文件不存在!
2021-09-03 12:57:51 WARN  分配文件日志:88 - H:\清源镇中5.27理化实验录制视频\216110010302 文件不存在!
2021-09-03 12:57:51 WARN  分配文件日志:88 - H:\清源镇中5.27理化实验录制视频\216110010303 文件不存在!
2021-09-03 12:57:51 WARN  分配文件日志:88 - H:\清源镇中5.27理化实验录制视频\216110010304 文件不存在!
2021-09-03 12:57:51 WARN  分配文件日志:88 - H:\清源镇中5.27理化实验录制视频\216110010306 文件不存在!
2021-09-03 12:57:51 WARN  分配文件日志:88 - H:\清源镇中5.27理化实验录制视频\216110010307 文件不存在!
2021-09-03 12:57:51 WARN  分配文件日志:88 - H:\清源镇中5.27理化实验录制视频\216110010310_8 文件不存在!
2021-09-03 12:57:51 WARN  分配文件日志:88 - H:\清源镇中5.27理化实验录制视频\216110010312 文件不存在!
2021-09-03 12:57:51 WARN  分配文件日志:88 - H:\清源镇中5.27理化实验录制视频\216110010313 文件不存在!
2021-09-03 12:57:51 WARN  分配文件日志:88 - H:\清源镇中5.27理化实验录制视频\216110010315_8 文件不存在!
2021-09-03 12:57:51 WARN  分配文件日志:88 - H:\清源镇中5.27理化实验录制视频\216110010316 文件不存在!
2021-09-03 12:57:51 WARN  分配文件日志:88 - H:\清源镇中5.27理化实验录制视频\216110010317_9 文件不存在!
2021-09-03 12:57:51 WARN  分配文件日志:88 - H:\清源镇中5.27理化实验录制视频\216110010323 文件不存在!
2021-09-03 12:57:51 WARN  分配文件日志:88 - H:\清源镇中5.27理化实验录制视频\216110010325 文件不存在!
2021-09-03 12:57:51 WARN  分配文件日志:88 - H:\清源镇中5.27理化实验录制视频\216110010326 文件不存在!
2021-09-03 12:57:51 WARN  分配文件日志:88 - H:\清源镇中5.27理化实验录制视频\216110010329 文件不存在!
2021-09-03 12:57:51 WARN  分配文件日志:88 - H:\清源镇中5.27理化实验录制视频\216110010332 文件不存在!
2021-09-03 12:57:51 WARN  分配文件日志:88 - H:\清源镇中5.27理化实验录制视频\216110010333 文件不存在!
2021-09-03 12:57:51 WARN  分配文件日志:88 - H:\清源镇中5.27理化实验录制视频\216110010337 文件不存在!
2021-09-03 12:57:51 WARN  分配文件日志:88 - H:\清源镇中5.27理化实验录制视频\216110010338 文件不存在!
2021-09-03 12:57:51 WARN  分配文件日志:88 - H:\清源镇中5.27理化实验录制视频\216110010340 文件不存在!
2021-09-03 12:57:51 WARN  分配文件日志:88 - H:\清源镇中5.27理化实验录制视频\216110010342 文件不存在!
2021-09-03 12:57:51 WARN  分配文件日志:88 - H:\清源镇中5.27理化实验录制视频\216110010343 文件不存在!
2021-09-03 12:57:51 WARN  分配文件日志:88 - H:\清源镇中5.27理化实验录制视频\216110010345 文件不存在!
2021-09-03 12:57:51 WARN  分配文件日志:88 - H:\清源镇中5.27理化实验录制视频\216110010346 文件不存在!
2021-09-03 12:57:51 WARN  分配文件日志:88 - H:\清源镇中5.27理化实验录制视频\216110010347 文件不存在!
2021-09-03 12:57:51 WARN  分配文件日志:88 - H:\清源镇中5.27理化实验录制视频\216110010348 文件不存在!
2021-09-03 12:57:51 WARN  分配文件日志:88 - H:\清源镇中5.27理化实验录制视频\216110010349 文件不存在!
2021-09-03 12:57:51 WARN  分配文件日志:88 - H:\清源镇中5.27理化实验录制视频\216110010351 文件不存在!
2021-09-03 12:57:51 WARN  分配文件日志:88 - H:\清源镇中5.27理化实验录制视频\216110010352 文件不存在!
2021-09-03 12:57:51 WARN  分配文件日志:88 - H:\清源镇中5.27理化实验录制视频\216110010357 文件不存在!
2021-09-03 12:57:51 WARN  分配文件日志:88 - H:\清源镇中5.27理化实验录制视频\216110010358_9 文件不存在!
2021-09-03 12:57:51 WARN  分配文件日志:88 - H:\清源镇中5.27理化实验录制视频\216110010359_9 文件不存在!
2021-09-03 12:57:51 WARN  分配文件日志:88 - H:\清源镇中5.27理化实验录制视频\216110010362 文件不存在!
2021-09-03 12:57:51 WARN  分配文件日志:88 - H:\清源镇中5.27理化实验录制视频\216110010364 文件不存在!
2021-09-03 12:57:51 WARN  分配文件日志:88 - H:\清源镇中5.27理化实验录制视频\216110010369 文件不存在!
2021-09-03 12:57:51 WARN  分配文件日志:88 - H:\清源镇中5.27理化实验录制视频\216110010370 文件不存在!
2021-09-03 12:57:51 WARN  分配文件日志:88 - H:\清源镇中5.27理化实验录制视频\216110010372 文件不存在!
2021-09-03 12:57:51 WARN  分配文件日志:88 - H:\清源镇中5.27理化实验录制视频\216110010373 文件不存在!
2021-09-03 12:57:51 WARN  分配文件日志:88 - H:\清源镇中5.27理化实验录制视频\216110010378_9 文件不存在!
2021-09-03 12:57:51 WARN  分配文件日志:88 - H:\清源镇中5.27理化实验录制视频\216110010379_9 文件不存在!
2021-09-03 12:57:51 WARN  分配文件日志:88 - H:\清源镇中5.27理化实验录制视频\216110010380_8 文件不存在!
2021-09-03 12:57:51 WARN  分配文件日志:88 - H:\清源镇中5.27理化实验录制视频\216110010385 文件不存在!
2021-09-03 12:57:51 WARN  分配文件日志:88 - H:\清源镇中5.27理化实验录制视频\216110010386 文件不存在!
2021-09-03 12:57:51 WARN  分配文件日志:88 - H:\清源镇中5.27理化实验录制视频\216110010387 文件不存在!
2021-09-03 12:57:51 WARN  分配文件日志:88 - H:\清源镇中5.27理化实验录制视频\216110010388 文件不存在!
2021-09-03 12:57:51 WARN  分配文件日志:88 - H:\清源镇中5.27理化实验录制视频\216110010394 文件不存在!
2021-09-03 12:57:51 WARN  分配文件日志:88 - H:\清源镇中5.27理化实验录制视频\216110010395 文件不存在!
2021-09-03 12:57:51 WARN  分配文件日志:88 - H:\清源镇中5.27理化实验录制视频\216110010398 文件不存在!
2021-09-03 12:57:51 WARN  分配文件日志:88 - H:\清源镇中5.27理化实验录制视频\216110010399 文件不存在!
2021-09-03 12:57:51 WARN  分配文件日志:88 - H:\清源镇中5.27理化实验录制视频\216110010400 文件不存在!
2021-09-03 12:57:51 WARN  分配文件日志:88 - H:\清源镇中5.27理化实验录制视频\216110010401 文件不存在!
2021-09-03 12:57:51 WARN  分配文件日志:88 - H:\清源镇中5.27理化实验录制视频\216110010403 文件不存在!
2021-09-03 12:57:51 WARN  分配文件日志:88 - H:\清源镇中5.27理化实验录制视频\216110010404 文件不存在!
2021-09-03 12:57:51 WARN  分配文件日志:88 - H:\清源镇中5.27理化实验录制视频\216110010405_9 文件不存在!
2021-09-03 12:57:51 WARN  分配文件日志:88 - H:\清源镇中5.27理化实验录制视频\216110010406 文件不存在!
2021-09-03 12:57:51 WARN  分配文件日志:88 - H:\清源镇中5.27理化实验录制视频\216110010409_9 文件不存在!
2021-09-03 12:57:51 WARN  分配文件日志:88 - H:\清源镇中5.27理化实验录制视频\216110010411 文件不存在!
2021-09-03 12:57:51 WARN  分配文件日志:88 - H:\清源镇中5.27理化实验录制视频\216110010413_5 文件不存在!
2021-09-03 12:57:51 WARN  分配文件日志:88 - H:\清源镇中5.27理化实验录制视频\216110010414 文件不存在!
2021-09-03 12:57:51 WARN  分配文件日志:88 - H:\清源镇中5.27理化实验录制视频\216110010416 文件不存在!
2021-09-03 12:57:51 WARN  分配文件日志:88 - H:\清源镇中5.27理化实验录制视频\216110010417 文件不存在!
2021-09-03 12:57:51 WARN  分配文件日志:88 - H:\清源镇中5.27理化实验录制视频\216110010419 文件不存在!
2021-09-03 12:57:51 WARN  分配文件日志:88 - H:\清源镇中5.27理化实验录制视频\216110010423_6 文件不存在!
2021-09-03 12:57:51 WARN  分配文件日志:88 - H:\清源镇中5.27理化实验录制视频\216110010424_9 文件不存在!
2021-09-03 12:57:51 WARN  分配文件日志:88 - H:\清源镇中5.27理化实验录制视频\216110010425 文件不存在!
2021-09-03 12:57:51 WARN  分配文件日志:88 - H:\清源镇中5.27理化实验录制视频\216110010428 文件不存在!
2021-09-03 12:57:51 WARN  分配文件日志:88 - H:\清源镇中5.27理化实验录制视频\216110010429 文件不存在!
2021-09-03 12:57:51 WARN  分配文件日志:88 - H:\清源镇中5.27理化实验录制视频\216110010431 文件不存在!
2021-09-03 12:57:51 WARN  分配文件日志:88 - H:\清源镇中5.27理化实验录制视频\216110010432 文件不存在!
2021-09-03 12:57:51 WARN  分配文件日志:88 - H:\清源镇中5.27理化实验录制视频\216110010438 文件不存在!
2021-09-03 12:57:51 WARN  分配文件日志:88 - H:\清源镇中5.27理化实验录制视频\216110010439 文件不存在!
2021-09-03 12:57:51 WARN  分配文件日志:88 - H:\清源镇中5.27理化实验录制视频\216110010441 文件不存在!
2021-09-03 12:57:51 WARN  分配文件日志:88 - H:\清源镇中5.27理化实验录制视频\216110010442 文件不存在!
2021-09-03 12:57:51 WARN  分配文件日志:88 - H:\清源镇中5.27理化实验录制视频\216110010446 文件不存在!
2021-09-03 12:57:51 WARN  分配文件日志:88 - H:\清源镇中5.27理化实验录制视频\216110010450 文件不存在!
2021-09-03 12:57:51 WARN  分配文件日志:88 - H:\清源镇中5.27理化实验录制视频\216110010451 文件不存在!
2021-09-03 12:57:51 WARN  分配文件日志:88 - H:\清源镇中5.27理化实验录制视频\216110010452 文件不存在!
2021-09-03 12:57:51 WARN  分配文件日志:88 - H:\清源镇中5.27理化实验录制视频\216110010455_9 文件不存在!
2021-09-03 12:57:51 WARN  分配文件日志:88 - H:\清源镇中5.27理化实验录制视频\216110010456 文件不存在!
2021-09-03 12:57:51 WARN  分配文件日志:88 - H:\清源镇中5.27理化实验录制视频\216110010458_9 文件不存在!
2021-09-03 12:57:51 WARN  分配文件日志:88 - H:\清源镇中5.27理化实验录制视频\216110010460 文件不存在!
2021-09-03 12:57:51 WARN  分配文件日志:88 - H:\清源镇中5.27理化实验录制视频\216110010463 文件不存在!
2021-09-03 12:57:51 WARN  分配文件日志:88 - H:\清源镇中5.27理化实验录制视频\216110010465_8 文件不存在!
2021-09-03 12:57:51 WARN  分配文件日志:88 - H:\清源镇中5.27理化实验录制视频\216110010466 文件不存在!
2021-09-03 12:57:51 WARN  分配文件日志:88 - H:\清源镇中5.27理化实验录制视频\216110010468 文件不存在!
2021-09-03 12:57:51 WARN  分配文件日志:88 - H:\清源镇中5.27理化实验录制视频\216110010469 文件不存在!
2021-09-03 12:57:51 WARN  分配文件日志:88 - H:\清源镇中5.27理化实验录制视频\216110010471 文件不存在!
2021-09-03 12:57:51 WARN  分配文件日志:88 - H:\清源镇中5.27理化实验录制视频\216110010473 文件不存在!
2021-09-03 12:57:51 WARN  分配文件日志:88 - H:\清源镇中5.27理化实验录制视频\216110010475 文件不存在!
2021-09-03 12:57:51 WARN  分配文件日志:88 - H:\清源镇中5.27理化实验录制视频\216110010476 文件不存在!
2021-09-03 12:57:51 WARN  分配文件日志:88 - H:\清源镇中5.27理化实验录制视频\216110010477_9 文件不存在!
2021-09-03 12:57:51 WARN  分配文件日志:88 - H:\清源镇中5.27理化实验录制视频\216110010478 文件不存在!
2021-09-03 12:57:51 WARN  分配文件日志:88 - H:\清源镇中5.27理化实验录制视频\216110010479 文件不存在!
2021-09-03 12:57:51 WARN  分配文件日志:88 - H:\清源镇中5.27理化实验录制视频\216110010482 文件不存在!
2021-09-03 12:57:51 WARN  分配文件日志:88 - H:\清源镇中5.27理化实验录制视频\216110010489 文件不存在!
2021-09-03 12:57:51 WARN  分配文件日志:88 - H:\清源镇中5.27理化实验录制视频\216110010490_9 文件不存在!
2021-09-03 12:57:51 WARN  分配文件日志:88 - H:\清源镇中5.27理化实验录制视频\216110010491_9 文件不存在!
2021-09-03 12:57:51 WARN  分配文件日志:88 - H:\清源镇中5.27理化实验录制视频\216110010492 文件不存在!
2021-09-03 12:57:51 WARN  分配文件日志:88 - H:\清源镇中5.27理化实验录制视频\216110010496_9 文件不存在!
2021-09-03 12:57:51 WARN  分配文件日志:88 - H:\清源镇中5.27理化实验录制视频\216110010497 文件不存在!
2021-09-03 12:57:51 WARN  分配文件日志:88 - H:\清源镇中5.27理化实验录制视频\216110010500 文件不存在!
2021-09-03 12:57:51 WARN  分配文件日志:88 - H:\清源镇中5.27理化实验录制视频\216110010505_9 文件不存在!
2021-09-03 12:57:51 WARN  分配文件日志:88 - H:\清源镇中5.27理化实验录制视频\216110010506 文件不存在!
2021-09-03 12:57:51 WARN  分配文件日志:88 - H:\清源镇中5.27理化实验录制视频\216110010507_9 文件不存在!
2021-09-03 12:57:51 WARN  分配文件日志:88 - H:\清源镇中5.27理化实验录制视频\216110010508 文件不存在!
2021-09-03 12:57:51 WARN  分配文件日志:88 - H:\清源镇中5.27理化实验录制视频\216110010509 文件不存在!
2021-09-03 12:57:51 WARN  分配文件日志:88 - H:\清源镇中5.27理化实验录制视频\216110010510 文件不存在!
2021-09-03 12:57:51 WARN  分配文件日志:88 - H:\清源镇中5.27理化实验录制视频\216110010513 文件不存在!
2021-09-03 12:57:51 WARN  分配文件日志:71 - 216110010516 该学生缺考
2021-09-03 12:57:51 WARN  分配文件日志:88 - H:\清源镇中5.27理化实验录制视频\216110010517 文件不存在!
2021-09-03 12:57:51 WARN  分配文件日志:88 - H:\清源镇中5.27理化实验录制视频\216110010518 文件不存在!
2021-09-03 12:57:51 WARN  分配文件日志:88 - H:\清源镇中5.27理化实验录制视频\216110010519 文件不存在!
2021-09-03 12:57:51 WARN  分配文件日志:88 - H:\清源镇中5.27理化实验录制视频\216110010520 文件不存在!
2021-09-03 12:57:51 WARN  分配文件日志:88 - H:\清源镇中5.27理化实验录制视频\216110010521 文件不存在!
2021-09-03 12:57:51 WARN  分配文件日志:88 - H:\清源镇中5.27理化实验录制视频\216110010522 文件不存在!
2021-09-03 12:57:51 WARN  分配文件日志:88 - H:\清源镇中5.27理化实验录制视频\216110010527 文件不存在!
2021-09-03 12:57:51 WARN  分配文件日志:88 - H:\清源镇中5.27理化实验录制视频\216110010532 文件不存在!
2021-09-03 12:57:51 WARN  分配文件日志:88 - H:\清源镇中5.27理化实验录制视频\216110010534_9 文件不存在!
2021-09-03 12:57:51 WARN  分配文件日志:88 - H:\清源镇中5.27理化实验录制视频\216110010535 文件不存在!
2021-09-03 12:57:51 WARN  分配文件日志:88 - H:\清源镇中5.27理化实验录制视频\216110010537 文件不存在!
2021-09-03 12:57:51 WARN  分配文件日志:88 - H:\清源镇中5.27理化实验录制视频\216110010538_9 文件不存在!
2021-09-03 12:57:51 WARN  分配文件日志:88 - H:\清源镇中5.27理化实验录制视频\216110010541 文件不存在!
2021-09-03 12:57:51 WARN  分配文件日志:88 - H:\清源镇中5.27理化实验录制视频\216110010543 文件不存在!
2021-09-03 12:57:51 WARN  分配文件日志:88 - H:\清源镇中5.27理化实验录制视频\216110010544 文件不存在!
2021-09-03 12:57:51 WARN  分配文件日志:88 - H:\清源镇中5.27理化实验录制视频\216110010547 文件不存在!
2021-09-03 12:57:51 WARN  分配文件日志:88 - H:\清源镇中5.27理化实验录制视频\216110010549 文件不存在!
2021-09-03 12:57:51 WARN  分配文件日志:88 - H:\清源镇中5.27理化实验录制视频\216110010550_9 文件不存在!
2021-09-03 12:57:51 WARN  分配文件日志:88 - H:\清源镇中5.27理化实验录制视频\216110010556 文件不存在!
2021-09-03 12:57:51 WARN  分配文件日志:88 - H:\清源镇中5.27理化实验录制视频\216110010558 文件不存在!
2021-09-03 12:57:51 WARN  分配文件日志:88 - H:\清源镇中5.27理化实验录制视频\216110010560 文件不存在!
2021-09-03 12:57:51 WARN  分配文件日志:88 - H:\清源镇中5.27理化实验录制视频\216110010564 文件不存在!
2021-09-03 12:57:51 WARN  分配文件日志:88 - H:\清源镇中5.27理化实验录制视频\216110010565 文件不存在!
2021-09-03 12:57:51 WARN  分配文件日志:88 - H:\清源镇中5.27理化实验录制视频\216110010566 文件不存在!
2021-09-03 12:57:51 WARN  分配文件日志:88 - H:\清源镇中5.27理化实验录制视频\216110010569 文件不存在!
2021-09-03 12:57:51 WARN  分配文件日志:88 - H:\清源镇中5.27理化实验录制视频\216110010570 文件不存在!
2021-09-03 12:57:51 WARN  分配文件日志:88 - H:\清源镇中5.27理化实验录制视频\216110010571 文件不存在!
2021-09-03 12:57:51 WARN  分配文件日志:88 - H:\清源镇中5.27理化实验录制视频\216110010572 文件不存在!
2021-09-03 12:57:51 WARN  分配文件日志:88 - H:\清源镇中5.27理化实验录制视频\216110010573 文件不存在!
2021-09-03 12:57:51 WARN  分配文件日志:88 - H:\清源镇中5.27理化实验录制视频\216110010575 文件不存在!
2021-09-03 12:57:51 WARN  分配文件日志:88 - H:\清源镇中5.27理化实验录制视频\216110010579_7 文件不存在!
2021-09-03 12:57:51 WARN  分配文件日志:88 - H:\清源镇中5.27理化实验录制视频\216110010581 文件不存在!
2021-09-03 12:57:51 WARN  分配文件日志:88 - H:\清源镇中5.27理化实验录制视频\216110010583 文件不存在!
2021-09-03 12:57:51 WARN  分配文件日志:88 - H:\清源镇中5.27理化实验录制视频\216110010584 文件不存在!
2021-09-03 12:57:51 WARN  分配文件日志:88 - H:\清源镇中5.27理化实验录制视频\216110010588 文件不存在!
2021-09-03 12:57:51 WARN  分配文件日志:88 - H:\清源镇中5.27理化实验录制视频\216110010589_9 文件不存在!
2021-09-03 12:57:51 WARN  分配文件日志:88 - H:\清源镇中5.27理化实验录制视频\216110010591_6 文件不存在!
2021-09-03 12:57:51 WARN  分配文件日志:88 - H:\清源镇中5.27理化实验录制视频\216110010592_8 文件不存在!
2021-09-03 12:57:51 WARN  分配文件日志:88 - H:\清源镇中5.27理化实验录制视频\216110010594 文件不存在!
2021-09-03 12:57:51 WARN  分配文件日志:88 - H:\清源镇中5.27理化实验录制视频\216110010595 文件不存在!
2021-09-03 12:57:51 WARN  分配文件日志:88 - H:\清源镇中5.27理化实验录制视频\216110010601 文件不存在!
2021-09-03 12:57:51 WARN  分配文件日志:88 - H:\清源镇中5.27理化实验录制视频\216110010602_7 文件不存在!
2021-09-03 12:57:51 WARN  分配文件日志:88 - H:\清源镇中5.27理化实验录制视频\216110010605 文件不存在!
2021-09-03 12:57:51 WARN  分配文件日志:88 - H:\清源镇中5.27理化实验录制视频\216110010606 文件不存在!
2021-09-03 12:57:51 WARN  分配文件日志:88 - H:\清源镇中5.27理化实验录制视频\216110010608 文件不存在!
2021-09-03 12:57:51 WARN  分配文件日志:88 - H:\清源镇中5.27理化实验录制视频\216110010610_9 文件不存在!
2021-09-03 12:57:51 WARN  分配文件日志:88 - H:\清源镇中5.27理化实验录制视频\216110010611_7 文件不存在!
2021-09-03 12:57:51 WARN  分配文件日志:88 - H:\清源镇中5.27理化实验录制视频\216110010614_8 文件不存在!
2021-09-03 12:57:51 WARN  分配文件日志:88 - H:\清源镇中5.27理化实验录制视频\216110010615 文件不存在!
2021-09-03 12:57:51 WARN  分配文件日志:88 - H:\清源镇中5.27理化实验录制视频\216110010616 文件不存在!
2021-09-03 12:57:51 WARN  分配文件日志:88 - H:\清源镇中5.27理化实验录制视频\216110010618_9 文件不存在!
2021-09-03 12:57:51 WARN  分配文件日志:88 - H:\清源镇中5.27理化实验录制视频\216110010622 文件不存在!
2021-09-03 12:57:51 WARN  分配文件日志:88 - H:\清源镇中5.27理化实验录制视频\216110010626 文件不存在!
2021-09-03 12:57:51 WARN  分配文件日志:88 - H:\清源镇中5.27理化实验录制视频\216110010627 文件不存在!
2021-09-03 12:57:51 WARN  分配文件日志:88 - H:\清源镇中5.27理化实验录制视频\216110010629 文件不存在!
2021-09-03 12:57:51 WARN  分配文件日志:88 - H:\清源镇中5.27理化实验录制视频\216110010632_9 文件不存在!
2021-09-03 12:57:51 WARN  分配文件日志:88 - H:\清源镇中5.27理化实验录制视频\216110010633 文件不存在!
2021-09-03 12:58:22 WARN  分配文件日志:88 - H:\清源镇中5.27理化实验录制视频\216121160001 文件不存在!
2021-09-03 12:58:22 WARN  分配文件日志:88 - H:\清源镇中5.27理化实验录制视频\216121160004 文件不存在!
2021-09-03 12:58:22 WARN  分配文件日志:88 - H:\清源镇中5.27理化实验录制视频\216121160006 文件不存在!
2021-09-03 12:58:22 WARN  分配文件日志:88 - H:\清源镇中5.27理化实验录制视频\216121160008 文件不存在!
2021-09-03 12:58:22 WARN  分配文件日志:88 - H:\清源镇中5.27理化实验录制视频\216121160009 文件不存在!
2021-09-03 12:58:22 WARN  分配文件日志:88 - H:\清源镇中5.27理化实验录制视频\216121160011 文件不存在!
2021-09-03 12:58:22 WARN  分配文件日志:88 - H:\清源镇中5.27理化实验录制视频\216121160012 文件不存在!
2021-09-03 12:58:22 WARN  分配文件日志:88 - H:\清源镇中5.27理化实验录制视频\216121160013 文件不存在!
2021-09-03 12:58:22 WARN  分配文件日志:88 - H:\清源镇中5.27理化实验录制视频\216121160014 文件不存在!
2021-09-03 12:58:22 WARN  分配文件日志:88 - H:\清源镇中5.27理化实验录制视频\216121160015 文件不存在!
2021-09-03 12:58:22 WARN  分配文件日志:88 - H:\清源镇中5.27理化实验录制视频\216121160017 文件不存在!
2021-09-03 12:58:22 WARN  分配文件日志:88 - H:\清源镇中5.27理化实验录制视频\216121160020 文件不存在!
2021-09-03 12:58:22 WARN  分配文件日志:88 - H:\清源镇中5.27理化实验录制视频\216121160021 文件不存在!
2021-09-03 12:58:22 WARN  分配文件日志:88 - H:\清源镇中5.27理化实验录制视频\216121160023_8 文件不存在!
2021-09-03 12:58:22 WARN  分配文件日志:88 - H:\清源镇中5.27理化实验录制视频\216121160025 文件不存在!
2021-09-03 12:58:22 WARN  分配文件日志:88 - H:\清源镇中5.27理化实验录制视频\216121160026 文件不存在!
2021-09-03 12:58:22 WARN  分配文件日志:88 - H:\清源镇中5.27理化实验录制视频\216121160028 文件不存在!
2021-09-03 12:58:22 WARN  分配文件日志:88 - H:\清源镇中5.27理化实验录制视频\216121160033 文件不存在!
2021-09-03 12:58:22 WARN  分配文件日志:88 - H:\清源镇中5.27理化实验录制视频\216121160035 文件不存在!
2021-09-03 12:58:22 WARN  分配文件日志:88 - H:\清源镇中5.27理化实验录制视频\216121160036_8 文件不存在!
2021-09-03 12:58:22 WARN  分配文件日志:88 - H:\清源镇中5.27理化实验录制视频\216121160040 文件不存在!
2021-09-03 12:58:22 WARN  分配文件日志:88 - H:\清源镇中5.27理化实验录制视频\216121160042_8 文件不存在!
2021-09-03 12:58:22 WARN  分配文件日志:88 - H:\清源镇中5.27理化实验录制视频\216121160043 文件不存在!
2021-09-03 12:58:22 WARN  分配文件日志:88 - H:\清源镇中5.27理化实验录制视频\216121160047 文件不存在!
2021-09-03 12:58:22 WARN  分配文件日志:88 - H:\清源镇中5.27理化实验录制视频\216121160049 文件不存在!
2021-09-03 12:58:22 WARN  分配文件日志:88 - H:\清源镇中5.27理化实验录制视频\216121160050 文件不存在!
2021-09-03 12:58:22 WARN  分配文件日志:88 - H:\清源镇中5.27理化实验录制视频\216121160051 文件不存在!
2021-09-03 12:58:22 WARN  分配文件日志:88 - H:\清源镇中5.27理化实验录制视频\216121160053 文件不存在!
2021-09-03 12:58:22 WARN  分配文件日志:88 - H:\清源镇中5.27理化实验录制视频\216121160058 文件不存在!
2021-09-03 12:58:22 WARN  分配文件日志:88 - H:\清源镇中5.27理化实验录制视频\216121160060 文件不存在!
2021-09-03 12:58:22 WARN  分配文件日志:88 - H:\清源镇中5.27理化实验录制视频\216121160063 文件不存在!
2021-09-03 12:58:22 WARN  分配文件日志:88 - H:\清源镇中5.27理化实验录制视频\216121160065 文件不存在!
2021-09-03 12:58:22 WARN  分配文件日志:88 - H:\清源镇中5.27理化实验录制视频\216121160066 文件不存在!
2021-09-03 12:58:22 WARN  分配文件日志:88 - H:\清源镇中5.27理化实验录制视频\216121160070 文件不存在!
2021-09-03 12:58:22 WARN  分配文件日志:88 - H:\清源镇中5.27理化实验录制视频\216121160071 文件不存在!
2021-09-03 12:58:22 WARN  分配文件日志:88 - H:\清源镇中5.27理化实验录制视频\216121160072 文件不存在!
2021-09-03 12:58:22 WARN  分配文件日志:88 - H:\清源镇中5.27理化实验录制视频\216121160075 文件不存在!
2021-09-03 12:58:22 WARN  分配文件日志:88 - H:\清源镇中5.27理化实验录制视频\216121160076 文件不存在!
2021-09-03 12:58:22 WARN  分配文件日志:88 - H:\清源镇中5.27理化实验录制视频\216121160078 文件不存在!
2021-09-03 12:58:22 WARN  分配文件日志:88 - H:\清源镇中5.27理化实验录制视频\216121160083 文件不存在!
2021-09-03 12:58:22 WARN  分配文件日志:88 - H:\清源镇中5.27理化实验录制视频\216121160085_9 文件不存在!
2021-09-03 12:58:22 WARN  分配文件日志:88 - H:\清源镇中5.27理化实验录制视频\216121160088_9 文件不存在!
2021-09-03 12:58:22 WARN  分配文件日志:88 - H:\清源镇中5.27理化实验录制视频\216121160089 文件不存在!
2021-09-03 12:58:22 WARN  分配文件日志:88 - H:\清源镇中5.27理化实验录制视频\216121160090 文件不存在!
2021-09-03 12:58:22 WARN  分配文件日志:88 - H:\清源镇中5.27理化实验录制视频\216121160091 文件不存在!
2021-09-03 12:58:22 WARN  分配文件日志:88 - H:\清源镇中5.27理化实验录制视频\216121160094 文件不存在!
2021-09-03 12:58:22 WARN  分配文件日志:88 - H:\清源镇中5.27理化实验录制视频\216121160095 文件不存在!
2021-09-03 12:58:22 WARN  分配文件日志:88 - H:\清源镇中5.27理化实验录制视频\216121160096 文件不存在!
2021-09-03 12:58:22 WARN  分配文件日志:88 - H:\清源镇中5.27理化实验录制视频\216121160098 文件不存在!
2021-09-03 12:58:22 WARN  分配文件日志:88 - H:\清源镇中5.27理化实验录制视频\216121160101 文件不存在!
2021-09-03 12:58:22 WARN  分配文件日志:88 - H:\清源镇中5.27理化实验录制视频\216121160102 文件不存在!
2021-09-03 12:58:22 WARN  分配文件日志:88 - H:\清源镇中5.27理化实验录制视频\216121160108 文件不存在!
2021-09-03 12:58:22 WARN  分配文件日志:88 - H:\清源镇中5.27理化实验录制视频\216121160109 文件不存在!
2021-09-03 12:58:22 WARN  分配文件日志:88 - H:\清源镇中5.27理化实验录制视频\216121160110 文件不存在!
2021-09-03 12:58:22 WARN  分配文件日志:88 - H:\清源镇中5.27理化实验录制视频\216121160113 文件不存在!
2021-09-03 12:58:22 WARN  分配文件日志:88 - H:\清源镇中5.27理化实验录制视频\216121160118 文件不存在!
2021-09-03 12:58:22 WARN  分配文件日志:88 - H:\清源镇中5.27理化实验录制视频\216121160119 文件不存在!
2021-09-03 12:58:22 WARN  分配文件日志:88 - H:\清源镇中5.27理化实验录制视频\216121160121 文件不存在!
2021-09-03 12:58:22 WARN  分配文件日志:88 - H:\清源镇中5.27理化实验录制视频\216121160122 文件不存在!
2021-09-03 12:58:22 WARN  分配文件日志:88 - H:\清源镇中5.27理化实验录制视频\216121160123 文件不存在!
2021-09-03 12:58:22 WARN  分配文件日志:88 - H:\清源镇中5.27理化实验录制视频\216121160126 文件不存在!
2021-09-03 12:58:22 WARN  分配文件日志:88 - H:\清源镇中5.27理化实验录制视频\216121160128 文件不存在!
2021-09-03 12:58:22 WARN  分配文件日志:88 - H:\清源镇中5.27理化实验录制视频\216121160130 文件不存在!
2021-09-03 12:58:22 WARN  分配文件日志:88 - H:\清源镇中5.27理化实验录制视频\216121160131 文件不存在!
2021-09-03 12:58:22 WARN  分配文件日志:88 - H:\清源镇中5.27理化实验录制视频\216121160134_5 文件不存在!
2021-09-03 12:58:22 WARN  分配文件日志:88 - H:\清源镇中5.27理化实验录制视频\216121160135 文件不存在!
2021-09-03 12:58:22 WARN  分配文件日志:88 - H:\清源镇中5.27理化实验录制视频\216121160137 文件不存在!
2021-09-03 12:58:22 WARN  分配文件日志:88 - H:\清源镇中5.27理化实验录制视频\216121160138 文件不存在!
2021-09-03 12:58:22 WARN  分配文件日志:88 - H:\清源镇中5.27理化实验录制视频\216121160141 文件不存在!
2021-09-03 12:58:22 WARN  分配文件日志:88 - H:\清源镇中5.27理化实验录制视频\216121160142 文件不存在!
2021-09-03 12:58:22 WARN  分配文件日志:88 - H:\清源镇中5.27理化实验录制视频\216121160143 文件不存在!
2021-09-03 12:58:22 WARN  分配文件日志:88 - H:\清源镇中5.27理化实验录制视频\216121160144 文件不存在!
2021-09-03 12:58:22 WARN  分配文件日志:88 - H:\清源镇中5.27理化实验录制视频\216121160148 文件不存在!
2021-09-03 12:58:22 WARN  分配文件日志:88 - H:\清源镇中5.27理化实验录制视频\216121160150 文件不存在!
2021-09-03 12:58:22 WARN  分配文件日志:88 - H:\清源镇中5.27理化实验录制视频\216121160151 文件不存在!
2021-09-03 12:58:22 WARN  分配文件日志:88 - H:\清源镇中5.27理化实验录制视频\216121160152 文件不存在!
2021-09-03 12:58:22 WARN  分配文件日志:88 - H:\清源镇中5.27理化实验录制视频\216121160157 文件不存在!
2021-09-03 12:58:22 WARN  分配文件日志:88 - H:\清源镇中5.27理化实验录制视频\216121160160 文件不存在!
2021-09-03 12:58:22 WARN  分配文件日志:88 - H:\清源镇中5.27理化实验录制视频\216121160161 文件不存在!
2021-09-03 12:58:22 WARN  分配文件日志:88 - H:\清源镇中5.27理化实验录制视频\216121160162 文件不存在!
2021-09-03 12:58:22 WARN  分配文件日志:88 - H:\清源镇中5.27理化实验录制视频\216121160164 文件不存在!
2021-09-03 12:58:22 WARN  分配文件日志:88 - H:\清源镇中5.27理化实验录制视频\216121160165 文件不存在!
2021-09-03 12:58:22 WARN  分配文件日志:88 - H:\清源镇中5.27理化实验录制视频\216121160167_9 文件不存在!
2021-09-03 12:58:22 WARN  分配文件日志:88 - H:\清源镇中5.27理化实验录制视频\216121160168 文件不存在!
2021-09-03 12:58:22 WARN  分配文件日志:88 - H:\清源镇中5.27理化实验录制视频\216121160172 文件不存在!
2021-09-03 12:58:22 WARN  分配文件日志:88 - H:\清源镇中5.27理化实验录制视频\216121160175 文件不存在!
2021-09-03 12:58:22 WARN  分配文件日志:88 - H:\清源镇中5.27理化实验录制视频\216121160176 文件不存在!
2021-09-03 12:58:22 WARN  分配文件日志:88 - H:\清源镇中5.27理化实验录制视频\216121160178_9 文件不存在!
2021-09-03 12:58:22 WARN  分配文件日志:88 - H:\清源镇中5.27理化实验录制视频\216121160179 文件不存在!
2021-09-03 12:58:22 WARN  分配文件日志:88 - H:\清源镇中5.27理化实验录制视频\216121160181 文件不存在!
2021-09-03 12:58:22 WARN  分配文件日志:88 - H:\清源镇中5.27理化实验录制视频\216121160183 文件不存在!
2021-09-03 12:58:22 WARN  分配文件日志:88 - H:\清源镇中5.27理化实验录制视频\216121160185 文件不存在!
2021-09-03 12:58:22 WARN  分配文件日志:88 - H:\清源镇中5.27理化实验录制视频\216121160186 文件不存在!
2021-09-03 12:58:22 WARN  分配文件日志:88 - H:\清源镇中5.27理化实验录制视频\216121160187 文件不存在!
2021-09-03 12:58:22 WARN  分配文件日志:88 - H:\清源镇中5.27理化实验录制视频\216121160190 文件不存在!
2021-09-03 12:58:22 WARN  分配文件日志:88 - H:\清源镇中5.27理化实验录制视频\216121160192 文件不存在!
2021-09-03 12:58:22 WARN  分配文件日志:88 - H:\清源镇中5.27理化实验录制视频\216121160195 文件不存在!
2021-09-03 12:58:22 WARN  分配文件日志:88 - H:\清源镇中5.27理化实验录制视频\216121160197 文件不存在!
2021-09-03 12:58:22 WARN  分配文件日志:88 - H:\清源镇中5.27理化实验录制视频\216121160198 文件不存在!
2021-09-03 12:58:22 WARN  分配文件日志:88 - H:\清源镇中5.27理化实验录制视频\216121160199 文件不存在!
2021-09-03 12:58:22 WARN  分配文件日志:88 - H:\清源镇中5.27理化实验录制视频\216121160200 文件不存在!
2021-09-03 12:58:22 WARN  分配文件日志:88 - H:\清源镇中5.27理化实验录制视频\216121160201 文件不存在!
2021-09-03 12:58:22 WARN  分配文件日志:88 - H:\清源镇中5.27理化实验录制视频\216121160202 文件不存在!
2021-09-03 12:58:22 WARN  分配文件日志:88 - H:\清源镇中5.27理化实验录制视频\216121160203 文件不存在!
2021-09-03 12:58:22 WARN  分配文件日志:88 - H:\清源镇中5.27理化实验录制视频\216121160204 文件不存在!
2021-09-03 12:58:22 WARN  分配文件日志:88 - H:\清源镇中5.27理化实验录制视频\216121160212 文件不存在!
2021-09-03 12:58:22 WARN  分配文件日志:88 - H:\清源镇中5.27理化实验录制视频\216121160214 文件不存在!
2021-09-03 12:58:22 WARN  分配文件日志:88 - H:\清源镇中5.27理化实验录制视频\216121160217 文件不存在!
2021-09-03 12:58:22 WARN  分配文件日志:88 - H:\清源镇中5.27理化实验录制视频\216121160218 文件不存在!
2021-09-03 12:58:22 WARN  分配文件日志:88 - H:\清源镇中5.27理化实验录制视频\216121160220 文件不存在!
2021-09-03 12:58:22 WARN  分配文件日志:88 - H:\清源镇中5.27理化实验录制视频\216121160221 文件不存在!
2021-09-03 12:58:22 WARN  分配文件日志:88 - H:\清源镇中5.27理化实验录制视频\216121160222 文件不存在!
2021-09-03 12:58:22 WARN  分配文件日志:88 - H:\清源镇中5.27理化实验录制视频\216121160224 文件不存在!
2021-09-03 12:58:22 WARN  分配文件日志:88 - H:\清源镇中5.27理化实验录制视频\216121160227_8 文件不存在!
2021-09-03 12:58:22 WARN  分配文件日志:88 - H:\清源镇中5.27理化实验录制视频\216121160228 文件不存在!
2021-09-03 12:58:22 WARN  分配文件日志:88 - H:\清源镇中5.27理化实验录制视频\216121160229 文件不存在!
2021-09-03 12:58:22 WARN  分配文件日志:88 - H:\清源镇中5.27理化实验录制视频\216121160232_8 文件不存在!
2021-09-03 12:58:22 WARN  分配文件日志:88 - H:\清源镇中5.27理化实验录制视频\216121160234 文件不存在!
2021-09-03 12:58:22 WARN  分配文件日志:88 - H:\清源镇中5.27理化实验录制视频\216121160236 文件不存在!
2021-09-03 12:58:22 WARN  分配文件日志:88 - H:\清源镇中5.27理化实验录制视频\216121160240 文件不存在!
2021-09-03 12:58:22 WARN  分配文件日志:88 - H:\清源镇中5.27理化实验录制视频\216121160241 文件不存在!
2021-09-03 12:58:22 WARN  分配文件日志:88 - H:\清源镇中5.27理化实验录制视频\216121160242 文件不存在!
2021-09-03 12:58:22 WARN  分配文件日志:88 - H:\清源镇中5.27理化实验录制视频\216121160248 文件不存在!
2021-09-03 12:58:22 WARN  分配文件日志:88 - H:\清源镇中5.27理化实验录制视频\216121160250 文件不存在!
2021-09-03 12:58:22 WARN  分配文件日志:88 - H:\清源镇中5.27理化实验录制视频\216121160251 文件不存在!
2021-09-03 12:58:22 WARN  分配文件日志:88 - H:\清源镇中5.27理化实验录制视频\216121160256 文件不存在!
2021-09-03 12:58:22 WARN  分配文件日志:88 - H:\清源镇中5.27理化实验录制视频\216121160257 文件不存在!
2021-09-03 12:58:22 WARN  分配文件日志:88 - H:\清源镇中5.27理化实验录制视频\216121160258 文件不存在!
2021-09-03 12:58:22 WARN  分配文件日志:88 - H:\清源镇中5.27理化实验录制视频\216121160259 文件不存在!
2021-09-03 12:58:22 WARN  分配文件日志:88 - H:\清源镇中5.27理化实验录制视频\216121160260 文件不存在!
2021-09-03 12:58:22 WARN  分配文件日志:88 - H:\清源镇中5.27理化实验录制视频\216121160264 文件不存在!
2021-09-03 12:58:22 WARN  分配文件日志:88 - H:\清源镇中5.27理化实验录制视频\216121160267_8 文件不存在!
2021-09-03 12:58:22 WARN  分配文件日志:88 - H:\清源镇中5.27理化实验录制视频\216121160269_9 文件不存在!
2021-09-03 12:58:22 WARN  分配文件日志:88 - H:\清源镇中5.27理化实验录制视频\216121160270_8 文件不存在!
2021-09-03 12:58:22 WARN  分配文件日志:88 - H:\清源镇中5.27理化实验录制视频\216121160272 文件不存在!
2021-09-03 12:58:22 WARN  分配文件日志:88 - H:\清源镇中5.27理化实验录制视频\216121160273 文件不存在!
2021-09-03 12:58:22 WARN  分配文件日志:88 - H:\清源镇中5.27理化实验录制视频\216121160274 文件不存在!
2021-09-03 12:58:22 WARN  分配文件日志:88 - H:\清源镇中5.27理化实验录制视频\216121160275 文件不存在!
2021-09-03 12:58:22 WARN  分配文件日志:88 - H:\清源镇中5.27理化实验录制视频\216121160278 文件不存在!
2021-09-03 12:58:22 WARN  分配文件日志:88 - H:\清源镇中5.27理化实验录制视频\216121160279 文件不存在!
2021-09-03 12:58:22 WARN  分配文件日志:88 - H:\清源镇中5.27理化实验录制视频\216121160283 文件不存在!
2021-09-03 12:58:22 WARN  分配文件日志:88 - H:\清源镇中5.27理化实验录制视频\216121160284 文件不存在!
2021-09-03 12:58:22 WARN  分配文件日志:88 - H:\清源镇中5.27理化实验录制视频\216121160286 文件不存在!
2021-09-03 12:58:22 WARN  分配文件日志:88 - H:\清源镇中5.27理化实验录制视频\216121160287_9 文件不存在!
2021-09-03 12:58:22 WARN  分配文件日志:88 - H:\清源镇中5.27理化实验录制视频\216121160289 文件不存在!
2021-09-03 12:58:22 WARN  分配文件日志:88 - H:\清源镇中5.27理化实验录制视频\216121160291 文件不存在!
2021-09-03 12:58:22 WARN  分配文件日志:88 - H:\清源镇中5.27理化实验录制视频\216121160293 文件不存在!
2021-09-03 12:58:22 WARN  分配文件日志:88 - H:\清源镇中5.27理化实验录制视频\216121160294 文件不存在!
2021-09-03 12:58:22 WARN  分配文件日志:88 - H:\清源镇中5.27理化实验录制视频\216121160295 文件不存在!
2021-09-03 12:58:22 WARN  分配文件日志:88 - H:\清源镇中5.27理化实验录制视频\216121160297 文件不存在!
2021-09-03 12:58:22 WARN  分配文件日志:88 - H:\清源镇中5.27理化实验录制视频\216121160299 文件不存在!
2021-09-03 12:58:22 WARN  分配文件日志:88 - H:\清源镇中5.27理化实验录制视频\216121160300 文件不存在!
2021-09-03 12:58:22 WARN  分配文件日志:88 - H:\清源镇中5.27理化实验录制视频\216121160303 文件不存在!
2021-09-03 12:58:22 WARN  分配文件日志:88 - H:\清源镇中5.27理化实验录制视频\216121160304 文件不存在!
2021-09-03 12:58:22 WARN  分配文件日志:88 - H:\清源镇中5.27理化实验录制视频\216121160310 文件不存在!
2021-09-03 12:58:22 WARN  分配文件日志:88 - H:\清源镇中5.27理化实验录制视频\216121160313 文件不存在!
2021-09-03 12:58:22 WARN  分配文件日志:88 - H:\清源镇中5.27理化实验录制视频\216121160314 文件不存在!
2021-09-03 12:58:22 WARN  分配文件日志:88 - H:\清源镇中5.27理化实验录制视频\216121160316 文件不存在!
2021-09-03 12:58:22 WARN  分配文件日志:88 - H:\清源镇中5.27理化实验录制视频\216121160317 文件不存在!
2021-09-03 12:58:22 WARN  分配文件日志:88 - H:\清源镇中5.27理化实验录制视频\216121160318 文件不存在!
2021-09-03 12:58:22 WARN  分配文件日志:88 - H:\清源镇中5.27理化实验录制视频\216121160319 文件不存在!
2021-09-03 12:58:22 WARN  分配文件日志:88 - H:\清源镇中5.27理化实验录制视频\216121160320 文件不存在!
2021-09-03 12:58:22 WARN  分配文件日志:88 - H:\清源镇中5.27理化实验录制视频\216121160322 文件不存在!
2021-09-03 12:58:22 WARN  分配文件日志:88 - H:\清源镇中5.27理化实验录制视频\216121160324 文件不存在!
2021-09-03 12:58:22 WARN  分配文件日志:88 - H:\清源镇中5.27理化实验录制视频\216121160325_-1 文件不存在!
2021-09-03 12:58:22 WARN  分配文件日志:88 - H:\清源镇中5.27理化实验录制视频\216121160332 文件不存在!
2021-09-03 12:58:22 WARN  分配文件日志:88 - H:\清源镇中5.27理化实验录制视频\216121160334 文件不存在!
2021-09-03 12:58:22 WARN  分配文件日志:88 - H:\清源镇中5.27理化实验录制视频\216121160335 文件不存在!
2021-09-03 12:58:22 WARN  分配文件日志:88 - H:\清源镇中5.27理化实验录制视频\216121160337 文件不存在!
2021-09-03 12:58:22 WARN  分配文件日志:88 - H:\清源镇中5.27理化实验录制视频\216121160338 文件不存在!
2021-09-03 12:58:22 WARN  分配文件日志:88 - H:\清源镇中5.27理化实验录制视频\216121160341 文件不存在!
2021-09-03 12:58:22 WARN  分配文件日志:88 - H:\清源镇中5.27理化实验录制视频\216121160342 文件不存在!
2021-09-03 12:58:22 WARN  分配文件日志:88 - H:\清源镇中5.27理化实验录制视频\216121160346 文件不存在!
2021-09-03 12:58:22 WARN  分配文件日志:88 - H:\清源镇中5.27理化实验录制视频\216121160349 文件不存在!
2021-09-03 12:58:22 WARN  分配文件日志:88 - H:\清源镇中5.27理化实验录制视频\216121160350 文件不存在!
2021-09-03 12:58:22 WARN  分配文件日志:88 - H:\清源镇中5.27理化实验录制视频\216121160352 文件不存在!
2021-09-03 12:58:22 WARN  分配文件日志:88 - H:\清源镇中5.27理化实验录制视频\216121160353_9 文件不存在!
2021-09-03 12:58:22 WARN  分配文件日志:88 - H:\清源镇中5.27理化实验录制视频\216121160355 文件不存在!
2021-09-03 12:58:22 WARN  分配文件日志:88 - H:\清源镇中5.27理化实验录制视频\216121160357 文件不存在!
2021-09-03 12:58:22 WARN  分配文件日志:88 - H:\清源镇中5.27理化实验录制视频\216121160358_9 文件不存在!
2021-09-03 12:58:22 WARN  分配文件日志:88 - H:\清源镇中5.27理化实验录制视频\216121160359_7 文件不存在!
2021-09-03 12:58:22 WARN  分配文件日志:88 - H:\清源镇中5.27理化实验录制视频\216121160360 文件不存在!
2021-09-03 12:58:22 WARN  分配文件日志:88 - H:\清源镇中5.27理化实验录制视频\216121160361_9 文件不存在!
2021-09-03 12:58:22 WARN  分配文件日志:88 - H:\清源镇中5.27理化实验录制视频\216121160362 文件不存在!
2021-09-03 12:58:22 WARN  分配文件日志:88 - H:\清源镇中5.27理化实验录制视频\216121160365 文件不存在!
2021-09-03 12:58:22 WARN  分配文件日志:88 - H:\清源镇中5.27理化实验录制视频\216121160367 文件不存在!
2021-09-03 12:58:22 WARN  分配文件日志:88 - H:\清源镇中5.27理化实验录制视频\216121160371 文件不存在!
2021-09-03 12:58:22 WARN  分配文件日志:88 - H:\清源镇中5.27理化实验录制视频\216121160372 文件不存在!
2021-09-03 12:58:22 WARN  分配文件日志:88 - H:\清源镇中5.27理化实验录制视频\216121160374 文件不存在!
2021-09-03 12:58:22 WARN  分配文件日志:88 - H:\清源镇中5.27理化实验录制视频\216121160378 文件不存在!
2021-09-03 12:58:22 WARN  分配文件日志:88 - H:\清源镇中5.27理化实验录制视频\216121160379 文件不存在!
2021-09-03 12:58:22 WARN  分配文件日志:88 - H:\清源镇中5.27理化实验录制视频\216121160381 文件不存在!
2021-09-03 12:58:22 WARN  分配文件日志:88 - H:\清源镇中5.27理化实验录制视频\216121160385 文件不存在!
2021-09-03 12:58:22 WARN  分配文件日志:88 - H:\清源镇中5.27理化实验录制视频\216121160386 文件不存在!
2021-09-03 12:58:22 WARN  分配文件日志:88 - H:\清源镇中5.27理化实验录制视频\216121160390 文件不存在!
2021-09-03 12:58:22 WARN  分配文件日志:88 - H:\清源镇中5.27理化实验录制视频\216121160391 文件不存在!
2021-09-03 12:58:22 WARN  分配文件日志:88 - H:\清源镇中5.27理化实验录制视频\216121160395 文件不存在!
2021-09-03 12:58:22 WARN  分配文件日志:88 - H:\清源镇中5.27理化实验录制视频\216121160397 文件不存在!
2021-09-03 12:58:22 WARN  分配文件日志:88 - H:\清源镇中5.27理化实验录制视频\216121160398_7 文件不存在!
2021-09-03 12:58:22 WARN  分配文件日志:88 - H:\清源镇中5.27理化实验录制视频\216121160402_9 文件不存在!
2021-09-03 12:58:22 WARN  分配文件日志:88 - H:\清源镇中5.27理化实验录制视频\216121160403 文件不存在!
2021-09-03 12:58:22 WARN  分配文件日志:88 - H:\清源镇中5.27理化实验录制视频\216121160404 文件不存在!
2021-09-03 12:58:22 WARN  分配文件日志:88 - H:\清源镇中5.27理化实验录制视频\216121160405 文件不存在!
2021-09-03 12:58:22 WARN  分配文件日志:88 - H:\清源镇中5.27理化实验录制视频\216121160408_9 文件不存在!
2021-09-03 12:58:22 WARN  分配文件日志:88 - H:\清源镇中5.27理化实验录制视频\216121160409 文件不存在!
2021-09-03 12:58:22 WARN  分配文件日志:88 - H:\清源镇中5.27理化实验录制视频\216121160413 文件不存在!
2021-09-03 12:58:22 WARN  分配文件日志:88 - H:\清源镇中5.27理化实验录制视频\216121160415 文件不存在!
2021-09-03 12:58:22 WARN  分配文件日志:88 - H:\清源镇中5.27理化实验录制视频\216121160416 文件不存在!
2021-09-03 12:58:22 WARN  分配文件日志:88 - H:\清源镇中5.27理化实验录制视频\216121160417_9 文件不存在!
2021-09-03 12:58:22 WARN  分配文件日志:88 - H:\清源镇中5.27理化实验录制视频\216121160418_9 文件不存在!
2021-09-03 12:58:22 WARN  分配文件日志:88 - H:\清源镇中5.27理化实验录制视频\216121160421 文件不存在!
2021-09-03 12:58:22 WARN  分配文件日志:88 - H:\清源镇中5.27理化实验录制视频\216121160422 文件不存在!
2021-09-03 12:58:22 WARN  分配文件日志:88 - H:\清源镇中5.27理化实验录制视频\216121160425 文件不存在!
2021-09-03 12:58:22 WARN  分配文件日志:88 - H:\清源镇中5.27理化实验录制视频\216121160426 文件不存在!
2021-09-03 12:58:22 WARN  分配文件日志:88 - H:\清源镇中5.27理化实验录制视频\216121160430 文件不存在!
2021-09-03 12:58:22 WARN  分配文件日志:88 - H:\清源镇中5.27理化实验录制视频\216121160432 文件不存在!
2021-09-03 12:58:22 WARN  分配文件日志:88 - H:\清源镇中5.27理化实验录制视频\216121160433 文件不存在!
2021-09-03 12:58:22 WARN  分配文件日志:88 - H:\清源镇中5.27理化实验录制视频\216121160434 文件不存在!
2021-09-03 12:58:22 WARN  分配文件日志:88 - H:\清源镇中5.27理化实验录制视频\216121160435 文件不存在!
2021-09-03 12:58:22 WARN  分配文件日志:88 - H:\清源镇中5.27理化实验录制视频\216121160436 文件不存在!
2021-09-03 12:58:22 WARN  分配文件日志:88 - H:\清源镇中5.27理化实验录制视频\216121160437 文件不存在!
2021-09-03 12:58:22 WARN  分配文件日志:88 - H:\清源镇中5.27理化实验录制视频\216121160440 文件不存在!
2021-09-03 12:58:22 WARN  分配文件日志:88 - H:\清源镇中5.27理化实验录制视频\216121160444_9 文件不存在!
2021-09-03 12:58:22 WARN  分配文件日志:88 - H:\清源镇中5.27理化实验录制视频\216121160445 文件不存在!
2021-09-03 12:58:22 WARN  分配文件日志:88 - H:\清源镇中5.27理化实验录制视频\216121160447_9 文件不存在!
2021-09-03 12:58:22 WARN  分配文件日志:88 - H:\清源镇中5.27理化实验录制视频\216121160450 文件不存在!
2021-09-03 12:58:22 WARN  分配文件日志:88 - H:\清源镇中5.27理化实验录制视频\216121160455 文件不存在!
2021-09-03 12:58:22 WARN  分配文件日志:88 - H:\清源镇中5.27理化实验录制视频\216121160456 文件不存在!
2021-09-03 12:58:22 WARN  分配文件日志:88 - H:\清源镇中5.27理化实验录制视频\216121160457 文件不存在!
2021-09-03 12:58:22 WARN  分配文件日志:88 - H:\清源镇中5.27理化实验录制视频\216121160458 文件不存在!
2021-09-03 12:58:22 WARN  分配文件日志:88 - H:\清源镇中5.27理化实验录制视频\216121160459 文件不存在!
2021-09-03 12:58:22 WARN  分配文件日志:88 - H:\清源镇中5.27理化实验录制视频\216121160464 文件不存在!
2021-09-03 12:58:22 WARN  分配文件日志:88 - H:\清源镇中5.27理化实验录制视频\216121160469 文件不存在!
2021-09-03 12:58:22 WARN  分配文件日志:88 - H:\清源镇中5.27理化实验录制视频\216121160472 文件不存在!
2021-09-03 12:58:22 WARN  分配文件日志:88 - H:\清源镇中5.27理化实验录制视频\216121160474 文件不存在!
2021-09-03 12:58:22 WARN  分配文件日志:88 - H:\清源镇中5.27理化实验录制视频\216121160475_9 文件不存在!
2021-09-03 12:58:22 WARN  分配文件日志:88 - H:\清源镇中5.27理化实验录制视频\216121160476 文件不存在!
2021-09-03 12:58:22 WARN  分配文件日志:88 - H:\清源镇中5.27理化实验录制视频\216121160477 文件不存在!
2021-09-03 12:58:22 WARN  分配文件日志:88 - H:\清源镇中5.27理化实验录制视频\216121160478 文件不存在!
2021-09-03 12:58:22 WARN  分配文件日志:88 - H:\清源镇中5.27理化实验录制视频\216121160479 文件不存在!
2021-09-03 12:58:22 WARN  分配文件日志:88 - H:\清源镇中5.27理化实验录制视频\216121160481 文件不存在!
2021-09-03 12:58:22 WARN  分配文件日志:88 - H:\清源镇中5.27理化实验录制视频\216121160485 文件不存在!
2021-09-03 12:58:22 WARN  分配文件日志:88 - H:\清源镇中5.27理化实验录制视频\216121160486 文件不存在!
2021-09-03 12:58:22 WARN  分配文件日志:88 - H:\清源镇中5.27理化实验录制视频\216121160488 文件不存在!
2021-09-03 12:58:22 WARN  分配文件日志:88 - H:\清源镇中5.27理化实验录制视频\216121160489 文件不存在!
2021-09-03 12:58:22 WARN  分配文件日志:88 - H:\清源镇中5.27理化实验录制视频\216121160491 文件不存在!
2021-09-03 12:58:22 WARN  分配文件日志:88 - H:\清源镇中5.27理化实验录制视频\216121160494 文件不存在!
2021-09-03 12:58:22 WARN  分配文件日志:88 - H:\清源镇中5.27理化实验录制视频\216121010002 文件不存在!
2021-09-03 12:58:22 WARN  分配文件日志:88 - H:\清源镇中5.27理化实验录制视频\216121010003 文件不存在!
2021-09-03 12:58:22 WARN  分配文件日志:88 - H:\清源镇中5.27理化实验录制视频\216121010006_9 文件不存在!
2021-09-03 12:58:22 WARN  分配文件日志:88 - H:\清源镇中5.27理化实验录制视频\216121010007 文件不存在!
2021-09-03 12:58:22 WARN  分配文件日志:88 - H:\清源镇中5.27理化实验录制视频\216121010008 文件不存在!
2021-09-03 12:58:22 WARN  分配文件日志:88 - H:\清源镇中5.27理化实验录制视频\216121010009 文件不存在!
2021-09-03 12:58:22 WARN  分配文件日志:88 - H:\清源镇中5.27理化实验录制视频\216121010013 文件不存在!
2021-09-03 12:58:22 WARN  分配文件日志:88 - H:\清源镇中5.27理化实验录制视频\216121010015 文件不存在!
2021-09-03 12:58:22 WARN  分配文件日志:88 - H:\清源镇中5.27理化实验录制视频\216121010020 文件不存在!
2021-09-03 12:58:22 WARN  分配文件日志:88 - H:\清源镇中5.27理化实验录制视频\216121010021 文件不存在!
2021-09-03 12:58:22 WARN  分配文件日志:88 - H:\清源镇中5.27理化实验录制视频\216121010022 文件不存在!
2021-09-03 12:58:22 WARN  分配文件日志:88 - H:\清源镇中5.27理化实验录制视频\216121010023 文件不存在!
2021-09-03 12:58:22 WARN  分配文件日志:88 - H:\清源镇中5.27理化实验录制视频\216121010026 文件不存在!
2021-09-03 12:58:22 WARN  分配文件日志:88 - H:\清源镇中5.27理化实验录制视频\216121010028 文件不存在!
2021-09-03 12:58:22 WARN  分配文件日志:88 - H:\清源镇中5.27理化实验录制视频\216121010029 文件不存在!
2021-09-03 12:58:22 WARN  分配文件日志:88 - H:\清源镇中5.27理化实验录制视频\216121010033 文件不存在!
2021-09-03 12:58:22 WARN  分配文件日志:88 - H:\清源镇中5.27理化实验录制视频\216121010034 文件不存在!
2021-09-03 12:58:22 WARN  分配文件日志:88 - H:\清源镇中5.27理化实验录制视频\216121010035 文件不存在!
2021-09-03 12:58:22 WARN  分配文件日志:88 - H:\清源镇中5.27理化实验录制视频\216121010036 文件不存在!
2021-09-03 12:58:22 WARN  分配文件日志:88 - H:\清源镇中5.27理化实验录制视频\216121010037 文件不存在!
2021-09-03 12:58:22 WARN  分配文件日志:88 - H:\清源镇中5.27理化实验录制视频\216121010039 文件不存在!
2021-09-03 12:58:22 WARN  分配文件日志:88 - H:\清源镇中5.27理化实验录制视频\216121010042 文件不存在!
2021-09-03 12:58:22 WARN  分配文件日志:88 - H:\清源镇中5.27理化实验录制视频\216121010043 文件不存在!
2021-09-03 12:58:22 WARN  分配文件日志:88 - H:\清源镇中5.27理化实验录制视频\216121010047 文件不存在!
2021-09-03 12:58:22 WARN  分配文件日志:88 - H:\清源镇中5.27理化实验录制视频\216121010049 文件不存在!
2021-09-03 12:58:22 WARN  分配文件日志:88 - H:\清源镇中5.27理化实验录制视频\216121010050 文件不存在!
2021-09-03 12:58:22 WARN  分配文件日志:88 - H:\清源镇中5.27理化实验录制视频\216121010051 文件不存在!
2021-09-03 12:58:22 WARN  分配文件日志:88 - H:\清源镇中5.27理化实验录制视频\216121010053 文件不存在!
2021-09-03 12:58:22 WARN  分配文件日志:88 - H:\清源镇中5.27理化实验录制视频\216121010057 文件不存在!
2021-09-03 12:58:22 WARN  分配文件日志:88 - H:\清源镇中5.27理化实验录制视频\216121010060 文件不存在!
2021-09-03 12:58:22 WARN  分配文件日志:88 - H:\清源镇中5.27理化实验录制视频\216121010063 文件不存在!
2021-09-03 12:58:22 WARN  分配文件日志:88 - H:\清源镇中5.27理化实验录制视频\216121010064 文件不存在!
2021-09-03 12:58:22 WARN  分配文件日志:88 - H:\清源镇中5.27理化实验录制视频\216121010065_7 文件不存在!
2021-09-03 12:58:22 WARN  分配文件日志:88 - H:\清源镇中5.27理化实验录制视频\216121010068 文件不存在!
2021-09-03 12:58:22 WARN  分配文件日志:88 - H:\清源镇中5.27理化实验录制视频\216121010070 文件不存在!
2021-09-03 12:58:22 WARN  分配文件日志:88 - H:\清源镇中5.27理化实验录制视频\216121010072 文件不存在!
2021-09-03 12:58:22 WARN  分配文件日志:88 - H:\清源镇中5.27理化实验录制视频\216121010075 文件不存在!
2021-09-03 12:58:22 WARN  分配文件日志:88 - H:\清源镇中5.27理化实验录制视频\216121010076 文件不存在!
2021-09-03 12:58:22 WARN  分配文件日志:88 - H:\清源镇中5.27理化实验录制视频\216121010078 文件不存在!
2021-09-03 12:58:22 WARN  分配文件日志:88 - H:\清源镇中5.27理化实验录制视频\216121010079 文件不存在!
2021-09-03 12:58:22 WARN  分配文件日志:88 - H:\清源镇中5.27理化实验录制视频\216121010082 文件不存在!
2021-09-03 12:58:22 WARN  分配文件日志:88 - H:\清源镇中5.27理化实验录制视频\216121010083 文件不存在!
2021-09-03 12:58:22 WARN  分配文件日志:88 - H:\清源镇中5.27理化实验录制视频\216121010084_6 文件不存在!
2021-09-03 12:58:22 WARN  分配文件日志:88 - H:\清源镇中5.27理化实验录制视频\216121010085 文件不存在!
2021-09-03 12:58:22 WARN  分配文件日志:88 - H:\清源镇中5.27理化实验录制视频\216121010086 文件不存在!
2021-09-03 12:58:22 WARN  分配文件日志:88 - H:\清源镇中5.27理化实验录制视频\216121010087 文件不存在!
2021-09-03 12:58:22 WARN  分配文件日志:88 - H:\清源镇中5.27理化实验录制视频\216121010090 文件不存在!
2021-09-03 12:58:22 WARN  分配文件日志:88 - H:\清源镇中5.27理化实验录制视频\216121010092 文件不存在!
2021-09-03 12:58:22 WARN  分配文件日志:88 - H:\清源镇中5.27理化实验录制视频\216121010095 文件不存在!
2021-09-03 12:58:22 WARN  分配文件日志:88 - H:\清源镇中5.27理化实验录制视频\216121010099 文件不存在!
2021-09-03 12:58:22 WARN  分配文件日志:88 - H:\清源镇中5.27理化实验录制视频\216121010100 文件不存在!
2021-09-03 12:58:22 WARN  分配文件日志:88 - H:\清源镇中5.27理化实验录制视频\216121010101 文件不存在!
2021-09-03 12:58:22 WARN  分配文件日志:88 - H:\清源镇中5.27理化实验录制视频\216121010102 文件不存在!
2021-09-03 12:58:22 WARN  分配文件日志:88 - H:\清源镇中5.27理化实验录制视频\216121010104_9 文件不存在!
2021-09-03 12:58:22 WARN  分配文件日志:88 - H:\清源镇中5.27理化实验录制视频\216121010106 文件不存在!
2021-09-03 12:58:22 WARN  分配文件日志:88 - H:\清源镇中5.27理化实验录制视频\216121010107 文件不存在!
2021-09-03 12:58:22 WARN  分配文件日志:88 - H:\清源镇中5.27理化实验录制视频\216121010109 文件不存在!
2021-09-03 12:58:22 WARN  分配文件日志:88 - H:\清源镇中5.27理化实验录制视频\216121010110 文件不存在!
2021-09-03 12:58:22 WARN  分配文件日志:88 - H:\清源镇中5.27理化实验录制视频\216121010113 文件不存在!
2021-09-03 12:58:22 WARN  分配文件日志:88 - H:\清源镇中5.27理化实验录制视频\216121010115 文件不存在!
2021-09-03 12:58:22 WARN  分配文件日志:88 - H:\清源镇中5.27理化实验录制视频\216121010116 文件不存在!
2021-09-03 12:58:22 WARN  分配文件日志:88 - H:\清源镇中5.27理化实验录制视频\216121010118 文件不存在!
2021-09-03 12:58:22 WARN  分配文件日志:88 - H:\清源镇中5.27理化实验录制视频\216121010119_8 文件不存在!
2021-09-03 12:58:22 WARN  分配文件日志:88 - H:\清源镇中5.27理化实验录制视频\216121010121 文件不存在!
2021-09-03 12:58:22 WARN  分配文件日志:88 - H:\清源镇中5.27理化实验录制视频\216121010125 文件不存在!
2021-09-03 12:58:22 WARN  分配文件日志:88 - H:\清源镇中5.27理化实验录制视频\216121010133 文件不存在!
2021-09-03 12:58:22 WARN  分配文件日志:88 - H:\清源镇中5.27理化实验录制视频\216121010135 文件不存在!
2021-09-03 12:58:22 WARN  分配文件日志:88 - H:\清源镇中5.27理化实验录制视频\216121010138 文件不存在!
2021-09-03 12:58:22 WARN  分配文件日志:88 - H:\清源镇中5.27理化实验录制视频\216121010139 文件不存在!
2021-09-03 12:58:22 WARN  分配文件日志:88 - H:\清源镇中5.27理化实验录制视频\216121010141 文件不存在!
2021-09-03 12:58:22 WARN  分配文件日志:88 - H:\清源镇中5.27理化实验录制视频\216121010142 文件不存在!
2021-09-03 12:58:22 WARN  分配文件日志:88 - H:\清源镇中5.27理化实验录制视频\216121010143 文件不存在!
2021-09-03 12:58:22 WARN  分配文件日志:88 - H:\清源镇中5.27理化实验录制视频\216121010145 文件不存在!
2021-09-03 12:58:22 WARN  分配文件日志:88 - H:\清源镇中5.27理化实验录制视频\216121010146 文件不存在!
2021-09-03 12:58:22 WARN  分配文件日志:88 - H:\清源镇中5.27理化实验录制视频\216121010147_9 文件不存在!
2021-09-03 12:58:22 WARN  分配文件日志:88 - H:\清源镇中5.27理化实验录制视频\216121010148 文件不存在!
2021-09-03 12:58:22 WARN  分配文件日志:88 - H:\清源镇中5.27理化实验录制视频\216121010149 文件不存在!
2021-09-03 12:58:22 WARN  分配文件日志:88 - H:\清源镇中5.27理化实验录制视频\216121010150 文件不存在!
2021-09-03 12:58:22 WARN  分配文件日志:88 - H:\清源镇中5.27理化实验录制视频\216121010154 文件不存在!
2021-09-03 12:58:22 WARN  分配文件日志:88 - H:\清源镇中5.27理化实验录制视频\216121010156 文件不存在!
2021-09-03 12:58:22 WARN  分配文件日志:88 - H:\清源镇中5.27理化实验录制视频\216121010157 文件不存在!
2021-09-03 12:58:22 WARN  分配文件日志:88 - H:\清源镇中5.27理化实验录制视频\216121010165_6 文件不存在!
2021-09-03 12:58:22 WARN  分配文件日志:88 - H:\清源镇中5.27理化实验录制视频\216121010167 文件不存在!
2021-09-03 12:58:22 WARN  分配文件日志:88 - H:\清源镇中5.27理化实验录制视频\216121010168 文件不存在!
2021-09-03 12:58:22 WARN  分配文件日志:88 - H:\清源镇中5.27理化实验录制视频\216121010169 文件不存在!
2021-09-03 12:58:22 WARN  分配文件日志:88 - H:\清源镇中5.27理化实验录制视频\216121010170_9 文件不存在!
2021-09-03 12:58:22 WARN  分配文件日志:88 - H:\清源镇中5.27理化实验录制视频\216121010176 文件不存在!
2021-09-03 12:58:22 WARN  分配文件日志:88 - H:\清源镇中5.27理化实验录制视频\216121010177 文件不存在!
2021-09-03 12:58:22 WARN  分配文件日志:88 - H:\清源镇中5.27理化实验录制视频\216121010178_7 文件不存在!
2021-09-03 12:58:22 WARN  分配文件日志:88 - H:\清源镇中5.27理化实验录制视频\216121150002 文件不存在!
2021-09-03 12:58:22 WARN  分配文件日志:88 - H:\清源镇中5.27理化实验录制视频\216121150004 文件不存在!
2021-09-03 12:58:22 WARN  分配文件日志:88 - H:\清源镇中5.27理化实验录制视频\216121150008_8 文件不存在!
2021-09-03 12:58:22 WARN  分配文件日志:88 - H:\清源镇中5.27理化实验录制视频\216121150009_7 文件不存在!
2021-09-03 12:58:22 WARN  分配文件日志:88 - H:\清源镇中5.27理化实验录制视频\216121150010 文件不存在!
2021-09-03 12:58:22 WARN  分配文件日志:88 - H:\清源镇中5.27理化实验录制视频\216121150011 文件不存在!
2021-09-03 12:58:22 WARN  分配文件日志:88 - H:\清源镇中5.27理化实验录制视频\216121150012 文件不存在!
2021-09-03 12:58:22 WARN  分配文件日志:88 - H:\清源镇中5.27理化实验录制视频\216121150015 文件不存在!
2021-09-03 12:58:22 WARN  分配文件日志:88 - H:\清源镇中5.27理化实验录制视频\216121150019 文件不存在!
2021-09-03 12:58:22 WARN  分配文件日志:88 - H:\清源镇中5.27理化实验录制视频\216121150020 文件不存在!
2021-09-03 12:58:22 WARN  分配文件日志:88 - H:\清源镇中5.27理化实验录制视频\216121150021 文件不存在!
2021-09-03 12:58:22 WARN  分配文件日志:88 - H:\清源镇中5.27理化实验录制视频\216121150024_2 文件不存在!
2021-09-03 12:58:22 WARN  分配文件日志:88 - H:\清源镇中5.27理化实验录制视频\216121150028_9 文件不存在!
2021-09-03 12:58:22 WARN  分配文件日志:88 - H:\清源镇中5.27理化实验录制视频\216121150029_9 文件不存在!
2021-09-03 12:58:22 WARN  分配文件日志:88 - H:\清源镇中5.27理化实验录制视频\216121150031 文件不存在!
2021-09-03 12:58:22 WARN  分配文件日志:88 - H:\清源镇中5.27理化实验录制视频\216121150032 文件不存在!
2021-09-03 12:58:22 WARN  分配文件日志:88 - H:\清源镇中5.27理化实验录制视频\216121150033_1 文件不存在!
2021-09-03 12:58:22 WARN  分配文件日志:88 - H:\清源镇中5.27理化实验录制视频\216121150035 文件不存在!
2021-09-03 12:58:22 WARN  分配文件日志:88 - H:\清源镇中5.27理化实验录制视频\216121150036 文件不存在!
2021-09-03 12:58:22 WARN  分配文件日志:88 - H:\清源镇中5.27理化实验录制视频\216121150037 文件不存在!
2021-09-03 12:58:22 WARN  分配文件日志:88 - H:\清源镇中5.27理化实验录制视频\216121150040 文件不存在!
2021-09-03 12:58:22 WARN  分配文件日志:88 - H:\清源镇中5.27理化实验录制视频\216121150043 文件不存在!
2021-09-03 12:58:22 WARN  分配文件日志:88 - H:\清源镇中5.27理化实验录制视频\216121150044_9 文件不存在!
2021-09-03 12:58:22 WARN  分配文件日志:88 - H:\清源镇中5.27理化实验录制视频\216121150045 文件不存在!
2021-09-03 12:58:22 WARN  分配文件日志:88 - H:\清源镇中5.27理化实验录制视频\216121150049_8 文件不存在!
2021-09-03 12:58:22 WARN  分配文件日志:88 - H:\清源镇中5.27理化实验录制视频\216121150050 文件不存在!
2021-09-03 12:58:22 WARN  分配文件日志:88 - H:\清源镇中5.27理化实验录制视频\216121150051 文件不存在!
2021-09-03 12:58:22 WARN  分配文件日志:88 - H:\清源镇中5.27理化实验录制视频\216121150052 文件不存在!
2021-09-03 12:58:22 WARN  分配文件日志:88 - H:\清源镇中5.27理化实验录制视频\216121150053 文件不存在!
2021-09-03 12:58:22 WARN  分配文件日志:88 - H:\清源镇中5.27理化实验录制视频\216121150056 文件不存在!
2021-09-03 12:58:22 WARN  分配文件日志:88 - H:\清源镇中5.27理化实验录制视频\216121150065_9 文件不存在!
2021-09-03 12:58:22 WARN  分配文件日志:88 - H:\清源镇中5.27理化实验录制视频\216121150066 文件不存在!
2021-09-03 12:58:22 WARN  分配文件日志:88 - H:\清源镇中5.27理化实验录制视频\216121150067 文件不存在!
2021-09-03 12:58:22 WARN  分配文件日志:88 - H:\清源镇中5.27理化实验录制视频\216121150068 文件不存在!
2021-09-03 12:58:22 WARN  分配文件日志:88 - H:\清源镇中5.27理化实验录制视频\216121150069 文件不存在!
2021-09-03 12:58:22 WARN  分配文件日志:88 - H:\清源镇中5.27理化实验录制视频\216121150072_6 文件不存在!
2021-09-03 12:58:22 WARN  分配文件日志:88 - H:\清源镇中5.27理化实验录制视频\216121150073 文件不存在!
2021-09-03 12:58:22 WARN  分配文件日志:88 - H:\清源镇中5.27理化实验录制视频\216121150074 文件不存在!
2021-09-03 12:58:22 WARN  分配文件日志:88 - H:\清源镇中5.27理化实验录制视频\216121150078 文件不存在!
2021-09-03 12:58:22 WARN  分配文件日志:88 - H:\清源镇中5.27理化实验录制视频\216121150081 文件不存在!
2021-09-03 12:58:22 WARN  分配文件日志:88 - H:\清源镇中5.27理化实验录制视频\216121150082 文件不存在!
2021-09-03 12:58:22 WARN  分配文件日志:88 - H:\清源镇中5.27理化实验录制视频\216121150086_7 文件不存在!
2021-09-03 12:58:22 WARN  分配文件日志:88 - H:\清源镇中5.27理化实验录制视频\216121150089 文件不存在!
2021-09-03 12:58:22 WARN  分配文件日志:88 - H:\清源镇中5.27理化实验录制视频\216121150091_5 文件不存在!
2021-09-03 12:58:22 WARN  分配文件日志:88 - H:\清源镇中5.27理化实验录制视频\216121150092_9 文件不存在!
2021-09-03 12:58:22 WARN  分配文件日志:88 - H:\清源镇中5.27理化实验录制视频\216121150093_6 文件不存在!
2021-09-03 12:58:22 WARN  分配文件日志:88 - H:\清源镇中5.27理化实验录制视频\216121150095 文件不存在!
2021-09-03 12:58:22 WARN  分配文件日志:88 - H:\清源镇中5.27理化实验录制视频\216121150096 文件不存在!
2021-09-03 12:58:22 WARN  分配文件日志:88 - H:\清源镇中5.27理化实验录制视频\216121150098 文件不存在!
2021-09-03 12:58:22 WARN  分配文件日志:88 - H:\清源镇中5.27理化实验录制视频\216121150100 文件不存在!
2021-09-03 12:58:22 WARN  分配文件日志:88 - H:\清源镇中5.27理化实验录制视频\216121150103 文件不存在!
2021-09-03 12:58:22 WARN  分配文件日志:88 - H:\清源镇中5.27理化实验录制视频\216121150105 文件不存在!
2021-09-03 12:58:22 WARN  分配文件日志:88 - H:\清源镇中5.27理化实验录制视频\216121150106_7 文件不存在!
2021-09-03 12:58:22 WARN  分配文件日志:88 - H:\清源镇中5.27理化实验录制视频\216121150107 文件不存在!
2021-09-03 12:58:22 WARN  分配文件日志:88 - H:\清源镇中5.27理化实验录制视频\216121150110 文件不存在!
2021-09-03 12:58:22 WARN  分配文件日志:88 - H:\清源镇中5.27理化实验录制视频\216121150113 文件不存在!
2021-09-03 12:58:22 WARN  分配文件日志:88 - H:\清源镇中5.27理化实验录制视频\216121150116 文件不存在!
2021-09-03 12:58:22 WARN  分配文件日志:88 - H:\清源镇中5.27理化实验录制视频\216121150117 文件不存在!
2021-09-03 12:58:22 WARN  分配文件日志:88 - H:\清源镇中5.27理化实验录制视频\216121150118 文件不存在!
2021-09-03 12:58:22 WARN  分配文件日志:88 - H:\清源镇中5.27理化实验录制视频\216121150119 文件不存在!
2021-09-03 12:58:22 WARN  分配文件日志:88 - H:\清源镇中5.27理化实验录制视频\216121150120 文件不存在!
2021-09-03 12:58:22 WARN  分配文件日志:88 - H:\清源镇中5.27理化实验录制视频\216121150121_9 文件不存在!
2021-09-03 12:58:22 WARN  分配文件日志:88 - H:\清源镇中5.27理化实验录制视频\216121150122 文件不存在!
2021-09-03 12:58:22 WARN  分配文件日志:88 - H:\清源镇中5.27理化实验录制视频\216121150124 文件不存在!
2021-09-03 12:58:22 WARN  分配文件日志:88 - H:\清源镇中5.27理化实验录制视频\216121150125 文件不存在!
2021-09-03 12:58:22 WARN  分配文件日志:88 - H:\清源镇中5.27理化实验录制视频\216121150130 文件不存在!
2021-09-03 12:58:22 WARN  分配文件日志:88 - H:\清源镇中5.27理化实验录制视频\216121150134_8 文件不存在!
2021-09-03 12:58:22 WARN  分配文件日志:88 - H:\清源镇中5.27理化实验录制视频\216121150135_6 文件不存在!
2021-09-03 12:58:22 WARN  分配文件日志:88 - H:\清源镇中5.27理化实验录制视频\216121150136_9 文件不存在!
2021-09-03 12:58:22 WARN  分配文件日志:88 - H:\清源镇中5.27理化实验录制视频\216121150141_9 文件不存在!
2021-09-03 12:58:22 WARN  分配文件日志:88 - H:\清源镇中5.27理化实验录制视频\216121150143_7 文件不存在!
2021-09-03 12:58:22 WARN  分配文件日志:88 - H:\清源镇中5.27理化实验录制视频\216121150145 文件不存在!
2021-09-03 12:58:22 WARN  分配文件日志:88 - H:\清源镇中5.27理化实验录制视频\216121150146 文件不存在!
2021-09-03 12:58:22 WARN  分配文件日志:88 - H:\清源镇中5.27理化实验录制视频\216121150147 文件不存在!
2021-09-03 12:58:22 WARN  分配文件日志:88 - H:\清源镇中5.27理化实验录制视频\216121150148_8 文件不存在!
2021-09-03 12:58:22 WARN  分配文件日志:88 - H:\清源镇中5.27理化实验录制视频\216121150150_6 文件不存在!
2021-09-03 12:58:22 WARN  分配文件日志:88 - H:\清源镇中5.27理化实验录制视频\216121150151 文件不存在!
2021-09-03 12:58:22 WARN  分配文件日志:88 - H:\清源镇中5.27理化实验录制视频\216121150152 文件不存在!
2021-09-03 12:58:22 WARN  分配文件日志:88 - H:\清源镇中5.27理化实验录制视频\216121150156 文件不存在!
2021-09-03 12:58:22 WARN  分配文件日志:88 - H:\清源镇中5.27理化实验录制视频\216121150157 文件不存在!
2021-09-03 12:58:22 WARN  分配文件日志:88 - H:\清源镇中5.27理化实验录制视频\216121150160_8 文件不存在!
2021-09-03 12:58:22 WARN  分配文件日志:88 - H:\清源镇中5.27理化实验录制视频\216121150161 文件不存在!
2021-09-03 12:58:22 WARN  分配文件日志:88 - H:\清源镇中5.27理化实验录制视频\216121150162 文件不存在!
2021-09-03 12:58:22 WARN  分配文件日志:88 - H:\清源镇中5.27理化实验录制视频\216121150166 文件不存在!
2021-09-03 12:58:22 WARN  分配文件日志:88 - H:\清源镇中5.27理化实验录制视频\216121150168 文件不存在!
2021-09-03 12:58:22 WARN  分配文件日志:88 - H:\清源镇中5.27理化实验录制视频\216121150170 文件不存在!
2021-09-03 12:58:22 WARN  分配文件日志:88 - H:\清源镇中5.27理化实验录制视频\216121150171_0 文件不存在!
2021-09-03 12:58:22 WARN  分配文件日志:88 - H:\清源镇中5.27理化实验录制视频\216121150173_9 文件不存在!
2021-09-03 12:58:22 WARN  分配文件日志:88 - H:\清源镇中5.27理化实验录制视频\216121150177 文件不存在!
2021-09-03 12:58:22 WARN  分配文件日志:88 - H:\清源镇中5.27理化实验录制视频\216121150178 文件不存在!
2021-09-03 12:58:22 WARN  分配文件日志:88 - H:\清源镇中5.27理化实验录制视频\216121150180_5 文件不存在!
2021-09-03 12:58:22 WARN  分配文件日志:88 - H:\清源镇中5.27理化实验录制视频\216121150182_8 文件不存在!
2021-09-03 12:58:22 WARN  分配文件日志:88 - H:\清源镇中5.27理化实验录制视频\216121150183 文件不存在!
2021-09-03 12:58:22 WARN  分配文件日志:88 - H:\清源镇中5.27理化实验录制视频\216121150189 文件不存在!
2021-09-03 12:58:22 WARN  分配文件日志:88 - H:\清源镇中5.27理化实验录制视频\216121150190 文件不存在!
2021-09-03 12:58:22 WARN  分配文件日志:88 - H:\清源镇中5.27理化实验录制视频\216121150193 文件不存在!
2021-09-03 12:58:22 WARN  分配文件日志:88 - H:\清源镇中5.27理化实验录制视频\216121150194_7 文件不存在!
2021-09-03 12:58:22 WARN  分配文件日志:88 - H:\清源镇中5.27理化实验录制视频\216121150195 文件不存在!
2021-09-03 12:58:22 WARN  分配文件日志:88 - H:\清源镇中5.27理化实验录制视频\216121150196_5 文件不存在!
2021-09-03 12:58:22 WARN  分配文件日志:88 - H:\清源镇中5.27理化实验录制视频\216121150197 文件不存在!
2021-09-03 12:58:22 WARN  分配文件日志:88 - H:\清源镇中5.27理化实验录制视频\216121150199_5 文件不存在!
2021-09-03 12:58:22 WARN  分配文件日志:88 - H:\清源镇中5.27理化实验录制视频\216121150202 文件不存在!
2021-09-03 12:58:22 WARN  分配文件日志:88 - H:\清源镇中5.27理化实验录制视频\216121150205_9 文件不存在!
2021-09-03 12:58:22 WARN  分配文件日志:88 - H:\清源镇中5.27理化实验录制视频\216121150206 文件不存在!
2021-09-03 12:58:22 WARN  分配文件日志:88 - H:\清源镇中5.27理化实验录制视频\216121150207_8 文件不存在!
2021-09-03 12:58:22 WARN  分配文件日志:88 - H:\清源镇中5.27理化实验录制视频\216121150208 文件不存在!
2021-09-03 12:58:22 WARN  分配文件日志:88 - H:\清源镇中5.27理化实验录制视频\216121150211 文件不存在!
2021-09-03 12:58:22 WARN  分配文件日志:88 - H:\清源镇中5.27理化实验录制视频\216121150214 文件不存在!
2021-09-03 12:58:22 WARN  分配文件日志:88 - H:\清源镇中5.27理化实验录制视频\216121150215 文件不存在!
2021-09-03 12:58:22 WARN  分配文件日志:88 - H:\清源镇中5.27理化实验录制视频\216121150217_8 文件不存在!
2021-09-03 12:58:22 WARN  分配文件日志:88 - H:\清源镇中5.27理化实验录制视频\216121150219 文件不存在!
2021-09-03 12:58:22 WARN  分配文件日志:88 - H:\清源镇中5.27理化实验录制视频\216121150221 文件不存在!
2021-09-03 12:58:22 WARN  分配文件日志:88 - H:\清源镇中5.27理化实验录制视频\216121150223 文件不存在!
2021-09-03 12:58:22 WARN  分配文件日志:88 - H:\清源镇中5.27理化实验录制视频\216121150229 文件不存在!
2021-09-03 12:58:22 WARN  分配文件日志:88 - H:\清源镇中5.27理化实验录制视频\216121150231_8 文件不存在!
2021-09-03 12:58:22 WARN  分配文件日志:88 - H:\清源镇中5.27理化实验录制视频\216121150232 文件不存在!
2021-09-03 12:58:22 WARN  分配文件日志:88 - H:\清源镇中5.27理化实验录制视频\216121150234 文件不存在!
2021-09-03 12:58:22 WARN  分配文件日志:88 - H:\清源镇中5.27理化实验录制视频\216121150235 文件不存在!
2021-09-03 12:58:22 WARN  分配文件日志:88 - H:\清源镇中5.27理化实验录制视频\216121150238 文件不存在!
2021-09-03 12:58:22 WARN  分配文件日志:88 - H:\清源镇中5.27理化实验录制视频\216121150241 文件不存在!
2021-09-03 12:58:22 WARN  分配文件日志:88 - H:\清源镇中5.27理化实验录制视频\216121150244 文件不存在!
2021-09-03 12:58:22 WARN  分配文件日志:88 - H:\清源镇中5.27理化实验录制视频\216121150246 文件不存在!
2021-09-03 12:58:22 WARN  分配文件日志:88 - H:\清源镇中5.27理化实验录制视频\216121150251 文件不存在!
2021-09-03 12:58:22 WARN  分配文件日志:88 - H:\清源镇中5.27理化实验录制视频\216121150255 文件不存在!
2021-09-03 12:58:22 WARN  分配文件日志:88 - H:\清源镇中5.27理化实验录制视频\216121150256 文件不存在!
2021-09-03 12:58:22 WARN  分配文件日志:88 - H:\清源镇中5.27理化实验录制视频\216121150258 文件不存在!
2021-09-03 12:58:22 WARN  分配文件日志:88 - H:\清源镇中5.27理化实验录制视频\216121150260_9 文件不存在!
2021-09-03 12:58:22 WARN  分配文件日志:88 - H:\清源镇中5.27理化实验录制视频\216121150262_9 文件不存在!
2021-09-03 12:58:22 WARN  分配文件日志:88 - H:\清源镇中5.27理化实验录制视频\216121150263 文件不存在!
2021-09-03 12:58:22 WARN  分配文件日志:88 - H:\清源镇中5.27理化实验录制视频\216121150264 文件不存在!
2021-09-03 12:58:22 WARN  分配文件日志:88 - H:\清源镇中5.27理化实验录制视频\216121150265 文件不存在!
2021-09-03 12:58:22 WARN  分配文件日志:88 - H:\清源镇中5.27理化实验录制视频\216121150266 文件不存在!
2021-09-03 12:58:22 WARN  分配文件日志:88 - H:\清源镇中5.27理化实验录制视频\216121150267_1 文件不存在!
2021-09-03 12:58:22 WARN  分配文件日志:88 - H:\清源镇中5.27理化实验录制视频\216121150269 文件不存在!
2021-09-03 12:58:22 WARN  分配文件日志:88 - H:\清源镇中5.27理化实验录制视频\216121150270 文件不存在!
2021-09-03 12:58:22 WARN  分配文件日志:88 - H:\清源镇中5.27理化实验录制视频\216121150273 文件不存在!
2021-09-03 12:58:22 WARN  分配文件日志:88 - H:\清源镇中5.27理化实验录制视频\216121150274 文件不存在!
2021-09-03 12:58:22 WARN  分配文件日志:88 - H:\清源镇中5.27理化实验录制视频\216121150275 文件不存在!
2021-09-03 12:58:22 WARN  分配文件日志:88 - H:\清源镇中5.27理化实验录制视频\216121150276 文件不存在!
2021-09-03 12:58:22 WARN  分配文件日志:88 - H:\清源镇中5.27理化实验录制视频\216121150277 文件不存在!
2021-09-03 12:58:22 WARN  分配文件日志:88 - H:\清源镇中5.27理化实验录制视频\216121150280 文件不存在!
2021-09-03 12:58:22 WARN  分配文件日志:88 - H:\清源镇中5.27理化实验录制视频\216121150283 文件不存在!
2021-09-03 12:58:22 WARN  分配文件日志:88 - H:\清源镇中5.27理化实验录制视频\216121150285 文件不存在!
2021-09-03 12:58:22 WARN  分配文件日志:88 - H:\清源镇中5.27理化实验录制视频\216121150288 文件不存在!
2021-09-03 12:58:22 WARN  分配文件日志:88 - H:\清源镇中5.27理化实验录制视频\216121150292 文件不存在!
2021-09-03 12:58:22 WARN  分配文件日志:88 - H:\清源镇中5.27理化实验录制视频\216121150293 文件不存在!
2021-09-03 12:58:22 WARN  分配文件日志:88 - H:\清源镇中5.27理化实验录制视频\216121150294 文件不存在!
2021-09-03 12:58:22 WARN  分配文件日志:88 - H:\清源镇中5.27理化实验录制视频\216121150297 文件不存在!
2021-09-03 12:58:22 WARN  分配文件日志:88 - H:\清源镇中5.27理化实验录制视频\216121150300 文件不存在!
2021-09-03 12:58:22 WARN  分配文件日志:88 - H:\清源镇中5.27理化实验录制视频\216121150301_7 文件不存在!
2021-09-03 12:58:22 WARN  分配文件日志:88 - H:\清源镇中5.27理化实验录制视频\216121150302 文件不存在!
2021-09-03 12:58:22 WARN  分配文件日志:88 - H:\清源镇中5.27理化实验录制视频\216121150307_7 文件不存在!
2021-09-03 12:58:22 WARN  分配文件日志:88 - H:\清源镇中5.27理化实验录制视频\216121150308 文件不存在!
2021-09-03 12:58:22 WARN  分配文件日志:88 - H:\清源镇中5.27理化实验录制视频\216121150310 文件不存在!
2021-09-03 12:58:22 WARN  分配文件日志:88 - H:\清源镇中5.27理化实验录制视频\216121150312 文件不存在!
2021-09-03 12:58:22 WARN  分配文件日志:88 - H:\清源镇中5.27理化实验录制视频\216121150314 文件不存在!
2021-09-03 12:58:22 WARN  分配文件日志:88 - H:\清源镇中5.27理化实验录制视频\216121150315 文件不存在!
2021-09-03 12:58:22 WARN  分配文件日志:88 - H:\清源镇中5.27理化实验录制视频\216121150319 文件不存在!
2021-09-03 12:58:22 WARN  分配文件日志:88 - H:\清源镇中5.27理化实验录制视频\216121150322 文件不存在!
2021-09-03 12:58:22 WARN  分配文件日志:88 - H:\清源镇中5.27理化实验录制视频\216121150323 文件不存在!
2021-09-03 12:58:22 WARN  分配文件日志:88 - H:\清源镇中5.27理化实验录制视频\216121150324 文件不存在!
2021-09-03 12:58:22 WARN  分配文件日志:88 - H:\清源镇中5.27理化实验录制视频\216121150325 文件不存在!
2021-09-03 12:58:22 WARN  分配文件日志:88 - H:\清源镇中5.27理化实验录制视频\216121150326 文件不存在!
2021-09-03 12:58:22 WARN  分配文件日志:88 - H:\清源镇中5.27理化实验录制视频\216121150329 文件不存在!
2021-09-03 12:58:22 WARN  分配文件日志:88 - H:\清源镇中5.27理化实验录制视频\216121150330 文件不存在!
2021-09-03 12:58:22 WARN  分配文件日志:88 - H:\清源镇中5.27理化实验录制视频\216121150331 文件不存在!
2021-09-03 12:58:22 WARN  分配文件日志:88 - H:\清源镇中5.27理化实验录制视频\216121150332 文件不存在!
2021-09-03 12:58:22 WARN  分配文件日志:88 - H:\清源镇中5.27理化实验录制视频\216121150334_9 文件不存在!
2021-09-03 12:58:22 WARN  分配文件日志:88 - H:\清源镇中5.27理化实验录制视频\216121150338 文件不存在!
2021-09-03 12:58:22 WARN  分配文件日志:88 - H:\清源镇中5.27理化实验录制视频\216121150339_9 文件不存在!
2021-09-03 12:58:22 WARN  分配文件日志:88 - H:\清源镇中5.27理化实验录制视频\216121150340 文件不存在!
2021-09-03 12:58:22 WARN  分配文件日志:88 - H:\清源镇中5.27理化实验录制视频\216121150342 文件不存在!
2021-09-03 12:58:22 WARN  分配文件日志:88 - H:\清源镇中5.27理化实验录制视频\216121150345_8 文件不存在!
2021-09-03 12:58:22 WARN  分配文件日志:88 - H:\清源镇中5.27理化实验录制视频\216121150348 文件不存在!
2021-09-03 12:58:22 WARN  分配文件日志:88 - H:\清源镇中5.27理化实验录制视频\216121150353 文件不存在!
2021-09-03 12:58:22 WARN  分配文件日志:88 - H:\清源镇中5.27理化实验录制视频\216121150357 文件不存在!
2021-09-03 12:58:22 WARN  分配文件日志:88 - H:\清源镇中5.27理化实验录制视频\216121150358 文件不存在!
2021-09-03 12:58:22 WARN  分配文件日志:88 - H:\清源镇中5.27理化实验录制视频\216121150360 文件不存在!
2021-09-03 12:58:22 WARN  分配文件日志:88 - H:\清源镇中5.27理化实验录制视频\216121150361 文件不存在!
2021-09-03 12:58:22 WARN  分配文件日志:88 - H:\清源镇中5.27理化实验录制视频\216121150365 文件不存在!
2021-09-03 12:58:22 WARN  分配文件日志:88 - H:\清源镇中5.27理化实验录制视频\216121150368_8 文件不存在!
2021-09-03 12:58:22 WARN  分配文件日志:88 - H:\清源镇中5.27理化实验录制视频\216121150372 文件不存在!
2021-09-03 12:58:22 WARN  分配文件日志:88 - H:\清源镇中5.27理化实验录制视频\216121150373 文件不存在!
2021-09-03 12:58:22 WARN  分配文件日志:88 - H:\清源镇中5.27理化实验录制视频\216121150374 文件不存在!
2021-09-03 12:58:22 WARN  分配文件日志:88 - H:\清源镇中5.27理化实验录制视频\216121150375_5 文件不存在!
2021-09-03 12:58:22 WARN  分配文件日志:88 - H:\清源镇中5.27理化实验录制视频\216121150376_9 文件不存在!
2021-09-03 12:58:22 WARN  分配文件日志:88 - H:\清源镇中5.27理化实验录制视频\216121150377 文件不存在!
2021-09-03 12:58:22 WARN  分配文件日志:88 - H:\清源镇中5.27理化实验录制视频\216121150379 文件不存在!
2021-09-03 12:58:22 WARN  分配文件日志:88 - H:\清源镇中5.27理化实验录制视频\216121150380 文件不存在!
2021-09-03 12:58:22 WARN  分配文件日志:88 - H:\清源镇中5.27理化实验录制视频\216121150381 文件不存在!
2021-09-03 12:58:22 WARN  分配文件日志:88 - H:\清源镇中5.27理化实验录制视频\216121150382 文件不存在!
2021-09-03 12:58:22 WARN  分配文件日志:88 - H:\清源镇中5.27理化实验录制视频\216121150385 文件不存在!
2021-09-03 12:58:22 WARN  分配文件日志:88 - H:\清源镇中5.27理化实验录制视频\216121150387_9 文件不存在!
2021-09-03 12:58:22 WARN  分配文件日志:88 - H:\清源镇中5.27理化实验录制视频\216121150392 文件不存在!
2021-09-03 12:58:22 WARN  分配文件日志:88 - H:\清源镇中5.27理化实验录制视频\216121150396 文件不存在!
2021-09-03 12:58:22 WARN  分配文件日志:88 - H:\清源镇中5.27理化实验录制视频\216121150397 文件不存在!
2021-09-03 12:58:22 WARN  分配文件日志:88 - H:\清源镇中5.27理化实验录制视频\216121150398 文件不存在!
2021-09-03 12:58:22 WARN  分配文件日志:88 - H:\清源镇中5.27理化实验录制视频\216121150400 文件不存在!
2021-09-03 12:58:22 WARN  分配文件日志:88 - H:\清源镇中5.27理化实验录制视频\216121150401 文件不存在!
2021-09-03 12:58:22 WARN  分配文件日志:88 - H:\清源镇中5.27理化实验录制视频\216121150403 文件不存在!
2021-09-03 12:58:22 WARN  分配文件日志:88 - H:\清源镇中5.27理化实验录制视频\216121150406 文件不存在!
2021-09-03 12:58:22 WARN  分配文件日志:88 - H:\清源镇中5.27理化实验录制视频\216121150407_9 文件不存在!
2021-09-03 12:58:22 WARN  分配文件日志:88 - H:\清源镇中5.27理化实验录制视频\216121150408 文件不存在!
2021-09-03 12:58:22 WARN  分配文件日志:88 - H:\清源镇中5.27理化实验录制视频\216121150409 文件不存在!
2021-09-03 12:58:22 WARN  分配文件日志:88 - H:\清源镇中5.27理化实验录制视频\216121150410 文件不存在!
2021-09-03 12:58:22 WARN  分配文件日志:88 - H:\清源镇中5.27理化实验录制视频\216121150412 文件不存在!
2021-09-03 12:58:22 WARN  分配文件日志:88 - H:\清源镇中5.27理化实验录制视频\216121150414 文件不存在!
2021-09-03 12:58:22 WARN  分配文件日志:88 - H:\清源镇中5.27理化实验录制视频\216121150417 文件不存在!
2021-09-03 12:58:22 WARN  分配文件日志:88 - H:\清源镇中5.27理化实验录制视频\216121150419 文件不存在!
2021-09-03 12:58:22 WARN  分配文件日志:88 - H:\清源镇中5.27理化实验录制视频\216121150420 文件不存在!
2021-09-03 12:58:22 WARN  分配文件日志:88 - H:\清源镇中5.27理化实验录制视频\216121150423 文件不存在!
2021-09-03 12:58:22 WARN  分配文件日志:88 - H:\清源镇中5.27理化实验录制视频\216121150424 文件不存在!
2021-09-03 12:58:22 WARN  分配文件日志:88 - H:\清源镇中5.27理化实验录制视频\216121150427 文件不存在!
2021-09-03 12:58:22 WARN  分配文件日志:88 - H:\清源镇中5.27理化实验录制视频\216121150428 文件不存在!
2021-09-03 12:58:22 WARN  分配文件日志:88 - H:\清源镇中5.27理化实验录制视频\216121150430 文件不存在!
2021-09-03 12:58:22 WARN  分配文件日志:88 - H:\清源镇中5.27理化实验录制视频\216121150432 文件不存在!
2021-09-03 12:58:22 WARN  分配文件日志:88 - H:\清源镇中5.27理化实验录制视频\216121150434 文件不存在!
2021-09-03 12:58:22 WARN  分配文件日志:88 - H:\清源镇中5.27理化实验录制视频\216121150440_8 文件不存在!
2021-09-03 12:58:22 WARN  分配文件日志:88 - H:\清源镇中5.27理化实验录制视频\216121150442 文件不存在!
2021-09-03 12:58:22 WARN  分配文件日志:88 - H:\清源镇中5.27理化实验录制视频\216121150443 文件不存在!
2021-09-03 12:58:22 WARN  分配文件日志:88 - H:\清源镇中5.27理化实验录制视频\216121150446_9 文件不存在!
2021-09-03 12:58:22 WARN  分配文件日志:88 - H:\清源镇中5.27理化实验录制视频\216121150447 文件不存在!
2021-09-03 12:58:22 WARN  分配文件日志:88 - H:\清源镇中5.27理化实验录制视频\216121150449 文件不存在!
2021-09-03 12:58:22 WARN  分配文件日志:88 - H:\清源镇中5.27理化实验录制视频\216121150450 文件不存在!
2021-09-03 12:58:22 WARN  分配文件日志:88 - H:\清源镇中5.27理化实验录制视频\216121150451 文件不存在!
2021-09-03 12:58:22 WARN  分配文件日志:88 - H:\清源镇中5.27理化实验录制视频\216121150452_7 文件不存在!
2021-09-03 12:58:22 WARN  分配文件日志:88 - H:\清源镇中5.27理化实验录制视频\216121150453 文件不存在!
2021-09-03 12:58:22 WARN  分配文件日志:88 - H:\清源镇中5.27理化实验录制视频\216121150454 文件不存在!
2021-09-03 12:58:22 WARN  分配文件日志:88 - H:\清源镇中5.27理化实验录制视频\216121150455_8 文件不存在!
2021-09-03 12:58:22 WARN  分配文件日志:88 - H:\清源镇中5.27理化实验录制视频\216121150456 文件不存在!
2021-09-03 12:58:22 WARN  分配文件日志:88 - H:\清源镇中5.27理化实验录制视频\216121150459_7 文件不存在!
2021-09-03 12:58:22 WARN  分配文件日志:88 - H:\清源镇中5.27理化实验录制视频\216121150461_8 文件不存在!
2021-09-03 12:58:22 WARN  分配文件日志:88 - H:\清源镇中5.27理化实验录制视频\216121150463 文件不存在!
2021-09-03 12:58:22 WARN  分配文件日志:88 - H:\清源镇中5.27理化实验录制视频\216121150466 文件不存在!
2021-09-03 12:58:22 WARN  分配文件日志:88 - H:\清源镇中5.27理化实验录制视频\216121150467 文件不存在!
2021-09-03 12:58:22 WARN  分配文件日志:88 - H:\清源镇中5.27理化实验录制视频\216121030001 文件不存在!
2021-09-03 12:58:22 WARN  分配文件日志:88 - H:\清源镇中5.27理化实验录制视频\216121030002 文件不存在!
2021-09-03 12:58:22 WARN  分配文件日志:88 - H:\清源镇中5.27理化实验录制视频\216121030005 文件不存在!
2021-09-03 12:58:22 WARN  分配文件日志:88 - H:\清源镇中5.27理化实验录制视频\216121030010 文件不存在!
2021-09-03 12:58:22 WARN  分配文件日志:88 - H:\清源镇中5.27理化实验录制视频\216121030012 文件不存在!
2021-09-03 12:58:22 WARN  分配文件日志:88 - H:\清源镇中5.27理化实验录制视频\216121030015 文件不存在!
2021-09-03 12:58:22 WARN  分配文件日志:88 - H:\清源镇中5.27理化实验录制视频\216121030016 文件不存在!
2021-09-03 12:58:22 WARN  分配文件日志:88 - H:\清源镇中5.27理化实验录制视频\216121030017 文件不存在!
2021-09-03 12:58:22 WARN  分配文件日志:88 - H:\清源镇中5.27理化实验录制视频\216121030021 文件不存在!
2021-09-03 12:58:22 WARN  分配文件日志:88 - H:\清源镇中5.27理化实验录制视频\216121030023 文件不存在!
2021-09-03 12:58:22 WARN  分配文件日志:88 - H:\清源镇中5.27理化实验录制视频\216121030024 文件不存在!
2021-09-03 12:58:22 WARN  分配文件日志:88 - H:\清源镇中5.27理化实验录制视频\216121030029 文件不存在!
2021-09-03 12:58:22 WARN  分配文件日志:88 - H:\清源镇中5.27理化实验录制视频\216121030033 文件不存在!
2021-09-03 12:58:22 WARN  分配文件日志:88 - H:\清源镇中5.27理化实验录制视频\216121030036 文件不存在!
2021-09-03 12:58:22 WARN  分配文件日志:88 - H:\清源镇中5.27理化实验录制视频\216121030038 文件不存在!
2021-09-03 12:58:22 WARN  分配文件日志:88 - H:\清源镇中5.27理化实验录制视频\216121030043 文件不存在!
2021-09-03 12:58:22 WARN  分配文件日志:88 - H:\清源镇中5.27理化实验录制视频\216121030044 文件不存在!
2021-09-03 12:58:22 WARN  分配文件日志:88 - H:\清源镇中5.27理化实验录制视频\216121030046 文件不存在!
2021-09-03 12:58:22 WARN  分配文件日志:88 - H:\清源镇中5.27理化实验录制视频\216121030047 文件不存在!
2021-09-03 12:58:22 WARN  分配文件日志:88 - H:\清源镇中5.27理化实验录制视频\216121030049 文件不存在!
2021-09-03 12:58:22 WARN  分配文件日志:88 - H:\清源镇中5.27理化实验录制视频\216121030050 文件不存在!
2021-09-03 12:58:22 WARN  分配文件日志:88 - H:\清源镇中5.27理化实验录制视频\216121030051 文件不存在!
2021-09-03 12:58:22 WARN  分配文件日志:88 - H:\清源镇中5.27理化实验录制视频\216121030053 文件不存在!
2021-09-03 12:58:22 WARN  分配文件日志:88 - H:\清源镇中5.27理化实验录制视频\216121030055 文件不存在!
2021-09-03 12:58:22 WARN  分配文件日志:88 - H:\清源镇中5.27理化实验录制视频\216121030056 文件不存在!
2021-09-03 12:58:22 WARN  分配文件日志:88 - H:\清源镇中5.27理化实验录制视频\216121030058 文件不存在!
2021-09-03 12:58:22 WARN  分配文件日志:88 - H:\清源镇中5.27理化实验录制视频\216121030059 文件不存在!
2021-09-03 12:58:22 WARN  分配文件日志:88 - H:\清源镇中5.27理化实验录制视频\216121030060 文件不存在!
2021-09-03 12:58:22 WARN  分配文件日志:88 - H:\清源镇中5.27理化实验录制视频\216121030061_9 文件不存在!
2021-09-03 12:58:22 WARN  分配文件日志:88 - H:\清源镇中5.27理化实验录制视频\216121030063 文件不存在!
2021-09-03 12:58:22 WARN  分配文件日志:88 - H:\清源镇中5.27理化实验录制视频\216121030064 文件不存在!
2021-09-03 12:58:22 WARN  分配文件日志:88 - H:\清源镇中5.27理化实验录制视频\216121030068_8 文件不存在!
2021-09-03 12:58:22 WARN  分配文件日志:88 - H:\清源镇中5.27理化实验录制视频\216121030069_7 文件不存在!
2021-09-03 12:58:22 WARN  分配文件日志:88 - H:\清源镇中5.27理化实验录制视频\216121030071_7 文件不存在!
2021-09-03 12:58:22 WARN  分配文件日志:88 - H:\清源镇中5.27理化实验录制视频\216121030072 文件不存在!
2021-09-03 12:58:22 WARN  分配文件日志:88 - H:\清源镇中5.27理化实验录制视频\216121030073 文件不存在!
2021-09-03 12:58:22 WARN  分配文件日志:88 - H:\清源镇中5.27理化实验录制视频\216121030074 文件不存在!
2021-09-03 12:58:22 WARN  分配文件日志:88 - H:\清源镇中5.27理化实验录制视频\216121030075 文件不存在!
2021-09-03 12:58:22 WARN  分配文件日志:88 - H:\清源镇中5.27理化实验录制视频\216121030077 文件不存在!
2021-09-03 12:58:22 WARN  分配文件日志:88 - H:\清源镇中5.27理化实验录制视频\216121030079 文件不存在!
2021-09-03 12:58:22 WARN  分配文件日志:88 - H:\清源镇中5.27理化实验录制视频\216121030081 文件不存在!
2021-09-03 12:58:22 WARN  分配文件日志:88 - H:\清源镇中5.27理化实验录制视频\216121030082 文件不存在!
2021-09-03 12:58:22 WARN  分配文件日志:88 - H:\清源镇中5.27理化实验录制视频\216121030084 文件不存在!
2021-09-03 12:58:22 WARN  分配文件日志:88 - H:\清源镇中5.27理化实验录制视频\216121030086 文件不存在!
2021-09-03 12:58:22 WARN  分配文件日志:88 - H:\清源镇中5.27理化实验录制视频\216121030092 文件不存在!
2021-09-03 12:58:22 WARN  分配文件日志:88 - H:\清源镇中5.27理化实验录制视频\216121030094_9 文件不存在!
2021-09-03 12:58:22 WARN  分配文件日志:88 - H:\清源镇中5.27理化实验录制视频\216121030095_9 文件不存在!
2021-09-03 12:58:22 WARN  分配文件日志:88 - H:\清源镇中5.27理化实验录制视频\216121030097 文件不存在!
2021-09-03 12:58:22 WARN  分配文件日志:88 - H:\清源镇中5.27理化实验录制视频\216121030098_8 文件不存在!
2021-09-03 12:58:22 WARN  分配文件日志:88 - H:\清源镇中5.27理化实验录制视频\216121030101 文件不存在!
2021-09-03 12:58:22 WARN  分配文件日志:88 - H:\清源镇中5.27理化实验录制视频\216121030104_8 文件不存在!
2021-09-03 12:58:22 WARN  分配文件日志:88 - H:\清源镇中5.27理化实验录制视频\216121030105_9 文件不存在!
2021-09-03 12:58:22 WARN  分配文件日志:88 - H:\清源镇中5.27理化实验录制视频\216121030107 文件不存在!
2021-09-03 12:58:22 WARN  分配文件日志:88 - H:\清源镇中5.27理化实验录制视频\216121020004 文件不存在!
2021-09-03 12:58:22 WARN  分配文件日志:88 - H:\清源镇中5.27理化实验录制视频\216121020006_9 文件不存在!
2021-09-03 12:58:22 WARN  分配文件日志:88 - H:\清源镇中5.27理化实验录制视频\216121020007 文件不存在!
2021-09-03 12:58:22 WARN  分配文件日志:88 - H:\清源镇中5.27理化实验录制视频\216121020011 文件不存在!
2021-09-03 12:58:22 WARN  分配文件日志:88 - H:\清源镇中5.27理化实验录制视频\216121020013 文件不存在!
2021-09-03 12:58:22 WARN  分配文件日志:88 - H:\清源镇中5.27理化实验录制视频\216121020015 文件不存在!
2021-09-03 12:58:22 WARN  分配文件日志:88 - H:\清源镇中5.27理化实验录制视频\216121020016 文件不存在!
2021-09-03 12:58:22 WARN  分配文件日志:88 - H:\清源镇中5.27理化实验录制视频\216121020019 文件不存在!
2021-09-03 12:58:22 WARN  分配文件日志:88 - H:\清源镇中5.27理化实验录制视频\216121020024 文件不存在!
2021-09-03 12:58:22 WARN  分配文件日志:88 - H:\清源镇中5.27理化实验录制视频\216121020025 文件不存在!
2021-09-03 12:58:22 WARN  分配文件日志:88 - H:\清源镇中5.27理化实验录制视频\216121020028 文件不存在!
2021-09-03 12:58:22 WARN  分配文件日志:88 - H:\清源镇中5.27理化实验录制视频\216121020029 文件不存在!
2021-09-03 12:58:22 WARN  分配文件日志:88 - H:\清源镇中5.27理化实验录制视频\216121020030 文件不存在!
2021-09-03 12:58:22 WARN  分配文件日志:88 - H:\清源镇中5.27理化实验录制视频\216121020031 文件不存在!
2021-09-03 12:58:22 WARN  分配文件日志:88 - H:\清源镇中5.27理化实验录制视频\216121020035 文件不存在!
2021-09-03 12:58:22 WARN  分配文件日志:88 - H:\清源镇中5.27理化实验录制视频\216121020036 文件不存在!
2021-09-03 12:58:22 WARN  分配文件日志:88 - H:\清源镇中5.27理化实验录制视频\216121020037 文件不存在!
2021-09-03 12:58:22 WARN  分配文件日志:88 - H:\清源镇中5.27理化实验录制视频\216121020039 文件不存在!
2021-09-03 12:58:22 WARN  分配文件日志:88 - H:\清源镇中5.27理化实验录制视频\216121020040 文件不存在!
2021-09-03 12:58:22 WARN  分配文件日志:88 - H:\清源镇中5.27理化实验录制视频\216121020041_7 文件不存在!
2021-09-03 12:58:22 WARN  分配文件日志:88 - H:\清源镇中5.27理化实验录制视频\216121020045 文件不存在!
2021-09-03 12:58:22 WARN  分配文件日志:88 - H:\清源镇中5.27理化实验录制视频\216121020047 文件不存在!
2021-09-03 12:58:22 WARN  分配文件日志:88 - H:\清源镇中5.27理化实验录制视频\216121020048 文件不存在!
2021-09-03 12:58:22 WARN  分配文件日志:88 - H:\清源镇中5.27理化实验录制视频\216121020049 文件不存在!
2021-09-03 12:58:22 WARN  分配文件日志:88 - H:\清源镇中5.27理化实验录制视频\216121020056_6 文件不存在!
2021-09-03 12:58:22 WARN  分配文件日志:88 - H:\清源镇中5.27理化实验录制视频\216121020059 文件不存在!
2021-09-03 12:58:22 WARN  分配文件日志:88 - H:\清源镇中5.27理化实验录制视频\216121020061 文件不存在!
2021-09-03 12:58:22 WARN  分配文件日志:88 - H:\清源镇中5.27理化实验录制视频\216121020062_7 文件不存在!
2021-09-03 12:58:22 WARN  分配文件日志:88 - H:\清源镇中5.27理化实验录制视频\216121020063_9 文件不存在!
2021-09-03 12:58:22 WARN  分配文件日志:88 - H:\清源镇中5.27理化实验录制视频\216121020065 文件不存在!
2021-09-03 12:58:22 WARN  分配文件日志:88 - H:\清源镇中5.27理化实验录制视频\216121020066 文件不存在!
2021-09-03 12:58:22 WARN  分配文件日志:88 - H:\清源镇中5.27理化实验录制视频\216121020067 文件不存在!
2021-09-03 12:58:22 WARN  分配文件日志:88 - H:\清源镇中5.27理化实验录制视频\216121020068 文件不存在!
2021-09-03 12:58:22 WARN  分配文件日志:88 - H:\清源镇中5.27理化实验录制视频\216121020069 文件不存在!
2021-09-03 12:58:22 WARN  分配文件日志:88 - H:\清源镇中5.27理化实验录制视频\216121020070 文件不存在!
2021-09-03 12:58:22 WARN  分配文件日志:88 - H:\清源镇中5.27理化实验录制视频\216121020071 文件不存在!
2021-09-03 12:58:22 WARN  分配文件日志:88 - H:\清源镇中5.27理化实验录制视频\216121020074 文件不存在!
2021-09-03 12:58:22 WARN  分配文件日志:88 - H:\清源镇中5.27理化实验录制视频\216121020075 文件不存在!
2021-09-03 12:58:22 WARN  分配文件日志:88 - H:\清源镇中5.27理化实验录制视频\216121020077 文件不存在!
2021-09-03 12:58:22 WARN  分配文件日志:88 - H:\清源镇中5.27理化实验录制视频\216121020081 文件不存在!
2021-09-03 12:58:22 WARN  分配文件日志:88 - H:\清源镇中5.27理化实验录制视频\216121020083_9 文件不存在!
2021-09-03 12:58:22 WARN  分配文件日志:88 - H:\清源镇中5.27理化实验录制视频\216121020085 文件不存在!
2021-09-03 12:58:22 WARN  分配文件日志:88 - H:\清源镇中5.27理化实验录制视频\216121020087 文件不存在!
2021-09-03 12:58:22 WARN  分配文件日志:88 - H:\清源镇中5.27理化实验录制视频\216121020089_9 文件不存在!
2021-09-03 12:58:22 WARN  分配文件日志:88 - H:\清源镇中5.27理化实验录制视频\216121020091 文件不存在!
2021-09-03 12:58:22 WARN  分配文件日志:88 - H:\清源镇中5.27理化实验录制视频\216121010180 文件不存在!
2021-09-03 12:58:22 WARN  分配文件日志:88 - H:\清源镇中5.27理化实验录制视频\216121010181_8 文件不存在!
2021-09-03 12:58:22 WARN  分配文件日志:88 - H:\清源镇中5.27理化实验录制视频\216121010183 文件不存在!
2021-09-03 12:58:22 WARN  分配文件日志:88 - H:\清源镇中5.27理化实验录制视频\216121010185_9 文件不存在!
2021-09-03 12:58:22 WARN  分配文件日志:88 - H:\清源镇中5.27理化实验录制视频\216121010188 文件不存在!
2021-09-03 12:58:22 WARN  分配文件日志:88 - H:\清源镇中5.27理化实验录制视频\216121010190 文件不存在!
2021-09-03 12:58:22 WARN  分配文件日志:88 - H:\清源镇中5.27理化实验录制视频\216121010191 文件不存在!
2021-09-03 12:58:22 WARN  分配文件日志:88 - H:\清源镇中5.27理化实验录制视频\216121010192 文件不存在!
2021-09-03 12:58:22 WARN  分配文件日志:88 - H:\清源镇中5.27理化实验录制视频\216121010194 文件不存在!
2021-09-03 12:58:22 WARN  分配文件日志:88 - H:\清源镇中5.27理化实验录制视频\216121010196 文件不存在!
2021-09-03 12:58:22 WARN  分配文件日志:88 - H:\清源镇中5.27理化实验录制视频\216121010199 文件不存在!
2021-09-03 12:58:22 WARN  分配文件日志:88 - H:\清源镇中5.27理化实验录制视频\216121010200 文件不存在!
2021-09-03 12:58:22 WARN  分配文件日志:88 - H:\清源镇中5.27理化实验录制视频\216121010202 文件不存在!
2021-09-03 12:58:22 WARN  分配文件日志:88 - H:\清源镇中5.27理化实验录制视频\216121010206 文件不存在!
2021-09-03 12:58:22 WARN  分配文件日志:88 - H:\清源镇中5.27理化实验录制视频\216121010207 文件不存在!
2021-09-03 12:58:22 WARN  分配文件日志:88 - H:\清源镇中5.27理化实验录制视频\216121010208 文件不存在!
2021-09-03 12:58:22 WARN  分配文件日志:88 - H:\清源镇中5.27理化实验录制视频\216121010211 文件不存在!
2021-09-03 12:58:22 WARN  分配文件日志:88 - H:\清源镇中5.27理化实验录制视频\216121010212 文件不存在!
2021-09-03 12:58:22 WARN  分配文件日志:88 - H:\清源镇中5.27理化实验录制视频\216121010213_9 文件不存在!
2021-09-03 12:58:22 WARN  分配文件日志:88 - H:\清源镇中5.27理化实验录制视频\216121010214 文件不存在!
2021-09-03 12:58:22 WARN  分配文件日志:88 - H:\清源镇中5.27理化实验录制视频\216121010218_8 文件不存在!
2021-09-03 12:58:22 WARN  分配文件日志:88 - H:\清源镇中5.27理化实验录制视频\216121010221 文件不存在!
2021-09-03 12:58:22 WARN  分配文件日志:88 - H:\清源镇中5.27理化实验录制视频\216121010224 文件不存在!
2021-09-03 12:58:22 WARN  分配文件日志:88 - H:\清源镇中5.27理化实验录制视频\216121010226 文件不存在!
2021-09-03 12:58:23 INFO  分配文件日志:101 - H:\清源镇中5.27理化实验录制视频\216121040001 传输完成
2021-09-03 12:58:24 INFO  分配文件日志:101 - H:\清源镇中5.27理化实验录制视频\216121040002 传输完成
2021-09-03 12:58:25 INFO  分配文件日志:101 - H:\清源镇中5.27理化实验录制视频\216121040003 传输完成
2021-09-03 12:58:26 INFO  分配文件日志:101 - H:\清源镇中5.27理化实验录制视频\216121040004 传输完成
2021-09-03 12:58:26 INFO  分配文件日志:101 - H:\清源镇中5.27理化实验录制视频\216121040009 传输完成
2021-09-03 12:58:27 INFO  分配文件日志:101 - H:\清源镇中5.27理化实验录制视频\216121040010 传输完成
2021-09-03 12:58:28 INFO  分配文件日志:101 - H:\清源镇中5.27理化实验录制视频\216121040011 传输完成
2021-09-03 12:58:29 INFO  分配文件日志:101 - H:\清源镇中5.27理化实验录制视频\216121040012 传输完成
2021-09-03 12:58:30 INFO  分配文件日志:101 - H:\清源镇中5.27理化实验录制视频\216121040014 传输完成
2021-09-03 12:58:31 INFO  分配文件日志:101 - H:\清源镇中5.27理化实验录制视频\216121040015 传输完成
2021-09-03 12:58:31 INFO  分配文件日志:101 - H:\清源镇中5.27理化实验录制视频\216121040018 传输完成
2021-09-03 12:58:32 INFO  分配文件日志:101 - H:\清源镇中5.27理化实验录制视频\216121040019 传输完成
2021-09-03 12:58:33 INFO  分配文件日志:101 - H:\清源镇中5.27理化实验录制视频\216121040022 传输完成
2021-09-03 12:58:34 INFO  分配文件日志:101 - H:\清源镇中5.27理化实验录制视频\216121040027_9 传输完成
2021-09-03 12:58:35 INFO  分配文件日志:101 - H:\清源镇中5.27理化实验录制视频\216121040028_9 传输完成
2021-09-03 12:58:35 INFO  分配文件日志:101 - H:\清源镇中5.27理化实验录制视频\216121040029 传输完成
2021-09-03 12:58:36 INFO  分配文件日志:101 - H:\清源镇中5.27理化实验录制视频\216121040031_9 传输完成
2021-09-03 12:58:37 INFO  分配文件日志:101 - H:\清源镇中5.27理化实验录制视频\216121040032_9 传输完成
2021-09-03 12:58:38 INFO  分配文件日志:101 - H:\清源镇中5.27理化实验录制视频\216121040033 传输完成
2021-09-03 12:58:39 INFO  分配文件日志:101 - H:\清源镇中5.27理化实验录制视频\216121040036 传输完成
2021-09-03 12:58:40 INFO  分配文件日志:101 - H:\清源镇中5.27理化实验录制视频\216121040040 传输完成
2021-09-03 12:58:41 INFO  分配文件日志:101 - H:\清源镇中5.27理化实验录制视频\216121040041 传输完成
2021-09-03 12:58:41 INFO  分配文件日志:101 - H:\清源镇中5.27理化实验录制视频\216121040045 传输完成
2021-09-03 12:58:42 INFO  分配文件日志:101 - H:\清源镇中5.27理化实验录制视频\216121040046 传输完成
2021-09-03 12:58:43 INFO  分配文件日志:101 - H:\清源镇中5.27理化实验录制视频\216121040049_7 传输完成
2021-09-03 12:58:44 INFO  分配文件日志:101 - H:\清源镇中5.27理化实验录制视频\216121040053 传输完成
2021-09-03 12:58:45 INFO  分配文件日志:101 - H:\清源镇中5.27理化实验录制视频\216121040054 传输完成
2021-09-03 12:58:45 INFO  分配文件日志:101 - H:\清源镇中5.27理化实验录制视频\216121040055 传输完成
2021-09-03 12:58:47 INFO  分配文件日志:101 - H:\清源镇中5.27理化实验录制视频\216121040056 传输完成
2021-09-03 12:58:47 INFO  分配文件日志:101 - H:\清源镇中5.27理化实验录制视频\216121040057 传输完成
2021-09-03 12:58:48 INFO  分配文件日志:101 - H:\清源镇中5.27理化实验录制视频\216121040059 传输完成
2021-09-03 12:58:49 INFO  分配文件日志:101 - H:\清源镇中5.27理化实验录制视频\216121040061 传输完成
2021-09-03 12:58:50 INFO  分配文件日志:101 - H:\清源镇中5.27理化实验录制视频\216121040063_9 传输完成
2021-09-03 12:58:51 INFO  分配文件日志:101 - H:\清源镇中5.27理化实验录制视频\216121040064 传输完成
2021-09-03 12:58:52 INFO  分配文件日志:101 - H:\清源镇中5.27理化实验录制视频\216121040066_8 传输完成
2021-09-03 12:58:53 INFO  分配文件日志:101 - H:\清源镇中5.27理化实验录制视频\216121040068_6 传输完成
2021-09-03 12:58:54 INFO  分配文件日志:101 - H:\清源镇中5.27理化实验录制视频\216121040071 传输完成
2021-09-03 12:58:54 INFO  分配文件日志:101 - H:\清源镇中5.27理化实验录制视频\216121040077 传输完成
2021-09-03 12:58:55 INFO  分配文件日志:101 - H:\清源镇中5.27理化实验录制视频\216121040078 传输完成
2021-09-03 12:58:56 INFO  分配文件日志:101 - H:\清源镇中5.27理化实验录制视频\216121040080_9 传输完成
2021-09-03 12:58:57 INFO  分配文件日志:101 - H:\清源镇中5.27理化实验录制视频\216121040081 传输完成
2021-09-03 12:58:58 INFO  分配文件日志:101 - H:\清源镇中5.27理化实验录制视频\216121040084 传输完成
2021-09-03 12:58:59 INFO  分配文件日志:101 - H:\清源镇中5.27理化实验录制视频\216121040085 传输完成
2021-09-03 12:59:00 INFO  分配文件日志:101 - H:\清源镇中5.27理化实验录制视频\216121040087 传输完成
2021-09-03 12:59:01 INFO  分配文件日志:101 - H:\清源镇中5.27理化实验录制视频\216121040088_8 传输完成
2021-09-03 12:59:02 INFO  分配文件日志:101 - H:\清源镇中5.27理化实验录制视频\216121040090 传输完成
2021-09-03 12:59:03 INFO  分配文件日志:101 - H:\清源镇中5.27理化实验录制视频\216121040095 传输完成
2021-09-03 12:59:03 INFO  分配文件日志:101 - H:\清源镇中5.27理化实验录制视频\216121040096_9 传输完成
2021-09-03 12:59:04 INFO  分配文件日志:101 - H:\清源镇中5.27理化实验录制视频\216121040098_7 传输完成
2021-09-03 12:59:05 INFO  分配文件日志:101 - H:\清源镇中5.27理化实验录制视频\216121040099 传输完成
2021-09-03 12:59:06 INFO  分配文件日志:101 - H:\清源镇中5.27理化实验录制视频\216121040100_9 传输完成
2021-09-03 12:59:07 INFO  分配文件日志:101 - H:\清源镇中5.27理化实验录制视频\216121040101 传输完成
2021-09-03 12:59:08 INFO  分配文件日志:101 - H:\清源镇中5.27理化实验录制视频\216121050001 传输完成
2021-09-03 12:59:09 INFO  分配文件日志:101 - H:\清源镇中5.27理化实验录制视频\216121050003 传输完成
2021-09-03 12:59:09 INFO  分配文件日志:101 - H:\清源镇中5.27理化实验录制视频\216121050005_9 传输完成
2021-09-03 12:59:10 INFO  分配文件日志:101 - H:\清源镇中5.27理化实验录制视频\216121050008 传输完成
2021-09-03 12:59:11 INFO  分配文件日志:101 - H:\清源镇中5.27理化实验录制视频\216121050011 传输完成
2021-09-03 12:59:12 INFO  分配文件日志:101 - H:\清源镇中5.27理化实验录制视频\216121050014 传输完成
2021-09-03 12:59:13 INFO  分配文件日志:101 - H:\清源镇中5.27理化实验录制视频\216121050016_9 传输完成
2021-09-03 12:59:14 INFO  分配文件日志:101 - H:\清源镇中5.27理化实验录制视频\216121050020 传输完成
2021-09-03 12:59:15 INFO  分配文件日志:101 - H:\清源镇中5.27理化实验录制视频\216121050025 传输完成
2021-09-03 12:59:16 INFO  分配文件日志:101 - H:\清源镇中5.27理化实验录制视频\216121050026 传输完成
2021-09-03 12:59:17 INFO  分配文件日志:101 - H:\清源镇中5.27理化实验录制视频\216121050028_9 传输完成
2021-09-03 12:59:18 INFO  分配文件日志:101 - H:\清源镇中5.27理化实验录制视频\216121050029_6 传输完成
2021-09-03 12:59:19 INFO  分配文件日志:101 - H:\清源镇中5.27理化实验录制视频\216121050030_7 传输完成
2021-09-03 12:59:20 INFO  分配文件日志:101 - H:\清源镇中5.27理化实验录制视频\216121050031 传输完成
2021-09-03 12:59:21 INFO  分配文件日志:101 - H:\清源镇中5.27理化实验录制视频\216121050032 传输完成
2021-09-03 12:59:21 INFO  分配文件日志:101 - H:\清源镇中5.27理化实验录制视频\216121050034 传输完成
2021-09-03 12:59:23 INFO  分配文件日志:101 - H:\清源镇中5.27理化实验录制视频\216121050035_4 传输完成
2021-09-03 12:59:24 INFO  分配文件日志:101 - H:\清源镇中5.27理化实验录制视频\216121050036_5 传输完成
2021-09-03 12:59:25 INFO  分配文件日志:101 - H:\清源镇中5.27理化实验录制视频\216121050037 传输完成
2021-09-03 12:59:26 INFO  分配文件日志:101 - H:\清源镇中5.27理化实验录制视频\216121050039 传输完成
2021-09-03 12:59:26 INFO  分配文件日志:101 - H:\清源镇中5.27理化实验录制视频\216121050042 传输完成
2021-09-03 12:59:27 INFO  分配文件日志:101 - H:\清源镇中5.27理化实验录制视频\216121050044 传输完成
2021-09-03 12:59:28 INFO  分配文件日志:101 - H:\清源镇中5.27理化实验录制视频\216121050047_9 传输完成
2021-09-03 12:59:29 INFO  分配文件日志:101 - H:\清源镇中5.27理化实验录制视频\216121050050 传输完成
2021-09-03 12:59:30 INFO  分配文件日志:101 - H:\清源镇中5.27理化实验录制视频\216121050051 传输完成
2021-09-03 12:59:31 INFO  分配文件日志:101 - H:\清源镇中5.27理化实验录制视频\216121050052 传输完成
2021-09-03 12:59:32 INFO  分配文件日志:101 - H:\清源镇中5.27理化实验录制视频\216121050053 传输完成
2021-09-03 12:59:32 INFO  分配文件日志:101 - H:\清源镇中5.27理化实验录制视频\216121050057 传输完成
2021-09-03 12:59:33 INFO  分配文件日志:101 - H:\清源镇中5.27理化实验录制视频\216121050059 传输完成
2021-09-03 12:59:34 INFO  分配文件日志:101 - H:\清源镇中5.27理化实验录制视频\216121050061 传输完成
2021-09-03 12:59:35 INFO  分配文件日志:101 - H:\清源镇中5.27理化实验录制视频\216121050065 传输完成
2021-09-03 12:59:36 INFO  分配文件日志:101 - H:\清源镇中5.27理化实验录制视频\216121050067 传输完成
2021-09-03 12:59:37 INFO  分配文件日志:101 - H:\清源镇中5.27理化实验录制视频\216121050068 传输完成
2021-09-03 12:59:37 INFO  分配文件日志:101 - H:\清源镇中5.27理化实验录制视频\216121050073_9 传输完成
2021-09-03 12:59:38 INFO  分配文件日志:101 - H:\清源镇中5.27理化实验录制视频\216121050074 传输完成
2021-09-03 12:59:39 INFO  分配文件日志:101 - H:\清源镇中5.27理化实验录制视频\216121050075 传输完成
2021-09-03 12:59:40 INFO  分配文件日志:101 - H:\清源镇中5.27理化实验录制视频\216121050078 传输完成
2021-09-03 12:59:41 INFO  分配文件日志:101 - H:\清源镇中5.27理化实验录制视频\216121050079 传输完成
2021-09-03 12:59:41 INFO  分配文件日志:101 - H:\清源镇中5.27理化实验录制视频\216121050081 传输完成
2021-09-03 12:59:42 INFO  分配文件日志:101 - H:\清源镇中5.27理化实验录制视频\216121050082 传输完成
2021-09-03 12:59:43 INFO  分配文件日志:101 - H:\清源镇中5.27理化实验录制视频\216121050083 传输完成
2021-09-03 12:59:44 INFO  分配文件日志:101 - H:\清源镇中5.27理化实验录制视频\216121050084_9 传输完成
2021-09-03 12:59:44 INFO  分配文件日志:101 - H:\清源镇中5.27理化实验录制视频\216121050087 传输完成
2021-09-03 12:59:45 INFO  分配文件日志:101 - H:\清源镇中5.27理化实验录制视频\216121050088_9 传输完成
2021-09-03 12:59:46 INFO  分配文件日志:101 - H:\清源镇中5.27理化实验录制视频\216121050092_8 传输完成
2021-09-03 12:59:47 INFO  分配文件日志:101 - H:\清源镇中5.27理化实验录制视频\216121050093 传输完成
2021-09-03 12:59:47 INFO  分配文件日志:101 - H:\清源镇中5.27理化实验录制视频\216121050095 传输完成
2021-09-03 12:59:48 INFO  分配文件日志:101 - H:\清源镇中5.27理化实验录制视频\216121050096_9 传输完成
2021-09-03 12:59:49 INFO  分配文件日志:101 - H:\清源镇中5.27理化实验录制视频\216121050097_5 传输完成
2021-09-03 12:59:50 INFO  分配文件日志:101 - H:\清源镇中5.27理化实验录制视频\216121050099 传输完成
2021-09-03 12:59:50 INFO  分配文件日志:101 - H:\清源镇中5.27理化实验录制视频\216121050102 传输完成
2021-09-03 12:59:51 INFO  分配文件日志:101 - H:\清源镇中5.27理化实验录制视频\216121050104 传输完成
2021-09-03 12:59:53 INFO  分配文件日志:101 - H:\清源镇中5.27理化实验录制视频\216121050107_7 传输完成
2021-09-03 12:59:54 INFO  分配文件日志:101 - H:\清源镇中5.27理化实验录制视频\216121050109_9 传输完成
2021-09-03 12:59:54 INFO  分配文件日志:101 - H:\清源镇中5.27理化实验录制视频\216121050112_8 传输完成
2021-09-03 12:59:55 INFO  分配文件日志:101 - H:\清源镇中5.27理化实验录制视频\216121050114 传输完成
2021-09-03 12:59:56 INFO  分配文件日志:101 - H:\清源镇中5.27理化实验录制视频\216121050115 传输完成
2021-09-03 12:59:57 INFO  分配文件日志:101 - H:\清源镇中5.27理化实验录制视频\216121050116 传输完成
2021-09-03 12:59:58 INFO  分配文件日志:101 - H:\清源镇中5.27理化实验录制视频\216121050117 传输完成
2021-09-03 12:59:58 INFO  分配文件日志:101 - H:\清源镇中5.27理化实验录制视频\216121050118 传输完成
2021-09-03 12:59:59 INFO  分配文件日志:101 - H:\清源镇中5.27理化实验录制视频\216121050121 传输完成
2021-09-03 13:00:00 INFO  分配文件日志:101 - H:\清源镇中5.27理化实验录制视频\216121050123_8 传输完成
2021-09-03 13:00:01 INFO  分配文件日志:101 - H:\清源镇中5.27理化实验录制视频\216121050124 传输完成
2021-09-03 13:00:02 INFO  分配文件日志:101 - H:\清源镇中5.27理化实验录制视频\216121050126 传输完成
2021-09-03 13:00:03 INFO  分配文件日志:101 - H:\清源镇中5.27理化实验录制视频\216121050128 传输完成
2021-09-03 13:00:04 INFO  分配文件日志:101 - H:\清源镇中5.27理化实验录制视频\216121050132_9 传输完成
2021-09-03 13:00:05 INFO  分配文件日志:101 - H:\清源镇中5.27理化实验录制视频\216121050133_6 传输完成
2021-09-03 13:00:06 INFO  分配文件日志:101 - H:\清源镇中5.27理化实验录制视频\216121050134 传输完成
2021-09-03 13:00:07 INFO  分配文件日志:101 - H:\清源镇中5.27理化实验录制视频\216121050137 传输完成
2021-09-03 13:00:07 INFO  分配文件日志:101 - H:\清源镇中5.27理化实验录制视频\216121050138_9 传输完成
2021-09-03 13:00:08 INFO  分配文件日志:101 - H:\清源镇中5.27理化实验录制视频\216121050141 传输完成
2021-09-03 13:00:09 INFO  分配文件日志:101 - H:\清源镇中5.27理化实验录制视频\216121050143 传输完成
2021-09-03 13:00:10 INFO  分配文件日志:101 - H:\清源镇中5.27理化实验录制视频\216121050144 传输完成
2021-09-03 13:00:11 INFO  分配文件日志:101 - H:\清源镇中5.27理化实验录制视频\216121050146 传输完成
2021-09-03 13:00:11 INFO  分配文件日志:101 - H:\清源镇中5.27理化实验录制视频\216121050147_8 传输完成
2021-09-03 13:00:12 INFO  分配文件日志:101 - H:\清源镇中5.27理化实验录制视频\216121050148 传输完成
2021-09-03 13:00:13 INFO  分配文件日志:101 - H:\清源镇中5.27理化实验录制视频\216121050149 传输完成
2021-09-03 13:00:14 INFO  分配文件日志:101 - H:\清源镇中5.27理化实验录制视频\216121050150 传输完成
2021-09-03 13:00:15 INFO  分配文件日志:101 - H:\清源镇中5.27理化实验录制视频\216121050152 传输完成
2021-09-03 13:00:15 INFO  分配文件日志:101 - H:\清源镇中5.27理化实验录制视频\216121050153 传输完成
2021-09-03 13:00:16 INFO  分配文件日志:101 - H:\清源镇中5.27理化实验录制视频\216121050155 传输完成
2021-09-03 13:00:17 INFO  分配文件日志:101 - H:\清源镇中5.27理化实验录制视频\216121050157 传输完成
2021-09-03 13:00:18 INFO  分配文件日志:101 - H:\清源镇中5.27理化实验录制视频\216121050159 传输完成
2021-09-03 13:00:19 INFO  分配文件日志:101 - H:\清源镇中5.27理化实验录制视频\216121050160 传输完成
2021-09-03 13:00:20 INFO  分配文件日志:101 - H:\清源镇中5.27理化实验录制视频\216121050161_9 传输完成
2021-09-03 13:00:21 INFO  分配文件日志:101 - H:\清源镇中5.27理化实验录制视频\216121050163 传输完成
2021-09-03 13:00:21 INFO  分配文件日志:101 - H:\清源镇中5.27理化实验录制视频\216121050165 传输完成
2021-09-03 13:00:22 INFO  分配文件日志:101 - H:\清源镇中5.27理化实验录制视频\216121050170 传输完成
2021-09-03 13:00:23 INFO  分配文件日志:101 - H:\清源镇中5.27理化实验录制视频\216121050174 传输完成
2021-09-03 13:00:23 INFO  分配文件日志:101 - H:\清源镇中5.27理化实验录制视频\216121050175_7 传输完成
2021-09-03 13:00:24 INFO  分配文件日志:101 - H:\清源镇中5.27理化实验录制视频\216121050177 传输完成
2021-09-03 13:00:25 INFO  分配文件日志:101 - H:\清源镇中5.27理化实验录制视频\216121050183_9 传输完成
2021-09-03 13:00:26 INFO  分配文件日志:101 - H:\清源镇中5.27理化实验录制视频\216121050187 传输完成
2021-09-03 13:00:27 INFO  分配文件日志:101 - H:\清源镇中5.27理化实验录制视频\216121050190_9 传输完成
2021-09-03 13:00:28 INFO  分配文件日志:101 - H:\清源镇中5.27理化实验录制视频\216121050192 传输完成
2021-09-03 13:00:28 INFO  分配文件日志:101 - H:\清源镇中5.27理化实验录制视频\216121050193_9 传输完成
2021-09-03 13:00:29 INFO  分配文件日志:101 - H:\清源镇中5.27理化实验录制视频\216121050194 传输完成
2021-09-03 13:00:30 INFO  分配文件日志:101 - H:\清源镇中5.27理化实验录制视频\216121050195 传输完成
2021-09-03 13:00:31 INFO  分配文件日志:101 - H:\清源镇中5.27理化实验录制视频\216121050197 传输完成
2021-09-03 13:00:32 INFO  分配文件日志:101 - H:\清源镇中5.27理化实验录制视频\216121050198 传输完成
2021-09-03 13:00:33 INFO  分配文件日志:101 - H:\清源镇中5.27理化实验录制视频\216121050199_9 传输完成
2021-09-03 13:00:34 INFO  分配文件日志:101 - H:\清源镇中5.27理化实验录制视频\216121050201 传输完成
2021-09-03 13:00:35 INFO  分配文件日志:101 - H:\清源镇中5.27理化实验录制视频\216121050202 传输完成
2021-09-03 13:00:36 INFO  分配文件日志:101 - H:\清源镇中5.27理化实验录制视频\216121050203_9 传输完成
2021-09-03 13:00:36 INFO  分配文件日志:101 - H:\清源镇中5.27理化实验录制视频\216121050205 传输完成
2021-09-03 13:00:37 INFO  分配文件日志:101 - H:\清源镇中5.27理化实验录制视频\216121050207 传输完成
2021-09-03 13:00:38 INFO  分配文件日志:101 - H:\清源镇中5.27理化实验录制视频\216121050211 传输完成
2021-09-03 13:00:39 INFO  分配文件日志:101 - H:\清源镇中5.27理化实验录制视频\216121050215 传输完成
2021-09-03 13:00:39 INFO  分配文件日志:101 - H:\清源镇中5.27理化实验录制视频\216121050216_9 传输完成
2021-09-03 13:00:40 INFO  分配文件日志:101 - H:\清源镇中5.27理化实验录制视频\216121050218 传输完成
2021-09-03 13:00:42 INFO  分配文件日志:101 - H:\清源镇中5.27理化实验录制视频\216121070001 传输完成
2021-09-03 13:00:43 INFO  分配文件日志:101 - H:\清源镇中5.27理化实验录制视频\216121070003 传输完成
2021-09-03 13:00:43 INFO  分配文件日志:101 - H:\清源镇中5.27理化实验录制视频\216121070006 传输完成
2021-09-03 13:00:44 INFO  分配文件日志:101 - H:\清源镇中5.27理化实验录制视频\216121070007_9 传输完成
2021-09-03 13:00:45 INFO  分配文件日志:101 - H:\清源镇中5.27理化实验录制视频\216121070008 传输完成
2021-09-03 13:00:46 INFO  分配文件日志:101 - H:\清源镇中5.27理化实验录制视频\216121070012_9 传输完成
2021-09-03 13:00:47 INFO  分配文件日志:101 - H:\清源镇中5.27理化实验录制视频\216121070015 传输完成
2021-09-03 13:00:48 INFO  分配文件日志:101 - H:\清源镇中5.27理化实验录制视频\216121070016 传输完成
2021-09-03 13:00:49 INFO  分配文件日志:101 - H:\清源镇中5.27理化实验录制视频\216121070017 传输完成
2021-09-03 13:00:50 INFO  分配文件日志:101 - H:\清源镇中5.27理化实验录制视频\216121070019_9 传输完成
2021-09-03 13:00:50 INFO  分配文件日志:101 - H:\清源镇中5.27理化实验录制视频\216121070021 传输完成
2021-09-03 13:00:51 INFO  分配文件日志:101 - H:\清源镇中5.27理化实验录制视频\216121070022 传输完成
2021-09-03 13:00:52 INFO  分配文件日志:101 - H:\清源镇中5.27理化实验录制视频\216121070024_9 传输完成
2021-09-03 13:00:53 INFO  分配文件日志:101 - H:\清源镇中5.27理化实验录制视频\216121070025_9 传输完成
2021-09-03 13:00:53 INFO  分配文件日志:101 - H:\清源镇中5.27理化实验录制视频\216121070026 传输完成
2021-09-03 13:00:54 INFO  分配文件日志:101 - H:\清源镇中5.27理化实验录制视频\216121070029 传输完成
2021-09-03 13:00:55 INFO  分配文件日志:101 - H:\清源镇中5.27理化实验录制视频\216121070030 传输完成
2021-09-03 13:00:56 INFO  分配文件日志:101 - H:\清源镇中5.27理化实验录制视频\216121070031 传输完成
2021-09-03 13:00:57 INFO  分配文件日志:101 - H:\清源镇中5.27理化实验录制视频\216121070033 传输完成
2021-09-03 13:00:58 INFO  分配文件日志:101 - H:\清源镇中5.27理化实验录制视频\216121070034 传输完成
2021-09-03 13:00:59 INFO  分配文件日志:101 - H:\清源镇中5.27理化实验录制视频\216121070037 传输完成
2021-09-03 13:01:00 INFO  分配文件日志:101 - H:\清源镇中5.27理化实验录制视频\216121070040 传输完成
2021-09-03 13:01:01 INFO  分配文件日志:101 - H:\清源镇中5.27理化实验录制视频\216121070043 传输完成
2021-09-03 13:01:02 INFO  分配文件日志:101 - H:\清源镇中5.27理化实验录制视频\216121070044 传输完成
2021-09-03 13:01:02 INFO  分配文件日志:101 - H:\清源镇中5.27理化实验录制视频\216121070052 传输完成
2021-09-03 13:01:04 INFO  分配文件日志:101 - H:\清源镇中5.27理化实验录制视频\216121070054 传输完成
2021-09-03 13:01:04 INFO  分配文件日志:101 - H:\清源镇中5.27理化实验录制视频\216121070057 传输完成
2021-09-03 13:01:05 INFO  分配文件日志:101 - H:\清源镇中5.27理化实验录制视频\216121070060 传输完成
2021-09-03 13:01:06 INFO  分配文件日志:101 - H:\清源镇中5.27理化实验录制视频\216121070061 传输完成
2021-09-03 13:01:07 INFO  分配文件日志:101 - H:\清源镇中5.27理化实验录制视频\216121070062 传输完成
2021-09-03 13:01:07 INFO  分配文件日志:101 - H:\清源镇中5.27理化实验录制视频\216121070063 传输完成
2021-09-03 13:01:09 INFO  分配文件日志:101 - H:\清源镇中5.27理化实验录制视频\216121070065 传输完成
2021-09-03 13:01:10 INFO  分配文件日志:101 - H:\清源镇中5.27理化实验录制视频\216121070066 传输完成
2021-09-03 13:01:10 INFO  分配文件日志:101 - H:\清源镇中5.27理化实验录制视频\216121070070 传输完成
2021-09-03 13:01:11 INFO  分配文件日志:101 - H:\清源镇中5.27理化实验录制视频\216121070071_9 传输完成
2021-09-03 13:01:12 INFO  分配文件日志:101 - H:\清源镇中5.27理化实验录制视频\216121070073 传输完成
2021-09-03 13:01:13 INFO  分配文件日志:101 - H:\清源镇中5.27理化实验录制视频\216121070074_9 传输完成
2021-09-03 13:01:14 INFO  分配文件日志:101 - H:\清源镇中5.27理化实验录制视频\216121070075 传输完成
2021-09-03 13:01:15 INFO  分配文件日志:101 - H:\清源镇中5.27理化实验录制视频\216121070077 传输完成
2021-09-03 13:01:16 INFO  分配文件日志:101 - H:\清源镇中5.27理化实验录制视频\216121070080 传输完成
2021-09-03 13:01:17 INFO  分配文件日志:101 - H:\清源镇中5.27理化实验录制视频\216121070083 传输完成
2021-09-03 13:01:18 INFO  分配文件日志:101 - H:\清源镇中5.27理化实验录制视频\216121070086 传输完成
2021-09-03 13:01:18 INFO  分配文件日志:101 - H:\清源镇中5.27理化实验录制视频\216121070088_6 传输完成
2021-09-03 13:01:19 INFO  分配文件日志:101 - H:\清源镇中5.27理化实验录制视频\216121070089 传输完成
2021-09-03 13:01:21 INFO  分配文件日志:101 - H:\清源镇中5.27理化实验录制视频\216121070090_8 传输完成
2021-09-03 13:01:21 INFO  分配文件日志:101 - H:\清源镇中5.27理化实验录制视频\216121070092 传输完成
2021-09-03 13:01:22 INFO  分配文件日志:101 - H:\清源镇中5.27理化实验录制视频\216121070093_6 传输完成
2021-09-03 13:01:23 INFO  分配文件日志:101 - H:\清源镇中5.27理化实验录制视频\216121070096 传输完成
2021-09-03 13:01:24 INFO  分配文件日志:101 - H:\清源镇中5.27理化实验录制视频\216121070097 传输完成
2021-09-03 13:01:25 INFO  分配文件日志:101 - H:\清源镇中5.27理化实验录制视频\216121070101 传输完成
2021-09-03 13:01:26 INFO  分配文件日志:101 - H:\清源镇中5.27理化实验录制视频\216121070103 传输完成
2021-09-03 13:01:27 INFO  分配文件日志:101 - H:\清源镇中5.27理化实验录制视频\216121070104 传输完成
2021-09-03 13:01:28 INFO  分配文件日志:101 - H:\清源镇中5.27理化实验录制视频\216121070105 传输完成
2021-09-03 13:01:28 INFO  分配文件日志:101 - H:\清源镇中5.27理化实验录制视频\216121070107 传输完成
2021-09-03 13:01:29 INFO  分配文件日志:101 - H:\清源镇中5.27理化实验录制视频\216121070110_9 传输完成
2021-09-03 13:01:31 INFO  分配文件日志:101 - H:\清源镇中5.27理化实验录制视频\216121070113 传输完成
2021-09-03 13:01:31 INFO  分配文件日志:101 - H:\清源镇中5.27理化实验录制视频\216121070114_8 传输完成
2021-09-03 13:01:32 INFO  分配文件日志:101 - H:\清源镇中5.27理化实验录制视频\216121070118 传输完成
2021-09-03 13:01:33 INFO  分配文件日志:101 - H:\清源镇中5.27理化实验录制视频\216121070119 传输完成
2021-09-03 13:01:34 INFO  分配文件日志:101 - H:\清源镇中5.27理化实验录制视频\216121070120 传输完成
2021-09-03 13:01:35 INFO  分配文件日志:101 - H:\清源镇中5.27理化实验录制视频\216121070121 传输完成
2021-09-03 13:01:36 INFO  分配文件日志:101 - H:\清源镇中5.27理化实验录制视频\216121070122_6 传输完成
2021-09-03 13:01:37 INFO  分配文件日志:101 - H:\清源镇中5.27理化实验录制视频\216121070123 传输完成
2021-09-03 13:01:37 INFO  分配文件日志:101 - H:\清源镇中5.27理化实验录制视频\216121070126_6 传输完成
2021-09-03 13:01:38 INFO  分配文件日志:101 - H:\清源镇中5.27理化实验录制视频\216121070128 传输完成
2021-09-03 13:01:39 INFO  分配文件日志:101 - H:\清源镇中5.27理化实验录制视频\216121070129_3 传输完成
2021-09-03 13:01:40 INFO  分配文件日志:101 - H:\清源镇中5.27理化实验录制视频\216121070131 传输完成
2021-09-03 13:01:41 INFO  分配文件日志:101 - H:\清源镇中5.27理化实验录制视频\216121070132_9 传输完成
2021-09-03 13:01:42 INFO  分配文件日志:101 - H:\清源镇中5.27理化实验录制视频\216121070134 传输完成
2021-09-03 13:01:43 INFO  分配文件日志:101 - H:\清源镇中5.27理化实验录制视频\216121070135 传输完成
2021-09-03 13:01:44 INFO  分配文件日志:101 - H:\清源镇中5.27理化实验录制视频\216121010227 传输完成
2021-09-03 13:01:45 INFO  分配文件日志:101 - H:\清源镇中5.27理化实验录制视频\216121010228 传输完成
2021-09-03 13:01:46 INFO  分配文件日志:101 - H:\清源镇中5.27理化实验录制视频\216121010232 传输完成
2021-09-03 13:01:47 INFO  分配文件日志:101 - H:\清源镇中5.27理化实验录制视频\216121010233_7 传输完成
2021-09-03 13:01:48 INFO  分配文件日志:101 - H:\清源镇中5.27理化实验录制视频\216121010235 传输完成
2021-09-03 13:01:49 INFO  分配文件日志:101 - H:\清源镇中5.27理化实验录制视频\216121010237 传输完成
2021-09-03 13:01:50 INFO  分配文件日志:101 - H:\清源镇中5.27理化实验录制视频\216121010240 传输完成
2021-09-03 13:01:51 INFO  分配文件日志:101 - H:\清源镇中5.27理化实验录制视频\216121010241_6 传输完成
2021-09-03 13:01:52 INFO  分配文件日志:101 - H:\清源镇中5.27理化实验录制视频\216121010242 传输完成
2021-09-03 13:01:53 INFO  分配文件日志:101 - H:\清源镇中5.27理化实验录制视频\216121010243 传输完成
2021-09-03 13:01:54 INFO  分配文件日志:101 - H:\清源镇中5.27理化实验录制视频\216121010248 传输完成
2021-09-03 13:01:55 INFO  分配文件日志:101 - H:\清源镇中5.27理化实验录制视频\216121010249 传输完成
2021-09-03 13:01:55 INFO  分配文件日志:101 - H:\清源镇中5.27理化实验录制视频\216121010251_6 传输完成
2021-09-03 13:01:56 INFO  分配文件日志:101 - H:\清源镇中5.27理化实验录制视频\216121010252 传输完成
2021-09-03 13:01:57 INFO  分配文件日志:101 - H:\清源镇中5.27理化实验录制视频\216121010254 传输完成
2021-09-03 13:01:58 INFO  分配文件日志:101 - H:\清源镇中5.27理化实验录制视频\216121010255 传输完成
2021-09-03 13:01:59 INFO  分配文件日志:101 - H:\清源镇中5.27理化实验录制视频\216121010256 传输完成
2021-09-03 13:02:00 INFO  分配文件日志:101 - H:\清源镇中5.27理化实验录制视频\216121010261_8 传输完成
2021-09-03 13:02:01 INFO  分配文件日志:101 - H:\清源镇中5.27理化实验录制视频\216121010265 传输完成
2021-09-03 13:02:01 INFO  分配文件日志:101 - H:\清源镇中5.27理化实验录制视频\216121010266 传输完成
2021-09-03 13:02:02 INFO  分配文件日志:101 - H:\清源镇中5.27理化实验录制视频\216121010267_9 传输完成
2021-09-03 13:02:03 INFO  分配文件日志:101 - H:\清源镇中5.27理化实验录制视频\216121010269_9 传输完成
2021-09-03 13:02:05 INFO  分配文件日志:101 - H:\清源镇中5.27理化实验录制视频\216121010270_9 传输完成
2021-09-03 13:02:06 INFO  分配文件日志:101 - H:\清源镇中5.27理化实验录制视频\216121010272_9 传输完成
2021-09-03 13:02:06 INFO  分配文件日志:101 - H:\清源镇中5.27理化实验录制视频\216121010273 传输完成
2021-09-03 13:02:07 INFO  分配文件日志:101 - H:\清源镇中5.27理化实验录制视频\216121010275 传输完成
2021-09-03 13:02:08 INFO  分配文件日志:101 - H:\清源镇中5.27理化实验录制视频\216121010278 传输完成
2021-09-03 13:02:09 INFO  分配文件日志:101 - H:\清源镇中5.27理化实验录制视频\216121010280 传输完成
2021-09-03 13:02:10 INFO  分配文件日志:101 - H:\清源镇中5.27理化实验录制视频\216121010281 传输完成
2021-09-03 13:02:11 INFO  分配文件日志:101 - H:\清源镇中5.27理化实验录制视频\216121010282 传输完成
2021-09-03 13:02:12 INFO  分配文件日志:101 - H:\清源镇中5.27理化实验录制视频\216121010283 传输完成
2021-09-03 13:02:12 INFO  分配文件日志:101 - H:\清源镇中5.27理化实验录制视频\216121010284 传输完成
2021-09-03 13:02:13 INFO  分配文件日志:101 - H:\清源镇中5.27理化实验录制视频\216121010285_5 传输完成
2021-09-03 13:02:15 INFO  分配文件日志:101 - H:\清源镇中5.27理化实验录制视频\216121010286_6 传输完成
2021-09-03 13:02:15 INFO  分配文件日志:101 - H:\清源镇中5.27理化实验录制视频\216121010291_7 传输完成
2021-09-03 13:02:16 INFO  分配文件日志:101 - H:\清源镇中5.27理化实验录制视频\216121010292 传输完成
2021-09-03 13:02:17 INFO  分配文件日志:101 - H:\清源镇中5.27理化实验录制视频\216121010294 传输完成
2021-09-03 13:02:18 INFO  分配文件日志:101 - H:\清源镇中5.27理化实验录制视频\216121010296_8 传输完成
2021-09-03 13:02:19 INFO  分配文件日志:101 - H:\清源镇中5.27理化实验录制视频\216121010299 传输完成
2021-09-03 13:02:20 INFO  分配文件日志:101 - H:\清源镇中5.27理化实验录制视频\216121010300 传输完成
2021-09-03 13:02:21 INFO  分配文件日志:101 - H:\清源镇中5.27理化实验录制视频\216121010301 传输完成
2021-09-03 13:02:21 INFO  分配文件日志:101 - H:\清源镇中5.27理化实验录制视频\216121010302 传输完成
2021-09-03 13:02:22 INFO  分配文件日志:101 - H:\清源镇中5.27理化实验录制视频\216121010305 传输完成
2021-09-03 13:02:23 INFO  分配文件日志:101 - H:\清源镇中5.27理化实验录制视频\216121010309 传输完成
2021-09-03 13:02:24 INFO  分配文件日志:101 - H:\清源镇中5.27理化实验录制视频\216121010310_5 传输完成
2021-09-03 13:02:25 INFO  分配文件日志:101 - H:\清源镇中5.27理化实验录制视频\216121010311_8 传输完成
2021-09-03 13:02:26 INFO  分配文件日志:101 - H:\清源镇中5.27理化实验录制视频\216121010312 传输完成
2021-09-03 13:02:27 INFO  分配文件日志:101 - H:\清源镇中5.27理化实验录制视频\216121010313 传输完成
2021-09-03 13:02:28 INFO  分配文件日志:101 - H:\清源镇中5.27理化实验录制视频\216121010316 传输完成
2021-09-03 13:02:29 INFO  分配文件日志:101 - H:\清源镇中5.27理化实验录制视频\216121010318 传输完成
2021-09-03 13:02:30 INFO  分配文件日志:101 - H:\清源镇中5.27理化实验录制视频\216121010325 传输完成
2021-09-03 13:02:31 INFO  分配文件日志:101 - H:\清源镇中5.27理化实验录制视频\216121010329 传输完成
2021-09-03 13:02:32 INFO  分配文件日志:101 - H:\清源镇中5.27理化实验录制视频\216121010334 传输完成
2021-09-03 13:02:33 INFO  分配文件日志:101 - H:\清源镇中5.27理化实验录制视频\216121010337 传输完成
2021-09-03 13:02:34 INFO  分配文件日志:101 - H:\清源镇中5.27理化实验录制视频\216121010339 传输完成
2021-09-03 13:02:35 INFO  分配文件日志:101 - H:\清源镇中5.27理化实验录制视频\216121010341 传输完成
2021-09-03 13:02:35 INFO  分配文件日志:101 - H:\清源镇中5.27理化实验录制视频\216121010343 传输完成
2021-09-03 13:02:37 INFO  分配文件日志:101 - H:\清源镇中5.27理化实验录制视频\216121010344 传输完成
2021-09-03 13:02:38 INFO  分配文件日志:101 - H:\清源镇中5.27理化实验录制视频\216121010346 传输完成
2021-09-03 13:02:38 INFO  分配文件日志:101 - H:\清源镇中5.27理化实验录制视频\216121010348 传输完成
2021-09-03 13:02:40 INFO  分配文件日志:101 - H:\清源镇中5.27理化实验录制视频\216121010350 传输完成
2021-09-03 13:02:40 INFO  分配文件日志:101 - H:\清源镇中5.27理化实验录制视频\216121010351 传输完成
2021-09-03 13:02:41 INFO  分配文件日志:101 - H:\清源镇中5.27理化实验录制视频\216121010354 传输完成
2021-09-03 13:02:43 INFO  分配文件日志:101 - H:\清源镇中5.27理化实验录制视频\216121010357_9 传输完成
2021-09-03 13:02:43 INFO  分配文件日志:101 - H:\清源镇中5.27理化实验录制视频\216121010359 传输完成
2021-09-03 13:02:44 INFO  分配文件日志:101 - H:\清源镇中5.27理化实验录制视频\216121010360 传输完成
2021-09-03 13:02:45 INFO  分配文件日志:101 - H:\清源镇中5.27理化实验录制视频\216121010362 传输完成
2021-09-03 13:02:46 INFO  分配文件日志:101 - H:\清源镇中5.27理化实验录制视频\216121010363 传输完成
2021-09-03 13:02:47 INFO  分配文件日志:101 - H:\清源镇中5.27理化实验录制视频\216121010364 传输完成
2021-09-03 13:02:48 INFO  分配文件日志:101 - H:\清源镇中5.27理化实验录制视频\216121010368 传输完成
2021-09-03 13:02:49 INFO  分配文件日志:101 - H:\清源镇中5.27理化实验录制视频\216121010369 传输完成
2021-09-03 13:02:50 INFO  分配文件日志:101 - H:\清源镇中5.27理化实验录制视频\216121010370 传输完成
2021-09-03 13:02:51 INFO  分配文件日志:101 - H:\清源镇中5.27理化实验录制视频\216121010371 传输完成
2021-09-03 13:02:51 INFO  分配文件日志:101 - H:\清源镇中5.27理化实验录制视频\216121010372 传输完成
2021-09-03 13:02:52 INFO  分配文件日志:101 - H:\清源镇中5.27理化实验录制视频\216121010374 传输完成
2021-09-03 13:02:53 INFO  分配文件日志:101 - H:\清源镇中5.27理化实验录制视频\216121010376_8 传输完成
2021-09-03 13:02:54 INFO  分配文件日志:101 - H:\清源镇中5.27理化实验录制视频\216121010381 传输完成
2021-09-03 13:02:55 INFO  分配文件日志:101 - H:\清源镇中5.27理化实验录制视频\216121010382 传输完成
2021-09-03 13:02:56 INFO  分配文件日志:101 - H:\清源镇中5.27理化实验录制视频\216121010385 传输完成
2021-09-03 13:02:56 INFO  分配文件日志:101 - H:\清源镇中5.27理化实验录制视频\216121010389 传输完成
2021-09-03 13:02:57 INFO  分配文件日志:101 - H:\清源镇中5.27理化实验录制视频\216121010392 传输完成
2021-09-03 13:02:58 INFO  分配文件日志:101 - H:\清源镇中5.27理化实验录制视频\216121010393 传输完成
2021-09-03 13:03:00 INFO  分配文件日志:101 - H:\清源镇中5.27理化实验录制视频\216121010394 传输完成
2021-09-03 13:03:01 INFO  分配文件日志:101 - H:\清源镇中5.27理化实验录制视频\216121010395 传输完成
2021-09-03 13:03:01 INFO  分配文件日志:101 - H:\清源镇中5.27理化实验录制视频\216121010396 传输完成
2021-09-03 13:03:02 INFO  分配文件日志:101 - H:\清源镇中5.27理化实验录制视频\216121010397 传输完成
2021-09-03 13:03:03 INFO  分配文件日志:101 - H:\清源镇中5.27理化实验录制视频\216121010399 传输完成
2021-09-03 13:03:03 WARN  分配文件日志:88 - H:\清源镇中5.27理化实验录制视频\216121160002 文件不存在!
2021-09-03 13:03:03 WARN  分配文件日志:88 - H:\清源镇中5.27理化实验录制视频\216121160003 文件不存在!
2021-09-03 13:03:03 WARN  分配文件日志:88 - H:\清源镇中5.27理化实验录制视频\216121160005 文件不存在!
2021-09-03 13:03:03 WARN  分配文件日志:88 - H:\清源镇中5.27理化实验录制视频\216121160007 文件不存在!
2021-09-03 13:03:03 WARN  分配文件日志:88 - H:\清源镇中5.27理化实验录制视频\216121160010 文件不存在!
2021-09-03 13:03:03 WARN  分配文件日志:88 - H:\清源镇中5.27理化实验录制视频\216121160016 文件不存在!
2021-09-03 13:03:03 WARN  分配文件日志:88 - H:\清源镇中5.27理化实验录制视频\216121160018 文件不存在!
2021-09-03 13:03:03 WARN  分配文件日志:88 - H:\清源镇中5.27理化实验录制视频\216121160019 文件不存在!
2021-09-03 13:03:03 WARN  分配文件日志:88 - H:\清源镇中5.27理化实验录制视频\216121160022 文件不存在!
2021-09-03 13:03:03 WARN  分配文件日志:88 - H:\清源镇中5.27理化实验录制视频\216121160024 文件不存在!
2021-09-03 13:03:03 WARN  分配文件日志:88 - H:\清源镇中5.27理化实验录制视频\216121160027 文件不存在!
2021-09-03 13:03:03 WARN  分配文件日志:88 - H:\清源镇中5.27理化实验录制视频\216121160029 文件不存在!
2021-09-03 13:03:03 WARN  分配文件日志:88 - H:\清源镇中5.27理化实验录制视频\216121160030_9 文件不存在!
2021-09-03 13:03:03 WARN  分配文件日志:88 - H:\清源镇中5.27理化实验录制视频\216121160031 文件不存在!
2021-09-03 13:03:03 WARN  分配文件日志:88 - H:\清源镇中5.27理化实验录制视频\216121160032 文件不存在!
2021-09-03 13:03:03 WARN  分配文件日志:88 - H:\清源镇中5.27理化实验录制视频\216121160034 文件不存在!
2021-09-03 13:03:03 WARN  分配文件日志:88 - H:\清源镇中5.27理化实验录制视频\216121160037_7 文件不存在!
2021-09-03 13:03:03 WARN  分配文件日志:88 - H:\清源镇中5.27理化实验录制视频\216121160038_9 文件不存在!
2021-09-03 13:03:03 WARN  分配文件日志:88 - H:\清源镇中5.27理化实验录制视频\216121160039 文件不存在!
2021-09-03 13:03:03 WARN  分配文件日志:88 - H:\清源镇中5.27理化实验录制视频\216121160041 文件不存在!
2021-09-03 13:03:03 WARN  分配文件日志:88 - H:\清源镇中5.27理化实验录制视频\216121160044 文件不存在!
2021-09-03 13:03:03 WARN  分配文件日志:88 - H:\清源镇中5.27理化实验录制视频\216121160045 文件不存在!
2021-09-03 13:03:03 WARN  分配文件日志:88 - H:\清源镇中5.27理化实验录制视频\216121160046 文件不存在!
2021-09-03 13:03:03 WARN  分配文件日志:88 - H:\清源镇中5.27理化实验录制视频\216121160048 文件不存在!
2021-09-03 13:03:03 WARN  分配文件日志:88 - H:\清源镇中5.27理化实验录制视频\216121160052 文件不存在!
2021-09-03 13:03:03 WARN  分配文件日志:88 - H:\清源镇中5.27理化实验录制视频\216121160054 文件不存在!
2021-09-03 13:03:03 WARN  分配文件日志:88 - H:\清源镇中5.27理化实验录制视频\216121160055 文件不存在!
2021-09-03 13:03:03 WARN  分配文件日志:88 - H:\清源镇中5.27理化实验录制视频\216121160056 文件不存在!
2021-09-03 13:03:03 WARN  分配文件日志:88 - H:\清源镇中5.27理化实验录制视频\216121160057 文件不存在!
2021-09-03 13:03:03 WARN  分配文件日志:88 - H:\清源镇中5.27理化实验录制视频\216121160059 文件不存在!
2021-09-03 13:03:03 WARN  分配文件日志:88 - H:\清源镇中5.27理化实验录制视频\216121160061 文件不存在!
2021-09-03 13:03:03 WARN  分配文件日志:88 - H:\清源镇中5.27理化实验录制视频\216121160062 文件不存在!
2021-09-03 13:03:03 WARN  分配文件日志:88 - H:\清源镇中5.27理化实验录制视频\216121160064 文件不存在!
2021-09-03 13:03:03 WARN  分配文件日志:88 - H:\清源镇中5.27理化实验录制视频\216121160067 文件不存在!
2021-09-03 13:03:03 WARN  分配文件日志:88 - H:\清源镇中5.27理化实验录制视频\216121160068 文件不存在!
2021-09-03 13:03:03 WARN  分配文件日志:88 - H:\清源镇中5.27理化实验录制视频\216121160069 文件不存在!
2021-09-03 13:03:03 WARN  分配文件日志:88 - H:\清源镇中5.27理化实验录制视频\216121160073 文件不存在!
2021-09-03 13:03:03 WARN  分配文件日志:88 - H:\清源镇中5.27理化实验录制视频\216121160074 文件不存在!
2021-09-03 13:03:03 WARN  分配文件日志:88 - H:\清源镇中5.27理化实验录制视频\216121160077 文件不存在!
2021-09-03 13:03:03 WARN  分配文件日志:88 - H:\清源镇中5.27理化实验录制视频\216121160079 文件不存在!
2021-09-03 13:03:03 WARN  分配文件日志:88 - H:\清源镇中5.27理化实验录制视频\216121160080_9 文件不存在!
2021-09-03 13:03:03 WARN  分配文件日志:88 - H:\清源镇中5.27理化实验录制视频\216121160081 文件不存在!
2021-09-03 13:03:03 WARN  分配文件日志:88 - H:\清源镇中5.27理化实验录制视频\216121160082 文件不存在!
2021-09-03 13:03:03 WARN  分配文件日志:88 - H:\清源镇中5.27理化实验录制视频\216121160084_9 文件不存在!
2021-09-03 13:03:03 WARN  分配文件日志:88 - H:\清源镇中5.27理化实验录制视频\216121160086_8 文件不存在!
2021-09-03 13:03:03 WARN  分配文件日志:88 - H:\清源镇中5.27理化实验录制视频\216121160087 文件不存在!
2021-09-03 13:03:03 WARN  分配文件日志:88 - H:\清源镇中5.27理化实验录制视频\216121160092 文件不存在!
2021-09-03 13:03:03 WARN  分配文件日志:88 - H:\清源镇中5.27理化实验录制视频\216121160093 文件不存在!
2021-09-03 13:03:03 WARN  分配文件日志:88 - H:\清源镇中5.27理化实验录制视频\216121160097 文件不存在!
2021-09-03 13:03:03 WARN  分配文件日志:88 - H:\清源镇中5.27理化实验录制视频\216121160099 文件不存在!
2021-09-03 13:03:03 WARN  分配文件日志:88 - H:\清源镇中5.27理化实验录制视频\216121160100 文件不存在!
2021-09-03 13:03:03 WARN  分配文件日志:88 - H:\清源镇中5.27理化实验录制视频\216121160103 文件不存在!
2021-09-03 13:03:03 WARN  分配文件日志:88 - H:\清源镇中5.27理化实验录制视频\216121160104 文件不存在!
2021-09-03 13:03:03 WARN  分配文件日志:88 - H:\清源镇中5.27理化实验录制视频\216121160105 文件不存在!
2021-09-03 13:03:03 WARN  分配文件日志:88 - H:\清源镇中5.27理化实验录制视频\216121160106 文件不存在!
2021-09-03 13:03:03 WARN  分配文件日志:88 - H:\清源镇中5.27理化实验录制视频\216121160107 文件不存在!
2021-09-03 13:03:03 WARN  分配文件日志:88 - H:\清源镇中5.27理化实验录制视频\216121160111 文件不存在!
2021-09-03 13:03:03 WARN  分配文件日志:88 - H:\清源镇中5.27理化实验录制视频\216121160112 文件不存在!
2021-09-03 13:03:03 WARN  分配文件日志:88 - H:\清源镇中5.27理化实验录制视频\216121160114 文件不存在!
2021-09-03 13:03:03 WARN  分配文件日志:88 - H:\清源镇中5.27理化实验录制视频\216121160115 文件不存在!
2021-09-03 13:03:03 WARN  分配文件日志:88 - H:\清源镇中5.27理化实验录制视频\216121160116 文件不存在!
2021-09-03 13:03:03 WARN  分配文件日志:88 - H:\清源镇中5.27理化实验录制视频\216121160117 文件不存在!
2021-09-03 13:03:03 WARN  分配文件日志:88 - H:\清源镇中5.27理化实验录制视频\216121160120 文件不存在!
2021-09-03 13:03:03 WARN  分配文件日志:88 - H:\清源镇中5.27理化实验录制视频\216121160124 文件不存在!
2021-09-03 13:03:03 WARN  分配文件日志:88 - H:\清源镇中5.27理化实验录制视频\216121160125_-1 文件不存在!
2021-09-03 13:03:03 WARN  分配文件日志:88 - H:\清源镇中5.27理化实验录制视频\216121160127 文件不存在!
2021-09-03 13:03:03 WARN  分配文件日志:88 - H:\清源镇中5.27理化实验录制视频\216121160129 文件不存在!
2021-09-03 13:03:03 WARN  分配文件日志:88 - H:\清源镇中5.27理化实验录制视频\216121160132_8 文件不存在!
2021-09-03 13:03:03 WARN  分配文件日志:88 - H:\清源镇中5.27理化实验录制视频\216121160133_8 文件不存在!
2021-09-03 13:03:03 WARN  分配文件日志:88 - H:\清源镇中5.27理化实验录制视频\216121160136 文件不存在!
2021-09-03 13:03:03 WARN  分配文件日志:88 - H:\清源镇中5.27理化实验录制视频\216121160139 文件不存在!
2021-09-03 13:03:03 WARN  分配文件日志:88 - H:\清源镇中5.27理化实验录制视频\216121160140 文件不存在!
2021-09-03 13:03:03 WARN  分配文件日志:88 - H:\清源镇中5.27理化实验录制视频\216121160145 文件不存在!
2021-09-03 13:03:03 WARN  分配文件日志:88 - H:\清源镇中5.27理化实验录制视频\216121160146 文件不存在!
2021-09-03 13:03:03 WARN  分配文件日志:88 - H:\清源镇中5.27理化实验录制视频\216121160147 文件不存在!
2021-09-03 13:03:03 WARN  分配文件日志:88 - H:\清源镇中5.27理化实验录制视频\216121160149_9 文件不存在!
2021-09-03 13:03:03 WARN  分配文件日志:88 - H:\清源镇中5.27理化实验录制视频\216121160153 文件不存在!
2021-09-03 13:03:03 WARN  分配文件日志:88 - H:\清源镇中5.27理化实验录制视频\216121160154 文件不存在!
2021-09-03 13:03:03 WARN  分配文件日志:88 - H:\清源镇中5.27理化实验录制视频\216121160155 文件不存在!
2021-09-03 13:03:03 WARN  分配文件日志:88 - H:\清源镇中5.27理化实验录制视频\216121160156 文件不存在!
2021-09-03 13:03:03 WARN  分配文件日志:88 - H:\清源镇中5.27理化实验录制视频\216121160158 文件不存在!
2021-09-03 13:03:03 WARN  分配文件日志:88 - H:\清源镇中5.27理化实验录制视频\216121160159 文件不存在!
2021-09-03 13:03:03 WARN  分配文件日志:88 - H:\清源镇中5.27理化实验录制视频\216121160163 文件不存在!
2021-09-03 13:03:03 WARN  分配文件日志:88 - H:\清源镇中5.27理化实验录制视频\216121160166_9 文件不存在!
2021-09-03 13:03:03 WARN  分配文件日志:88 - H:\清源镇中5.27理化实验录制视频\216121160169_9 文件不存在!
2021-09-03 13:03:03 WARN  分配文件日志:88 - H:\清源镇中5.27理化实验录制视频\216121160170_9 文件不存在!
2021-09-03 13:03:03 WARN  分配文件日志:88 - H:\清源镇中5.27理化实验录制视频\216121160171 文件不存在!
2021-09-03 13:03:03 WARN  分配文件日志:88 - H:\清源镇中5.27理化实验录制视频\216121160173 文件不存在!
2021-09-03 13:03:03 WARN  分配文件日志:88 - H:\清源镇中5.27理化实验录制视频\216121160174 文件不存在!
2021-09-03 13:03:03 WARN  分配文件日志:88 - H:\清源镇中5.27理化实验录制视频\216121160177_9 文件不存在!
2021-09-03 13:03:03 WARN  分配文件日志:88 - H:\清源镇中5.27理化实验录制视频\216121160180_9 文件不存在!
2021-09-03 13:03:03 WARN  分配文件日志:88 - H:\清源镇中5.27理化实验录制视频\216121160182 文件不存在!
2021-09-03 13:03:03 WARN  分配文件日志:88 - H:\清源镇中5.27理化实验录制视频\216121160184 文件不存在!
2021-09-03 13:03:03 WARN  分配文件日志:88 - H:\清源镇中5.27理化实验录制视频\216121160188_9 文件不存在!
2021-09-03 13:03:03 WARN  分配文件日志:88 - H:\清源镇中5.27理化实验录制视频\216121160189 文件不存在!
2021-09-03 13:03:03 WARN  分配文件日志:88 - H:\清源镇中5.27理化实验录制视频\216121160191 文件不存在!
2021-09-03 13:03:03 WARN  分配文件日志:88 - H:\清源镇中5.27理化实验录制视频\216121160193 文件不存在!
2021-09-03 13:03:03 WARN  分配文件日志:88 - H:\清源镇中5.27理化实验录制视频\216121160194 文件不存在!
2021-09-03 13:03:03 WARN  分配文件日志:88 - H:\清源镇中5.27理化实验录制视频\216121160196 文件不存在!
2021-09-03 13:03:03 WARN  分配文件日志:88 - H:\清源镇中5.27理化实验录制视频\216121160205 文件不存在!
2021-09-03 13:03:03 WARN  分配文件日志:88 - H:\清源镇中5.27理化实验录制视频\216121160206 文件不存在!
2021-09-03 13:03:03 WARN  分配文件日志:88 - H:\清源镇中5.27理化实验录制视频\216121160207_9 文件不存在!
2021-09-03 13:03:03 WARN  分配文件日志:88 - H:\清源镇中5.27理化实验录制视频\216121160208 文件不存在!
2021-09-03 13:03:03 WARN  分配文件日志:88 - H:\清源镇中5.27理化实验录制视频\216121160209 文件不存在!
2021-09-03 13:03:03 WARN  分配文件日志:88 - H:\清源镇中5.27理化实验录制视频\216121160210 文件不存在!
2021-09-03 13:03:03 WARN  分配文件日志:88 - H:\清源镇中5.27理化实验录制视频\216121160211_9 文件不存在!
2021-09-03 13:03:03 WARN  分配文件日志:88 - H:\清源镇中5.27理化实验录制视频\216121160213 文件不存在!
2021-09-03 13:03:03 WARN  分配文件日志:88 - H:\清源镇中5.27理化实验录制视频\216121160215 文件不存在!
2021-09-03 13:03:03 WARN  分配文件日志:88 - H:\清源镇中5.27理化实验录制视频\216121160216 文件不存在!
2021-09-03 13:03:03 WARN  分配文件日志:88 - H:\清源镇中5.27理化实验录制视频\216121160219 文件不存在!
2021-09-03 13:03:03 WARN  分配文件日志:88 - H:\清源镇中5.27理化实验录制视频\216121160223_9 文件不存在!
2021-09-03 13:03:03 WARN  分配文件日志:88 - H:\清源镇中5.27理化实验录制视频\216121160225 文件不存在!
2021-09-03 13:03:03 WARN  分配文件日志:88 - H:\清源镇中5.27理化实验录制视频\216121160226 文件不存在!
2021-09-03 13:03:03 WARN  分配文件日志:88 - H:\清源镇中5.27理化实验录制视频\216121160230 文件不存在!
2021-09-03 13:03:03 WARN  分配文件日志:88 - H:\清源镇中5.27理化实验录制视频\216121160231 文件不存在!
2021-09-03 13:03:03 WARN  分配文件日志:88 - H:\清源镇中5.27理化实验录制视频\216121160233 文件不存在!
2021-09-03 13:03:03 WARN  分配文件日志:88 - H:\清源镇中5.27理化实验录制视频\216121160235 文件不存在!
2021-09-03 13:03:03 WARN  分配文件日志:88 - H:\清源镇中5.27理化实验录制视频\216121160237 文件不存在!
2021-09-03 13:03:03 WARN  分配文件日志:88 - H:\清源镇中5.27理化实验录制视频\216121160238 文件不存在!
2021-09-03 13:03:03 WARN  分配文件日志:88 - H:\清源镇中5.27理化实验录制视频\216121160239 文件不存在!
2021-09-03 13:03:03 WARN  分配文件日志:88 - H:\清源镇中5.27理化实验录制视频\216121160243 文件不存在!
2021-09-03 13:03:03 WARN  分配文件日志:88 - H:\清源镇中5.27理化实验录制视频\216121160244 文件不存在!
2021-09-03 13:03:03 WARN  分配文件日志:88 - H:\清源镇中5.27理化实验录制视频\216121160245 文件不存在!
2021-09-03 13:03:03 WARN  分配文件日志:88 - H:\清源镇中5.27理化实验录制视频\216121160246 文件不存在!
2021-09-03 13:03:03 WARN  分配文件日志:88 - H:\清源镇中5.27理化实验录制视频\216121160247 文件不存在!
2021-09-03 13:03:03 WARN  分配文件日志:88 - H:\清源镇中5.27理化实验录制视频\216121160249 文件不存在!
2021-09-03 13:03:03 WARN  分配文件日志:88 - H:\清源镇中5.27理化实验录制视频\216121160252_9 文件不存在!
2021-09-03 13:03:03 WARN  分配文件日志:88 - H:\清源镇中5.27理化实验录制视频\216121160253 文件不存在!
2021-09-03 13:03:03 WARN  分配文件日志:88 - H:\清源镇中5.27理化实验录制视频\216121160254 文件不存在!
2021-09-03 13:03:03 WARN  分配文件日志:88 - H:\清源镇中5.27理化实验录制视频\216121160255 文件不存在!
2021-09-03 13:03:03 WARN  分配文件日志:88 - H:\清源镇中5.27理化实验录制视频\216121160261 文件不存在!
2021-09-03 13:03:03 WARN  分配文件日志:88 - H:\清源镇中5.27理化实验录制视频\216121160262 文件不存在!
2021-09-03 13:03:03 WARN  分配文件日志:88 - H:\清源镇中5.27理化实验录制视频\216121160263_7 文件不存在!
2021-09-03 13:03:03 WARN  分配文件日志:88 - H:\清源镇中5.27理化实验录制视频\216121160265 文件不存在!
2021-09-03 13:03:03 WARN  分配文件日志:88 - H:\清源镇中5.27理化实验录制视频\216121160266 文件不存在!
2021-09-03 13:03:03 WARN  分配文件日志:88 - H:\清源镇中5.27理化实验录制视频\216121160268_9 文件不存在!
2021-09-03 13:03:03 WARN  分配文件日志:88 - H:\清源镇中5.27理化实验录制视频\216121160271 文件不存在!
2021-09-03 13:03:03 WARN  分配文件日志:88 - H:\清源镇中5.27理化实验录制视频\216121160276 文件不存在!
2021-09-03 13:03:03 WARN  分配文件日志:88 - H:\清源镇中5.27理化实验录制视频\216121160277 文件不存在!
2021-09-03 13:03:03 WARN  分配文件日志:88 - H:\清源镇中5.27理化实验录制视频\216121160280 文件不存在!
2021-09-03 13:03:03 WARN  分配文件日志:88 - H:\清源镇中5.27理化实验录制视频\216121160281 文件不存在!
2021-09-03 13:03:03 WARN  分配文件日志:88 - H:\清源镇中5.27理化实验录制视频\216121160282 文件不存在!
2021-09-03 13:03:03 WARN  分配文件日志:88 - H:\清源镇中5.27理化实验录制视频\216121160285 文件不存在!
2021-09-03 13:03:03 WARN  分配文件日志:88 - H:\清源镇中5.27理化实验录制视频\216121160288 文件不存在!
2021-09-03 13:03:03 WARN  分配文件日志:88 - H:\清源镇中5.27理化实验录制视频\216121160290 文件不存在!
2021-09-03 13:03:03 WARN  分配文件日志:88 - H:\清源镇中5.27理化实验录制视频\216121160292 文件不存在!
2021-09-03 13:03:03 WARN  分配文件日志:88 - H:\清源镇中5.27理化实验录制视频\216121160296 文件不存在!
2021-09-03 13:03:03 WARN  分配文件日志:88 - H:\清源镇中5.27理化实验录制视频\216121160298 文件不存在!
2021-09-03 13:03:03 WARN  分配文件日志:88 - H:\清源镇中5.27理化实验录制视频\216121160301 文件不存在!
2021-09-03 13:03:03 WARN  分配文件日志:88 - H:\清源镇中5.27理化实验录制视频\216121160302_9 文件不存在!
2021-09-03 13:03:03 WARN  分配文件日志:88 - H:\清源镇中5.27理化实验录制视频\216121160305_8 文件不存在!
2021-09-03 13:03:03 WARN  分配文件日志:88 - H:\清源镇中5.27理化实验录制视频\216121160306 文件不存在!
2021-09-03 13:03:03 WARN  分配文件日志:88 - H:\清源镇中5.27理化实验录制视频\216121160307_9 文件不存在!
2021-09-03 13:03:03 WARN  分配文件日志:88 - H:\清源镇中5.27理化实验录制视频\216121160308 文件不存在!
2021-09-03 13:03:03 WARN  分配文件日志:88 - H:\清源镇中5.27理化实验录制视频\216121160309_7 文件不存在!
2021-09-03 13:03:03 WARN  分配文件日志:88 - H:\清源镇中5.27理化实验录制视频\216121160311_8 文件不存在!
2021-09-03 13:03:03 WARN  分配文件日志:88 - H:\清源镇中5.27理化实验录制视频\216121160312 文件不存在!
2021-09-03 13:03:03 WARN  分配文件日志:88 - H:\清源镇中5.27理化实验录制视频\216121160315 文件不存在!
2021-09-03 13:03:03 WARN  分配文件日志:88 - H:\清源镇中5.27理化实验录制视频\216121160321_9 文件不存在!
2021-09-03 13:03:03 WARN  分配文件日志:88 - H:\清源镇中5.27理化实验录制视频\216121160323 文件不存在!
2021-09-03 13:03:03 WARN  分配文件日志:88 - H:\清源镇中5.27理化实验录制视频\216121160326_9 文件不存在!
2021-09-03 13:03:03 WARN  分配文件日志:88 - H:\清源镇中5.27理化实验录制视频\216121160327 文件不存在!
2021-09-03 13:03:03 WARN  分配文件日志:88 - H:\清源镇中5.27理化实验录制视频\216121160328 文件不存在!
2021-09-03 13:03:03 WARN  分配文件日志:88 - H:\清源镇中5.27理化实验录制视频\216121160329 文件不存在!
2021-09-03 13:03:03 WARN  分配文件日志:88 - H:\清源镇中5.27理化实验录制视频\216121160330 文件不存在!
2021-09-03 13:03:03 WARN  分配文件日志:88 - H:\清源镇中5.27理化实验录制视频\216121160331 文件不存在!
2021-09-03 13:03:03 WARN  分配文件日志:88 - H:\清源镇中5.27理化实验录制视频\216121160333 文件不存在!
2021-09-03 13:03:03 WARN  分配文件日志:88 - H:\清源镇中5.27理化实验录制视频\216121160336_9 文件不存在!
2021-09-03 13:03:03 WARN  分配文件日志:88 - H:\清源镇中5.27理化实验录制视频\216121160339 文件不存在!
2021-09-03 13:03:03 WARN  分配文件日志:88 - H:\清源镇中5.27理化实验录制视频\216121160340 文件不存在!
2021-09-03 13:03:03 WARN  分配文件日志:88 - H:\清源镇中5.27理化实验录制视频\216121160343 文件不存在!
2021-09-03 13:03:03 WARN  分配文件日志:88 - H:\清源镇中5.27理化实验录制视频\216121160344 文件不存在!
2021-09-03 13:03:03 WARN  分配文件日志:88 - H:\清源镇中5.27理化实验录制视频\216121160345 文件不存在!
2021-09-03 13:03:03 WARN  分配文件日志:88 - H:\清源镇中5.27理化实验录制视频\216121160347 文件不存在!
2021-09-03 13:03:03 WARN  分配文件日志:88 - H:\清源镇中5.27理化实验录制视频\216121160348_9 文件不存在!
2021-09-03 13:03:03 WARN  分配文件日志:88 - H:\清源镇中5.27理化实验录制视频\216121160351_9 文件不存在!
2021-09-03 13:03:03 WARN  分配文件日志:88 - H:\清源镇中5.27理化实验录制视频\216121160354 文件不存在!
2021-09-03 13:03:03 WARN  分配文件日志:88 - H:\清源镇中5.27理化实验录制视频\216121160356 文件不存在!
2021-09-03 13:03:03 WARN  分配文件日志:88 - H:\清源镇中5.27理化实验录制视频\216121160363 文件不存在!
2021-09-03 13:03:03 WARN  分配文件日志:71 - 216121160364 该学生缺考
2021-09-03 13:03:03 WARN  分配文件日志:88 - H:\清源镇中5.27理化实验录制视频\216121160366 文件不存在!
2021-09-03 13:03:03 WARN  分配文件日志:88 - H:\清源镇中5.27理化实验录制视频\216121160368 文件不存在!
2021-09-03 13:03:03 WARN  分配文件日志:88 - H:\清源镇中5.27理化实验录制视频\216121160369 文件不存在!
2021-09-03 13:03:03 WARN  分配文件日志:88 - H:\清源镇中5.27理化实验录制视频\216121160370 文件不存在!
2021-09-03 13:03:03 WARN  分配文件日志:88 - H:\清源镇中5.27理化实验录制视频\216121160373 文件不存在!
2021-09-03 13:03:03 WARN  分配文件日志:88 - H:\清源镇中5.27理化实验录制视频\216121160375 文件不存在!
2021-09-03 13:03:03 WARN  分配文件日志:88 - H:\清源镇中5.27理化实验录制视频\216121160376 文件不存在!
2021-09-03 13:03:03 WARN  分配文件日志:88 - H:\清源镇中5.27理化实验录制视频\216121160377 文件不存在!
2021-09-03 13:03:03 WARN  分配文件日志:88 - H:\清源镇中5.27理化实验录制视频\216121160380 文件不存在!
2021-09-03 13:03:03 WARN  分配文件日志:88 - H:\清源镇中5.27理化实验录制视频\216121160382 文件不存在!
2021-09-03 13:03:03 WARN  分配文件日志:88 - H:\清源镇中5.27理化实验录制视频\216121160383 文件不存在!
2021-09-03 13:03:03 WARN  分配文件日志:88 - H:\清源镇中5.27理化实验录制视频\216121160384 文件不存在!
2021-09-03 13:03:03 WARN  分配文件日志:88 - H:\清源镇中5.27理化实验录制视频\216121160387 文件不存在!
2021-09-03 13:03:03 WARN  分配文件日志:88 - H:\清源镇中5.27理化实验录制视频\216121160388 文件不存在!
2021-09-03 13:03:03 WARN  分配文件日志:88 - H:\清源镇中5.27理化实验录制视频\216121160389 文件不存在!
2021-09-03 13:03:03 WARN  分配文件日志:88 - H:\清源镇中5.27理化实验录制视频\216121160392 文件不存在!
2021-09-03 13:03:03 WARN  分配文件日志:88 - H:\清源镇中5.27理化实验录制视频\216121160393_9 文件不存在!
2021-09-03 13:03:03 WARN  分配文件日志:88 - H:\清源镇中5.27理化实验录制视频\216121160394 文件不存在!
2021-09-03 13:03:03 WARN  分配文件日志:88 - H:\清源镇中5.27理化实验录制视频\216121160396 文件不存在!
2021-09-03 13:03:03 WARN  分配文件日志:88 - H:\清源镇中5.27理化实验录制视频\216121160399_8 文件不存在!
2021-09-03 13:03:03 WARN  分配文件日志:88 - H:\清源镇中5.27理化实验录制视频\216121160400_9 文件不存在!
2021-09-03 13:03:03 WARN  分配文件日志:88 - H:\清源镇中5.27理化实验录制视频\216121160401 文件不存在!
2021-09-03 13:03:03 WARN  分配文件日志:88 - H:\清源镇中5.27理化实验录制视频\216121160406_9 文件不存在!
2021-09-03 13:03:03 WARN  分配文件日志:88 - H:\清源镇中5.27理化实验录制视频\216121160407 文件不存在!
2021-09-03 13:03:03 WARN  分配文件日志:88 - H:\清源镇中5.27理化实验录制视频\216121160410 文件不存在!
2021-09-03 13:03:03 WARN  分配文件日志:88 - H:\清源镇中5.27理化实验录制视频\216121160411 文件不存在!
2021-09-03 13:03:03 WARN  分配文件日志:88 - H:\清源镇中5.27理化实验录制视频\216121160412 文件不存在!
2021-09-03 13:03:03 WARN  分配文件日志:88 - H:\清源镇中5.27理化实验录制视频\216121160414_9 文件不存在!
2021-09-03 13:03:03 WARN  分配文件日志:88 - H:\清源镇中5.27理化实验录制视频\216121160419 文件不存在!
2021-09-03 13:03:03 WARN  分配文件日志:88 - H:\清源镇中5.27理化实验录制视频\216121160420_9 文件不存在!
2021-09-03 13:03:03 WARN  分配文件日志:88 - H:\清源镇中5.27理化实验录制视频\216121160423_9 文件不存在!
2021-09-03 13:03:03 WARN  分配文件日志:88 - H:\清源镇中5.27理化实验录制视频\216121160424 文件不存在!
2021-09-03 13:03:03 WARN  分配文件日志:88 - H:\清源镇中5.27理化实验录制视频\216121160427_9 文件不存在!
2021-09-03 13:03:03 WARN  分配文件日志:88 - H:\清源镇中5.27理化实验录制视频\216121160428 文件不存在!
2021-09-03 13:03:03 WARN  分配文件日志:88 - H:\清源镇中5.27理化实验录制视频\216121160429_8 文件不存在!
2021-09-03 13:03:03 WARN  分配文件日志:88 - H:\清源镇中5.27理化实验录制视频\216121160431_9 文件不存在!
2021-09-03 13:03:03 WARN  分配文件日志:88 - H:\清源镇中5.27理化实验录制视频\216121160438 文件不存在!
2021-09-03 13:03:03 WARN  分配文件日志:88 - H:\清源镇中5.27理化实验录制视频\216121160439_9 文件不存在!
2021-09-03 13:03:03 WARN  分配文件日志:88 - H:\清源镇中5.27理化实验录制视频\216121160441 文件不存在!
2021-09-03 13:03:03 WARN  分配文件日志:88 - H:\清源镇中5.27理化实验录制视频\216121160442_9 文件不存在!
2021-09-03 13:03:03 WARN  分配文件日志:88 - H:\清源镇中5.27理化实验录制视频\216121160443_1 文件不存在!
2021-09-03 13:03:03 WARN  分配文件日志:88 - H:\清源镇中5.27理化实验录制视频\216121160446_8 文件不存在!
2021-09-03 13:03:03 WARN  分配文件日志:88 - H:\清源镇中5.27理化实验录制视频\216121160448 文件不存在!
2021-09-03 13:03:03 WARN  分配文件日志:88 - H:\清源镇中5.27理化实验录制视频\216121160449 文件不存在!
2021-09-03 13:03:03 WARN  分配文件日志:88 - H:\清源镇中5.27理化实验录制视频\216121160451 文件不存在!
2021-09-03 13:03:03 WARN  分配文件日志:88 - H:\清源镇中5.27理化实验录制视频\216121160452 文件不存在!
2021-09-03 13:03:03 WARN  分配文件日志:88 - H:\清源镇中5.27理化实验录制视频\216121160453 文件不存在!
2021-09-03 13:03:03 WARN  分配文件日志:88 - H:\清源镇中5.27理化实验录制视频\216121160454 文件不存在!
2021-09-03 13:03:03 WARN  分配文件日志:88 - H:\清源镇中5.27理化实验录制视频\216121160460 文件不存在!
2021-09-03 13:03:03 WARN  分配文件日志:88 - H:\清源镇中5.27理化实验录制视频\216121160461_9 文件不存在!
2021-09-03 13:03:03 WARN  分配文件日志:88 - H:\清源镇中5.27理化实验录制视频\216121160462 文件不存在!
2021-09-03 13:03:03 WARN  分配文件日志:88 - H:\清源镇中5.27理化实验录制视频\216121160463 文件不存在!
2021-09-03 13:03:03 WARN  分配文件日志:88 - H:\清源镇中5.27理化实验录制视频\216121160465 文件不存在!
2021-09-03 13:03:03 WARN  分配文件日志:88 - H:\清源镇中5.27理化实验录制视频\216121160466 文件不存在!
2021-09-03 13:03:03 WARN  分配文件日志:88 - H:\清源镇中5.27理化实验录制视频\216121160467 文件不存在!
2021-09-03 13:03:03 WARN  分配文件日志:88 - H:\清源镇中5.27理化实验录制视频\216121160468 文件不存在!
2021-09-03 13:03:03 WARN  分配文件日志:88 - H:\清源镇中5.27理化实验录制视频\216121160470 文件不存在!
2021-09-03 13:03:03 WARN  分配文件日志:88 - H:\清源镇中5.27理化实验录制视频\216121160471 文件不存在!
2021-09-03 13:03:03 WARN  分配文件日志:88 - H:\清源镇中5.27理化实验录制视频\216121160473_9 文件不存在!
2021-09-03 13:03:03 WARN  分配文件日志:88 - H:\清源镇中5.27理化实验录制视频\216121160480 文件不存在!
2021-09-03 13:03:03 WARN  分配文件日志:88 - H:\清源镇中5.27理化实验录制视频\216121160482 文件不存在!
2021-09-03 13:03:03 WARN  分配文件日志:88 - H:\清源镇中5.27理化实验录制视频\216121160483 文件不存在!
2021-09-03 13:03:03 WARN  分配文件日志:88 - H:\清源镇中5.27理化实验录制视频\216121160484 文件不存在!
2021-09-03 13:03:03 WARN  分配文件日志:88 - H:\清源镇中5.27理化实验录制视频\216121160487 文件不存在!
2021-09-03 13:03:03 WARN  分配文件日志:88 - H:\清源镇中5.27理化实验录制视频\216121160490_9 文件不存在!
2021-09-03 13:03:03 WARN  分配文件日志:88 - H:\清源镇中5.27理化实验录制视频\216121160492 文件不存在!
2021-09-03 13:03:03 WARN  分配文件日志:88 - H:\清源镇中5.27理化实验录制视频\216121160493 文件不存在!
2021-09-03 13:03:03 WARN  分配文件日志:88 - H:\清源镇中5.27理化实验录制视频\216121010001 文件不存在!
2021-09-03 13:03:03 WARN  分配文件日志:88 - H:\清源镇中5.27理化实验录制视频\216121010004_6 文件不存在!
2021-09-03 13:03:03 WARN  分配文件日志:88 - H:\清源镇中5.27理化实验录制视频\216121010005 文件不存在!
2021-09-03 13:03:03 WARN  分配文件日志:88 - H:\清源镇中5.27理化实验录制视频\216121010010 文件不存在!
2021-09-03 13:03:03 WARN  分配文件日志:88 - H:\清源镇中5.27理化实验录制视频\216121010011 文件不存在!
2021-09-03 13:03:03 WARN  分配文件日志:88 - H:\清源镇中5.27理化实验录制视频\216121010012 文件不存在!
2021-09-03 13:03:03 WARN  分配文件日志:88 - H:\清源镇中5.27理化实验录制视频\216121010014 文件不存在!
2021-09-03 13:03:03 WARN  分配文件日志:88 - H:\清源镇中5.27理化实验录制视频\216121010016 文件不存在!
2021-09-03 13:03:03 WARN  分配文件日志:88 - H:\清源镇中5.27理化实验录制视频\216121010017 文件不存在!
2021-09-03 13:03:03 WARN  分配文件日志:88 - H:\清源镇中5.27理化实验录制视频\216121010018 文件不存在!
2021-09-03 13:03:03 WARN  分配文件日志:88 - H:\清源镇中5.27理化实验录制视频\216121010019 文件不存在!
2021-09-03 13:03:03 WARN  分配文件日志:88 - H:\清源镇中5.27理化实验录制视频\216121010024 文件不存在!
2021-09-03 13:03:03 WARN  分配文件日志:88 - H:\清源镇中5.27理化实验录制视频\216121010025 文件不存在!
2021-09-03 13:03:03 WARN  分配文件日志:88 - H:\清源镇中5.27理化实验录制视频\216121010027 文件不存在!
2021-09-03 13:03:03 WARN  分配文件日志:88 - H:\清源镇中5.27理化实验录制视频\216121010030 文件不存在!
2021-09-03 13:03:03 WARN  分配文件日志:88 - H:\清源镇中5.27理化实验录制视频\216121010031 文件不存在!
2021-09-03 13:03:03 WARN  分配文件日志:88 - H:\清源镇中5.27理化实验录制视频\216121010032 文件不存在!
2021-09-03 13:03:03 WARN  分配文件日志:88 - H:\清源镇中5.27理化实验录制视频\216121010038 文件不存在!
2021-09-03 13:03:03 WARN  分配文件日志:88 - H:\清源镇中5.27理化实验录制视频\216121010040 文件不存在!
2021-09-03 13:03:03 WARN  分配文件日志:88 - H:\清源镇中5.27理化实验录制视频\216121010041_9 文件不存在!
2021-09-03 13:03:03 WARN  分配文件日志:88 - H:\清源镇中5.27理化实验录制视频\216121010044 文件不存在!
2021-09-03 13:03:03 WARN  分配文件日志:88 - H:\清源镇中5.27理化实验录制视频\216121010045 文件不存在!
2021-09-03 13:03:03 WARN  分配文件日志:88 - H:\清源镇中5.27理化实验录制视频\216121010046 文件不存在!
2021-09-03 13:03:03 WARN  分配文件日志:88 - H:\清源镇中5.27理化实验录制视频\216121010048 文件不存在!
2021-09-03 13:03:03 WARN  分配文件日志:88 - H:\清源镇中5.27理化实验录制视频\216121010052 文件不存在!
2021-09-03 13:03:03 WARN  分配文件日志:88 - H:\清源镇中5.27理化实验录制视频\216121010054_5 文件不存在!
2021-09-03 13:03:03 WARN  分配文件日志:88 - H:\清源镇中5.27理化实验录制视频\216121010055_9 文件不存在!
2021-09-03 13:03:03 WARN  分配文件日志:88 - H:\清源镇中5.27理化实验录制视频\216121010056 文件不存在!
2021-09-03 13:03:03 WARN  分配文件日志:88 - H:\清源镇中5.27理化实验录制视频\216121010058 文件不存在!
2021-09-03 13:03:03 WARN  分配文件日志:88 - H:\清源镇中5.27理化实验录制视频\216121010059 文件不存在!
2021-09-03 13:03:03 WARN  分配文件日志:88 - H:\清源镇中5.27理化实验录制视频\216121010061 文件不存在!
2021-09-03 13:03:03 WARN  分配文件日志:88 - H:\清源镇中5.27理化实验录制视频\216121010062 文件不存在!
2021-09-03 13:03:03 WARN  分配文件日志:88 - H:\清源镇中5.27理化实验录制视频\216121010066 文件不存在!
2021-09-03 13:03:03 WARN  分配文件日志:88 - H:\清源镇中5.27理化实验录制视频\216121010067_7 文件不存在!
2021-09-03 13:03:03 WARN  分配文件日志:88 - H:\清源镇中5.27理化实验录制视频\216121010069 文件不存在!
2021-09-03 13:03:03 WARN  分配文件日志:88 - H:\清源镇中5.27理化实验录制视频\216121010071 文件不存在!
2021-09-03 13:03:03 WARN  分配文件日志:88 - H:\清源镇中5.27理化实验录制视频\216121010073 文件不存在!
2021-09-03 13:03:03 WARN  分配文件日志:88 - H:\清源镇中5.27理化实验录制视频\216121010074_9 文件不存在!
2021-09-03 13:03:03 WARN  分配文件日志:88 - H:\清源镇中5.27理化实验录制视频\216121010077_3 文件不存在!
2021-09-03 13:03:03 WARN  分配文件日志:88 - H:\清源镇中5.27理化实验录制视频\216121010080 文件不存在!
2021-09-03 13:03:03 WARN  分配文件日志:88 - H:\清源镇中5.27理化实验录制视频\216121010081_9 文件不存在!
2021-09-03 13:03:03 WARN  分配文件日志:88 - H:\清源镇中5.27理化实验录制视频\216121010088 文件不存在!
2021-09-03 13:03:03 WARN  分配文件日志:88 - H:\清源镇中5.27理化实验录制视频\216121010089 文件不存在!
2021-09-03 13:03:03 WARN  分配文件日志:88 - H:\清源镇中5.27理化实验录制视频\216121010091 文件不存在!
2021-09-03 13:03:03 WARN  分配文件日志:88 - H:\清源镇中5.27理化实验录制视频\216121010093 文件不存在!
2021-09-03 13:03:03 WARN  分配文件日志:88 - H:\清源镇中5.27理化实验录制视频\216121010094 文件不存在!
2021-09-03 13:03:03 WARN  分配文件日志:88 - H:\清源镇中5.27理化实验录制视频\216121010096 文件不存在!
2021-09-03 13:03:03 WARN  分配文件日志:88 - H:\清源镇中5.27理化实验录制视频\216121010097 文件不存在!
2021-09-03 13:03:03 WARN  分配文件日志:88 - H:\清源镇中5.27理化实验录制视频\216121010098 文件不存在!
2021-09-03 13:03:03 WARN  分配文件日志:88 - H:\清源镇中5.27理化实验录制视频\216121010103_7 文件不存在!
2021-09-03 13:03:03 WARN  分配文件日志:88 - H:\清源镇中5.27理化实验录制视频\216121010105 文件不存在!
2021-09-03 13:03:03 WARN  分配文件日志:88 - H:\清源镇中5.27理化实验录制视频\216121010108_8 文件不存在!
2021-09-03 13:03:03 WARN  分配文件日志:88 - H:\清源镇中5.27理化实验录制视频\216121010111 文件不存在!
2021-09-03 13:03:03 WARN  分配文件日志:88 - H:\清源镇中5.27理化实验录制视频\216121010112_6 文件不存在!
2021-09-03 13:03:03 WARN  分配文件日志:88 - H:\清源镇中5.27理化实验录制视频\216121010114 文件不存在!
2021-09-03 13:03:03 WARN  分配文件日志:88 - H:\清源镇中5.27理化实验录制视频\216121010117 文件不存在!
2021-09-03 13:03:03 WARN  分配文件日志:88 - H:\清源镇中5.27理化实验录制视频\216121010120_9 文件不存在!
2021-09-03 13:03:03 WARN  分配文件日志:88 - H:\清源镇中5.27理化实验录制视频\216121010122 文件不存在!
2021-09-03 13:03:03 WARN  分配文件日志:88 - H:\清源镇中5.27理化实验录制视频\216121010123_9 文件不存在!
2021-09-03 13:03:03 WARN  分配文件日志:88 - H:\清源镇中5.27理化实验录制视频\216121010124_8 文件不存在!
2021-09-03 13:03:03 WARN  分配文件日志:88 - H:\清源镇中5.27理化实验录制视频\216121010126 文件不存在!
2021-09-03 13:03:03 WARN  分配文件日志:88 - H:\清源镇中5.27理化实验录制视频\216121010127_7 文件不存在!
2021-09-03 13:03:03 WARN  分配文件日志:88 - H:\清源镇中5.27理化实验录制视频\216121010128 文件不存在!
2021-09-03 13:03:03 WARN  分配文件日志:88 - H:\清源镇中5.27理化实验录制视频\216121010129 文件不存在!
2021-09-03 13:03:03 WARN  分配文件日志:88 - H:\清源镇中5.27理化实验录制视频\216121010130_9 文件不存在!
2021-09-03 13:03:03 WARN  分配文件日志:88 - H:\清源镇中5.27理化实验录制视频\216121010131_8 文件不存在!
2021-09-03 13:03:03 WARN  分配文件日志:88 - H:\清源镇中5.27理化实验录制视频\216121010132 文件不存在!
2021-09-03 13:03:03 WARN  分配文件日志:88 - H:\清源镇中5.27理化实验录制视频\216121010134_9 文件不存在!
2021-09-03 13:03:03 WARN  分配文件日志:88 - H:\清源镇中5.27理化实验录制视频\216121010136 文件不存在!
2021-09-03 13:03:03 WARN  分配文件日志:88 - H:\清源镇中5.27理化实验录制视频\216121010137 文件不存在!
2021-09-03 13:03:03 WARN  分配文件日志:88 - H:\清源镇中5.27理化实验录制视频\216121010140_8 文件不存在!
2021-09-03 13:03:03 WARN  分配文件日志:88 - H:\清源镇中5.27理化实验录制视频\216121010144 文件不存在!
2021-09-03 13:03:03 WARN  分配文件日志:88 - H:\清源镇中5.27理化实验录制视频\216121010151 文件不存在!
2021-09-03 13:03:03 WARN  分配文件日志:88 - H:\清源镇中5.27理化实验录制视频\216121010152 文件不存在!
2021-09-03 13:03:03 WARN  分配文件日志:88 - H:\清源镇中5.27理化实验录制视频\216121010153_8 文件不存在!
2021-09-03 13:03:03 WARN  分配文件日志:88 - H:\清源镇中5.27理化实验录制视频\216121010155 文件不存在!
2021-09-03 13:03:03 WARN  分配文件日志:88 - H:\清源镇中5.27理化实验录制视频\216121010158 文件不存在!
2021-09-03 13:03:03 WARN  分配文件日志:88 - H:\清源镇中5.27理化实验录制视频\216121010159_8 文件不存在!
2021-09-03 13:03:03 WARN  分配文件日志:88 - H:\清源镇中5.27理化实验录制视频\216121010160 文件不存在!
2021-09-03 13:03:03 WARN  分配文件日志:88 - H:\清源镇中5.27理化实验录制视频\216121010161 文件不存在!
2021-09-03 13:03:03 WARN  分配文件日志:88 - H:\清源镇中5.27理化实验录制视频\216121010162_9 文件不存在!
2021-09-03 13:03:03 WARN  分配文件日志:88 - H:\清源镇中5.27理化实验录制视频\216121010163 文件不存在!
2021-09-03 13:03:03 WARN  分配文件日志:88 - H:\清源镇中5.27理化实验录制视频\216121010164_9 文件不存在!
2021-09-03 13:03:03 WARN  分配文件日志:88 - H:\清源镇中5.27理化实验录制视频\216121010166 文件不存在!
2021-09-03 13:03:03 WARN  分配文件日志:88 - H:\清源镇中5.27理化实验录制视频\216121010171 文件不存在!
2021-09-03 13:03:03 WARN  分配文件日志:88 - H:\清源镇中5.27理化实验录制视频\216121010172 文件不存在!
2021-09-03 13:03:03 WARN  分配文件日志:88 - H:\清源镇中5.27理化实验录制视频\216121010173_9 文件不存在!
2021-09-03 13:03:03 WARN  分配文件日志:88 - H:\清源镇中5.27理化实验录制视频\216121010174 文件不存在!
2021-09-03 13:03:03 WARN  分配文件日志:88 - H:\清源镇中5.27理化实验录制视频\216121010175 文件不存在!
2021-09-03 13:03:03 WARN  分配文件日志:88 - H:\清源镇中5.27理化实验录制视频\216121150001_8 文件不存在!
2021-09-03 13:03:03 WARN  分配文件日志:88 - H:\清源镇中5.27理化实验录制视频\216121150003 文件不存在!
2021-09-03 13:03:03 WARN  分配文件日志:88 - H:\清源镇中5.27理化实验录制视频\216121150005_7 文件不存在!
2021-09-03 13:03:03 WARN  分配文件日志:88 - H:\清源镇中5.27理化实验录制视频\216121150006 文件不存在!
2021-09-03 13:03:03 WARN  分配文件日志:88 - H:\清源镇中5.27理化实验录制视频\216121150007 文件不存在!
2021-09-03 13:03:03 WARN  分配文件日志:88 - H:\清源镇中5.27理化实验录制视频\216121150013_7 文件不存在!
2021-09-03 13:03:03 WARN  分配文件日志:88 - H:\清源镇中5.27理化实验录制视频\216121150014 文件不存在!
2021-09-03 13:03:03 WARN  分配文件日志:88 - H:\清源镇中5.27理化实验录制视频\216121150016 文件不存在!
2021-09-03 13:03:03 WARN  分配文件日志:88 - H:\清源镇中5.27理化实验录制视频\216121150017 文件不存在!
2021-09-03 13:03:03 WARN  分配文件日志:88 - H:\清源镇中5.27理化实验录制视频\216121150018 文件不存在!
2021-09-03 13:03:03 WARN  分配文件日志:88 - H:\清源镇中5.27理化实验录制视频\216121150022 文件不存在!
2021-09-03 13:03:03 WARN  分配文件日志:88 - H:\清源镇中5.27理化实验录制视频\216121150023 文件不存在!
2021-09-03 13:03:03 WARN  分配文件日志:88 - H:\清源镇中5.27理化实验录制视频\216121150025 文件不存在!
2021-09-03 13:03:03 WARN  分配文件日志:88 - H:\清源镇中5.27理化实验录制视频\216121150026_4 文件不存在!
2021-09-03 13:03:03 WARN  分配文件日志:88 - H:\清源镇中5.27理化实验录制视频\216121150027 文件不存在!
2021-09-03 13:03:03 WARN  分配文件日志:88 - H:\清源镇中5.27理化实验录制视频\216121150030_9 文件不存在!
2021-09-03 13:03:03 WARN  分配文件日志:88 - H:\清源镇中5.27理化实验录制视频\216121150034 文件不存在!
2021-09-03 13:03:03 WARN  分配文件日志:88 - H:\清源镇中5.27理化实验录制视频\216121150038 文件不存在!
2021-09-03 13:03:03 WARN  分配文件日志:88 - H:\清源镇中5.27理化实验录制视频\216121150039 文件不存在!
2021-09-03 13:03:03 WARN  分配文件日志:88 - H:\清源镇中5.27理化实验录制视频\216121150041_3 文件不存在!
2021-09-03 13:03:03 WARN  分配文件日志:88 - H:\清源镇中5.27理化实验录制视频\216121150042_9 文件不存在!
2021-09-03 13:03:03 WARN  分配文件日志:88 - H:\清源镇中5.27理化实验录制视频\216121150046_8 文件不存在!
2021-09-03 13:03:03 WARN  分配文件日志:88 - H:\清源镇中5.27理化实验录制视频\216121150047 文件不存在!
2021-09-03 13:03:03 WARN  分配文件日志:88 - H:\清源镇中5.27理化实验录制视频\216121150048 文件不存在!
2021-09-03 13:03:03 WARN  分配文件日志:88 - H:\清源镇中5.27理化实验录制视频\216121150054_9 文件不存在!
2021-09-03 13:03:03 WARN  分配文件日志:88 - H:\清源镇中5.27理化实验录制视频\216121150055 文件不存在!
2021-09-03 13:03:03 WARN  分配文件日志:88 - H:\清源镇中5.27理化实验录制视频\216121150057 文件不存在!
2021-09-03 13:03:03 WARN  分配文件日志:88 - H:\清源镇中5.27理化实验录制视频\216121150058 文件不存在!
2021-09-03 13:03:03 WARN  分配文件日志:88 - H:\清源镇中5.27理化实验录制视频\216121150059 文件不存在!
2021-09-03 13:03:03 WARN  分配文件日志:88 - H:\清源镇中5.27理化实验录制视频\216121150060 文件不存在!
2021-09-03 13:03:03 WARN  分配文件日志:88 - H:\清源镇中5.27理化实验录制视频\216121150061 文件不存在!
2021-09-03 13:03:03 WARN  分配文件日志:88 - H:\清源镇中5.27理化实验录制视频\216121150062_9 文件不存在!
2021-09-03 13:03:03 WARN  分配文件日志:88 - H:\清源镇中5.27理化实验录制视频\216121150063_7 文件不存在!
2021-09-03 13:03:03 WARN  分配文件日志:88 - H:\清源镇中5.27理化实验录制视频\216121150064 文件不存在!
2021-09-03 13:03:03 WARN  分配文件日志:88 - H:\清源镇中5.27理化实验录制视频\216121150070_9 文件不存在!
2021-09-03 13:03:03 WARN  分配文件日志:88 - H:\清源镇中5.27理化实验录制视频\216121150071 文件不存在!
2021-09-03 13:03:03 WARN  分配文件日志:88 - H:\清源镇中5.27理化实验录制视频\216121150075_9 文件不存在!
2021-09-03 13:03:03 WARN  分配文件日志:88 - H:\清源镇中5.27理化实验录制视频\216121150076 文件不存在!
2021-09-03 13:03:03 WARN  分配文件日志:88 - H:\清源镇中5.27理化实验录制视频\216121150077 文件不存在!
2021-09-03 13:03:03 WARN  分配文件日志:88 - H:\清源镇中5.27理化实验录制视频\216121150079 文件不存在!
2021-09-03 13:03:03 WARN  分配文件日志:88 - H:\清源镇中5.27理化实验录制视频\216121150080 文件不存在!
2021-09-03 13:03:03 WARN  分配文件日志:88 - H:\清源镇中5.27理化实验录制视频\216121150083_9 文件不存在!
2021-09-03 13:03:03 WARN  分配文件日志:88 - H:\清源镇中5.27理化实验录制视频\216121150084 文件不存在!
2021-09-03 13:03:03 WARN  分配文件日志:88 - H:\清源镇中5.27理化实验录制视频\216121150085_8 文件不存在!
2021-09-03 13:03:03 WARN  分配文件日志:88 - H:\清源镇中5.27理化实验录制视频\216121150088 文件不存在!
2021-09-03 13:03:03 WARN  分配文件日志:88 - H:\清源镇中5.27理化实验录制视频\216121150090_8 文件不存在!
2021-09-03 13:03:03 WARN  分配文件日志:88 - H:\清源镇中5.27理化实验录制视频\216121150094_7 文件不存在!
2021-09-03 13:03:03 WARN  分配文件日志:88 - H:\清源镇中5.27理化实验录制视频\216121150097 文件不存在!
2021-09-03 13:03:03 WARN  分配文件日志:88 - H:\清源镇中5.27理化实验录制视频\216121150099 文件不存在!
2021-09-03 13:03:03 WARN  分配文件日志:88 - H:\清源镇中5.27理化实验录制视频\216121150101 文件不存在!
2021-09-03 13:03:03 WARN  分配文件日志:88 - H:\清源镇中5.27理化实验录制视频\216121150102 文件不存在!
2021-09-03 13:03:03 WARN  分配文件日志:88 - H:\清源镇中5.27理化实验录制视频\216121150104 文件不存在!
2021-09-03 13:03:03 WARN  分配文件日志:88 - H:\清源镇中5.27理化实验录制视频\216121150108_9 文件不存在!
2021-09-03 13:03:03 WARN  分配文件日志:88 - H:\清源镇中5.27理化实验录制视频\216121150109 文件不存在!
2021-09-03 13:03:03 WARN  分配文件日志:88 - H:\清源镇中5.27理化实验录制视频\216121150111 文件不存在!
2021-09-03 13:03:03 WARN  分配文件日志:88 - H:\清源镇中5.27理化实验录制视频\216121150112_9 文件不存在!
2021-09-03 13:03:03 WARN  分配文件日志:88 - H:\清源镇中5.27理化实验录制视频\216121150114 文件不存在!
2021-09-03 13:03:03 WARN  分配文件日志:88 - H:\清源镇中5.27理化实验录制视频\216121150115 文件不存在!
2021-09-03 13:03:03 WARN  分配文件日志:88 - H:\清源镇中5.27理化实验录制视频\216121150123_3 文件不存在!
2021-09-03 13:03:03 WARN  分配文件日志:88 - H:\清源镇中5.27理化实验录制视频\216121150126 文件不存在!
2021-09-03 13:03:03 WARN  分配文件日志:88 - H:\清源镇中5.27理化实验录制视频\216121150127_9 文件不存在!
2021-09-03 13:03:03 WARN  分配文件日志:88 - H:\清源镇中5.27理化实验录制视频\216121150128 文件不存在!
2021-09-03 13:03:03 WARN  分配文件日志:88 - H:\清源镇中5.27理化实验录制视频\216121150129_8 文件不存在!
2021-09-03 13:03:03 WARN  分配文件日志:88 - H:\清源镇中5.27理化实验录制视频\216121150131 文件不存在!
2021-09-03 13:03:03 WARN  分配文件日志:88 - H:\清源镇中5.27理化实验录制视频\216121150132_6 文件不存在!
2021-09-03 13:03:03 WARN  分配文件日志:88 - H:\清源镇中5.27理化实验录制视频\216121150133_9 文件不存在!
2021-09-03 13:03:03 WARN  分配文件日志:88 - H:\清源镇中5.27理化实验录制视频\216121150137 文件不存在!
2021-09-03 13:03:03 WARN  分配文件日志:88 - H:\清源镇中5.27理化实验录制视频\216121150138 文件不存在!
2021-09-03 13:03:03 WARN  分配文件日志:88 - H:\清源镇中5.27理化实验录制视频\216121150139 文件不存在!
2021-09-03 13:03:03 WARN  分配文件日志:88 - H:\清源镇中5.27理化实验录制视频\216121150140 文件不存在!
2021-09-03 13:03:03 WARN  分配文件日志:88 - H:\清源镇中5.27理化实验录制视频\216121150142 文件不存在!
2021-09-03 13:03:03 WARN  分配文件日志:88 - H:\清源镇中5.27理化实验录制视频\216121150144 文件不存在!
2021-09-03 13:03:03 WARN  分配文件日志:88 - H:\清源镇中5.27理化实验录制视频\216121150149_8 文件不存在!
2021-09-03 13:03:03 WARN  分配文件日志:88 - H:\清源镇中5.27理化实验录制视频\216121150153_7 文件不存在!
2021-09-03 13:03:03 WARN  分配文件日志:88 - H:\清源镇中5.27理化实验录制视频\216121150154 文件不存在!
2021-09-03 13:03:03 WARN  分配文件日志:88 - H:\清源镇中5.27理化实验录制视频\216121150155_7 文件不存在!
2021-09-03 13:03:03 WARN  分配文件日志:88 - H:\清源镇中5.27理化实验录制视频\216121150158 文件不存在!
2021-09-03 13:03:03 WARN  分配文件日志:88 - H:\清源镇中5.27理化实验录制视频\216121150159_7 文件不存在!
2021-09-03 13:03:03 WARN  分配文件日志:88 - H:\清源镇中5.27理化实验录制视频\216121150163 文件不存在!
2021-09-03 13:03:03 WARN  分配文件日志:88 - H:\清源镇中5.27理化实验录制视频\216121150164_5 文件不存在!
2021-09-03 13:03:03 WARN  分配文件日志:88 - H:\清源镇中5.27理化实验录制视频\216121150165 文件不存在!
2021-09-03 13:03:03 WARN  分配文件日志:88 - H:\清源镇中5.27理化实验录制视频\216121150167 文件不存在!
2021-09-03 13:03:03 WARN  分配文件日志:88 - H:\清源镇中5.27理化实验录制视频\216121150169_7 文件不存在!
2021-09-03 13:03:03 WARN  分配文件日志:88 - H:\清源镇中5.27理化实验录制视频\216121150172 文件不存在!
2021-09-03 13:03:03 WARN  分配文件日志:88 - H:\清源镇中5.27理化实验录制视频\216121150174_5 文件不存在!
2021-09-03 13:03:03 WARN  分配文件日志:88 - H:\清源镇中5.27理化实验录制视频\216121150175 文件不存在!
2021-09-03 13:03:03 WARN  分配文件日志:88 - H:\清源镇中5.27理化实验录制视频\216121150176 文件不存在!
2021-09-03 13:03:03 WARN  分配文件日志:88 - H:\清源镇中5.27理化实验录制视频\216121150179 文件不存在!
2021-09-03 13:03:03 WARN  分配文件日志:88 - H:\清源镇中5.27理化实验录制视频\216121150181_8 文件不存在!
2021-09-03 13:03:03 WARN  分配文件日志:88 - H:\清源镇中5.27理化实验录制视频\216121150184_9 文件不存在!
2021-09-03 13:03:03 WARN  分配文件日志:88 - H:\清源镇中5.27理化实验录制视频\216121150185_9 文件不存在!
2021-09-03 13:03:03 WARN  分配文件日志:88 - H:\清源镇中5.27理化实验录制视频\216121150186 文件不存在!
2021-09-03 13:03:03 WARN  分配文件日志:88 - H:\清源镇中5.27理化实验录制视频\216121150187 文件不存在!
2021-09-03 13:03:03 WARN  分配文件日志:88 - H:\清源镇中5.27理化实验录制视频\216121150188_8 文件不存在!
2021-09-03 13:03:03 WARN  分配文件日志:88 - H:\清源镇中5.27理化实验录制视频\216121150191 文件不存在!
2021-09-03 13:03:03 WARN  分配文件日志:88 - H:\清源镇中5.27理化实验录制视频\216121150192_6 文件不存在!
2021-09-03 13:03:03 WARN  分配文件日志:88 - H:\清源镇中5.27理化实验录制视频\216121150198 文件不存在!
2021-09-03 13:03:03 WARN  分配文件日志:88 - H:\清源镇中5.27理化实验录制视频\216121150200 文件不存在!
2021-09-03 13:03:03 WARN  分配文件日志:88 - H:\清源镇中5.27理化实验录制视频\216121150201 文件不存在!
2021-09-03 13:03:03 WARN  分配文件日志:88 - H:\清源镇中5.27理化实验录制视频\216121150203 文件不存在!
2021-09-03 13:03:03 WARN  分配文件日志:88 - H:\清源镇中5.27理化实验录制视频\216121150204_9 文件不存在!
2021-09-03 13:03:03 WARN  分配文件日志:88 - H:\清源镇中5.27理化实验录制视频\216121150209 文件不存在!
2021-09-03 13:03:03 WARN  分配文件日志:88 - H:\清源镇中5.27理化实验录制视频\216121150210_9 文件不存在!
2021-09-03 13:03:03 WARN  分配文件日志:88 - H:\清源镇中5.27理化实验录制视频\216121150212 文件不存在!
2021-09-03 13:03:03 WARN  分配文件日志:88 - H:\清源镇中5.27理化实验录制视频\216121150213 文件不存在!
2021-09-03 13:03:03 WARN  分配文件日志:88 - H:\清源镇中5.27理化实验录制视频\216121150216_8 文件不存在!
2021-09-03 13:03:03 WARN  分配文件日志:88 - H:\清源镇中5.27理化实验录制视频\216121150218 文件不存在!
2021-09-03 13:03:03 WARN  分配文件日志:88 - H:\清源镇中5.27理化实验录制视频\216121150220_9 文件不存在!
2021-09-03 13:03:03 WARN  分配文件日志:88 - H:\清源镇中5.27理化实验录制视频\216121150222 文件不存在!
2021-09-03 13:03:03 WARN  分配文件日志:88 - H:\清源镇中5.27理化实验录制视频\216121150224 文件不存在!
2021-09-03 13:03:03 WARN  分配文件日志:88 - H:\清源镇中5.27理化实验录制视频\216121150225 文件不存在!
2021-09-03 13:03:03 WARN  分配文件日志:88 - H:\清源镇中5.27理化实验录制视频\216121150226 文件不存在!
2021-09-03 13:03:03 WARN  分配文件日志:88 - H:\清源镇中5.27理化实验录制视频\216121150227 文件不存在!
2021-09-03 13:03:03 WARN  分配文件日志:88 - H:\清源镇中5.27理化实验录制视频\216121150228_3 文件不存在!
2021-09-03 13:03:03 WARN  分配文件日志:88 - H:\清源镇中5.27理化实验录制视频\216121150230_9 文件不存在!
2021-09-03 13:03:03 WARN  分配文件日志:88 - H:\清源镇中5.27理化实验录制视频\216121150233 文件不存在!
2021-09-03 13:03:03 WARN  分配文件日志:88 - H:\清源镇中5.27理化实验录制视频\216121150236_9 文件不存在!
2021-09-03 13:03:03 WARN  分配文件日志:88 - H:\清源镇中5.27理化实验录制视频\216121150237 文件不存在!
2021-09-03 13:03:03 WARN  分配文件日志:88 - H:\清源镇中5.27理化实验录制视频\216121150239 文件不存在!
2021-09-03 13:03:03 WARN  分配文件日志:88 - H:\清源镇中5.27理化实验录制视频\216121150240_9 文件不存在!
2021-09-03 13:03:03 WARN  分配文件日志:88 - H:\清源镇中5.27理化实验录制视频\216121150242 文件不存在!
2021-09-03 13:03:03 WARN  分配文件日志:88 - H:\清源镇中5.27理化实验录制视频\216121150243 文件不存在!
2021-09-03 13:03:03 WARN  分配文件日志:88 - H:\清源镇中5.27理化实验录制视频\216121150245_9 文件不存在!
2021-09-03 13:03:03 WARN  分配文件日志:88 - H:\清源镇中5.27理化实验录制视频\216121150247 文件不存在!
2021-09-03 13:03:03 WARN  分配文件日志:88 - H:\清源镇中5.27理化实验录制视频\216121150248 文件不存在!
2021-09-03 13:03:03 WARN  分配文件日志:88 - H:\清源镇中5.27理化实验录制视频\216121150249 文件不存在!
2021-09-03 13:03:03 WARN  分配文件日志:88 - H:\清源镇中5.27理化实验录制视频\216121150250 文件不存在!
2021-09-03 13:03:03 WARN  分配文件日志:88 - H:\清源镇中5.27理化实验录制视频\216121150252 文件不存在!
2021-09-03 13:03:03 WARN  分配文件日志:88 - H:\清源镇中5.27理化实验录制视频\216121150253 文件不存在!
2021-09-03 13:03:03 WARN  分配文件日志:88 - H:\清源镇中5.27理化实验录制视频\216121150254 文件不存在!
2021-09-03 13:03:03 WARN  分配文件日志:88 - H:\清源镇中5.27理化实验录制视频\216121150257 文件不存在!
2021-09-03 13:03:03 WARN  分配文件日志:88 - H:\清源镇中5.27理化实验录制视频\216121150259_9 文件不存在!
2021-09-03 13:03:03 WARN  分配文件日志:88 - H:\清源镇中5.27理化实验录制视频\216121150261 文件不存在!
2021-09-03 13:03:03 WARN  分配文件日志:88 - H:\清源镇中5.27理化实验录制视频\216121150268 文件不存在!
2021-09-03 13:03:03 WARN  分配文件日志:88 - H:\清源镇中5.27理化实验录制视频\216121150271 文件不存在!
2021-09-03 13:03:03 WARN  分配文件日志:88 - H:\清源镇中5.27理化实验录制视频\216121150272 文件不存在!
2021-09-03 13:03:03 WARN  分配文件日志:88 - H:\清源镇中5.27理化实验录制视频\216121150278 文件不存在!
2021-09-03 13:03:03 WARN  分配文件日志:88 - H:\清源镇中5.27理化实验录制视频\216121150279 文件不存在!
2021-09-03 13:03:03 WARN  分配文件日志:88 - H:\清源镇中5.27理化实验录制视频\216121150281 文件不存在!
2021-09-03 13:03:03 WARN  分配文件日志:88 - H:\清源镇中5.27理化实验录制视频\216121150282 文件不存在!
2021-09-03 13:03:03 WARN  分配文件日志:88 - H:\清源镇中5.27理化实验录制视频\216121150284 文件不存在!
2021-09-03 13:03:03 WARN  分配文件日志:88 - H:\清源镇中5.27理化实验录制视频\216121150286 文件不存在!
2021-09-03 13:03:03 WARN  分配文件日志:88 - H:\清源镇中5.27理化实验录制视频\216121150287 文件不存在!
2021-09-03 13:03:03 WARN  分配文件日志:88 - H:\清源镇中5.27理化实验录制视频\216121150289_8 文件不存在!
2021-09-03 13:03:03 WARN  分配文件日志:88 - H:\清源镇中5.27理化实验录制视频\216121150290 文件不存在!
2021-09-03 13:03:03 WARN  分配文件日志:88 - H:\清源镇中5.27理化实验录制视频\216121150291_9 文件不存在!
2021-09-03 13:03:03 WARN  分配文件日志:88 - H:\清源镇中5.27理化实验录制视频\216121150295 文件不存在!
2021-09-03 13:03:03 WARN  分配文件日志:88 - H:\清源镇中5.27理化实验录制视频\216121150296 文件不存在!
2021-09-03 13:03:03 WARN  分配文件日志:88 - H:\清源镇中5.27理化实验录制视频\216121150298 文件不存在!
2021-09-03 13:03:03 WARN  分配文件日志:88 - H:\清源镇中5.27理化实验录制视频\216121150299 文件不存在!
2021-09-03 13:03:03 WARN  分配文件日志:88 - H:\清源镇中5.27理化实验录制视频\216121150303 文件不存在!
2021-09-03 13:03:03 WARN  分配文件日志:88 - H:\清源镇中5.27理化实验录制视频\216121150304 文件不存在!
2021-09-03 13:03:03 WARN  分配文件日志:88 - H:\清源镇中5.27理化实验录制视频\216121150305 文件不存在!
2021-09-03 13:03:03 WARN  分配文件日志:88 - H:\清源镇中5.27理化实验录制视频\216121150306 文件不存在!
2021-09-03 13:03:03 WARN  分配文件日志:88 - H:\清源镇中5.27理化实验录制视频\216121150309 文件不存在!
2021-09-03 13:03:03 WARN  分配文件日志:88 - H:\清源镇中5.27理化实验录制视频\216121150311 文件不存在!
2021-09-03 13:03:03 WARN  分配文件日志:88 - H:\清源镇中5.27理化实验录制视频\216121150313 文件不存在!
2021-09-03 13:03:03 WARN  分配文件日志:88 - H:\清源镇中5.27理化实验录制视频\216121150316 文件不存在!
2021-09-03 13:03:03 WARN  分配文件日志:88 - H:\清源镇中5.27理化实验录制视频\216121150317_9 文件不存在!
2021-09-03 13:03:03 WARN  分配文件日志:88 - H:\清源镇中5.27理化实验录制视频\216121150318_9 文件不存在!
2021-09-03 13:03:03 WARN  分配文件日志:88 - H:\清源镇中5.27理化实验录制视频\216121150320 文件不存在!
2021-09-03 13:03:03 WARN  分配文件日志:88 - H:\清源镇中5.27理化实验录制视频\216121150321 文件不存在!
2021-09-03 13:03:03 WARN  分配文件日志:88 - H:\清源镇中5.27理化实验录制视频\216121150327 文件不存在!
2021-09-03 13:03:03 WARN  分配文件日志:88 - H:\清源镇中5.27理化实验录制视频\216121150328_2 文件不存在!
2021-09-03 13:03:03 WARN  分配文件日志:88 - H:\清源镇中5.27理化实验录制视频\216121150333 文件不存在!
2021-09-03 13:03:03 WARN  分配文件日志:88 - H:\清源镇中5.27理化实验录制视频\216121150335_5 文件不存在!
2021-09-03 13:03:03 WARN  分配文件日志:88 - H:\清源镇中5.27理化实验录制视频\216121150336 文件不存在!
2021-09-03 13:03:03 WARN  分配文件日志:88 - H:\清源镇中5.27理化实验录制视频\216121150337 文件不存在!
2021-09-03 13:03:03 WARN  分配文件日志:88 - H:\清源镇中5.27理化实验录制视频\216121150341 文件不存在!
2021-09-03 13:03:03 WARN  分配文件日志:88 - H:\清源镇中5.27理化实验录制视频\216121150343_9 文件不存在!
2021-09-03 13:03:03 WARN  分配文件日志:88 - H:\清源镇中5.27理化实验录制视频\216121150344 文件不存在!
2021-09-03 13:03:03 WARN  分配文件日志:88 - H:\清源镇中5.27理化实验录制视频\216121150346 文件不存在!
2021-09-03 13:03:03 WARN  分配文件日志:88 - H:\清源镇中5.27理化实验录制视频\216121150347 文件不存在!
2021-09-03 13:03:03 WARN  分配文件日志:88 - H:\清源镇中5.27理化实验录制视频\216121150349 文件不存在!
2021-09-03 13:03:03 WARN  分配文件日志:88 - H:\清源镇中5.27理化实验录制视频\216121150350_9 文件不存在!
2021-09-03 13:03:03 WARN  分配文件日志:88 - H:\清源镇中5.27理化实验录制视频\216121150351_9 文件不存在!
2021-09-03 13:03:03 WARN  分配文件日志:88 - H:\清源镇中5.27理化实验录制视频\216121150352_8 文件不存在!
2021-09-03 13:03:03 WARN  分配文件日志:88 - H:\清源镇中5.27理化实验录制视频\216121150354 文件不存在!
2021-09-03 13:03:03 WARN  分配文件日志:88 - H:\清源镇中5.27理化实验录制视频\216121150355 文件不存在!
2021-09-03 13:03:03 WARN  分配文件日志:88 - H:\清源镇中5.27理化实验录制视频\216121150356_9 文件不存在!
2021-09-03 13:03:03 WARN  分配文件日志:88 - H:\清源镇中5.27理化实验录制视频\216121150359_7 文件不存在!
2021-09-03 13:03:03 WARN  分配文件日志:88 - H:\清源镇中5.27理化实验录制视频\216121150362 文件不存在!
2021-09-03 13:03:03 WARN  分配文件日志:88 - H:\清源镇中5.27理化实验录制视频\216121150363 文件不存在!
2021-09-03 13:03:03 WARN  分配文件日志:88 - H:\清源镇中5.27理化实验录制视频\216121150364 文件不存在!
2021-09-03 13:03:03 WARN  分配文件日志:88 - H:\清源镇中5.27理化实验录制视频\216121150366 文件不存在!
2021-09-03 13:03:03 WARN  分配文件日志:88 - H:\清源镇中5.27理化实验录制视频\216121150367_9 文件不存在!
2021-09-03 13:03:03 WARN  分配文件日志:88 - H:\清源镇中5.27理化实验录制视频\216121150369 文件不存在!
2021-09-03 13:03:03 WARN  分配文件日志:88 - H:\清源镇中5.27理化实验录制视频\216121150370 文件不存在!
2021-09-03 13:03:03 WARN  分配文件日志:88 - H:\清源镇中5.27理化实验录制视频\216121150371 文件不存在!
2021-09-03 13:03:03 WARN  分配文件日志:88 - H:\清源镇中5.27理化实验录制视频\216121150378 文件不存在!
2021-09-03 13:03:03 WARN  分配文件日志:88 - H:\清源镇中5.27理化实验录制视频\216121150383 文件不存在!
2021-09-03 13:03:03 WARN  分配文件日志:88 - H:\清源镇中5.27理化实验录制视频\216121150384 文件不存在!
2021-09-03 13:03:03 WARN  分配文件日志:88 - H:\清源镇中5.27理化实验录制视频\216121150386 文件不存在!
2021-09-03 13:03:03 WARN  分配文件日志:88 - H:\清源镇中5.27理化实验录制视频\216121150388_9 文件不存在!
2021-09-03 13:03:03 WARN  分配文件日志:88 - H:\清源镇中5.27理化实验录制视频\216121150389 文件不存在!
2021-09-03 13:03:03 WARN  分配文件日志:88 - H:\清源镇中5.27理化实验录制视频\216121150390_8 文件不存在!
2021-09-03 13:03:03 WARN  分配文件日志:88 - H:\清源镇中5.27理化实验录制视频\216121150391 文件不存在!
2021-09-03 13:03:03 WARN  分配文件日志:88 - H:\清源镇中5.27理化实验录制视频\216121150393 文件不存在!
2021-09-03 13:03:03 WARN  分配文件日志:88 - H:\清源镇中5.27理化实验录制视频\216121150394 文件不存在!
2021-09-03 13:03:03 WARN  分配文件日志:88 - H:\清源镇中5.27理化实验录制视频\216121150395_8 文件不存在!
2021-09-03 13:03:03 WARN  分配文件日志:88 - H:\清源镇中5.27理化实验录制视频\216121150399 文件不存在!
2021-09-03 13:03:03 WARN  分配文件日志:88 - H:\清源镇中5.27理化实验录制视频\216121150402_7 文件不存在!
2021-09-03 13:03:03 WARN  分配文件日志:88 - H:\清源镇中5.27理化实验录制视频\216121150404 文件不存在!
2021-09-03 13:03:03 WARN  分配文件日志:88 - H:\清源镇中5.27理化实验录制视频\216121150405_6 文件不存在!
2021-09-03 13:03:03 WARN  分配文件日志:88 - H:\清源镇中5.27理化实验录制视频\216121150411 文件不存在!
2021-09-03 13:03:03 WARN  分配文件日志:88 - H:\清源镇中5.27理化实验录制视频\216121150413 文件不存在!
2021-09-03 13:03:03 WARN  分配文件日志:88 - H:\清源镇中5.27理化实验录制视频\216121150415_7 文件不存在!
2021-09-03 13:03:03 WARN  分配文件日志:88 - H:\清源镇中5.27理化实验录制视频\216121150416_9 文件不存在!
2021-09-03 13:03:03 WARN  分配文件日志:88 - H:\清源镇中5.27理化实验录制视频\216121150418 文件不存在!
2021-09-03 13:03:03 WARN  分配文件日志:88 - H:\清源镇中5.27理化实验录制视频\216121150421 文件不存在!
2021-09-03 13:03:03 WARN  分配文件日志:88 - H:\清源镇中5.27理化实验录制视频\216121150422_9 文件不存在!
2021-09-03 13:03:03 WARN  分配文件日志:88 - H:\清源镇中5.27理化实验录制视频\216121150425 文件不存在!
2021-09-03 13:03:03 WARN  分配文件日志:88 - H:\清源镇中5.27理化实验录制视频\216121150426_9 文件不存在!
2021-09-03 13:03:03 WARN  分配文件日志:88 - H:\清源镇中5.27理化实验录制视频\216121150429 文件不存在!
2021-09-03 13:03:03 WARN  分配文件日志:88 - H:\清源镇中5.27理化实验录制视频\216121150431_9 文件不存在!
2021-09-03 13:03:03 WARN  分配文件日志:88 - H:\清源镇中5.27理化实验录制视频\216121150433_9 文件不存在!
2021-09-03 13:03:03 WARN  分配文件日志:88 - H:\清源镇中5.27理化实验录制视频\216121150435_6 文件不存在!
2021-09-03 13:03:03 WARN  分配文件日志:88 - H:\清源镇中5.27理化实验录制视频\216121150436_8 文件不存在!
2021-09-03 13:03:03 WARN  分配文件日志:88 - H:\清源镇中5.27理化实验录制视频\216121150437 文件不存在!
2021-09-03 13:03:03 WARN  分配文件日志:88 - H:\清源镇中5.27理化实验录制视频\216121150438 文件不存在!
2021-09-03 13:03:03 WARN  分配文件日志:88 - H:\清源镇中5.27理化实验录制视频\216121150439 文件不存在!
2021-09-03 13:03:03 WARN  分配文件日志:88 - H:\清源镇中5.27理化实验录制视频\216121150441 文件不存在!
2021-09-03 13:03:03 WARN  分配文件日志:88 - H:\清源镇中5.27理化实验录制视频\216121150444 文件不存在!
2021-09-03 13:03:03 WARN  分配文件日志:88 - H:\清源镇中5.27理化实验录制视频\216121150445 文件不存在!
2021-09-03 13:03:03 WARN  分配文件日志:88 - H:\清源镇中5.27理化实验录制视频\216121150448 文件不存在!
2021-09-03 13:03:03 WARN  分配文件日志:88 - H:\清源镇中5.27理化实验录制视频\216121150457_5 文件不存在!
2021-09-03 13:03:03 WARN  分配文件日志:88 - H:\清源镇中5.27理化实验录制视频\216121150458_6 文件不存在!
2021-09-03 13:03:03 WARN  分配文件日志:88 - H:\清源镇中5.27理化实验录制视频\216121150460 文件不存在!
2021-09-03 13:03:03 WARN  分配文件日志:88 - H:\清源镇中5.27理化实验录制视频\216121150462 文件不存在!
2021-09-03 13:03:03 WARN  分配文件日志:88 - H:\清源镇中5.27理化实验录制视频\216121150464 文件不存在!
2021-09-03 13:03:03 WARN  分配文件日志:88 - H:\清源镇中5.27理化实验录制视频\216121150465_9 文件不存在!
2021-09-03 13:03:03 WARN  分配文件日志:88 - H:\清源镇中5.27理化实验录制视频\216121150468 文件不存在!
2021-09-03 13:03:03 WARN  分配文件日志:88 - H:\清源镇中5.27理化实验录制视频\216121030003 文件不存在!
2021-09-03 13:03:03 WARN  分配文件日志:88 - H:\清源镇中5.27理化实验录制视频\216121030004 文件不存在!
2021-09-03 13:03:03 WARN  分配文件日志:88 - H:\清源镇中5.27理化实验录制视频\216121030006 文件不存在!
2021-09-03 13:03:03 WARN  分配文件日志:88 - H:\清源镇中5.27理化实验录制视频\216121030007_9 文件不存在!
2021-09-03 13:03:03 WARN  分配文件日志:88 - H:\清源镇中5.27理化实验录制视频\216121030008 文件不存在!
2021-09-03 13:03:03 WARN  分配文件日志:88 - H:\清源镇中5.27理化实验录制视频\216121030009 文件不存在!
2021-09-03 13:03:03 WARN  分配文件日志:88 - H:\清源镇中5.27理化实验录制视频\216121030011 文件不存在!
2021-09-03 13:03:03 WARN  分配文件日志:88 - H:\清源镇中5.27理化实验录制视频\216121030013 文件不存在!
2021-09-03 13:03:03 WARN  分配文件日志:88 - H:\清源镇中5.27理化实验录制视频\216121030014 文件不存在!
2021-09-03 13:03:03 WARN  分配文件日志:88 - H:\清源镇中5.27理化实验录制视频\216121030018 文件不存在!
2021-09-03 13:03:03 WARN  分配文件日志:88 - H:\清源镇中5.27理化实验录制视频\216121030019 文件不存在!
2021-09-03 13:03:03 WARN  分配文件日志:88 - H:\清源镇中5.27理化实验录制视频\216121030020 文件不存在!
2021-09-03 13:03:03 WARN  分配文件日志:88 - H:\清源镇中5.27理化实验录制视频\216121030022 文件不存在!
2021-09-03 13:03:03 WARN  分配文件日志:88 - H:\清源镇中5.27理化实验录制视频\216121030025 文件不存在!
2021-09-03 13:03:03 WARN  分配文件日志:88 - H:\清源镇中5.27理化实验录制视频\216121030026_8 文件不存在!
2021-09-03 13:03:03 WARN  分配文件日志:88 - H:\清源镇中5.27理化实验录制视频\216121030027_9 文件不存在!
2021-09-03 13:03:03 WARN  分配文件日志:88 - H:\清源镇中5.27理化实验录制视频\216121030028 文件不存在!
2021-09-03 13:03:03 WARN  分配文件日志:88 - H:\清源镇中5.27理化实验录制视频\216121030030 文件不存在!
2021-09-03 13:03:03 WARN  分配文件日志:88 - H:\清源镇中5.27理化实验录制视频\216121030031 文件不存在!
2021-09-03 13:03:03 WARN  分配文件日志:88 - H:\清源镇中5.27理化实验录制视频\216121030032 文件不存在!
2021-09-03 13:03:03 WARN  分配文件日志:88 - H:\清源镇中5.27理化实验录制视频\216121030034 文件不存在!
2021-09-03 13:03:03 WARN  分配文件日志:88 - H:\清源镇中5.27理化实验录制视频\216121030035_8 文件不存在!
2021-09-03 13:03:03 WARN  分配文件日志:88 - H:\清源镇中5.27理化实验录制视频\216121030037 文件不存在!
2021-09-03 13:03:03 WARN  分配文件日志:88 - H:\清源镇中5.27理化实验录制视频\216121030039 文件不存在!
2021-09-03 13:03:03 WARN  分配文件日志:88 - H:\清源镇中5.27理化实验录制视频\216121030040 文件不存在!
2021-09-03 13:03:03 WARN  分配文件日志:88 - H:\清源镇中5.27理化实验录制视频\216121030041 文件不存在!
2021-09-03 13:03:03 WARN  分配文件日志:88 - H:\清源镇中5.27理化实验录制视频\216121030042 文件不存在!
2021-09-03 13:03:03 WARN  分配文件日志:88 - H:\清源镇中5.27理化实验录制视频\216121030045 文件不存在!
2021-09-03 13:03:03 WARN  分配文件日志:88 - H:\清源镇中5.27理化实验录制视频\216121030048 文件不存在!
2021-09-03 13:03:03 WARN  分配文件日志:88 - H:\清源镇中5.27理化实验录制视频\216121030052 文件不存在!
2021-09-03 13:03:03 WARN  分配文件日志:88 - H:\清源镇中5.27理化实验录制视频\216121030054 文件不存在!
2021-09-03 13:03:03 WARN  分配文件日志:88 - H:\清源镇中5.27理化实验录制视频\216121030057 文件不存在!
2021-09-03 13:03:03 WARN  分配文件日志:88 - H:\清源镇中5.27理化实验录制视频\216121030062 文件不存在!
2021-09-03 13:03:03 WARN  分配文件日志:88 - H:\清源镇中5.27理化实验录制视频\216121030065_6 文件不存在!
2021-09-03 13:03:03 WARN  分配文件日志:88 - H:\清源镇中5.27理化实验录制视频\216121030066_7 文件不存在!
2021-09-03 13:03:03 WARN  分配文件日志:88 - H:\清源镇中5.27理化实验录制视频\216121030067_7 文件不存在!
2021-09-03 13:03:03 WARN  分配文件日志:88 - H:\清源镇中5.27理化实验录制视频\216121030070_6 文件不存在!
2021-09-03 13:03:03 WARN  分配文件日志:88 - H:\清源镇中5.27理化实验录制视频\216121030076 文件不存在!
2021-09-03 13:03:03 WARN  分配文件日志:88 - H:\清源镇中5.27理化实验录制视频\216121030078 文件不存在!
2021-09-03 13:03:03 WARN  分配文件日志:88 - H:\清源镇中5.27理化实验录制视频\216121030080 文件不存在!
2021-09-03 13:03:03 WARN  分配文件日志:88 - H:\清源镇中5.27理化实验录制视频\216121030083 文件不存在!
2021-09-03 13:03:03 WARN  分配文件日志:88 - H:\清源镇中5.27理化实验录制视频\216121030085 文件不存在!
2021-09-03 13:03:03 WARN  分配文件日志:88 - H:\清源镇中5.27理化实验录制视频\216121030087 文件不存在!
2021-09-03 13:03:03 WARN  分配文件日志:88 - H:\清源镇中5.27理化实验录制视频\216121030088_9 文件不存在!
2021-09-03 13:03:03 WARN  分配文件日志:88 - H:\清源镇中5.27理化实验录制视频\216121030089 文件不存在!
2021-09-03 13:03:03 WARN  分配文件日志:88 - H:\清源镇中5.27理化实验录制视频\216121030090_8 文件不存在!
2021-09-03 13:03:03 WARN  分配文件日志:88 - H:\清源镇中5.27理化实验录制视频\216121030091 文件不存在!
2021-09-03 13:03:03 WARN  分配文件日志:88 - H:\清源镇中5.27理化实验录制视频\216121030093 文件不存在!
2021-09-03 13:03:03 WARN  分配文件日志:88 - H:\清源镇中5.27理化实验录制视频\216121030096 文件不存在!
2021-09-03 13:03:03 WARN  分配文件日志:88 - H:\清源镇中5.27理化实验录制视频\216121030099 文件不存在!
2021-09-03 13:03:03 WARN  分配文件日志:88 - H:\清源镇中5.27理化实验录制视频\216121030100_9 文件不存在!
2021-09-03 13:03:03 WARN  分配文件日志:88 - H:\清源镇中5.27理化实验录制视频\216121030102_9 文件不存在!
2021-09-03 13:03:03 WARN  分配文件日志:88 - H:\清源镇中5.27理化实验录制视频\216121030103_1 文件不存在!
2021-09-03 13:03:03 WARN  分配文件日志:88 - H:\清源镇中5.27理化实验录制视频\216121020001 文件不存在!
2021-09-03 13:03:03 WARN  分配文件日志:88 - H:\清源镇中5.27理化实验录制视频\216121020002 文件不存在!
2021-09-03 13:03:03 WARN  分配文件日志:88 - H:\清源镇中5.27理化实验录制视频\216121020003_9 文件不存在!
2021-09-03 13:03:03 WARN  分配文件日志:88 - H:\清源镇中5.27理化实验录制视频\216121020005 文件不存在!
2021-09-03 13:03:03 WARN  分配文件日志:88 - H:\清源镇中5.27理化实验录制视频\216121020008 文件不存在!
2021-09-03 13:03:03 WARN  分配文件日志:88 - H:\清源镇中5.27理化实验录制视频\216121020009 文件不存在!
2021-09-03 13:03:03 WARN  分配文件日志:88 - H:\清源镇中5.27理化实验录制视频\216121020010 文件不存在!
2021-09-03 13:03:03 WARN  分配文件日志:88 - H:\清源镇中5.27理化实验录制视频\216121020012 文件不存在!
2021-09-03 13:03:03 WARN  分配文件日志:88 - H:\清源镇中5.27理化实验录制视频\216121020014 文件不存在!
2021-09-03 13:03:03 WARN  分配文件日志:88 - H:\清源镇中5.27理化实验录制视频\216121020017 文件不存在!
2021-09-03 13:03:03 WARN  分配文件日志:88 - H:\清源镇中5.27理化实验录制视频\216121020018 文件不存在!
2021-09-03 13:03:03 WARN  分配文件日志:88 - H:\清源镇中5.27理化实验录制视频\216121020020 文件不存在!
2021-09-03 13:03:03 WARN  分配文件日志:88 - H:\清源镇中5.27理化实验录制视频\216121020021 文件不存在!
2021-09-03 13:03:03 WARN  分配文件日志:88 - H:\清源镇中5.27理化实验录制视频\216121020022 文件不存在!
2021-09-03 13:03:03 WARN  分配文件日志:88 - H:\清源镇中5.27理化实验录制视频\216121020023_9 文件不存在!
2021-09-03 13:03:03 WARN  分配文件日志:88 - H:\清源镇中5.27理化实验录制视频\216121020026 文件不存在!
2021-09-03 13:03:03 WARN  分配文件日志:88 - H:\清源镇中5.27理化实验录制视频\216121020027 文件不存在!
2021-09-03 13:03:03 WARN  分配文件日志:88 - H:\清源镇中5.27理化实验录制视频\216121020032 文件不存在!
2021-09-03 13:03:03 WARN  分配文件日志:88 - H:\清源镇中5.27理化实验录制视频\216121020033 文件不存在!
2021-09-03 13:03:03 WARN  分配文件日志:88 - H:\清源镇中5.27理化实验录制视频\216121020034 文件不存在!
2021-09-03 13:03:03 WARN  分配文件日志:88 - H:\清源镇中5.27理化实验录制视频\216121020038 文件不存在!
2021-09-03 13:03:03 WARN  分配文件日志:88 - H:\清源镇中5.27理化实验录制视频\216121020042 文件不存在!
2021-09-03 13:03:03 WARN  分配文件日志:88 - H:\清源镇中5.27理化实验录制视频\216121020043 文件不存在!
2021-09-03 13:03:03 WARN  分配文件日志:88 - H:\清源镇中5.27理化实验录制视频\216121020044 文件不存在!
2021-09-03 13:03:03 WARN  分配文件日志:88 - H:\清源镇中5.27理化实验录制视频\216121020046 文件不存在!
2021-09-03 13:03:03 WARN  分配文件日志:88 - H:\清源镇中5.27理化实验录制视频\216121020050_9 文件不存在!
2021-09-03 13:03:03 WARN  分配文件日志:88 - H:\清源镇中5.27理化实验录制视频\216121020051 文件不存在!
2021-09-03 13:03:03 WARN  分配文件日志:88 - H:\清源镇中5.27理化实验录制视频\216121020052 文件不存在!
2021-09-03 13:03:03 WARN  分配文件日志:88 - H:\清源镇中5.27理化实验录制视频\216121020053 文件不存在!
2021-09-03 13:03:03 WARN  分配文件日志:88 - H:\清源镇中5.27理化实验录制视频\216121020054 文件不存在!
2021-09-03 13:03:03 WARN  分配文件日志:88 - H:\清源镇中5.27理化实验录制视频\216121020055 文件不存在!
2021-09-03 13:03:03 WARN  分配文件日志:88 - H:\清源镇中5.27理化实验录制视频\216121020057_9 文件不存在!
2021-09-03 13:03:03 WARN  分配文件日志:88 - H:\清源镇中5.27理化实验录制视频\216121020058 文件不存在!
2021-09-03 13:03:03 WARN  分配文件日志:88 - H:\清源镇中5.27理化实验录制视频\216121020060 文件不存在!
2021-09-03 13:03:03 WARN  分配文件日志:88 - H:\清源镇中5.27理化实验录制视频\216121020064 文件不存在!
2021-09-03 13:03:03 WARN  分配文件日志:88 - H:\清源镇中5.27理化实验录制视频\216121020072 文件不存在!
2021-09-03 13:03:03 WARN  分配文件日志:88 - H:\清源镇中5.27理化实验录制视频\216121020073 文件不存在!
2021-09-03 13:03:03 WARN  分配文件日志:88 - H:\清源镇中5.27理化实验录制视频\216121020076 文件不存在!
2021-09-03 13:03:03 WARN  分配文件日志:88 - H:\清源镇中5.27理化实验录制视频\216121020078 文件不存在!
2021-09-03 13:03:03 WARN  分配文件日志:88 - H:\清源镇中5.27理化实验录制视频\216121020079_9 文件不存在!
2021-09-03 13:03:03 WARN  分配文件日志:88 - H:\清源镇中5.27理化实验录制视频\216121020080 文件不存在!
2021-09-03 13:03:03 WARN  分配文件日志:88 - H:\清源镇中5.27理化实验录制视频\216121020082 文件不存在!
2021-09-03 13:03:03 WARN  分配文件日志:88 - H:\清源镇中5.27理化实验录制视频\216121020084_9 文件不存在!
2021-09-03 13:03:03 WARN  分配文件日志:88 - H:\清源镇中5.27理化实验录制视频\216121020086_5 文件不存在!
2021-09-03 13:03:03 WARN  分配文件日志:88 - H:\清源镇中5.27理化实验录制视频\216121020088 文件不存在!
2021-09-03 13:03:03 WARN  分配文件日志:88 - H:\清源镇中5.27理化实验录制视频\216121020090_9 文件不存在!
2021-09-03 13:03:03 WARN  分配文件日志:88 - H:\清源镇中5.27理化实验录制视频\216121020092_8 文件不存在!
2021-09-03 13:03:03 WARN  分配文件日志:88 - H:\清源镇中5.27理化实验录制视频\216121010179_9 文件不存在!
2021-09-03 13:03:03 WARN  分配文件日志:88 - H:\清源镇中5.27理化实验录制视频\216121010182_9 文件不存在!
2021-09-03 13:03:03 WARN  分配文件日志:88 - H:\清源镇中5.27理化实验录制视频\216121010184_9 文件不存在!
2021-09-03 13:03:03 WARN  分配文件日志:88 - H:\清源镇中5.27理化实验录制视频\216121010186 文件不存在!
2021-09-03 13:03:03 WARN  分配文件日志:88 - H:\清源镇中5.27理化实验录制视频\216121010187 文件不存在!
2021-09-03 13:03:03 WARN  分配文件日志:88 - H:\清源镇中5.27理化实验录制视频\216121010189_8 文件不存在!
2021-09-03 13:03:03 WARN  分配文件日志:88 - H:\清源镇中5.27理化实验录制视频\216121010193 文件不存在!
2021-09-03 13:03:03 WARN  分配文件日志:88 - H:\清源镇中5.27理化实验录制视频\216121010195_9 文件不存在!
2021-09-03 13:03:03 WARN  分配文件日志:88 - H:\清源镇中5.27理化实验录制视频\216121010197 文件不存在!
2021-09-03 13:03:03 WARN  分配文件日志:88 - H:\清源镇中5.27理化实验录制视频\216121010198 文件不存在!
2021-09-03 13:03:03 WARN  分配文件日志:88 - H:\清源镇中5.27理化实验录制视频\216121010201 文件不存在!
2021-09-03 13:03:03 WARN  分配文件日志:88 - H:\清源镇中5.27理化实验录制视频\216121010203 文件不存在!
2021-09-03 13:03:03 WARN  分配文件日志:88 - H:\清源镇中5.27理化实验录制视频\216121010204 文件不存在!
2021-09-03 13:03:03 WARN  分配文件日志:88 - H:\清源镇中5.27理化实验录制视频\216121010205_8 文件不存在!
2021-09-03 13:03:03 WARN  分配文件日志:88 - H:\清源镇中5.27理化实验录制视频\216121010209_9 文件不存在!
2021-09-03 13:03:03 WARN  分配文件日志:88 - H:\清源镇中5.27理化实验录制视频\216121010210_8 文件不存在!
2021-09-03 13:03:03 WARN  分配文件日志:88 - H:\清源镇中5.27理化实验录制视频\216121010215_9 文件不存在!
2021-09-03 13:03:03 WARN  分配文件日志:88 - H:\清源镇中5.27理化实验录制视频\216121010216 文件不存在!
2021-09-03 13:03:03 WARN  分配文件日志:88 - H:\清源镇中5.27理化实验录制视频\216121010217 文件不存在!
2021-09-03 13:03:03 WARN  分配文件日志:88 - H:\清源镇中5.27理化实验录制视频\216121010219_9 文件不存在!
2021-09-03 13:03:03 WARN  分配文件日志:88 - H:\清源镇中5.27理化实验录制视频\216121010220_8 文件不存在!
2021-09-03 13:03:03 WARN  分配文件日志:88 - H:\清源镇中5.27理化实验录制视频\216121010222 文件不存在!
2021-09-03 13:03:03 WARN  分配文件日志:88 - H:\清源镇中5.27理化实验录制视频\216121010223_5 文件不存在!
2021-09-03 13:03:03 WARN  分配文件日志:88 - H:\清源镇中5.27理化实验录制视频\216121010225 文件不存在!
2021-09-03 13:03:04 INFO  分配文件日志:101 - H:\清源镇中5.27理化实验录制视频\216121040005 传输完成
2021-09-03 13:03:05 INFO  分配文件日志:101 - H:\清源镇中5.27理化实验录制视频\216121040006 传输完成
2021-09-03 13:03:06 INFO  分配文件日志:101 - H:\清源镇中5.27理化实验录制视频\216121040007 传输完成
2021-09-03 13:03:07 INFO  分配文件日志:101 - H:\清源镇中5.27理化实验录制视频\216121040008 传输完成
2021-09-03 13:03:08 INFO  分配文件日志:101 - H:\清源镇中5.27理化实验录制视频\216121040013 传输完成
2021-09-03 13:03:09 INFO  分配文件日志:101 - H:\清源镇中5.27理化实验录制视频\216121040016 传输完成
2021-09-03 13:03:10 INFO  分配文件日志:101 - H:\清源镇中5.27理化实验录制视频\216121040017 传输完成
2021-09-03 13:03:11 INFO  分配文件日志:101 - H:\清源镇中5.27理化实验录制视频\216121040020 传输完成
2021-09-03 13:03:12 INFO  分配文件日志:101 - H:\清源镇中5.27理化实验录制视频\216121040021_8 传输完成
2021-09-03 13:03:13 INFO  分配文件日志:101 - H:\清源镇中5.27理化实验录制视频\216121040023_8 传输完成
2021-09-03 13:03:14 INFO  分配文件日志:101 - H:\清源镇中5.27理化实验录制视频\216121040024 传输完成
2021-09-03 13:03:15 INFO  分配文件日志:101 - H:\清源镇中5.27理化实验录制视频\216121040025 传输完成
2021-09-03 13:03:16 INFO  分配文件日志:101 - H:\清源镇中5.27理化实验录制视频\216121040026 传输完成
2021-09-03 13:03:17 INFO  分配文件日志:101 - H:\清源镇中5.27理化实验录制视频\216121040030 传输完成
2021-09-03 13:03:18 INFO  分配文件日志:101 - H:\清源镇中5.27理化实验录制视频\216121040034_3 传输完成
2021-09-03 13:03:19 INFO  分配文件日志:101 - H:\清源镇中5.27理化实验录制视频\216121040035_5 传输完成
2021-09-03 13:03:20 INFO  分配文件日志:101 - H:\清源镇中5.27理化实验录制视频\216121040037 传输完成
2021-09-03 13:03:22 INFO  分配文件日志:101 - H:\清源镇中5.27理化实验录制视频\216121040038 传输完成
2021-09-03 13:03:23 INFO  分配文件日志:101 - H:\清源镇中5.27理化实验录制视频\216121040039 传输完成
2021-09-03 13:03:24 INFO  分配文件日志:101 - H:\清源镇中5.27理化实验录制视频\216121040042 传输完成
2021-09-03 13:03:25 INFO  分配文件日志:101 - H:\清源镇中5.27理化实验录制视频\216121040043_9 传输完成
2021-09-03 13:03:26 INFO  分配文件日志:101 - H:\清源镇中5.27理化实验录制视频\216121040044 传输完成
2021-09-03 13:03:27 INFO  分配文件日志:101 - H:\清源镇中5.27理化实验录制视频\216121040047 传输完成
2021-09-03 13:03:28 INFO  分配文件日志:101 - H:\清源镇中5.27理化实验录制视频\216121040048 传输完成
2021-09-03 13:03:29 INFO  分配文件日志:101 - H:\清源镇中5.27理化实验录制视频\216121040050 传输完成
2021-09-03 13:03:30 INFO  分配文件日志:101 - H:\清源镇中5.27理化实验录制视频\216121040051_8 传输完成
2021-09-03 13:03:31 INFO  分配文件日志:101 - H:\清源镇中5.27理化实验录制视频\216121040052 传输完成
2021-09-03 13:03:32 INFO  分配文件日志:101 - H:\清源镇中5.27理化实验录制视频\216121040058_4 传输完成
2021-09-03 13:03:33 INFO  分配文件日志:101 - H:\清源镇中5.27理化实验录制视频\216121040060 传输完成
2021-09-03 13:03:34 INFO  分配文件日志:101 - H:\清源镇中5.27理化实验录制视频\216121040062 传输完成
2021-09-03 13:03:35 INFO  分配文件日志:101 - H:\清源镇中5.27理化实验录制视频\216121040065 传输完成
2021-09-03 13:03:36 INFO  分配文件日志:101 - H:\清源镇中5.27理化实验录制视频\216121040067 传输完成
2021-09-03 13:03:38 INFO  分配文件日志:101 - H:\清源镇中5.27理化实验录制视频\216121040069 传输完成
2021-09-03 13:03:39 INFO  分配文件日志:101 - H:\清源镇中5.27理化实验录制视频\216121040070 传输完成
2021-09-03 13:03:40 INFO  分配文件日志:101 - H:\清源镇中5.27理化实验录制视频\216121040072 传输完成
2021-09-03 13:03:41 INFO  分配文件日志:101 - H:\清源镇中5.27理化实验录制视频\216121040073_9 传输完成
2021-09-03 13:03:43 INFO  分配文件日志:101 - H:\清源镇中5.27理化实验录制视频\216121040074 传输完成
2021-09-03 13:03:44 INFO  分配文件日志:101 - H:\清源镇中5.27理化实验录制视频\216121040075 传输完成
2021-09-03 13:03:45 INFO  分配文件日志:101 - H:\清源镇中5.27理化实验录制视频\216121040076 传输完成
2021-09-03 13:03:45 INFO  分配文件日志:101 - H:\清源镇中5.27理化实验录制视频\216121040079 传输完成
2021-09-03 13:03:47 INFO  分配文件日志:101 - H:\清源镇中5.27理化实验录制视频\216121040082 传输完成
2021-09-03 13:03:48 INFO  分配文件日志:101 - H:\清源镇中5.27理化实验录制视频\216121040083 传输完成
2021-09-03 13:03:49 INFO  分配文件日志:101 - H:\清源镇中5.27理化实验录制视频\216121040086 传输完成
2021-09-03 13:03:50 INFO  分配文件日志:101 - H:\清源镇中5.27理化实验录制视频\216121040089 传输完成
2021-09-03 13:03:51 INFO  分配文件日志:101 - H:\清源镇中5.27理化实验录制视频\216121040091 传输完成
2021-09-03 13:03:51 INFO  分配文件日志:101 - H:\清源镇中5.27理化实验录制视频\216121040092 传输完成
2021-09-03 13:03:52 INFO  分配文件日志:101 - H:\清源镇中5.27理化实验录制视频\216121040093 传输完成
2021-09-03 13:03:54 INFO  分配文件日志:101 - H:\清源镇中5.27理化实验录制视频\216121040094_7 传输完成
2021-09-03 13:03:54 WARN  分配文件日志:71 - 216121040097 该学生缺考
2021-09-03 13:03:55 INFO  分配文件日志:101 - H:\清源镇中5.27理化实验录制视频\216121040102_9 传输完成
2021-09-03 13:03:55 WARN  分配文件日志:71 - 216121040103 该学生缺考
2021-09-03 13:03:55 WARN  分配文件日志:71 - 216121040104 该学生缺考
2021-09-03 13:03:56 INFO  分配文件日志:101 - H:\清源镇中5.27理化实验录制视频\216121050002 传输完成
2021-09-03 13:03:57 INFO  分配文件日志:101 - H:\清源镇中5.27理化实验录制视频\216121050004 传输完成
2021-09-03 13:03:57 INFO  分配文件日志:101 - H:\清源镇中5.27理化实验录制视频\216121050006 传输完成
2021-09-03 13:03:58 INFO  分配文件日志:101 - H:\清源镇中5.27理化实验录制视频\216121050007_9 传输完成
2021-09-03 13:03:59 INFO  分配文件日志:101 - H:\清源镇中5.27理化实验录制视频\216121050009 传输完成
2021-09-03 13:04:00 INFO  分配文件日志:101 - H:\清源镇中5.27理化实验录制视频\216121050010 传输完成
2021-09-03 13:04:01 INFO  分配文件日志:101 - H:\清源镇中5.27理化实验录制视频\216121050012 传输完成
2021-09-03 13:04:02 INFO  分配文件日志:101 - H:\清源镇中5.27理化实验录制视频\216121050013 传输完成
2021-09-03 13:04:03 INFO  分配文件日志:101 - H:\清源镇中5.27理化实验录制视频\216121050015_8 传输完成
2021-09-03 13:04:04 INFO  分配文件日志:101 - H:\清源镇中5.27理化实验录制视频\216121050017 传输完成
2021-09-03 13:04:06 INFO  分配文件日志:101 - H:\清源镇中5.27理化实验录制视频\216121050018 传输完成
2021-09-03 13:04:06 INFO  分配文件日志:101 - H:\清源镇中5.27理化实验录制视频\216121050019 传输完成
2021-09-03 13:04:07 INFO  分配文件日志:101 - H:\清源镇中5.27理化实验录制视频\216121050021_8 传输完成
2021-09-03 13:04:08 INFO  分配文件日志:101 - H:\清源镇中5.27理化实验录制视频\216121050022_9 传输完成
2021-09-03 13:04:09 INFO  分配文件日志:101 - H:\清源镇中5.27理化实验录制视频\216121050023_9 传输完成
2021-09-03 13:04:10 INFO  分配文件日志:101 - H:\清源镇中5.27理化实验录制视频\216121050024 传输完成
2021-09-03 13:04:11 INFO  分配文件日志:101 - H:\清源镇中5.27理化实验录制视频\216121050027 传输完成
2021-09-03 13:04:12 INFO  分配文件日志:101 - H:\清源镇中5.27理化实验录制视频\216121050033_5 传输完成
2021-09-03 13:04:13 INFO  分配文件日志:101 - H:\清源镇中5.27理化实验录制视频\216121050038 传输完成
2021-09-03 13:04:14 INFO  分配文件日志:101 - H:\清源镇中5.27理化实验录制视频\216121050040 传输完成
2021-09-03 13:04:15 INFO  分配文件日志:101 - H:\清源镇中5.27理化实验录制视频\216121050041_9 传输完成
2021-09-03 13:04:16 INFO  分配文件日志:101 - H:\清源镇中5.27理化实验录制视频\216121050043 传输完成
2021-09-03 13:04:17 INFO  分配文件日志:101 - H:\清源镇中5.27理化实验录制视频\216121050045 传输完成
2021-09-03 13:04:18 INFO  分配文件日志:101 - H:\清源镇中5.27理化实验录制视频\216121050046 传输完成
2021-09-03 13:04:19 INFO  分配文件日志:101 - H:\清源镇中5.27理化实验录制视频\216121050048 传输完成
2021-09-03 13:04:20 INFO  分配文件日志:101 - H:\清源镇中5.27理化实验录制视频\216121050049 传输完成
2021-09-03 13:04:22 INFO  分配文件日志:101 - H:\清源镇中5.27理化实验录制视频\216121050054_9 传输完成
2021-09-03 13:04:23 INFO  分配文件日志:101 - H:\清源镇中5.27理化实验录制视频\216121050055 传输完成
2021-09-03 13:04:24 INFO  分配文件日志:101 - H:\清源镇中5.27理化实验录制视频\216121050056 传输完成
2021-09-03 13:04:25 INFO  分配文件日志:101 - H:\清源镇中5.27理化实验录制视频\216121050058 传输完成
2021-09-03 13:04:27 INFO  分配文件日志:101 - H:\清源镇中5.27理化实验录制视频\216121050060 传输完成
2021-09-03 13:04:28 INFO  分配文件日志:101 - H:\清源镇中5.27理化实验录制视频\216121050062 传输完成
2021-09-03 13:04:29 INFO  分配文件日志:101 - H:\清源镇中5.27理化实验录制视频\216121050063 传输完成
2021-09-03 13:04:30 INFO  分配文件日志:101 - H:\清源镇中5.27理化实验录制视频\216121050064 传输完成
2021-09-03 13:04:30 INFO  分配文件日志:101 - H:\清源镇中5.27理化实验录制视频\216121050066_7 传输完成
2021-09-03 13:04:31 INFO  分配文件日志:101 - H:\清源镇中5.27理化实验录制视频\216121050069 传输完成
2021-09-03 13:04:32 INFO  分配文件日志:101 - H:\清源镇中5.27理化实验录制视频\216121050070_8 传输完成
2021-09-03 13:04:33 INFO  分配文件日志:101 - H:\清源镇中5.27理化实验录制视频\216121050071_8 传输完成
2021-09-03 13:04:34 INFO  分配文件日志:101 - H:\清源镇中5.27理化实验录制视频\216121050072 传输完成
2021-09-03 13:04:35 INFO  分配文件日志:101 - H:\清源镇中5.27理化实验录制视频\216121050076 传输完成
2021-09-03 13:04:36 INFO  分配文件日志:101 - H:\清源镇中5.27理化实验录制视频\216121050077 传输完成
2021-09-03 13:04:37 INFO  分配文件日志:101 - H:\清源镇中5.27理化实验录制视频\216121050080 传输完成
2021-09-03 13:04:38 INFO  分配文件日志:101 - H:\清源镇中5.27理化实验录制视频\216121050085 传输完成
2021-09-03 13:04:39 INFO  分配文件日志:101 - H:\清源镇中5.27理化实验录制视频\216121050086 传输完成
2021-09-03 13:04:40 INFO  分配文件日志:101 - H:\清源镇中5.27理化实验录制视频\216121050089 传输完成
2021-09-03 13:04:40 INFO  分配文件日志:101 - H:\清源镇中5.27理化实验录制视频\216121050090 传输完成
2021-09-03 13:04:41 INFO  分配文件日志:101 - H:\清源镇中5.27理化实验录制视频\216121050091 传输完成
2021-09-03 13:04:42 INFO  分配文件日志:101 - H:\清源镇中5.27理化实验录制视频\216121050094 传输完成
2021-09-03 13:04:43 INFO  分配文件日志:101 - H:\清源镇中5.27理化实验录制视频\216121050098 传输完成
2021-09-03 13:04:44 INFO  分配文件日志:101 - H:\清源镇中5.27理化实验录制视频\216121050100_8 传输完成
2021-09-03 13:04:45 INFO  分配文件日志:101 - H:\清源镇中5.27理化实验录制视频\216121050101 传输完成
2021-09-03 13:04:46 INFO  分配文件日志:101 - H:\清源镇中5.27理化实验录制视频\216121050103 传输完成
2021-09-03 13:04:47 INFO  分配文件日志:101 - H:\清源镇中5.27理化实验录制视频\216121050105 传输完成
2021-09-03 13:04:48 INFO  分配文件日志:101 - H:\清源镇中5.27理化实验录制视频\216121050106_4 传输完成
2021-09-03 13:04:49 INFO  分配文件日志:101 - H:\清源镇中5.27理化实验录制视频\216121050108 传输完成
2021-09-03 13:04:50 INFO  分配文件日志:101 - H:\清源镇中5.27理化实验录制视频\216121050110 传输完成
2021-09-03 13:04:51 INFO  分配文件日志:101 - H:\清源镇中5.27理化实验录制视频\216121050111_9 传输完成
2021-09-03 13:04:52 INFO  分配文件日志:101 - H:\清源镇中5.27理化实验录制视频\216121050113 传输完成
2021-09-03 13:04:53 INFO  分配文件日志:101 - H:\清源镇中5.27理化实验录制视频\216121050119 传输完成
2021-09-03 13:04:54 INFO  分配文件日志:101 - H:\清源镇中5.27理化实验录制视频\216121050120 传输完成
2021-09-03 13:04:55 INFO  分配文件日志:101 - H:\清源镇中5.27理化实验录制视频\216121050122 传输完成
2021-09-03 13:04:56 INFO  分配文件日志:101 - H:\清源镇中5.27理化实验录制视频\216121050125_9 传输完成
2021-09-03 13:04:57 INFO  分配文件日志:101 - H:\清源镇中5.27理化实验录制视频\216121050127 传输完成
2021-09-03 13:04:58 INFO  分配文件日志:101 - H:\清源镇中5.27理化实验录制视频\216121050129 传输完成
2021-09-03 13:04:59 INFO  分配文件日志:101 - H:\清源镇中5.27理化实验录制视频\216121050130 传输完成
2021-09-03 13:05:00 INFO  分配文件日志:101 - H:\清源镇中5.27理化实验录制视频\216121050131 传输完成
2021-09-03 13:05:01 INFO  分配文件日志:101 - H:\清源镇中5.27理化实验录制视频\216121050135 传输完成
2021-09-03 13:05:03 INFO  分配文件日志:101 - H:\清源镇中5.27理化实验录制视频\216121050136 传输完成
2021-09-03 13:05:03 INFO  分配文件日志:101 - H:\清源镇中5.27理化实验录制视频\216121050139_6 传输完成
2021-09-03 13:05:04 INFO  分配文件日志:101 - H:\清源镇中5.27理化实验录制视频\216121050140_5 传输完成
2021-09-03 13:05:05 INFO  分配文件日志:101 - H:\清源镇中5.27理化实验录制视频\216121050142_8 传输完成
2021-09-03 13:05:06 INFO  分配文件日志:101 - H:\清源镇中5.27理化实验录制视频\216121050145 传输完成
2021-09-03 13:05:07 INFO  分配文件日志:101 - H:\清源镇中5.27理化实验录制视频\216121050151 传输完成
2021-09-03 13:05:08 INFO  分配文件日志:101 - H:\清源镇中5.27理化实验录制视频\216121050154 传输完成
2021-09-03 13:05:09 INFO  分配文件日志:101 - H:\清源镇中5.27理化实验录制视频\216121050156 传输完成
2021-09-03 13:05:10 INFO  分配文件日志:101 - H:\清源镇中5.27理化实验录制视频\216121050158_9 传输完成
2021-09-03 13:05:12 INFO  分配文件日志:101 - H:\清源镇中5.27理化实验录制视频\216121050162 传输完成
2021-09-03 13:05:13 INFO  分配文件日志:101 - H:\清源镇中5.27理化实验录制视频\216121050164_9 传输完成
2021-09-03 13:05:14 INFO  分配文件日志:101 - H:\清源镇中5.27理化实验录制视频\216121050166_9 传输完成
2021-09-03 13:05:15 INFO  分配文件日志:101 - H:\清源镇中5.27理化实验录制视频\216121050167 传输完成
2021-09-03 13:05:16 INFO  分配文件日志:101 - H:\清源镇中5.27理化实验录制视频\216121050168_9 传输完成
2021-09-03 13:05:17 INFO  分配文件日志:101 - H:\清源镇中5.27理化实验录制视频\216121050169 传输完成
2021-09-03 13:05:18 INFO  分配文件日志:101 - H:\清源镇中5.27理化实验录制视频\216121050171 传输完成
2021-09-03 13:05:18 WARN  分配文件日志:71 - 216121050172 该学生缺考
2021-09-03 13:05:19 INFO  分配文件日志:101 - H:\清源镇中5.27理化实验录制视频\216121050173_8 传输完成
2021-09-03 13:05:20 INFO  分配文件日志:101 - H:\清源镇中5.27理化实验录制视频\216121050176_9 传输完成
2021-09-03 13:05:21 INFO  分配文件日志:101 - H:\清源镇中5.27理化实验录制视频\216121050178_9 传输完成
2021-09-03 13:05:22 INFO  分配文件日志:101 - H:\清源镇中5.27理化实验录制视频\216121050179 传输完成
2021-09-03 13:05:23 INFO  分配文件日志:101 - H:\清源镇中5.27理化实验录制视频\216121050180 传输完成
2021-09-03 13:05:24 INFO  分配文件日志:101 - H:\清源镇中5.27理化实验录制视频\216121050181 传输完成
2021-09-03 13:05:25 INFO  分配文件日志:101 - H:\清源镇中5.27理化实验录制视频\216121050182_9 传输完成
2021-09-03 13:05:26 INFO  分配文件日志:101 - H:\清源镇中5.27理化实验录制视频\216121050184 传输完成
2021-09-03 13:05:27 INFO  分配文件日志:101 - H:\清源镇中5.27理化实验录制视频\216121050185 传输完成
2021-09-03 13:05:28 INFO  分配文件日志:101 - H:\清源镇中5.27理化实验录制视频\216121050186 传输完成
2021-09-03 13:05:29 INFO  分配文件日志:101 - H:\清源镇中5.27理化实验录制视频\216121050188 传输完成
2021-09-03 13:05:30 INFO  分配文件日志:101 - H:\清源镇中5.27理化实验录制视频\216121050189 传输完成
2021-09-03 13:05:31 INFO  分配文件日志:101 - H:\清源镇中5.27理化实验录制视频\216121050191 传输完成
2021-09-03 13:05:32 INFO  分配文件日志:101 - H:\清源镇中5.27理化实验录制视频\216121050196 传输完成
2021-09-03 13:05:34 INFO  分配文件日志:101 - H:\清源镇中5.27理化实验录制视频\216121050200 传输完成
2021-09-03 13:05:35 INFO  分配文件日志:101 - H:\清源镇中5.27理化实验录制视频\216121050204 传输完成
2021-09-03 13:05:36 INFO  分配文件日志:101 - H:\清源镇中5.27理化实验录制视频\216121050206_8 传输完成
2021-09-03 13:05:37 INFO  分配文件日志:101 - H:\清源镇中5.27理化实验录制视频\216121050208_9 传输完成
2021-09-03 13:05:37 INFO  分配文件日志:101 - H:\清源镇中5.27理化实验录制视频\216121050209_9 传输完成
2021-09-03 13:05:39 INFO  分配文件日志:101 - H:\清源镇中5.27理化实验录制视频\216121050210 传输完成
2021-09-03 13:05:40 INFO  分配文件日志:101 - H:\清源镇中5.27理化实验录制视频\216121050212 传输完成
2021-09-03 13:05:41 INFO  分配文件日志:101 - H:\清源镇中5.27理化实验录制视频\216121050213 传输完成
2021-09-03 13:05:42 INFO  分配文件日志:101 - H:\清源镇中5.27理化实验录制视频\216121050214_4 传输完成
2021-09-03 13:05:43 INFO  分配文件日志:101 - H:\清源镇中5.27理化实验录制视频\216121050217_8 传输完成
2021-09-03 13:05:44 INFO  分配文件日志:101 - H:\清源镇中5.27理化实验录制视频\216121070002 传输完成
2021-09-03 13:05:45 INFO  分配文件日志:101 - H:\清源镇中5.27理化实验录制视频\216121070004 传输完成
2021-09-03 13:05:46 INFO  分配文件日志:101 - H:\清源镇中5.27理化实验录制视频\216121070005 传输完成
2021-09-03 13:05:47 INFO  分配文件日志:101 - H:\清源镇中5.27理化实验录制视频\216121070009 传输完成
2021-09-03 13:05:48 INFO  分配文件日志:101 - H:\清源镇中5.27理化实验录制视频\216121070010 传输完成
2021-09-03 13:05:49 INFO  分配文件日志:101 - H:\清源镇中5.27理化实验录制视频\216121070011 传输完成
2021-09-03 13:05:50 INFO  分配文件日志:101 - H:\清源镇中5.27理化实验录制视频\216121070013_8 传输完成
2021-09-03 13:05:51 INFO  分配文件日志:101 - H:\清源镇中5.27理化实验录制视频\216121070014 传输完成
2021-09-03 13:05:52 INFO  分配文件日志:101 - H:\清源镇中5.27理化实验录制视频\216121070018 传输完成
2021-09-03 13:05:53 INFO  分配文件日志:101 - H:\清源镇中5.27理化实验录制视频\216121070020 传输完成
2021-09-03 13:05:54 INFO  分配文件日志:101 - H:\清源镇中5.27理化实验录制视频\216121070023 传输完成
2021-09-03 13:05:56 INFO  分配文件日志:101 - H:\清源镇中5.27理化实验录制视频\216121070027_9 传输完成
2021-09-03 13:05:57 INFO  分配文件日志:101 - H:\清源镇中5.27理化实验录制视频\216121070028 传输完成
2021-09-03 13:05:58 INFO  分配文件日志:101 - H:\清源镇中5.27理化实验录制视频\216121070032 传输完成
2021-09-03 13:05:59 INFO  分配文件日志:101 - H:\清源镇中5.27理化实验录制视频\216121070035_9 传输完成
2021-09-03 13:05:59 INFO  分配文件日志:101 - H:\清源镇中5.27理化实验录制视频\216121070036 传输完成
2021-09-03 13:06:01 INFO  分配文件日志:101 - H:\清源镇中5.27理化实验录制视频\216121070038 传输完成
2021-09-03 13:06:02 INFO  分配文件日志:101 - H:\清源镇中5.27理化实验录制视频\216121070039 传输完成
2021-09-03 13:06:03 INFO  分配文件日志:101 - H:\清源镇中5.27理化实验录制视频\216121070041_9 传输完成
2021-09-03 13:06:03 INFO  分配文件日志:101 - H:\清源镇中5.27理化实验录制视频\216121070042_9 传输完成
2021-09-03 13:06:05 INFO  分配文件日志:101 - H:\清源镇中5.27理化实验录制视频\216121070045_9 传输完成
2021-09-03 13:06:06 INFO  分配文件日志:101 - H:\清源镇中5.27理化实验录制视频\216121070046_8 传输完成
2021-09-03 13:06:07 INFO  分配文件日志:101 - H:\清源镇中5.27理化实验录制视频\216121070047 传输完成
2021-09-03 13:06:08 INFO  分配文件日志:101 - H:\清源镇中5.27理化实验录制视频\216121070048 传输完成
2021-09-03 13:06:09 INFO  分配文件日志:101 - H:\清源镇中5.27理化实验录制视频\216121070049 传输完成
2021-09-03 13:06:10 INFO  分配文件日志:101 - H:\清源镇中5.27理化实验录制视频\216121070050 传输完成
2021-09-03 13:06:11 INFO  分配文件日志:101 - H:\清源镇中5.27理化实验录制视频\216121070051 传输完成
2021-09-03 13:06:12 INFO  分配文件日志:101 - H:\清源镇中5.27理化实验录制视频\216121070053 传输完成
2021-09-03 13:06:13 INFO  分配文件日志:101 - H:\清源镇中5.27理化实验录制视频\216121070055 传输完成
2021-09-03 13:06:14 INFO  分配文件日志:101 - H:\清源镇中5.27理化实验录制视频\216121070056 传输完成
2021-09-03 13:06:15 INFO  分配文件日志:101 - H:\清源镇中5.27理化实验录制视频\216121070058 传输完成
2021-09-03 13:06:16 INFO  分配文件日志:101 - H:\清源镇中5.27理化实验录制视频\216121070059_-1 传输完成
2021-09-03 13:06:17 INFO  分配文件日志:101 - H:\清源镇中5.27理化实验录制视频\216121070064 传输完成
2021-09-03 13:06:18 INFO  分配文件日志:101 - H:\清源镇中5.27理化实验录制视频\216121070067 传输完成
2021-09-03 13:06:20 INFO  分配文件日志:101 - H:\清源镇中5.27理化实验录制视频\216121070068_9 传输完成
2021-09-03 13:06:21 INFO  分配文件日志:101 - H:\清源镇中5.27理化实验录制视频\216121070069 传输完成
2021-09-03 13:06:22 INFO  分配文件日志:101 - H:\清源镇中5.27理化实验录制视频\216121070072 传输完成
2021-09-03 13:06:23 INFO  分配文件日志:101 - H:\清源镇中5.27理化实验录制视频\216121070076 传输完成
2021-09-03 13:06:24 INFO  分配文件日志:101 - H:\清源镇中5.27理化实验录制视频\216121070078_9 传输完成
2021-09-03 13:06:25 INFO  分配文件日志:101 - H:\清源镇中5.27理化实验录制视频\216121070079 传输完成
2021-09-03 13:06:26 INFO  分配文件日志:101 - H:\清源镇中5.27理化实验录制视频\216121070081_9 传输完成
2021-09-03 13:06:27 INFO  分配文件日志:101 - H:\清源镇中5.27理化实验录制视频\216121070082 传输完成
2021-09-03 13:06:29 INFO  分配文件日志:101 - H:\清源镇中5.27理化实验录制视频\216121070084 传输完成
2021-09-03 13:06:30 INFO  分配文件日志:101 - H:\清源镇中5.27理化实验录制视频\216121070085_9 传输完成
2021-09-03 13:06:31 INFO  分配文件日志:101 - H:\清源镇中5.27理化实验录制视频\216121070087 传输完成
2021-09-03 13:06:32 INFO  分配文件日志:101 - H:\清源镇中5.27理化实验录制视频\216121070091_6 传输完成
2021-09-03 13:06:33 INFO  分配文件日志:101 - H:\清源镇中5.27理化实验录制视频\216121070094_7 传输完成
2021-09-03 13:06:34 INFO  分配文件日志:101 - H:\清源镇中5.27理化实验录制视频\216121070095_3 传输完成
2021-09-03 13:06:35 INFO  分配文件日志:101 - H:\清源镇中5.27理化实验录制视频\216121070098 传输完成
2021-09-03 13:06:36 INFO  分配文件日志:101 - H:\清源镇中5.27理化实验录制视频\216121070099 传输完成
2021-09-03 13:06:37 INFO  分配文件日志:101 - H:\清源镇中5.27理化实验录制视频\216121070100 传输完成
2021-09-03 13:06:38 INFO  分配文件日志:101 - H:\清源镇中5.27理化实验录制视频\216121070102 传输完成
2021-09-03 13:06:39 INFO  分配文件日志:101 - H:\清源镇中5.27理化实验录制视频\216121070106 传输完成
2021-09-03 13:06:40 INFO  分配文件日志:101 - H:\清源镇中5.27理化实验录制视频\216121070108 传输完成
2021-09-03 13:06:42 INFO  分配文件日志:101 - H:\清源镇中5.27理化实验录制视频\216121070109 传输完成
2021-09-03 13:06:42 INFO  分配文件日志:101 - H:\清源镇中5.27理化实验录制视频\216121070111 传输完成
2021-09-03 13:06:43 INFO  分配文件日志:101 - H:\清源镇中5.27理化实验录制视频\216121070112 传输完成
2021-09-03 13:06:44 INFO  分配文件日志:101 - H:\清源镇中5.27理化实验录制视频\216121070115 传输完成
2021-09-03 13:06:46 INFO  分配文件日志:101 - H:\清源镇中5.27理化实验录制视频\216121070116 传输完成
2021-09-03 13:06:47 INFO  分配文件日志:101 - H:\清源镇中5.27理化实验录制视频\216121070117_8 传输完成
2021-09-03 13:06:48 INFO  分配文件日志:101 - H:\清源镇中5.27理化实验录制视频\216121070124_9 传输完成
2021-09-03 13:06:49 INFO  分配文件日志:101 - H:\清源镇中5.27理化实验录制视频\216121070125_8 传输完成
2021-09-03 13:06:50 INFO  分配文件日志:101 - H:\清源镇中5.27理化实验录制视频\216121070127_9 传输完成
2021-09-03 13:06:52 INFO  分配文件日志:101 - H:\清源镇中5.27理化实验录制视频\216121070130 传输完成
2021-09-03 13:06:53 INFO  分配文件日志:101 - H:\清源镇中5.27理化实验录制视频\216121070133_8 传输完成
2021-09-03 13:06:54 INFO  分配文件日志:101 - H:\清源镇中5.27理化实验录制视频\216121070136_8 传输完成
2021-09-03 13:06:55 INFO  分配文件日志:101 - H:\清源镇中5.27理化实验录制视频\216121070137_6 传输完成
2021-09-03 13:06:57 INFO  分配文件日志:101 - H:\清源镇中5.27理化实验录制视频\216121070138_9 传输完成
2021-09-03 13:06:58 INFO  分配文件日志:101 - H:\清源镇中5.27理化实验录制视频\216121070139 传输完成
2021-09-03 13:06:59 INFO  分配文件日志:101 - H:\清源镇中5.27理化实验录制视频\216121070140_9 传输完成
2021-09-03 13:07:00 INFO  分配文件日志:101 - H:\清源镇中5.27理化实验录制视频\216121070141_9 传输完成
2021-09-03 13:07:01 INFO  分配文件日志:101 - H:\清源镇中5.27理化实验录制视频\216121070142_1 传输完成
2021-09-03 13:07:02 INFO  分配文件日志:101 - H:\清源镇中5.27理化实验录制视频\216121010229 传输完成
2021-09-03 13:07:03 INFO  分配文件日志:101 - H:\清源镇中5.27理化实验录制视频\216121010230 传输完成
2021-09-03 13:07:04 INFO  分配文件日志:101 - H:\清源镇中5.27理化实验录制视频\216121010231 传输完成
2021-09-03 13:07:05 INFO  分配文件日志:101 - H:\清源镇中5.27理化实验录制视频\216121010234_9 传输完成
2021-09-03 13:07:06 INFO  分配文件日志:101 - H:\清源镇中5.27理化实验录制视频\216121010236_5 传输完成
2021-09-03 13:07:07 INFO  分配文件日志:101 - H:\清源镇中5.27理化实验录制视频\216121010238 传输完成
2021-09-03 13:07:09 INFO  分配文件日志:101 - H:\清源镇中5.27理化实验录制视频\216121010239 传输完成
2021-09-03 13:07:10 INFO  分配文件日志:101 - H:\清源镇中5.27理化实验录制视频\216121010244 传输完成
2021-09-03 13:07:11 INFO  分配文件日志:101 - H:\清源镇中5.27理化实验录制视频\216121010245 传输完成
2021-09-03 13:07:12 INFO  分配文件日志:101 - H:\清源镇中5.27理化实验录制视频\216121010246 传输完成
2021-09-03 13:07:13 INFO  分配文件日志:101 - H:\清源镇中5.27理化实验录制视频\216121010247 传输完成
2021-09-03 13:07:14 INFO  分配文件日志:101 - H:\清源镇中5.27理化实验录制视频\216121010250_8 传输完成
2021-09-03 13:07:15 INFO  分配文件日志:101 - H:\清源镇中5.27理化实验录制视频\216121010253_7 传输完成
2021-09-03 13:07:16 INFO  分配文件日志:101 - H:\清源镇中5.27理化实验录制视频\216121010257 传输完成
2021-09-03 13:07:17 INFO  分配文件日志:101 - H:\清源镇中5.27理化实验录制视频\216121010258_8 传输完成
2021-09-03 13:07:18 INFO  分配文件日志:101 - H:\清源镇中5.27理化实验录制视频\216121010259 传输完成
2021-09-03 13:07:19 INFO  分配文件日志:101 - H:\清源镇中5.27理化实验录制视频\216121010260_6 传输完成
2021-09-03 13:07:20 INFO  分配文件日志:101 - H:\清源镇中5.27理化实验录制视频\216121010262_9 传输完成
2021-09-03 13:07:21 INFO  分配文件日志:101 - H:\清源镇中5.27理化实验录制视频\216121010263_7 传输完成
2021-09-03 13:07:22 INFO  分配文件日志:101 - H:\清源镇中5.27理化实验录制视频\216121010264 传输完成
2021-09-03 13:07:23 INFO  分配文件日志:101 - H:\清源镇中5.27理化实验录制视频\216121010268 传输完成
2021-09-03 13:07:24 INFO  分配文件日志:101 - H:\清源镇中5.27理化实验录制视频\216121010271 传输完成
2021-09-03 13:07:25 INFO  分配文件日志:101 - H:\清源镇中5.27理化实验录制视频\216121010274 传输完成
2021-09-03 13:07:27 INFO  分配文件日志:101 - H:\清源镇中5.27理化实验录制视频\216121010276 传输完成
2021-09-03 13:07:27 INFO  分配文件日志:101 - H:\清源镇中5.27理化实验录制视频\216121010277_9 传输完成
2021-09-03 13:07:28 INFO  分配文件日志:101 - H:\清源镇中5.27理化实验录制视频\216121010279 传输完成
2021-09-03 13:07:29 INFO  分配文件日志:101 - H:\清源镇中5.27理化实验录制视频\216121010287 传输完成
2021-09-03 13:07:31 INFO  分配文件日志:101 - H:\清源镇中5.27理化实验录制视频\216121010288 传输完成
2021-09-03 13:07:32 INFO  分配文件日志:101 - H:\清源镇中5.27理化实验录制视频\216121010289_9 传输完成
2021-09-03 13:07:32 INFO  分配文件日志:101 - H:\清源镇中5.27理化实验录制视频\216121010290 传输完成
2021-09-03 13:07:33 INFO  分配文件日志:101 - H:\清源镇中5.27理化实验录制视频\216121010293 传输完成
2021-09-03 13:07:34 INFO  分配文件日志:101 - H:\清源镇中5.27理化实验录制视频\216121010295 传输完成
2021-09-03 13:07:36 INFO  分配文件日志:101 - H:\清源镇中5.27理化实验录制视频\216121010297 传输完成
2021-09-03 13:07:36 INFO  分配文件日志:101 - H:\清源镇中5.27理化实验录制视频\216121010298_9 传输完成
2021-09-03 13:07:37 INFO  分配文件日志:101 - H:\清源镇中5.27理化实验录制视频\216121010303_9 传输完成
2021-09-03 13:07:38 INFO  分配文件日志:101 - H:\清源镇中5.27理化实验录制视频\216121010304 传输完成
2021-09-03 13:07:39 INFO  分配文件日志:101 - H:\清源镇中5.27理化实验录制视频\216121010306 传输完成
2021-09-03 13:07:41 INFO  分配文件日志:101 - H:\清源镇中5.27理化实验录制视频\216121010307 传输完成
2021-09-03 13:07:42 INFO  分配文件日志:101 - H:\清源镇中5.27理化实验录制视频\216121010308 传输完成
2021-09-03 13:07:43 INFO  分配文件日志:101 - H:\清源镇中5.27理化实验录制视频\216121010314 传输完成
2021-09-03 13:07:44 INFO  分配文件日志:101 - H:\清源镇中5.27理化实验录制视频\216121010315 传输完成
2021-09-03 13:07:45 INFO  分配文件日志:101 - H:\清源镇中5.27理化实验录制视频\216121010317 传输完成
2021-09-03 13:07:46 INFO  分配文件日志:101 - H:\清源镇中5.27理化实验录制视频\216121010319 传输完成
2021-09-03 13:07:47 INFO  分配文件日志:101 - H:\清源镇中5.27理化实验录制视频\216121010320 传输完成
2021-09-03 13:07:48 INFO  分配文件日志:101 - H:\清源镇中5.27理化实验录制视频\216121010321 传输完成
2021-09-03 13:07:49 INFO  分配文件日志:101 - H:\清源镇中5.27理化实验录制视频\216121010322 传输完成
2021-09-03 13:07:50 INFO  分配文件日志:101 - H:\清源镇中5.27理化实验录制视频\216121010323_9 传输完成
2021-09-03 13:07:52 INFO  分配文件日志:101 - H:\清源镇中5.27理化实验录制视频\216121010324 传输完成
2021-09-03 13:07:53 INFO  分配文件日志:101 - H:\清源镇中5.27理化实验录制视频\216121010326 传输完成
2021-09-03 13:07:54 INFO  分配文件日志:101 - H:\清源镇中5.27理化实验录制视频\216121010327_7 传输完成
2021-09-03 13:07:55 INFO  分配文件日志:101 - H:\清源镇中5.27理化实验录制视频\216121010328_9 传输完成
2021-09-03 13:07:56 INFO  分配文件日志:101 - H:\清源镇中5.27理化实验录制视频\216121010330 传输完成
2021-09-03 13:07:57 INFO  分配文件日志:101 - H:\清源镇中5.27理化实验录制视频\216121010331 传输完成
2021-09-03 13:07:58 INFO  分配文件日志:101 - H:\清源镇中5.27理化实验录制视频\216121010332 传输完成
2021-09-03 13:07:59 INFO  分配文件日志:101 - H:\清源镇中5.27理化实验录制视频\216121010333 传输完成
2021-09-03 13:08:00 INFO  分配文件日志:101 - H:\清源镇中5.27理化实验录制视频\216121010335 传输完成
2021-09-03 13:08:02 INFO  分配文件日志:101 - H:\清源镇中5.27理化实验录制视频\216121010336 传输完成
2021-09-03 13:08:03 INFO  分配文件日志:101 - H:\清源镇中5.27理化实验录制视频\216121010338_9 传输完成
2021-09-03 13:08:04 INFO  分配文件日志:101 - H:\清源镇中5.27理化实验录制视频\216121010340 传输完成
2021-09-03 13:08:05 INFO  分配文件日志:101 - H:\清源镇中5.27理化实验录制视频\216121010342 传输完成
2021-09-03 13:08:07 INFO  分配文件日志:101 - H:\清源镇中5.27理化实验录制视频\216121010345 传输完成
2021-09-03 13:08:08 INFO  分配文件日志:101 - H:\清源镇中5.27理化实验录制视频\216121010347_9 传输完成
2021-09-03 13:08:09 INFO  分配文件日志:101 - H:\清源镇中5.27理化实验录制视频\216121010349 传输完成
2021-09-03 13:08:10 INFO  分配文件日志:101 - H:\清源镇中5.27理化实验录制视频\216121010352 传输完成
2021-09-03 13:08:11 INFO  分配文件日志:101 - H:\清源镇中5.27理化实验录制视频\216121010353_9 传输完成
2021-09-03 13:08:12 INFO  分配文件日志:101 - H:\清源镇中5.27理化实验录制视频\216121010355 传输完成
2021-09-03 13:08:13 INFO  分配文件日志:101 - H:\清源镇中5.27理化实验录制视频\216121010356_9 传输完成
2021-09-03 13:08:14 INFO  分配文件日志:101 - H:\清源镇中5.27理化实验录制视频\216121010358_9 传输完成
2021-09-03 13:08:14 INFO  分配文件日志:101 - H:\清源镇中5.27理化实验录制视频\216121010361 传输完成
2021-09-03 13:08:16 INFO  分配文件日志:101 - H:\清源镇中5.27理化实验录制视频\216121010365 传输完成
2021-09-03 13:08:17 INFO  分配文件日志:101 - H:\清源镇中5.27理化实验录制视频\216121010366_9 传输完成
2021-09-03 13:08:18 INFO  分配文件日志:101 - H:\清源镇中5.27理化实验录制视频\216121010367_2 传输完成
2021-09-03 13:08:19 INFO  分配文件日志:101 - H:\清源镇中5.27理化实验录制视频\216121010373_9 传输完成
2021-09-03 13:08:20 INFO  分配文件日志:101 - H:\清源镇中5.27理化实验录制视频\216121010375_9 传输完成
2021-09-03 13:08:21 INFO  分配文件日志:101 - H:\清源镇中5.27理化实验录制视频\216121010377_9 传输完成
2021-09-03 13:08:22 INFO  分配文件日志:101 - H:\清源镇中5.27理化实验录制视频\216121010378 传输完成
2021-09-03 13:08:23 INFO  分配文件日志:101 - H:\清源镇中5.27理化实验录制视频\216121010379 传输完成
2021-09-03 13:08:24 INFO  分配文件日志:101 - H:\清源镇中5.27理化实验录制视频\216121010380_9 传输完成
2021-09-03 13:08:25 INFO  分配文件日志:101 - H:\清源镇中5.27理化实验录制视频\216121010383_7 传输完成
2021-09-03 13:08:26 INFO  分配文件日志:101 - H:\清源镇中5.27理化实验录制视频\216121010384_8 传输完成
2021-09-03 13:08:27 INFO  分配文件日志:101 - H:\清源镇中5.27理化实验录制视频\216121010386_9 传输完成
2021-09-03 13:08:28 INFO  分配文件日志:101 - H:\清源镇中5.27理化实验录制视频\216121010387_9 传输完成
2021-09-03 13:08:29 INFO  分配文件日志:101 - H:\清源镇中5.27理化实验录制视频\216121010388 传输完成
2021-09-03 13:08:30 INFO  分配文件日志:101 - H:\清源镇中5.27理化实验录制视频\216121010390_9 传输完成
2021-09-03 13:08:31 INFO  分配文件日志:101 - H:\清源镇中5.27理化实验录制视频\216121010391 传输完成
2021-09-03 13:08:31 WARN  分配文件日志:71 - 216121010398 该学生缺考
